episodes=2048/100000 batch_success=80.371% rolling_5000=80.371% total_success=80.371% endpoint_success=80.615% episodes_per_second=91.46
episodes=4096/100000 batch_success=82.227% rolling_5000=81.299% total_success=81.299% endpoint_success=81.494% episodes_per_second=123.73
episodes=6144/100000 batch_success=80.615% rolling_5000=81.120% total_success=81.071% endpoint_success=81.283% episodes_per_second=139.92
episodes=8192/100000 batch_success=81.641% rolling_5000=80.980% total_success=81.213% endpoint_success=81.445% episodes_per_second=149.87
episodes=10240/100000 batch_success=78.711% rolling_5000=80.360% total_success=80.713% endpoint_success=80.938% episodes_per_second=157.02
validation_episodes=10240 success=468/512
episodes=12288/100000 batch_success=78.906% rolling_5000=79.180% total_success=80.412% endpoint_success=80.607% episodes_per_second=141.30
episodes=14336/100000 batch_success=78.955% rolling_5000=79.140% total_success=80.204% endpoint_success=80.378% episodes_per_second=146.98
episodes=16384/100000 batch_success=79.883% rolling_5000=79.260% total_success=80.164% endpoint_success=80.322% episodes_per_second=151.90
episodes=18432/100000 batch_success=79.004% rolling_5000=79.600% total_success=80.035% endpoint_success=80.187% episodes_per_second=155.97
episodes=20480/100000 batch_success=79.785% rolling_5000=79.380% total_success=80.010% endpoint_success=80.151% episodes_per_second=159.28
validation_episodes=20480 success=473/512
episodes=22528/100000 batch_success=77.783% rolling_5000=78.880% total_success=79.807% endpoint_success=79.945% episodes_per_second=150.01
episodes=24576/100000 batch_success=75.146% rolling_5000=77.280% total_success=79.419% endpoint_success=79.549% episodes_per_second=153.04
episodes=26624/100000 batch_success=69.873% rolling_5000=73.640% total_success=78.685% endpoint_success=78.812% episodes_per_second=155.77
episodes=28672/100000 batch_success=69.678% rolling_5000=70.480% total_success=78.041% endpoint_success=78.163% episodes_per_second=158.43
episodes=30720/100000 batch_success=69.727% rolling_5000=69.600% total_success=77.487% endpoint_success=77.604% episodes_per_second=160.70
validation_episodes=30720 success=451/512
episodes=32768/100000 batch_success=70.947% rolling_5000=69.840% total_success=77.078% endpoint_success=77.188% episodes_per_second=154.12
episodes=34816/100000 batch_success=67.676% rolling_5000=69.600% total_success=76.525% endpoint_success=76.631% episodes_per_second=156.01
episodes=36864/100000 batch_success=57.080% rolling_5000=63.960% total_success=75.445% endpoint_success=75.545% episodes_per_second=157.70
episodes=38912/100000 batch_success=58.301% rolling_5000=59.220% total_success=74.543% endpoint_success=74.638% episodes_per_second=159.18
episodes=40960/100000 batch_success=68.701% rolling_5000=62.480% total_success=74.250% endpoint_success=74.343% episodes_per_second=160.73
validation_episodes=40960 success=438/512
episodes=43008/100000 batch_success=66.748% rolling_5000=65.780% total_success=73.893% endpoint_success=73.984% episodes_per_second=155.52
episodes=45056/100000 batch_success=64.844% rolling_5000=66.340% total_success=73.482% endpoint_success=73.568% episodes_per_second=157.07
episodes=47104/100000 batch_success=68.848% rolling_5000=66.760% total_success=73.280% endpoint_success=73.365% episodes_per_second=158.43
episodes=49152/100000 batch_success=71.143% rolling_5000=68.980% total_success=73.191% endpoint_success=73.277% episodes_per_second=159.73
episodes=51200/100000 batch_success=71.045% rolling_5000=70.600% total_success=73.105% endpoint_success=73.191% episodes_per_second=160.90
validation_episodes=51200 success=451/512
episodes=53248/100000 batch_success=71.240% rolling_5000=71.040% total_success=73.034% endpoint_success=73.118% episodes_per_second=156.69
episodes=55296/100000 batch_success=72.656% rolling_5000=71.740% total_success=73.020% endpoint_success=73.105% episodes_per_second=157.81
episodes=57344/100000 batch_success=72.900% rolling_5000=72.220% total_success=73.015% endpoint_success=73.097% episodes_per_second=158.97
episodes=59392/100000 batch_success=72.949% rolling_5000=72.820% total_success=73.013% endpoint_success=73.097% episodes_per_second=160.00
episodes=61440/100000 batch_success=72.656% rolling_5000=72.620% total_success=73.001% endpoint_success=73.084% episodes_per_second=160.95
validation_episodes=61440 success=458/512
episodes=63488/100000 batch_success=74.219% rolling_5000=73.600% total_success=73.041% endpoint_success=73.124% episodes_per_second=157.17
episodes=65536/100000 batch_success=73.535% rolling_5000=73.600% total_success=73.056% endpoint_success=73.138% episodes_per_second=158.13
episodes=67584/100000 batch_success=74.268% rolling_5000=74.100% total_success=73.093% endpoint_success=73.174% episodes_per_second=159.14
episodes=69632/100000 batch_success=74.365% rolling_5000=74.140% total_success=73.130% endpoint_success=73.218% episodes_per_second=160.12
episodes=71680/100000 batch_success=73.730% rolling_5000=74.420% total_success=73.147% endpoint_success=73.238% episodes_per_second=160.89
validation_episodes=71680 success=455/512
episodes=73728/100000 batch_success=73.779% rolling_5000=73.860% total_success=73.165% endpoint_success=73.257% episodes_per_second=157.77
episodes=75776/100000 batch_success=72.656% rolling_5000=73.400% total_success=73.151% endpoint_success=73.244% episodes_per_second=158.53
episodes=77824/100000 batch_success=72.314% rolling_5000=72.700% total_success=73.129% endpoint_success=73.220% episodes_per_second=159.29
episodes=79872/100000 batch_success=71.680% rolling_5000=72.300% total_success=73.092% endpoint_success=73.186% episodes_per_second=160.07
episodes=81920/100000 batch_success=71.777% rolling_5000=71.800% total_success=73.059% endpoint_success=73.159% episodes_per_second=160.89
validation_episodes=81920 success=443/512
episodes=83968/100000 batch_success=70.898% rolling_5000=71.320% total_success=73.006% endpoint_success=73.112% episodes_per_second=158.30
episodes=86016/100000 batch_success=71.729% rolling_5000=71.380% total_success=72.976% endpoint_success=73.086% episodes_per_second=159.11
episodes=88064/100000 batch_success=71.875% rolling_5000=71.400% total_success=72.950% endpoint_success=73.059% episodes_per_second=159.80
episodes=90112/100000 batch_success=70.947% rolling_5000=71.360% total_success=72.905% endpoint_success=73.017% episodes_per_second=160.49
episodes=92160/100000 batch_success=72.607% rolling_5000=71.520% total_success=72.898% endpoint_success=73.011% episodes_per_second=161.14
validation_episodes=92160 success=445/512
episodes=94208/100000 batch_success=70.996% rolling_5000=71.500% total_success=72.857% endpoint_success=72.969% episodes_per_second=158.72
episodes=96256/100000 batch_success=73.096% rolling_5000=72.300% total_success=72.862% endpoint_success=72.975% episodes_per_second=159.42
episodes=98304/100000 batch_success=74.414% rolling_5000=73.320% total_success=72.894% endpoint_success=73.007% episodes_per_second=160.08
episodes=100352/100000 batch_success=72.656% rolling_5000=73.620% total_success=72.889% endpoint_success=73.005% episodes_per_second=160.71
{
  "status": "COMPLETE",
  "episodes": 100352,
  "requested_episodes": 100000,
  "batch_aligned_overshoot": 352,
  "episodes_remaining": 0,
  "successes": 73146,
  "endpoint_successes": 73262,
  "legacy_scientific_successes": 0,
  "success_rate": 0.7288942920918368,
  "rolling_success_rate": 0.7362,
  "rolling_window_episodes": 5000,
  "episodes_per_second": 160.70638651053284,
  "elapsed_s": 624.4431361999596,
  "early_stopping_reason": null
}
