episodes=2048/500000 batch_success=82.178% rolling_5000=82.178% total_success=82.178% endpoint_success=82.568% episodes_per_second=96.26
episodes=4096/500000 batch_success=81.885% rolling_5000=82.031% total_success=82.031% endpoint_success=82.520% episodes_per_second=128.71
episodes=6144/500000 batch_success=81.738% rolling_5000=81.800% total_success=81.934% endpoint_success=82.438% episodes_per_second=146.11
episodes=8192/500000 batch_success=82.959% rolling_5000=82.040% total_success=82.190% endpoint_success=82.678% episodes_per_second=156.55
episodes=10240/500000 batch_success=81.934% rolling_5000=82.200% total_success=82.139% endpoint_success=82.676% episodes_per_second=163.45
validation_episodes=10240 success=484/512
episodes=12288/500000 batch_success=83.105% rolling_5000=82.840% total_success=82.300% endpoint_success=82.837% episodes_per_second=146.61
episodes=14336/500000 batch_success=82.568% rolling_5000=82.660% total_success=82.338% endpoint_success=82.854% episodes_per_second=152.58
episodes=16384/500000 batch_success=83.398% rolling_5000=83.200% total_success=82.471% endpoint_success=82.941% episodes_per_second=157.55
episodes=18432/500000 batch_success=82.178% rolling_5000=83.140% total_success=82.438% endpoint_success=82.872% episodes_per_second=161.62
episodes=20480/500000 batch_success=82.275% rolling_5000=82.700% total_success=82.422% endpoint_success=82.842% episodes_per_second=165.11
validation_episodes=20480 success=483/512
episodes=22528/500000 batch_success=81.885% rolling_5000=82.140% total_success=82.373% endpoint_success=82.764% episodes_per_second=155.66
episodes=24576/500000 batch_success=81.201% rolling_5000=81.520% total_success=82.275% endpoint_success=82.658% episodes_per_second=158.68
episodes=26624/500000 batch_success=78.711% rolling_5000=80.340% total_success=82.001% endpoint_success=82.384% episodes_per_second=161.56
episodes=28672/500000 batch_success=81.885% rolling_5000=80.640% total_success=81.993% endpoint_success=82.359% episodes_per_second=164.06
episodes=30720/500000 batch_success=79.297% rolling_5000=80.260% total_success=81.813% endpoint_success=82.168% episodes_per_second=166.38
validation_episodes=30720 success=484/512
episodes=32768/500000 batch_success=79.736% rolling_5000=79.540% total_success=81.683% endpoint_success=82.025% episodes_per_second=159.41
episodes=34816/500000 batch_success=79.932% rolling_5000=79.800% total_success=81.580% endpoint_success=81.908% episodes_per_second=161.27
episodes=36864/500000 batch_success=80.664% rolling_5000=79.960% total_success=81.529% endpoint_success=81.847% episodes_per_second=162.91
episodes=38912/500000 batch_success=79.102% rolling_5000=79.800% total_success=81.402% endpoint_success=81.731% episodes_per_second=164.39
episodes=40960/500000 batch_success=80.566% rolling_5000=80.120% total_success=81.360% endpoint_success=81.694% episodes_per_second=166.01
validation_episodes=40960 success=476/512
episodes=43008/500000 batch_success=79.883% rolling_5000=80.400% total_success=81.290% endpoint_success=81.615% episodes_per_second=160.83
episodes=45056/500000 batch_success=79.004% rolling_5000=79.640% total_success=81.186% endpoint_success=81.512% episodes_per_second=162.51
episodes=47104/500000 batch_success=78.711% rolling_5000=78.820% total_success=81.078% endpoint_success=81.396% episodes_per_second=163.91
episodes=49152/500000 batch_success=79.980% rolling_5000=78.980% total_success=81.032% endpoint_success=81.340% episodes_per_second=165.17
episodes=51200/500000 batch_success=80.273% rolling_5000=79.700% total_success=81.002% endpoint_success=81.305% episodes_per_second=166.44
validation_episodes=51200 success=477/512
episodes=53248/500000 batch_success=78.662% rolling_5000=79.700% total_success=80.912% endpoint_success=81.207% episodes_per_second=162.21
episodes=55296/500000 batch_success=77.490% rolling_5000=78.860% total_success=80.785% endpoint_success=81.078% episodes_per_second=163.52
episodes=57344/500000 batch_success=78.320% rolling_5000=77.640% total_success=80.697% endpoint_success=80.985% episodes_per_second=164.74
episodes=59392/500000 batch_success=78.711% rolling_5000=78.280% total_success=80.629% endpoint_success=80.910% episodes_per_second=165.86
episodes=61440/500000 batch_success=78.223% rolling_5000=78.260% total_success=80.549% endpoint_success=80.828% episodes_per_second=166.87
validation_episodes=61440 success=481/512
episodes=63488/500000 batch_success=80.518% rolling_5000=79.340% total_success=80.548% endpoint_success=80.822% episodes_per_second=163.16
episodes=65536/500000 batch_success=79.053% rolling_5000=79.380% total_success=80.501% endpoint_success=80.772% episodes_per_second=164.20
episodes=67584/500000 batch_success=80.322% rolling_5000=79.960% total_success=80.495% endpoint_success=80.760% episodes_per_second=165.28
episodes=69632/500000 batch_success=79.883% rolling_5000=79.860% total_success=80.477% endpoint_success=80.742% episodes_per_second=166.28
episodes=71680/500000 batch_success=79.541% rolling_5000=80.040% total_success=80.451% endpoint_success=80.714% episodes_per_second=167.24
validation_episodes=71680 success=484/512
episodes=73728/500000 batch_success=79.297% rolling_5000=79.640% total_success=80.419% endpoint_success=80.682% episodes_per_second=164.13
episodes=75776/500000 batch_success=78.564% rolling_5000=79.120% total_success=80.368% endpoint_success=80.626% episodes_per_second=164.98
episodes=77824/500000 batch_success=78.369% rolling_5000=78.440% total_success=80.316% endpoint_success=80.569% episodes_per_second=165.82
episodes=79872/500000 batch_success=80.225% rolling_5000=79.200% total_success=80.314% endpoint_success=80.561% episodes_per_second=166.63
episodes=81920/500000 batch_success=79.541% rolling_5000=79.500% total_success=80.294% endpoint_success=80.540% episodes_per_second=167.34
validation_episodes=81920 success=480/512
episodes=83968/500000 batch_success=79.541% rolling_5000=79.580% total_success=80.276% endpoint_success=80.518% episodes_per_second=164.64
episodes=86016/500000 batch_success=79.053% rolling_5000=79.060% total_success=80.247% endpoint_success=80.489% episodes_per_second=165.43
episodes=88064/500000 batch_success=78.760% rolling_5000=78.980% total_success=80.212% endpoint_success=80.455% episodes_per_second=166.14
episodes=90112/500000 batch_success=77.881% rolling_5000=78.280% total_success=80.159% endpoint_success=80.403% episodes_per_second=166.80
episodes=92160/500000 batch_success=80.420% rolling_5000=78.820% total_success=80.165% endpoint_success=80.408% episodes_per_second=167.38
validation_episodes=92160 success=485/512
episodes=94208/500000 batch_success=79.297% rolling_5000=79.440% total_success=80.146% endpoint_success=80.388% episodes_per_second=164.82
episodes=96256/500000 batch_success=77.783% rolling_5000=78.840% total_success=80.096% endpoint_success=80.338% episodes_per_second=165.47
episodes=98304/500000 batch_success=77.393% rolling_5000=78.080% total_success=80.039% endpoint_success=80.282% episodes_per_second=166.10
episodes=100352/500000 batch_success=78.174% rolling_5000=77.860% total_success=80.001% endpoint_success=80.243% episodes_per_second=166.72
episodes=102400/500000 batch_success=77.783% rolling_5000=77.980% total_success=79.957% endpoint_success=80.197% episodes_per_second=167.30
validation_episodes=102400 success=482/512
episodes=104448/500000 batch_success=78.564% rolling_5000=78.200% total_success=79.930% endpoint_success=80.169% episodes_per_second=165.05
episodes=106496/500000 batch_success=79.102% rolling_5000=78.840% total_success=79.914% endpoint_success=80.150% episodes_per_second=165.61
episodes=108544/500000 batch_success=80.469% rolling_5000=79.400% total_success=79.924% endpoint_success=80.160% episodes_per_second=166.21
episodes=110592/500000 batch_success=80.469% rolling_5000=80.420% total_success=79.934% endpoint_success=80.167% episodes_per_second=166.80
episodes=112640/500000 batch_success=79.199% rolling_5000=79.740% total_success=79.921% endpoint_success=80.154% episodes_per_second=167.39
validation_episodes=112640 success=479/512
episodes=114688/500000 batch_success=79.053% rolling_5000=79.660% total_success=79.905% endpoint_success=80.139% episodes_per_second=165.36
episodes=116736/500000 batch_success=79.053% rolling_5000=78.840% total_success=79.891% endpoint_success=80.124% episodes_per_second=165.87
episodes=118784/500000 batch_success=79.834% rolling_5000=79.460% total_success=79.890% endpoint_success=80.122% episodes_per_second=166.38
episodes=120832/500000 batch_success=79.590% rolling_5000=79.600% total_success=79.884% endpoint_success=80.116% episodes_per_second=166.93
episodes=122880/500000 batch_success=79.980% rolling_5000=79.920% total_success=79.886% endpoint_success=80.115% episodes_per_second=167.48
validation_episodes=122880 success=472/512
episodes=124928/500000 batch_success=77.051% rolling_5000=78.800% total_success=79.840% endpoint_success=80.066% episodes_per_second=165.64
episodes=126976/500000 batch_success=76.758% rolling_5000=77.100% total_success=79.790% endpoint_success=80.014% episodes_per_second=166.17
episodes=129024/500000 batch_success=79.639% rolling_5000=77.980% total_success=79.787% endpoint_success=80.010% episodes_per_second=166.67
episodes=131072/500000 batch_success=79.248% rolling_5000=79.160% total_success=79.779% endpoint_success=80.003% episodes_per_second=167.16
episodes=133120/500000 batch_success=79.590% rolling_5000=79.280% total_success=79.776% endpoint_success=79.999% episodes_per_second=167.63
validation_episodes=133120 success=481/512
episodes=135168/500000 batch_success=79.932% rolling_5000=79.820% total_success=79.778% endpoint_success=80.005% episodes_per_second=165.94
episodes=137216/500000 batch_success=79.590% rolling_5000=79.880% total_success=79.776% endpoint_success=80.004% episodes_per_second=166.40
episodes=139264/500000 batch_success=79.199% rolling_5000=79.500% total_success=79.767% endpoint_success=79.994% episodes_per_second=166.86
episodes=141312/500000 batch_success=79.248% rolling_5000=78.820% total_success=79.760% endpoint_success=79.986% episodes_per_second=167.30
episodes=143360/500000 batch_success=79.980% rolling_5000=79.520% total_success=79.763% endpoint_success=79.990% episodes_per_second=167.73
validation_episodes=143360 success=480/512
episodes=145408/500000 batch_success=78.809% rolling_5000=79.500% total_success=79.749% endpoint_success=79.976% episodes_per_second=166.02
episodes=147456/500000 batch_success=81.934% rolling_5000=80.300% total_success=79.780% endpoint_success=80.006% episodes_per_second=166.46
episodes=149504/500000 batch_success=79.492% rolling_5000=80.300% total_success=79.776% endpoint_success=80.005% episodes_per_second=166.90
episodes=151552/500000 batch_success=78.711% rolling_5000=79.720% total_success=79.761% endpoint_success=79.988% episodes_per_second=167.29
episodes=153600/500000 batch_success=77.441% rolling_5000=78.600% total_success=79.730% endpoint_success=79.956% episodes_per_second=167.71
validation_episodes=153600 success=481/512
episodes=155648/500000 batch_success=78.467% rolling_5000=78.060% total_success=79.714% endpoint_success=79.939% episodes_per_second=166.16
episodes=157696/500000 batch_success=79.248% rolling_5000=78.400% total_success=79.708% endpoint_success=79.932% episodes_per_second=166.52
episodes=159744/500000 batch_success=78.418% rolling_5000=78.740% total_success=79.691% endpoint_success=79.917% episodes_per_second=166.87
episodes=161792/500000 batch_success=76.904% rolling_5000=78.120% total_success=79.656% endpoint_success=79.882% episodes_per_second=167.27
episodes=163840/500000 batch_success=78.516% rolling_5000=78.020% total_success=79.642% endpoint_success=79.866% episodes_per_second=167.67
validation_episodes=163840 success=475/512
episodes=165888/500000 batch_success=76.416% rolling_5000=77.480% total_success=79.602% endpoint_success=79.825% episodes_per_second=166.27
episodes=167936/500000 batch_success=77.930% rolling_5000=77.440% total_success=79.582% endpoint_success=79.804% episodes_per_second=166.65
episodes=169984/500000 batch_success=79.297% rolling_5000=78.240% total_success=79.578% endpoint_success=79.800% episodes_per_second=167.00
episodes=172032/500000 batch_success=77.393% rolling_5000=78.300% total_success=79.552% endpoint_success=79.775% episodes_per_second=167.37
episodes=174080/500000 batch_success=79.980% rolling_5000=78.620% total_success=79.557% endpoint_success=79.781% episodes_per_second=167.73
validation_episodes=174080 success=475/512
episodes=176128/500000 batch_success=78.076% rolling_5000=78.920% total_success=79.540% endpoint_success=79.764% episodes_per_second=166.39
episodes=178176/500000 batch_success=77.441% rolling_5000=78.160% total_success=79.516% endpoint_success=79.739% episodes_per_second=166.76
episodes=180224/500000 batch_success=78.076% rolling_5000=77.660% total_success=79.499% endpoint_success=79.722% episodes_per_second=167.10
episodes=182272/500000 batch_success=78.662% rolling_5000=78.180% total_success=79.490% endpoint_success=79.712% episodes_per_second=167.42
episodes=184320/500000 batch_success=79.004% rolling_5000=78.820% total_success=79.485% endpoint_success=79.706% episodes_per_second=167.76
validation_episodes=184320 success=477/512
episodes=186368/500000 batch_success=79.492% rolling_5000=79.000% total_success=79.485% endpoint_success=79.707% episodes_per_second=166.48
episodes=188416/500000 batch_success=78.271% rolling_5000=78.920% total_success=79.471% endpoint_success=79.694% episodes_per_second=166.86
episodes=190464/500000 batch_success=79.492% rolling_5000=79.000% total_success=79.472% endpoint_success=79.692% episodes_per_second=167.22
episodes=192512/500000 batch_success=78.369% rolling_5000=78.800% total_success=79.460% endpoint_success=79.679% episodes_per_second=167.57
episodes=194560/500000 batch_success=80.322% rolling_5000=79.620% total_success=79.469% endpoint_success=79.686% episodes_per_second=167.92
validation_episodes=194560 success=475/512
episodes=196608/500000 batch_success=78.076% rolling_5000=79.240% total_success=79.455% endpoint_success=79.671% episodes_per_second=166.71
episodes=198656/500000 batch_success=79.199% rolling_5000=78.660% total_success=79.452% endpoint_success=79.671% episodes_per_second=167.03
episodes=200704/500000 batch_success=78.418% rolling_5000=78.460% total_success=79.441% endpoint_success=79.659% episodes_per_second=167.34
episodes=202752/500000 batch_success=77.490% rolling_5000=78.020% total_success=79.422% endpoint_success=79.638% episodes_per_second=167.65
episodes=204800/500000 batch_success=78.662% rolling_5000=78.040% total_success=79.414% endpoint_success=79.629% episodes_per_second=167.97
validation_episodes=204800 success=475/512
episodes=206848/500000 batch_success=79.688% rolling_5000=79.120% total_success=79.417% endpoint_success=79.632% episodes_per_second=166.85
episodes=208896/500000 batch_success=79.297% rolling_5000=79.020% total_success=79.416% endpoint_success=79.631% episodes_per_second=167.14
episodes=210944/500000 batch_success=79.688% rolling_5000=79.680% total_success=79.418% endpoint_success=79.632% episodes_per_second=167.43
episodes=212992/500000 batch_success=77.002% rolling_5000=78.360% total_success=79.395% endpoint_success=79.610% episodes_per_second=167.70
episodes=215040/500000 batch_success=77.002% rolling_5000=77.760% total_success=79.372% endpoint_success=79.587% episodes_per_second=167.96
validation_episodes=215040 success=479/512
episodes=217088/500000 batch_success=78.467% rolling_5000=77.220% total_success=79.364% endpoint_success=79.580% episodes_per_second=166.84
episodes=219136/500000 batch_success=78.076% rolling_5000=77.980% total_success=79.352% endpoint_success=79.569% episodes_per_second=167.11
episodes=221184/500000 batch_success=79.248% rolling_5000=78.660% total_success=79.351% endpoint_success=79.568% episodes_per_second=167.37
episodes=223232/500000 batch_success=80.029% rolling_5000=79.220% total_success=79.357% endpoint_success=79.573% episodes_per_second=167.62
episodes=225280/500000 batch_success=78.613% rolling_5000=79.180% total_success=79.350% endpoint_success=79.567% episodes_per_second=167.86
validation_episodes=225280 success=479/512
episodes=227328/500000 batch_success=79.346% rolling_5000=79.160% total_success=79.350% endpoint_success=79.567% episodes_per_second=166.81
episodes=229376/500000 batch_success=78.418% rolling_5000=78.840% total_success=79.342% endpoint_success=79.558% episodes_per_second=167.04
episodes=231424/500000 batch_success=79.541% rolling_5000=78.960% total_success=79.344% endpoint_success=79.562% episodes_per_second=167.32
episodes=233472/500000 batch_success=78.369% rolling_5000=78.860% total_success=79.335% endpoint_success=79.554% episodes_per_second=167.62
episodes=235520/500000 batch_success=77.051% rolling_5000=77.920% total_success=79.315% endpoint_success=79.537% episodes_per_second=167.89
validation_episodes=235520 success=485/512
episodes=237568/500000 batch_success=77.002% rolling_5000=77.480% total_success=79.295% endpoint_success=79.518% episodes_per_second=166.89
episodes=239616/500000 batch_success=78.174% rolling_5000=77.480% total_success=79.286% endpoint_success=79.509% episodes_per_second=167.12
episodes=241664/500000 batch_success=80.859% rolling_5000=79.140% total_success=79.299% endpoint_success=79.522% episodes_per_second=167.38
episodes=243712/500000 batch_success=78.906% rolling_5000=79.460% total_success=79.296% endpoint_success=79.518% episodes_per_second=167.64
episodes=245760/500000 batch_success=79.932% rolling_5000=79.520% total_success=79.301% endpoint_success=79.522% episodes_per_second=167.90
validation_episodes=245760 success=485/512
episodes=247808/500000 batch_success=79.834% rolling_5000=79.780% total_success=79.305% endpoint_success=79.526% episodes_per_second=166.94
episodes=249856/500000 batch_success=78.809% rolling_5000=79.500% total_success=79.301% endpoint_success=79.524% episodes_per_second=167.19
episodes=251904/500000 batch_success=80.078% rolling_5000=79.460% total_success=79.308% endpoint_success=79.532% episodes_per_second=167.42
episodes=253952/500000 batch_success=80.322% rolling_5000=80.040% total_success=79.316% endpoint_success=79.540% episodes_per_second=167.64
episodes=256000/500000 batch_success=82.031% rolling_5000=81.020% total_success=79.338% endpoint_success=79.561% episodes_per_second=167.87
validation_episodes=256000 success=474/512
episodes=258048/500000 batch_success=79.736% rolling_5000=80.920% total_success=79.341% endpoint_success=79.563% episodes_per_second=166.96
episodes=260096/500000 batch_success=80.420% rolling_5000=80.440% total_success=79.349% endpoint_success=79.571% episodes_per_second=167.22
episodes=262144/500000 batch_success=79.736% rolling_5000=80.420% total_success=79.352% endpoint_success=79.573% episodes_per_second=167.45
episodes=264192/500000 batch_success=77.832% rolling_5000=78.980% total_success=79.340% endpoint_success=79.563% episodes_per_second=167.68
episodes=266240/500000 batch_success=77.295% rolling_5000=77.980% total_success=79.325% endpoint_success=79.550% episodes_per_second=167.91
validation_episodes=266240 success=480/512
episodes=268288/500000 batch_success=78.760% rolling_5000=78.320% total_success=79.320% endpoint_success=79.547% episodes_per_second=167.05
episodes=270336/500000 batch_success=77.539% rolling_5000=77.540% total_success=79.307% endpoint_success=79.534% episodes_per_second=167.30
episodes=272384/500000 batch_success=78.418% rolling_5000=78.180% total_success=79.300% endpoint_success=79.530% episodes_per_second=167.54
episodes=274432/500000 batch_success=78.711% rolling_5000=78.180% total_success=79.296% endpoint_success=79.526% episodes_per_second=167.76
episodes=276480/500000 batch_success=78.955% rolling_5000=78.560% total_success=79.293% endpoint_success=79.523% episodes_per_second=167.96
validation_episodes=276480 success=478/512
episodes=278528/500000 batch_success=79.150% rolling_5000=78.880% total_success=79.292% endpoint_success=79.522% episodes_per_second=167.04
episodes=280576/500000 batch_success=78.662% rolling_5000=78.820% total_success=79.288% endpoint_success=79.519% episodes_per_second=167.22
episodes=282624/500000 batch_success=77.979% rolling_5000=78.680% total_success=79.278% endpoint_success=79.509% episodes_per_second=167.44
episodes=284672/500000 batch_success=78.711% rolling_5000=78.420% total_success=79.274% endpoint_success=79.504% episodes_per_second=167.67
episodes=286720/500000 batch_success=79.590% rolling_5000=78.900% total_success=79.276% endpoint_success=79.506% episodes_per_second=167.89
validation_episodes=286720 success=475/512
episodes=288768/500000 batch_success=79.443% rolling_5000=79.380% total_success=79.277% endpoint_success=79.509% episodes_per_second=167.04
episodes=290816/500000 batch_success=79.199% rolling_5000=79.300% total_success=79.277% endpoint_success=79.508% episodes_per_second=167.24
episodes=292864/500000 batch_success=78.906% rolling_5000=79.020% total_success=79.274% endpoint_success=79.506% episodes_per_second=167.44
episodes=294912/500000 batch_success=78.418% rolling_5000=78.860% total_success=79.268% endpoint_success=79.500% episodes_per_second=167.66
episodes=296960/500000 batch_success=79.736% rolling_5000=78.860% total_success=79.272% endpoint_success=79.502% episodes_per_second=167.87
validation_episodes=296960 success=475/512
episodes=299008/500000 batch_success=78.125% rolling_5000=78.820% total_success=79.264% endpoint_success=79.493% episodes_per_second=167.07
episodes=301056/500000 batch_success=79.346% rolling_5000=78.760% total_success=79.264% endpoint_success=79.493% episodes_per_second=167.29
episodes=303104/500000 batch_success=78.076% rolling_5000=78.800% total_success=79.256% endpoint_success=79.485% episodes_per_second=167.48
episodes=305152/500000 batch_success=77.588% rolling_5000=77.900% total_success=79.245% endpoint_success=79.474% episodes_per_second=167.68
episodes=307200/500000 batch_success=79.004% rolling_5000=78.200% total_success=79.243% endpoint_success=79.473% episodes_per_second=167.88
validation_episodes=307200 success=479/512
episodes=309248/500000 batch_success=79.639% rolling_5000=79.200% total_success=79.246% endpoint_success=79.476% episodes_per_second=167.11
episodes=311296/500000 batch_success=79.395% rolling_5000=79.380% total_success=79.247% endpoint_success=79.480% episodes_per_second=167.32
episodes=313344/500000 batch_success=79.590% rolling_5000=79.480% total_success=79.249% endpoint_success=79.483% episodes_per_second=167.53
episodes=315392/500000 batch_success=80.371% rolling_5000=79.820% total_success=79.257% endpoint_success=79.490% episodes_per_second=167.74
episodes=317440/500000 batch_success=80.615% rolling_5000=80.220% total_success=79.265% endpoint_success=79.498% episodes_per_second=167.86
validation_episodes=317440 success=474/512
episodes=319488/500000 batch_success=80.518% rolling_5000=80.460% total_success=79.273% endpoint_success=79.507% episodes_per_second=167.11
episodes=321536/500000 batch_success=80.957% rolling_5000=80.960% total_success=79.284% endpoint_success=79.517% episodes_per_second=167.30
episodes=323584/500000 batch_success=80.518% rolling_5000=80.840% total_success=79.292% endpoint_success=79.525% episodes_per_second=167.50
episodes=325632/500000 batch_success=81.396% rolling_5000=80.920% total_success=79.305% endpoint_success=79.539% episodes_per_second=167.70
episodes=327680/500000 batch_success=80.273% rolling_5000=80.860% total_success=79.311% endpoint_success=79.545% episodes_per_second=167.91
validation_episodes=327680 success=481/512
episodes=329728/500000 batch_success=77.734% rolling_5000=79.080% total_success=79.301% endpoint_success=79.534% episodes_per_second=167.16
episodes=331776/500000 batch_success=80.225% rolling_5000=79.260% total_success=79.307% endpoint_success=79.539% episodes_per_second=167.32
episodes=333824/500000 batch_success=79.688% rolling_5000=79.260% total_success=79.309% endpoint_success=79.541% episodes_per_second=167.45
episodes=335872/500000 batch_success=79.004% rolling_5000=79.680% total_success=79.308% endpoint_success=79.539% episodes_per_second=167.60
episodes=337920/500000 batch_success=78.711% rolling_5000=78.760% total_success=79.304% endpoint_success=79.536% episodes_per_second=167.77
validation_episodes=337920 success=477/512
episodes=339968/500000 batch_success=80.176% rolling_5000=79.560% total_success=79.309% endpoint_success=79.541% episodes_per_second=167.05
episodes=342016/500000 batch_success=78.369% rolling_5000=79.180% total_success=79.304% endpoint_success=79.536% episodes_per_second=167.22
episodes=344064/500000 batch_success=80.322% rolling_5000=79.200% total_success=79.310% endpoint_success=79.541% episodes_per_second=167.39
episodes=346112/500000 batch_success=78.906% rolling_5000=79.320% total_success=79.307% endpoint_success=79.539% episodes_per_second=167.56
episodes=348160/500000 batch_success=79.199% rolling_5000=79.340% total_success=79.307% endpoint_success=79.537% episodes_per_second=167.74
validation_episodes=348160 success=471/512
episodes=350208/500000 batch_success=79.053% rolling_5000=78.780% total_success=79.305% endpoint_success=79.535% episodes_per_second=167.02
episodes=352256/500000 batch_success=81.592% rolling_5000=80.020% total_success=79.318% endpoint_success=79.548% episodes_per_second=167.18
episodes=354304/500000 batch_success=79.248% rolling_5000=80.300% total_success=79.318% endpoint_success=79.548% episodes_per_second=167.37
episodes=356352/500000 batch_success=80.908% rolling_5000=80.260% total_success=79.327% endpoint_success=79.558% episodes_per_second=167.52
episodes=358400/500000 batch_success=79.346% rolling_5000=80.080% total_success=79.327% endpoint_success=79.558% episodes_per_second=167.68
validation_episodes=358400 success=468/512
episodes=360448/500000 batch_success=79.053% rolling_5000=79.560% total_success=79.326% endpoint_success=79.557% episodes_per_second=166.99
episodes=362496/500000 batch_success=78.467% rolling_5000=78.740% total_success=79.321% endpoint_success=79.552% episodes_per_second=167.17
episodes=364544/500000 batch_success=79.785% rolling_5000=79.000% total_success=79.323% endpoint_success=79.554% episodes_per_second=167.35
episodes=366592/500000 batch_success=79.150% rolling_5000=79.040% total_success=79.323% endpoint_success=79.554% episodes_per_second=167.52
episodes=368640/500000 batch_success=79.346% rolling_5000=79.200% total_success=79.323% endpoint_success=79.553% episodes_per_second=167.71
validation_episodes=368640 success=473/512
episodes=370688/500000 batch_success=81.689% rolling_5000=80.400% total_success=79.336% endpoint_success=79.567% episodes_per_second=167.07
episodes=372736/500000 batch_success=79.248% rolling_5000=80.200% total_success=79.335% endpoint_success=79.566% episodes_per_second=167.23
episodes=374784/500000 batch_success=79.590% rolling_5000=79.740% total_success=79.337% endpoint_success=79.567% episodes_per_second=167.40
episodes=376832/500000 batch_success=81.494% rolling_5000=80.420% total_success=79.348% endpoint_success=79.578% episodes_per_second=167.57
episodes=378880/500000 batch_success=79.785% rolling_5000=80.440% total_success=79.351% endpoint_success=79.581% episodes_per_second=167.74
validation_episodes=378880 success=470/512
episodes=380928/500000 batch_success=80.127% rolling_5000=80.100% total_success=79.355% endpoint_success=79.584% episodes_per_second=167.13
episodes=382976/500000 batch_success=80.371% rolling_5000=79.920% total_success=79.360% endpoint_success=79.590% episodes_per_second=167.26
episodes=385024/500000 batch_success=80.518% rolling_5000=80.100% total_success=79.366% endpoint_success=79.596% episodes_per_second=167.42
episodes=387072/500000 batch_success=80.469% rolling_5000=80.660% total_success=79.372% endpoint_success=79.602% episodes_per_second=167.57
episodes=389120/500000 batch_success=79.688% rolling_5000=80.220% total_success=79.374% endpoint_success=79.602% episodes_per_second=167.73
validation_episodes=389120 success=472/512
episodes=391168/500000 batch_success=79.639% rolling_5000=79.900% total_success=79.375% endpoint_success=79.603% episodes_per_second=167.14
episodes=393216/500000 batch_success=79.590% rolling_5000=79.380% total_success=79.376% endpoint_success=79.604% episodes_per_second=167.31
episodes=395264/500000 batch_success=78.516% rolling_5000=79.360% total_success=79.372% endpoint_success=79.599% episodes_per_second=167.47
episodes=397312/500000 batch_success=78.809% rolling_5000=79.120% total_success=79.369% endpoint_success=79.597% episodes_per_second=167.61
episodes=399360/500000 batch_success=78.809% rolling_5000=78.800% total_success=79.366% endpoint_success=79.594% episodes_per_second=167.76
validation_episodes=399360 success=478/512
episodes=401408/500000 batch_success=79.541% rolling_5000=79.260% total_success=79.367% endpoint_success=79.594% episodes_per_second=167.14
episodes=403456/500000 batch_success=80.420% rolling_5000=79.600% total_success=79.372% endpoint_success=79.599% episodes_per_second=167.30
episodes=405504/500000 batch_success=79.053% rolling_5000=80.020% total_success=79.371% endpoint_success=79.597% episodes_per_second=167.46
episodes=407552/500000 batch_success=79.297% rolling_5000=79.560% total_success=79.370% endpoint_success=79.597% episodes_per_second=167.61
episodes=409600/500000 batch_success=79.639% rolling_5000=79.220% total_success=79.372% endpoint_success=79.598% episodes_per_second=167.76
validation_episodes=409600 success=477/512
episodes=411648/500000 batch_success=80.225% rolling_5000=79.900% total_success=79.376% endpoint_success=79.602% episodes_per_second=167.17
episodes=413696/500000 batch_success=80.469% rolling_5000=80.100% total_success=79.381% endpoint_success=79.607% episodes_per_second=167.32
episodes=415744/500000 batch_success=80.127% rolling_5000=80.520% total_success=79.385% endpoint_success=79.612% episodes_per_second=167.47
episodes=417792/500000 batch_success=80.908% rolling_5000=80.280% total_success=79.393% endpoint_success=79.620% episodes_per_second=167.62
episodes=419840/500000 batch_success=80.664% rolling_5000=80.840% total_success=79.399% endpoint_success=79.625% episodes_per_second=167.76
validation_episodes=419840 success=481/512
episodes=421888/500000 batch_success=79.297% rolling_5000=80.300% total_success=79.398% endpoint_success=79.625% episodes_per_second=167.17
episodes=423936/500000 batch_success=79.248% rolling_5000=79.480% total_success=79.398% endpoint_success=79.624% episodes_per_second=167.31
episodes=425984/500000 batch_success=78.564% rolling_5000=79.060% total_success=79.394% endpoint_success=79.620% episodes_per_second=167.46
episodes=428032/500000 batch_success=79.980% rolling_5000=79.500% total_success=79.396% endpoint_success=79.623% episodes_per_second=167.60
episodes=430080/500000 batch_success=79.297% rolling_5000=79.620% total_success=79.396% endpoint_success=79.622% episodes_per_second=167.74
validation_episodes=430080 success=468/512
episodes=432128/500000 batch_success=81.494% rolling_5000=80.040% total_success=79.406% endpoint_success=79.633% episodes_per_second=167.15
episodes=434176/500000 batch_success=79.150% rolling_5000=80.040% total_success=79.405% endpoint_success=79.632% episodes_per_second=167.27
episodes=436224/500000 batch_success=80.273% rolling_5000=80.000% total_success=79.409% endpoint_success=79.636% episodes_per_second=167.41
episodes=438272/500000 batch_success=80.273% rolling_5000=80.020% total_success=79.413% endpoint_success=79.640% episodes_per_second=167.54
episodes=440320/500000 batch_success=80.225% rolling_5000=80.020% total_success=79.417% endpoint_success=79.644% episodes_per_second=167.67
validation_episodes=440320 success=471/512
episodes=442368/500000 batch_success=80.420% rolling_5000=80.540% total_success=79.421% endpoint_success=79.648% episodes_per_second=167.11
episodes=444416/500000 batch_success=78.809% rolling_5000=79.460% total_success=79.418% endpoint_success=79.645% episodes_per_second=167.25
episodes=446464/500000 batch_success=79.004% rolling_5000=79.240% total_success=79.416% endpoint_success=79.643% episodes_per_second=167.36
episodes=448512/500000 batch_success=80.957% rolling_5000=80.160% total_success=79.424% endpoint_success=79.650% episodes_per_second=167.47
episodes=450560/500000 batch_success=78.516% rolling_5000=79.620% total_success=79.419% endpoint_success=79.646% episodes_per_second=167.59
validation_episodes=450560 success=474/512
episodes=452608/500000 batch_success=78.809% rolling_5000=79.260% total_success=79.417% endpoint_success=79.644% episodes_per_second=167.03
episodes=454656/500000 batch_success=81.055% rolling_5000=79.500% total_success=79.424% endpoint_success=79.651% episodes_per_second=167.16
episodes=456704/500000 batch_success=82.568% rolling_5000=81.320% total_success=79.438% endpoint_success=79.665% episodes_per_second=167.29
episodes=458752/500000 batch_success=81.641% rolling_5000=82.120% total_success=79.448% endpoint_success=79.674% episodes_per_second=167.41
episodes=460800/500000 batch_success=79.443% rolling_5000=80.940% total_success=79.448% endpoint_success=79.674% episodes_per_second=167.51
validation_episodes=460800 success=474/512
episodes=462848/500000 batch_success=80.713% rolling_5000=80.600% total_success=79.454% endpoint_success=79.680% episodes_per_second=166.95
episodes=464896/500000 batch_success=79.053% rolling_5000=79.920% total_success=79.452% endpoint_success=79.677% episodes_per_second=167.06
episodes=466944/500000 batch_success=80.029% rolling_5000=79.880% total_success=79.454% endpoint_success=79.679% episodes_per_second=167.18
episodes=468992/500000 batch_success=80.469% rolling_5000=80.160% total_success=79.459% endpoint_success=79.683% episodes_per_second=167.29
episodes=471040/500000 batch_success=81.104% rolling_5000=80.760% total_success=79.466% endpoint_success=79.690% episodes_per_second=167.41
validation_episodes=471040 success=471/512
episodes=473088/500000 batch_success=81.641% rolling_5000=81.440% total_success=79.475% endpoint_success=79.700% episodes_per_second=166.84
episodes=475136/500000 batch_success=81.055% rolling_5000=81.400% total_success=79.482% endpoint_success=79.706% episodes_per_second=166.95
episodes=477184/500000 batch_success=80.713% rolling_5000=80.600% total_success=79.487% endpoint_success=79.712% episodes_per_second=167.04
episodes=479232/500000 batch_success=81.738% rolling_5000=81.040% total_success=79.497% endpoint_success=79.721% episodes_per_second=167.15
episodes=481280/500000 batch_success=79.150% rolling_5000=80.160% total_success=79.496% endpoint_success=79.719% episodes_per_second=167.23
validation_episodes=481280 success=469/512
episodes=483328/500000 batch_success=79.785% rolling_5000=80.000% total_success=79.497% endpoint_success=79.720% episodes_per_second=166.72
episodes=485376/500000 batch_success=79.053% rolling_5000=79.300% total_success=79.495% endpoint_success=79.718% episodes_per_second=166.84
episodes=487424/500000 batch_success=80.957% rolling_5000=80.080% total_success=79.501% endpoint_success=79.724% episodes_per_second=166.94
episodes=489472/500000 batch_success=79.932% rolling_5000=80.420% total_success=79.503% endpoint_success=79.726% episodes_per_second=167.04
episodes=491520/500000 batch_success=81.982% rolling_5000=80.740% total_success=79.513% endpoint_success=79.736% episodes_per_second=167.15
validation_episodes=491520 success=470/512
episodes=493568/500000 batch_success=79.834% rolling_5000=80.560% total_success=79.514% endpoint_success=79.738% episodes_per_second=166.56
episodes=495616/500000 batch_success=82.129% rolling_5000=81.000% total_success=79.525% endpoint_success=79.749% episodes_per_second=166.67
episodes=497664/500000 batch_success=79.053% rolling_5000=80.420% total_success=79.523% endpoint_success=79.748% episodes_per_second=166.77
episodes=499712/500000 batch_success=79.150% rolling_5000=79.500% total_success=79.522% endpoint_success=79.746% episodes_per_second=166.88
episodes=501760/500000 batch_success=80.322% rolling_5000=79.300% total_success=79.525% endpoint_success=79.749% episodes_per_second=166.98
validation_episodes=501760 success=478/512
{
  "status": "COMPLETE",
  "episodes": 501760,
  "requested_episodes": 500000,
  "batch_aligned_overshoot": 1760,
  "episodes_remaining": 0,
  "successes": 399025,
  "endpoint_successes": 400148,
  "legacy_scientific_successes": 0,
  "success_rate": 0.7952507174744898,
  "rolling_success_rate": 0.793,
  "rolling_window_episodes": 5000,
  "episodes_per_second": 166.36202916463552,
  "elapsed_s": 3016.0728534000227,
  "early_stopping_reason": null
}
