[W909 13:54:31.000000000 Context.cpp:448] Warning: torch.backends.cuda.preferred_linalg_library is an experimental feature. If you see any error or unexpected behavior when this flag is set please file an issue on GitHub. (function operator ())
{"stage": "Initializing MPPI proposal", "command_step": 0, "maneuver_time_s": 0.0}
{"stage": "Replaying preserved MPPI prefix", "command_step": 0, "maneuver_time_s": 0.0}
{"stage": "Replaying preserved MPPI prefix", "command_step": 1, "maneuver_time_s": 0.03333333333333333}
{"stage": "Replaying preserved MPPI prefix", "command_step": 2, "maneuver_time_s": 0.06666666666666667}
{"stage": "Replaying preserved MPPI prefix", "command_step": 3, "maneuver_time_s": 0.1}
{"stage": "Replaying preserved MPPI prefix", "command_step": 4, "maneuver_time_s": 0.13333333333333333}
{"stage": "Replaying preserved MPPI prefix", "command_step": 5, "maneuver_time_s": 0.16666666666666666}
{"stage": "Replaying preserved MPPI prefix", "command_step": 6, "maneuver_time_s": 0.2}
{"stage": "Replaying preserved MPPI prefix", "command_step": 7, "maneuver_time_s": 0.23333333333333334}
{"stage": "Replaying preserved MPPI prefix", "command_step": 8, "maneuver_time_s": 0.26666666666666666}
{"stage": "Replaying preserved MPPI prefix", "command_step": 9, "maneuver_time_s": 0.3}
{"stage": "Replaying preserved MPPI prefix", "command_step": 10, "maneuver_time_s": 0.3333333333333333}
{"stage": "Replaying preserved MPPI prefix", "command_step": 11, "maneuver_time_s": 0.36666666666666664}
{"stage": "Replaying preserved MPPI prefix", "command_step": 12, "maneuver_time_s": 0.4}
{"stage": "Replaying preserved MPPI prefix", "command_step": 13, "maneuver_time_s": 0.43333333333333335}
{"stage": "Replaying preserved MPPI prefix", "command_step": 14, "maneuver_time_s": 0.4666666666666667}
{"stage": "Replaying preserved MPPI prefix", "command_step": 15, "maneuver_time_s": 0.5}
{"stage": "Replaying preserved MPPI prefix", "command_step": 16, "maneuver_time_s": 0.5333333333333333}
{"stage": "Replaying preserved MPPI prefix", "command_step": 17, "maneuver_time_s": 0.5666666666666667}
{"stage": "Replaying preserved MPPI prefix", "command_step": 18, "maneuver_time_s": 0.6}
{"stage": "Replaying preserved MPPI prefix", "command_step": 19, "maneuver_time_s": 0.6333333333333333}
{"stage": "Replaying preserved MPPI prefix", "command_step": 20, "maneuver_time_s": 0.6666666666666666}
{"stage": "Replaying preserved MPPI prefix", "command_step": 21, "maneuver_time_s": 0.7}
{"stage": "Replaying preserved MPPI prefix", "command_step": 22, "maneuver_time_s": 0.7333333333333333}
{"stage": "Replaying preserved MPPI prefix", "command_step": 23, "maneuver_time_s": 0.7666666666666667}
{"stage": "Replaying preserved MPPI prefix", "command_step": 24, "maneuver_time_s": 0.8}
{"stage": "Replaying preserved MPPI prefix", "command_step": 25, "maneuver_time_s": 0.8333333333333334}
{"stage": "Replaying preserved MPPI prefix", "command_step": 26, "maneuver_time_s": 0.8666666666666667}
{"stage": "Replaying preserved MPPI prefix", "command_step": 27, "maneuver_time_s": 0.9}
{"stage": "Replaying preserved MPPI prefix", "command_step": 28, "maneuver_time_s": 0.9333333333333333}
{"stage": "Replaying preserved MPPI prefix", "command_step": 29, "maneuver_time_s": 0.9666666666666667}
{"stage": "MPPI lookahead optimization", "iteration": 1, "window_iteration": 1, "command_step": 30, "maneuver_time_s": 1.0, "lookahead_s": 2.0}
{"stage": "MPPI lookahead optimization", "iteration": 2, "window_iteration": 2, "command_step": 30, "maneuver_time_s": 1.0, "lookahead_s": 2.0}
{"stage": "MPPI lookahead optimization", "iteration": 3, "window_iteration": 3, "command_step": 30, "maneuver_time_s": 1.0, "lookahead_s": 2.0}
{"stage": "MPPI lookahead optimization", "iteration": 4, "window_iteration": 4, "command_step": 30, "maneuver_time_s": 1.0, "lookahead_s": 2.0}
{"stage": "Committing next 30 Hz command", "iteration": 4, "command_step": 30}
{"stage": "MPPI command committed", "iteration": 4, "command_step": 31, "time_s": 1.0333333333333334, "iterations": 4, "stop_reason": "reward_plateau", "actual_reward": 29.232857873144187, "actual_success": false, "actual_failed": false, "actual_minimum_tip_distance_m": 0.8311341761631034, "lookahead_score": 335.6935652072654, "predicted_hit": true, "predicted_failed": false, "predicted_distance_m": 0.013478060202398357}
{"stage": "MPPI lookahead optimization", "iteration": 5, "window_iteration": 1, "command_step": 31, "maneuver_time_s": 1.0333333333333334, "lookahead_s": 2.0}
{"stage": "MPPI lookahead optimization", "iteration": 6, "window_iteration": 2, "command_step": 31, "maneuver_time_s": 1.0333333333333334, "lookahead_s": 2.0}
{"stage": "MPPI lookahead optimization", "iteration": 7, "window_iteration": 3, "command_step": 31, "maneuver_time_s": 1.0333333333333334, "lookahead_s": 2.0}
{"stage": "MPPI lookahead optimization", "iteration": 8, "window_iteration": 4, "command_step": 31, "maneuver_time_s": 1.0333333333333334, "lookahead_s": 2.0}
{"stage": "Committing next 30 Hz command", "iteration": 8, "command_step": 31}
{"stage": "MPPI command committed", "iteration": 8, "command_step": 32, "time_s": 1.0666666666666667, "iterations": 4, "stop_reason": "reward_plateau", "actual_reward": 32.787810659805146, "actual_success": false, "actual_failed": false, "actual_minimum_tip_distance_m": 0.7667640728240256, "lookahead_score": 333.9052816553845, "predicted_hit": true, "predicted_failed": false, "predicted_distance_m": 0.013484474835372568}
{"stage": "MPPI lookahead optimization", "iteration": 9, "window_iteration": 1, "command_step": 32, "maneuver_time_s": 1.0666666666666667, "lookahead_s": 2.0}
{"stage": "MPPI lookahead optimization", "iteration": 10, "window_iteration": 2, "command_step": 32, "maneuver_time_s": 1.0666666666666667, "lookahead_s": 2.0}
{"stage": "MPPI lookahead optimization", "iteration": 11, "window_iteration": 3, "command_step": 32, "maneuver_time_s": 1.0666666666666667, "lookahead_s": 2.0}
{"stage": "MPPI lookahead optimization", "iteration": 12, "window_iteration": 4, "command_step": 32, "maneuver_time_s": 1.0666666666666667, "lookahead_s": 2.0}
{"stage": "Committing next 30 Hz command", "iteration": 12, "command_step": 32}
{"stage": "MPPI command committed", "iteration": 12, "command_step": 33, "time_s": 1.1, "iterations": 4, "stop_reason": "reward_plateau", "actual_reward": 39.09591109811117, "actual_success": false, "actual_failed": false, "actual_minimum_tip_distance_m": 0.686025930251722, "lookahead_score": 330.3598675278294, "predicted_hit": true, "predicted_failed": false, "predicted_distance_m": 0.01350173855882826}
{"stage": "MPPI lookahead optimization", "iteration": 13, "window_iteration": 1, "command_step": 33, "maneuver_time_s": 1.1, "lookahead_s": 2.0}
{"stage": "MPPI lookahead optimization", "iteration": 14, "window_iteration": 2, "command_step": 33, "maneuver_time_s": 1.1, "lookahead_s": 2.0}
{"stage": "MPPI lookahead optimization", "iteration": 15, "window_iteration": 3, "command_step": 33, "maneuver_time_s": 1.1, "lookahead_s": 2.0}
{"stage": "MPPI lookahead optimization", "iteration": 16, "window_iteration": 4, "command_step": 33, "maneuver_time_s": 1.1, "lookahead_s": 2.0}
{"stage": "Committing next 30 Hz command", "iteration": 16, "command_step": 33}
{"stage": "MPPI command committed", "iteration": 16, "command_step": 34, "time_s": 1.1333333333333333, "iterations": 4, "stop_reason": "reward_plateau", "actual_reward": 47.98435931179695, "actual_success": false, "actual_failed": false, "actual_minimum_tip_distance_m": 0.5894278030666644, "lookahead_score": 324.05555202343675, "predicted_hit": true, "predicted_failed": false, "predicted_distance_m": 0.013469419879970846}
{"stage": "MPPI lookahead optimization", "iteration": 17, "window_iteration": 1, "command_step": 34, "maneuver_time_s": 1.1333333333333333, "lookahead_s": 2.0}
{"stage": "MPPI lookahead optimization", "iteration": 18, "window_iteration": 2, "command_step": 34, "maneuver_time_s": 1.1333333333333333, "lookahead_s": 2.0}
{"stage": "MPPI lookahead optimization", "iteration": 19, "window_iteration": 3, "command_step": 34, "maneuver_time_s": 1.1333333333333333, "lookahead_s": 2.0}
{"stage": "MPPI lookahead optimization", "iteration": 20, "window_iteration": 4, "command_step": 34, "maneuver_time_s": 1.1333333333333333, "lookahead_s": 2.0}
{"stage": "Committing next 30 Hz command", "iteration": 20, "command_step": 34}
{"stage": "MPPI command committed", "iteration": 20, "command_step": 35, "time_s": 1.1666666666666667, "iterations": 4, "stop_reason": "reward_plateau", "actual_reward": 58.9093786172578, "actual_success": false, "actual_failed": false, "actual_minimum_tip_distance_m": 0.48183900965832793, "lookahead_score": 315.16820184703465, "predicted_hit": true, "predicted_failed": false, "predicted_distance_m": 0.013468319212535681}
{"stage": "MPPI lookahead optimization", "iteration": 21, "window_iteration": 1, "command_step": 35, "maneuver_time_s": 1.1666666666666667, "lookahead_s": 2.0}
{"stage": "MPPI lookahead optimization", "iteration": 22, "window_iteration": 2, "command_step": 35, "maneuver_time_s": 1.1666666666666667, "lookahead_s": 2.0}
{"stage": "MPPI lookahead optimization", "iteration": 23, "window_iteration": 3, "command_step": 35, "maneuver_time_s": 1.1666666666666667, "lookahead_s": 2.0}
{"stage": "MPPI lookahead optimization", "iteration": 24, "window_iteration": 4, "command_step": 35, "maneuver_time_s": 1.1666666666666667, "lookahead_s": 2.0}
{"stage": "Committing next 30 Hz command", "iteration": 24, "command_step": 35}
{"stage": "MPPI command committed", "iteration": 24, "command_step": 36, "time_s": 1.2, "iterations": 4, "stop_reason": "reward_plateau", "actual_reward": 71.56151460248539, "actual_success": false, "actual_failed": false, "actual_minimum_tip_distance_m": 0.3618101429391001, "lookahead_score": 304.24433669368915, "predicted_hit": true, "predicted_failed": false, "predicted_distance_m": 0.013469712534727988}
{"stage": "MPPI lookahead optimization", "iteration": 25, "window_iteration": 1, "command_step": 36, "maneuver_time_s": 1.2, "lookahead_s": 2.0}
{"stage": "MPPI lookahead optimization", "iteration": 26, "window_iteration": 2, "command_step": 36, "maneuver_time_s": 1.2, "lookahead_s": 2.0}
{"stage": "MPPI lookahead optimization", "iteration": 27, "window_iteration": 3, "command_step": 36, "maneuver_time_s": 1.2, "lookahead_s": 2.0}
{"stage": "MPPI lookahead optimization", "iteration": 28, "window_iteration": 4, "command_step": 36, "maneuver_time_s": 1.2, "lookahead_s": 2.0}
{"stage": "Committing next 30 Hz command", "iteration": 28, "command_step": 36}
{"stage": "MPPI command committed", "iteration": 28, "command_step": 37, "time_s": 1.2333333333333334, "iterations": 4, "stop_reason": "reward_plateau", "actual_reward": 85.85796008042766, "actual_success": false, "actual_failed": false, "actual_minimum_tip_distance_m": 0.22063116452052967, "lookahead_score": 291.59294950816786, "predicted_hit": true, "predicted_failed": false, "predicted_distance_m": 0.013469712534803653}
{"stage": "MPPI lookahead optimization", "iteration": 29, "window_iteration": 1, "command_step": 37, "maneuver_time_s": 1.2333333333333334, "lookahead_s": 2.0}
{"stage": "MPPI lookahead optimization", "iteration": 30, "window_iteration": 2, "command_step": 37, "maneuver_time_s": 1.2333333333333334, "lookahead_s": 2.0}
{"stage": "MPPI lookahead optimization", "iteration": 31, "window_iteration": 3, "command_step": 37, "maneuver_time_s": 1.2333333333333334, "lookahead_s": 2.0}
{"stage": "MPPI lookahead optimization", "iteration": 32, "window_iteration": 4, "command_step": 37, "maneuver_time_s": 1.2333333333333334, "lookahead_s": 2.0}
{"stage": "Committing next 30 Hz command", "iteration": 32, "command_step": 37}
{"stage": "MPPI command committed", "iteration": 32, "command_step": 38, "time_s": 1.2666666666666666, "iterations": 4, "stop_reason": "reward_plateau", "actual_reward": 101.60903584139153, "actual_success": false, "actual_failed": false, "actual_minimum_tip_distance_m": 0.05000480699781182, "lookahead_score": 277.29686928120606, "predicted_hit": true, "predicted_failed": false, "predicted_distance_m": 0.0134697125348226}
{"stage": "MPPI lookahead optimization", "iteration": 33, "window_iteration": 1, "command_step": 38, "maneuver_time_s": 1.2666666666666666, "lookahead_s": 2.0}
{"stage": "MPPI lookahead optimization", "iteration": 34, "window_iteration": 2, "command_step": 38, "maneuver_time_s": 1.2666666666666666, "lookahead_s": 2.0}
{"stage": "MPPI lookahead optimization", "iteration": 35, "window_iteration": 3, "command_step": 38, "maneuver_time_s": 1.2666666666666666, "lookahead_s": 2.0}
{"stage": "MPPI lookahead optimization", "iteration": 36, "window_iteration": 4, "command_step": 38, "maneuver_time_s": 1.2666666666666666, "lookahead_s": 2.0}
{"stage": "Committing next 30 Hz command", "iteration": 36, "command_step": 38}
{"stage": "MPPI command committed", "iteration": 36, "command_step": 39, "time_s": 1.3, "iterations": 4, "stop_reason": "reward_plateau", "actual_reward": 363.1946228168337, "actual_success": true, "actual_failed": false, "actual_minimum_tip_distance_m": 0.013469712534819156, "lookahead_score": 261.54586572305584, "predicted_hit": true, "predicted_failed": false, "predicted_distance_m": 0.013469712534819156}
