episodes=102400/600000 batch_success=73.779% rolling_5000=73.360% total_success=72.907% endpoint_success=73.022% episodes_per_second=161.15
validation_episodes=102400 success=449/512
episodes=104448/600000 batch_success=73.584% rolling_5000=73.780% total_success=72.920% endpoint_success=73.040% episodes_per_second=158.80
episodes=106496/600000 batch_success=72.021% rolling_5000=73.100% total_success=72.903% endpoint_success=73.024% episodes_per_second=159.41
episodes=108544/600000 batch_success=74.268% rolling_5000=73.240% total_success=72.929% endpoint_success=73.054% episodes_per_second=159.98
episodes=110592/600000 batch_success=73.584% rolling_5000=73.720% total_success=72.941% endpoint_success=73.065% episodes_per_second=160.53
episodes=112640/600000 batch_success=73.389% rolling_5000=73.460% total_success=72.949% endpoint_success=73.073% episodes_per_second=161.04
validation_episodes=112640 success=455/512
episodes=114688/600000 batch_success=72.119% rolling_5000=72.840% total_success=72.934% endpoint_success=73.061% episodes_per_second=159.07
episodes=116736/600000 batch_success=72.705% rolling_5000=72.040% total_success=72.930% endpoint_success=73.061% episodes_per_second=159.63
episodes=118784/600000 batch_success=72.803% rolling_5000=72.640% total_success=72.928% endpoint_success=73.059% episodes_per_second=160.09
episodes=120832/600000 batch_success=71.289% rolling_5000=71.920% total_success=72.900% endpoint_success=73.036% episodes_per_second=160.59
episodes=122880/600000 batch_success=74.414% rolling_5000=72.900% total_success=72.926% endpoint_success=73.062% episodes_per_second=161.09
validation_episodes=122880 success=456/512
episodes=124928/600000 batch_success=71.875% rolling_5000=72.840% total_success=72.908% endpoint_success=73.044% episodes_per_second=159.28
episodes=126976/600000 batch_success=71.680% rolling_5000=72.260% total_success=72.889% endpoint_success=73.026% episodes_per_second=159.81
episodes=129024/600000 batch_success=72.412% rolling_5000=71.820% total_success=72.881% endpoint_success=73.021% episodes_per_second=160.31
episodes=131072/600000 batch_success=73.047% rolling_5000=72.540% total_success=72.884% endpoint_success=73.025% episodes_per_second=160.81
episodes=133120/600000 batch_success=71.631% rolling_5000=72.400% total_success=72.864% endpoint_success=73.007% episodes_per_second=161.31
validation_episodes=133120 success=451/512
episodes=135168/600000 batch_success=73.975% rolling_5000=72.680% total_success=72.881% endpoint_success=73.025% episodes_per_second=159.59
episodes=137216/600000 batch_success=72.363% rolling_5000=72.740% total_success=72.873% endpoint_success=73.018% episodes_per_second=160.00
episodes=139264/600000 batch_success=71.191% rolling_5000=72.400% total_success=72.849% endpoint_success=72.995% episodes_per_second=160.44
episodes=141312/600000 batch_success=72.900% rolling_5000=72.120% total_success=72.849% endpoint_success=72.997% episodes_per_second=160.88
episodes=143360/600000 batch_success=74.805% rolling_5000=73.600% total_success=72.877% endpoint_success=73.026% episodes_per_second=161.31
validation_episodes=143360 success=453/512
episodes=145408/600000 batch_success=71.240% rolling_5000=73.340% total_success=72.854% endpoint_success=73.004% episodes_per_second=159.75
episodes=147456/600000 batch_success=72.510% rolling_5000=72.440% total_success=72.850% endpoint_success=72.999% episodes_per_second=160.16
episodes=149504/600000 batch_success=71.924% rolling_5000=72.100% total_success=72.837% endpoint_success=72.987% episodes_per_second=160.55
episodes=151552/600000 batch_success=72.461% rolling_5000=72.360% total_success=72.832% endpoint_success=72.980% episodes_per_second=160.93
episodes=153600/600000 batch_success=70.898% rolling_5000=71.680% total_success=72.806% endpoint_success=72.956% episodes_per_second=161.31
validation_episodes=153600 success=449/512
episodes=155648/600000 batch_success=71.826% rolling_5000=71.360% total_success=72.793% endpoint_success=72.942% episodes_per_second=159.79
episodes=157696/600000 batch_success=71.387% rolling_5000=71.220% total_success=72.775% endpoint_success=72.923% episodes_per_second=160.17
episodes=159744/600000 batch_success=72.217% rolling_5000=71.740% total_success=72.768% endpoint_success=72.917% episodes_per_second=160.53
episodes=161792/600000 batch_success=72.510% rolling_5000=72.420% total_success=72.764% endpoint_success=72.914% episodes_per_second=160.87
episodes=163840/600000 batch_success=71.826% rolling_5000=72.280% total_success=72.753% endpoint_success=72.902% episodes_per_second=161.19
validation_episodes=163840 success=457/512
episodes=165888/600000 batch_success=70.312% rolling_5000=71.480% total_success=72.723% endpoint_success=72.871% episodes_per_second=159.77
episodes=167936/600000 batch_success=72.168% rolling_5000=71.140% total_success=72.716% endpoint_success=72.864% episodes_per_second=160.11
episodes=169984/600000 batch_success=73.291% rolling_5000=72.540% total_success=72.723% endpoint_success=72.870% episodes_per_second=160.50
episodes=172032/600000 batch_success=70.459% rolling_5000=71.640% total_success=72.696% endpoint_success=72.845% episodes_per_second=160.88
episodes=174080/600000 batch_success=72.656% rolling_5000=72.160% total_success=72.695% endpoint_success=72.844% episodes_per_second=161.23
validation_episodes=174080 success=454/512
episodes=176128/600000 batch_success=70.166% rolling_5000=71.880% total_success=72.666% endpoint_success=72.815% episodes_per_second=159.87
episodes=178176/600000 batch_success=71.924% rolling_5000=71.120% total_success=72.657% endpoint_success=72.807% episodes_per_second=160.19
episodes=180224/600000 batch_success=71.826% rolling_5000=71.560% total_success=72.648% endpoint_success=72.798% episodes_per_second=160.54
episodes=182272/600000 batch_success=73.389% rolling_5000=72.760% total_success=72.656% endpoint_success=72.808% episodes_per_second=160.91
episodes=184320/600000 batch_success=72.461% rolling_5000=73.080% total_success=72.654% endpoint_success=72.806% episodes_per_second=161.28
validation_episodes=184320 success=440/512
episodes=186368/600000 batch_success=69.385% rolling_5000=70.980% total_success=72.618% endpoint_success=72.770% episodes_per_second=160.09
episodes=188416/600000 batch_success=70.752% rolling_5000=70.600% total_success=72.598% endpoint_success=72.752% episodes_per_second=160.42
episodes=190464/600000 batch_success=72.607% rolling_5000=71.500% total_success=72.598% endpoint_success=72.752% episodes_per_second=160.76
episodes=192512/600000 batch_success=72.559% rolling_5000=72.360% total_success=72.598% endpoint_success=72.751% episodes_per_second=161.08
episodes=194560/600000 batch_success=73.389% rolling_5000=72.980% total_success=72.606% endpoint_success=72.760% episodes_per_second=161.40
validation_episodes=194560 success=445/512
episodes=196608/600000 batch_success=70.850% rolling_5000=72.620% total_success=72.588% endpoint_success=72.741% episodes_per_second=160.26
episodes=198656/600000 batch_success=72.363% rolling_5000=71.620% total_success=72.585% endpoint_success=72.738% episodes_per_second=160.58
episodes=200704/600000 batch_success=72.852% rolling_5000=72.400% total_success=72.588% endpoint_success=72.743% episodes_per_second=160.87
episodes=202752/600000 batch_success=71.436% rolling_5000=71.700% total_success=72.576% endpoint_success=72.732% episodes_per_second=161.17
episodes=204800/600000 batch_success=72.900% rolling_5000=72.340% total_success=72.580% endpoint_success=72.735% episodes_per_second=161.45
validation_episodes=204800 success=456/512
episodes=206848/600000 batch_success=72.607% rolling_5000=72.740% total_success=72.580% endpoint_success=72.737% episodes_per_second=160.32
episodes=208896/600000 batch_success=73.145% rolling_5000=72.760% total_success=72.585% endpoint_success=72.742% episodes_per_second=160.60
episodes=210944/600000 batch_success=71.777% rolling_5000=72.620% total_success=72.578% endpoint_success=72.734% episodes_per_second=160.89
episodes=212992/600000 batch_success=69.336% rolling_5000=70.960% total_success=72.546% endpoint_success=72.705% episodes_per_second=161.14
episodes=215040/600000 batch_success=68.799% rolling_5000=69.780% total_success=72.511% endpoint_success=72.672% episodes_per_second=161.37
validation_episodes=215040 success=456/512
episodes=217088/600000 batch_success=75.293% rolling_5000=71.500% total_success=72.537% endpoint_success=72.698% episodes_per_second=160.26
episodes=219136/600000 batch_success=77.393% rolling_5000=75.100% total_success=72.582% endpoint_success=72.745% episodes_per_second=160.52
episodes=221184/600000 batch_success=74.756% rolling_5000=76.120% total_success=72.602% endpoint_success=72.766% episodes_per_second=160.81
episodes=223232/600000 batch_success=71.826% rolling_5000=74.180% total_success=72.595% endpoint_success=72.759% episodes_per_second=161.09
episodes=225280/600000 batch_success=73.242% rolling_5000=72.960% total_success=72.601% endpoint_success=72.766% episodes_per_second=161.38
validation_episodes=225280 success=447/512
episodes=227328/600000 batch_success=72.852% rolling_5000=72.560% total_success=72.603% endpoint_success=72.769% episodes_per_second=160.32
episodes=229376/600000 batch_success=72.656% rolling_5000=72.920% total_success=72.604% endpoint_success=72.771% episodes_per_second=160.59
episodes=231424/600000 batch_success=71.387% rolling_5000=71.960% total_success=72.593% endpoint_success=72.761% episodes_per_second=160.85
episodes=233472/600000 batch_success=73.193% rolling_5000=72.220% total_success=72.598% endpoint_success=72.765% episodes_per_second=161.10
episodes=235520/600000 batch_success=73.389% rolling_5000=72.900% total_success=72.605% endpoint_success=72.772% episodes_per_second=161.35
validation_episodes=235520 success=456/512
episodes=237568/600000 batch_success=73.486% rolling_5000=72.940% total_success=72.613% endpoint_success=72.779% episodes_per_second=160.37
episodes=239616/600000 batch_success=72.998% rolling_5000=73.340% total_success=72.616% endpoint_success=72.784% episodes_per_second=160.63
episodes=241664/600000 batch_success=74.854% rolling_5000=73.380% total_success=72.635% endpoint_success=72.802% episodes_per_second=160.87
episodes=243712/600000 batch_success=74.316% rolling_5000=74.120% total_success=72.649% endpoint_success=72.816% episodes_per_second=161.11
episodes=245760/600000 batch_success=75.293% rolling_5000=74.800% total_success=72.671% endpoint_success=72.837% episodes_per_second=161.33
validation_episodes=245760 success=452/512
episodes=247808/600000 batch_success=70.898% rolling_5000=73.360% total_success=72.657% endpoint_success=72.823% episodes_per_second=160.42
episodes=249856/600000 batch_success=71.289% rolling_5000=71.900% total_success=72.645% endpoint_success=72.812% episodes_per_second=160.67
episodes=251904/600000 batch_success=73.730% rolling_5000=72.460% total_success=72.654% endpoint_success=72.821% episodes_per_second=160.93
episodes=253952/600000 batch_success=74.561% rolling_5000=73.740% total_success=72.670% endpoint_success=72.837% episodes_per_second=161.18
episodes=256000/600000 batch_success=73.779% rolling_5000=74.260% total_success=72.679% endpoint_success=72.846% episodes_per_second=161.41
validation_episodes=256000 success=446/512
episodes=258048/600000 batch_success=74.365% rolling_5000=74.220% total_success=72.692% endpoint_success=72.859% episodes_per_second=160.51
episodes=260096/600000 batch_success=73.291% rolling_5000=73.420% total_success=72.697% endpoint_success=72.865% episodes_per_second=160.75
episodes=262144/600000 batch_success=73.926% rolling_5000=74.060% total_success=72.706% endpoint_success=72.875% episodes_per_second=160.92
episodes=264192/600000 batch_success=71.973% rolling_5000=72.960% total_success=72.701% endpoint_success=72.870% episodes_per_second=161.14
episodes=266240/600000 batch_success=72.656% rolling_5000=72.220% total_success=72.700% endpoint_success=72.869% episodes_per_second=161.36
validation_episodes=266240 success=465/512
episodes=268288/600000 batch_success=73.877% rolling_5000=73.180% total_success=72.709% endpoint_success=72.877% episodes_per_second=160.45
episodes=270336/600000 batch_success=72.559% rolling_5000=73.200% total_success=72.708% endpoint_success=72.876% episodes_per_second=160.66
episodes=272384/600000 batch_success=74.072% rolling_5000=73.380% total_success=72.718% endpoint_success=72.886% episodes_per_second=160.86
episodes=274432/600000 batch_success=72.900% rolling_5000=73.520% total_success=72.720% endpoint_success=72.887% episodes_per_second=161.07
episodes=276480/600000 batch_success=72.314% rolling_5000=72.880% total_success=72.717% endpoint_success=72.884% episodes_per_second=161.27
validation_episodes=276480 success=463/512
episodes=278528/600000 batch_success=75.098% rolling_5000=73.500% total_success=72.734% endpoint_success=72.901% episodes_per_second=160.44
episodes=280576/600000 batch_success=74.023% rolling_5000=74.320% total_success=72.744% endpoint_success=72.911% episodes_per_second=160.65
episodes=282624/600000 batch_success=72.754% rolling_5000=73.840% total_success=72.744% endpoint_success=72.911% episodes_per_second=160.86
episodes=284672/600000 batch_success=71.826% rolling_5000=72.520% total_success=72.737% endpoint_success=72.904% episodes_per_second=161.07
episodes=286720/600000 batch_success=73.584% rolling_5000=73.180% total_success=72.743% endpoint_success=72.908% episodes_per_second=161.26
validation_episodes=286720 success=443/512
episodes=288768/600000 batch_success=72.559% rolling_5000=72.960% total_success=72.742% endpoint_success=72.907% episodes_per_second=160.48
episodes=290816/600000 batch_success=71.875% rolling_5000=72.240% total_success=72.736% endpoint_success=72.902% episodes_per_second=160.68
episodes=292864/600000 batch_success=71.240% rolling_5000=71.220% total_success=72.725% endpoint_success=72.891% episodes_per_second=160.90
episodes=294912/600000 batch_success=72.266% rolling_5000=71.880% total_success=72.722% endpoint_success=72.889% episodes_per_second=161.09
episodes=296960/600000 batch_success=74.756% rolling_5000=73.140% total_success=72.736% endpoint_success=72.903% episodes_per_second=161.28
validation_episodes=296960 success=461/512
episodes=299008/600000 batch_success=71.533% rolling_5000=73.060% total_success=72.728% endpoint_success=72.895% episodes_per_second=160.48
episodes=301056/600000 batch_success=73.096% rolling_5000=72.920% total_success=72.730% endpoint_success=72.897% episodes_per_second=160.69
episodes=303104/600000 batch_success=71.289% rolling_5000=72.100% total_success=72.721% endpoint_success=72.887% episodes_per_second=160.90
episodes=305152/600000 batch_success=72.070% rolling_5000=71.940% total_success=72.716% endpoint_success=72.882% episodes_per_second=161.12
episodes=307200/600000 batch_success=71.924% rolling_5000=71.620% total_success=72.711% endpoint_success=72.876% episodes_per_second=161.32
validation_episodes=307200 success=456/512
episodes=309248/600000 batch_success=73.389% rolling_5000=72.400% total_success=72.715% endpoint_success=72.882% episodes_per_second=160.55
episodes=311296/600000 batch_success=75.195% rolling_5000=73.920% total_success=72.732% endpoint_success=72.898% episodes_per_second=160.75
episodes=313344/600000 batch_success=72.803% rolling_5000=73.920% total_success=72.732% endpoint_success=72.898% episodes_per_second=160.95
episodes=315392/600000 batch_success=73.389% rolling_5000=73.540% total_success=72.736% endpoint_success=72.902% episodes_per_second=161.14
episodes=317440/600000 batch_success=73.340% rolling_5000=73.240% total_success=72.740% endpoint_success=72.906% episodes_per_second=161.34
validation_episodes=317440 success=448/512
episodes=319488/600000 batch_success=72.217% rolling_5000=73.120% total_success=72.737% endpoint_success=72.903% episodes_per_second=160.63
episodes=321536/600000 batch_success=73.486% rolling_5000=73.000% total_success=72.742% endpoint_success=72.908% episodes_per_second=160.81
episodes=323584/600000 batch_success=73.145% rolling_5000=73.200% total_success=72.744% endpoint_success=72.912% episodes_per_second=160.98
episodes=325632/600000 batch_success=74.414% rolling_5000=73.660% total_success=72.755% endpoint_success=72.922% episodes_per_second=161.15
episodes=327680/600000 batch_success=71.729% rolling_5000=73.300% total_success=72.748% endpoint_success=72.916% episodes_per_second=161.31
validation_episodes=327680 success=443/512
episodes=329728/600000 batch_success=71.094% rolling_5000=71.540% total_success=72.738% endpoint_success=72.905% episodes_per_second=160.57
episodes=331776/600000 batch_success=72.900% rolling_5000=72.220% total_success=72.739% endpoint_success=72.906% episodes_per_second=160.74
episodes=333824/600000 batch_success=72.363% rolling_5000=72.360% total_success=72.737% endpoint_success=72.903% episodes_per_second=160.89
episodes=335872/600000 batch_success=71.436% rolling_5000=72.220% total_success=72.729% endpoint_success=72.894% episodes_per_second=161.04
episodes=337920/600000 batch_success=72.363% rolling_5000=71.720% total_success=72.727% endpoint_success=72.892% episodes_per_second=161.21
validation_episodes=337920 success=446/512
episodes=339968/600000 batch_success=72.852% rolling_5000=72.520% total_success=72.727% endpoint_success=72.893% episodes_per_second=160.52
episodes=342016/600000 batch_success=71.436% rolling_5000=72.120% total_success=72.720% endpoint_success=72.885% episodes_per_second=160.70
episodes=344064/600000 batch_success=73.291% rolling_5000=72.520% total_success=72.723% endpoint_success=72.888% episodes_per_second=160.88
episodes=346112/600000 batch_success=73.242% rolling_5000=72.600% total_success=72.726% endpoint_success=72.892% episodes_per_second=161.06
episodes=348160/600000 batch_success=70.410% rolling_5000=71.820% total_success=72.713% endpoint_success=72.879% episodes_per_second=161.23
validation_episodes=348160 success=451/512
episodes=350208/600000 batch_success=73.047% rolling_5000=72.280% total_success=72.715% endpoint_success=72.880% episodes_per_second=160.55
episodes=352256/600000 batch_success=72.900% rolling_5000=72.320% total_success=72.716% endpoint_success=72.882% episodes_per_second=160.71
episodes=354304/600000 batch_success=73.877% rolling_5000=73.520% total_success=72.722% endpoint_success=72.889% episodes_per_second=160.89
episodes=356352/600000 batch_success=70.996% rolling_5000=72.760% total_success=72.712% endpoint_success=72.879% episodes_per_second=161.07
episodes=358400/600000 batch_success=72.217% rolling_5000=71.900% total_success=72.710% endpoint_success=72.876% episodes_per_second=161.24
validation_episodes=358400 success=446/512
episodes=360448/600000 batch_success=71.094% rolling_5000=71.320% total_success=72.700% endpoint_success=72.867% episodes_per_second=160.61
episodes=362496/600000 batch_success=70.459% rolling_5000=71.140% total_success=72.688% endpoint_success=72.856% episodes_per_second=160.78
episodes=364544/600000 batch_success=73.145% rolling_5000=71.640% total_success=72.690% endpoint_success=72.860% episodes_per_second=160.94
episodes=366592/600000 batch_success=70.605% rolling_5000=71.620% total_success=72.679% endpoint_success=72.849% episodes_per_second=161.11
episodes=368640/600000 batch_success=72.510% rolling_5000=71.500% total_success=72.678% endpoint_success=72.848% episodes_per_second=161.29
validation_episodes=368640 success=443/512
episodes=370688/600000 batch_success=75.928% rolling_5000=74.040% total_success=72.696% endpoint_success=72.867% episodes_per_second=160.68
episodes=372736/600000 batch_success=73.682% rolling_5000=74.460% total_success=72.701% endpoint_success=72.873% episodes_per_second=160.85
episodes=374784/600000 batch_success=73.291% rolling_5000=74.100% total_success=72.704% endpoint_success=72.876% episodes_per_second=161.02
episodes=376832/600000 batch_success=72.852% rolling_5000=73.260% total_success=72.705% endpoint_success=72.876% episodes_per_second=161.16
episodes=378880/600000 batch_success=72.754% rolling_5000=73.220% total_success=72.705% endpoint_success=72.877% episodes_per_second=161.31
validation_episodes=378880 success=456/512
episodes=380928/600000 batch_success=72.510% rolling_5000=72.840% total_success=72.704% endpoint_success=72.876% episodes_per_second=160.68
episodes=382976/600000 batch_success=72.949% rolling_5000=72.480% total_success=72.706% endpoint_success=72.877% episodes_per_second=160.85
episodes=385024/600000 batch_success=70.605% rolling_5000=71.980% total_success=72.694% endpoint_success=72.866% episodes_per_second=161.01
episodes=387072/600000 batch_success=74.268% rolling_5000=72.280% total_success=72.703% endpoint_success=72.874% episodes_per_second=161.17
episodes=389120/600000 batch_success=72.314% rolling_5000=73.120% total_success=72.701% endpoint_success=72.872% episodes_per_second=161.31
validation_episodes=389120 success=454/512
episodes=391168/600000 batch_success=73.535% rolling_5000=72.960% total_success=72.705% endpoint_success=72.876% episodes_per_second=160.71
episodes=393216/600000 batch_success=73.193% rolling_5000=72.940% total_success=72.708% endpoint_success=72.879% episodes_per_second=160.86
episodes=395264/600000 batch_success=71.631% rolling_5000=72.640% total_success=72.702% endpoint_success=72.873% episodes_per_second=161.01
episodes=397312/600000 batch_success=73.096% rolling_5000=72.820% total_success=72.704% endpoint_success=72.875% episodes_per_second=161.15
episodes=399360/600000 batch_success=72.510% rolling_5000=72.580% total_success=72.703% endpoint_success=72.874% episodes_per_second=161.28
validation_episodes=399360 success=440/512
episodes=401408/600000 batch_success=72.803% rolling_5000=72.920% total_success=72.704% endpoint_success=72.875% episodes_per_second=160.68
episodes=403456/600000 batch_success=72.021% rolling_5000=72.280% total_success=72.700% endpoint_success=72.870% episodes_per_second=160.83
episodes=405504/600000 batch_success=73.340% rolling_5000=72.880% total_success=72.703% endpoint_success=72.874% episodes_per_second=160.97
episodes=407552/600000 batch_success=72.852% rolling_5000=73.080% total_success=72.704% endpoint_success=72.875% episodes_per_second=161.13
episodes=409600/600000 batch_success=71.875% rolling_5000=72.140% total_success=72.700% endpoint_success=72.871% episodes_per_second=161.29
validation_episodes=409600 success=452/512
episodes=411648/600000 batch_success=74.463% rolling_5000=72.960% total_success=72.709% endpoint_success=72.880% episodes_per_second=160.74
episodes=413696/600000 batch_success=73.486% rolling_5000=73.620% total_success=72.713% endpoint_success=72.884% episodes_per_second=160.88
episodes=415744/600000 batch_success=74.365% rolling_5000=73.920% total_success=72.721% endpoint_success=72.893% episodes_per_second=161.02
episodes=417792/600000 batch_success=72.559% rolling_5000=73.340% total_success=72.720% endpoint_success=72.892% episodes_per_second=161.16
episodes=419840/600000 batch_success=74.707% rolling_5000=73.760% total_success=72.730% endpoint_success=72.902% episodes_per_second=161.29
validation_episodes=419840 success=467/512
episodes=421888/600000 batch_success=74.463% rolling_5000=74.400% total_success=72.738% endpoint_success=72.911% episodes_per_second=160.76
episodes=423936/600000 batch_success=74.658% rolling_5000=74.380% total_success=72.747% endpoint_success=72.921% episodes_per_second=160.91
episodes=425984/600000 batch_success=72.900% rolling_5000=74.000% total_success=72.748% endpoint_success=72.922% episodes_per_second=161.06
episodes=428032/600000 batch_success=75.098% rolling_5000=74.200% total_success=72.759% endpoint_success=72.933% episodes_per_second=161.20
episodes=430080/600000 batch_success=75.244% rolling_5000=74.440% total_success=72.771% endpoint_success=72.945% episodes_per_second=161.33
validation_episodes=430080 success=464/512
episodes=432128/600000 batch_success=74.316% rolling_5000=74.720% total_success=72.778% endpoint_success=72.952% episodes_per_second=160.78
episodes=434176/600000 batch_success=74.219% rolling_5000=74.160% total_success=72.785% endpoint_success=72.958% episodes_per_second=160.93
episodes=436224/600000 batch_success=73.828% rolling_5000=74.140% total_success=72.790% endpoint_success=72.964% episodes_per_second=161.07
episodes=438272/600000 batch_success=72.363% rolling_5000=73.340% total_success=72.788% endpoint_success=72.964% episodes_per_second=161.21
episodes=440320/600000 batch_success=74.072% rolling_5000=73.100% total_success=72.794% endpoint_success=72.969% episodes_per_second=161.36
validation_episodes=440320 success=453/512
episodes=442368/600000 batch_success=73.926% rolling_5000=74.020% total_success=72.799% endpoint_success=72.974% episodes_per_second=160.82
episodes=444416/600000 batch_success=71.973% rolling_5000=72.780% total_success=72.796% endpoint_success=72.971% episodes_per_second=160.95
episodes=446464/600000 batch_success=74.023% rolling_5000=73.020% total_success=72.801% endpoint_success=72.977% episodes_per_second=161.07
episodes=448512/600000 batch_success=72.900% rolling_5000=73.560% total_success=72.802% endpoint_success=72.978% episodes_per_second=161.21
episodes=450560/600000 batch_success=73.975% rolling_5000=73.340% total_success=72.807% endpoint_success=72.983% episodes_per_second=161.35
validation_episodes=450560 success=462/512
episodes=452608/600000 batch_success=74.121% rolling_5000=73.740% total_success=72.813% endpoint_success=72.989% episodes_per_second=160.86
episodes=454656/600000 batch_success=75.391% rolling_5000=74.680% total_success=72.825% endpoint_success=73.001% episodes_per_second=160.98
episodes=456704/600000 batch_success=76.074% rolling_5000=75.760% total_success=72.839% endpoint_success=73.016% episodes_per_second=161.11
episodes=458752/600000 batch_success=74.561% rolling_5000=75.640% total_success=72.847% endpoint_success=73.024% episodes_per_second=161.22
episodes=460800/600000 batch_success=73.340% rolling_5000=74.380% total_success=72.849% endpoint_success=73.026% episodes_per_second=161.35
validation_episodes=460800 success=458/512
episodes=462848/600000 batch_success=72.559% rolling_5000=73.420% total_success=72.848% endpoint_success=73.024% episodes_per_second=160.86
episodes=464896/600000 batch_success=72.119% rolling_5000=72.520% total_success=72.844% endpoint_success=73.022% episodes_per_second=161.00
episodes=466944/600000 batch_success=71.191% rolling_5000=72.220% total_success=72.837% endpoint_success=73.015% episodes_per_second=161.13
episodes=468992/600000 batch_success=73.389% rolling_5000=72.440% total_success=72.840% endpoint_success=73.017% episodes_per_second=161.26
episodes=471040/600000 batch_success=73.291% rolling_5000=73.180% total_success=72.842% endpoint_success=73.019% episodes_per_second=161.38
validation_episodes=471040 success=453/512
episodes=473088/600000 batch_success=73.047% rolling_5000=73.700% total_success=72.842% endpoint_success=73.020% episodes_per_second=160.89
episodes=475136/600000 batch_success=74.512% rolling_5000=74.060% total_success=72.850% endpoint_success=73.028% episodes_per_second=161.02
episodes=477184/600000 batch_success=75.293% rolling_5000=74.120% total_success=72.860% endpoint_success=73.038% episodes_per_second=161.14
episodes=479232/600000 batch_success=76.562% rolling_5000=75.380% total_success=72.876% endpoint_success=73.054% episodes_per_second=161.27
episodes=481280/600000 batch_success=74.805% rolling_5000=75.680% total_success=72.884% endpoint_success=73.062% episodes_per_second=161.39
validation_episodes=481280 success=451/512
episodes=483328/600000 batch_success=72.998% rolling_5000=74.240% total_success=72.885% endpoint_success=73.063% episodes_per_second=160.90
episodes=485376/600000 batch_success=74.219% rolling_5000=73.380% total_success=72.890% endpoint_success=73.069% episodes_per_second=161.02
episodes=487424/600000 batch_success=73.975% rolling_5000=73.800% total_success=72.895% endpoint_success=73.073% episodes_per_second=161.15
episodes=489472/600000 batch_success=72.754% rolling_5000=73.440% total_success=72.894% endpoint_success=73.073% episodes_per_second=161.28
episodes=491520/600000 batch_success=73.584% rolling_5000=72.900% total_success=72.897% endpoint_success=73.075% episodes_per_second=161.41
validation_episodes=491520 success=448/512
episodes=493568/600000 batch_success=71.582% rolling_5000=72.420% total_success=72.892% endpoint_success=73.069% episodes_per_second=160.94
episodes=495616/600000 batch_success=73.389% rolling_5000=72.600% total_success=72.894% endpoint_success=73.071% episodes_per_second=161.05
episodes=497664/600000 batch_success=72.656% rolling_5000=72.860% total_success=72.893% endpoint_success=73.070% episodes_per_second=161.16
episodes=499712/600000 batch_success=74.463% rolling_5000=73.580% total_success=72.899% endpoint_success=73.075% episodes_per_second=161.27
episodes=501760/600000 batch_success=73.828% rolling_5000=73.720% total_success=72.903% endpoint_success=73.079% episodes_per_second=161.38
validation_episodes=501760 success=453/512
episodes=503808/600000 batch_success=73.535% rolling_5000=73.540% total_success=72.906% endpoint_success=73.082% episodes_per_second=160.91
episodes=505856/600000 batch_success=74.121% rolling_5000=73.740% total_success=72.910% endpoint_success=73.086% episodes_per_second=161.04
episodes=507904/600000 batch_success=73.096% rolling_5000=73.820% total_success=72.911% endpoint_success=73.087% episodes_per_second=161.15
episodes=509952/600000 batch_success=74.951% rolling_5000=73.760% total_success=72.919% endpoint_success=73.094% episodes_per_second=161.25
episodes=512000/600000 batch_success=74.170% rolling_5000=74.180% total_success=72.924% endpoint_success=73.099% episodes_per_second=161.37
validation_episodes=512000 success=456/512
episodes=514048/600000 batch_success=72.266% rolling_5000=73.360% total_success=72.922% endpoint_success=73.096% episodes_per_second=160.90
episodes=516096/600000 batch_success=73.877% rolling_5000=72.900% total_success=72.926% endpoint_success=73.100% episodes_per_second=161.01
episodes=518144/600000 batch_success=72.998% rolling_5000=73.280% total_success=72.926% endpoint_success=73.100% episodes_per_second=161.12
episodes=520192/600000 batch_success=74.414% rolling_5000=74.240% total_success=72.932% endpoint_success=73.106% episodes_per_second=161.25
episodes=522240/600000 batch_success=73.486% rolling_5000=73.580% total_success=72.934% endpoint_success=73.108% episodes_per_second=161.36
validation_episodes=522240 success=454/512
episodes=524288/600000 batch_success=73.682% rolling_5000=73.720% total_success=72.937% endpoint_success=73.110% episodes_per_second=160.92
episodes=526336/600000 batch_success=74.805% rolling_5000=74.320% total_success=72.944% endpoint_success=73.117% episodes_per_second=161.03
episodes=528384/600000 batch_success=74.561% rolling_5000=74.580% total_success=72.950% endpoint_success=73.123% episodes_per_second=161.15
episodes=530432/600000 batch_success=75.293% rolling_5000=74.920% total_success=72.959% endpoint_success=73.132% episodes_per_second=161.27
episodes=532480/600000 batch_success=74.414% rolling_5000=74.920% total_success=72.965% endpoint_success=73.137% episodes_per_second=161.40
validation_episodes=532480 success=452/512
episodes=534528/600000 batch_success=72.559% rolling_5000=73.520% total_success=72.963% endpoint_success=73.136% episodes_per_second=160.96
episodes=536576/600000 batch_success=71.338% rolling_5000=72.620% total_success=72.957% endpoint_success=73.130% episodes_per_second=161.06
episodes=538624/600000 batch_success=73.584% rolling_5000=72.500% total_success=72.960% endpoint_success=73.133% episodes_per_second=161.16
episodes=540672/600000 batch_success=73.877% rolling_5000=73.260% total_success=72.963% endpoint_success=73.136% episodes_per_second=161.26
episodes=542720/600000 batch_success=72.412% rolling_5000=73.240% total_success=72.961% endpoint_success=73.134% episodes_per_second=161.38
validation_episodes=542720 success=453/512
episodes=544768/600000 batch_success=72.266% rolling_5000=72.680% total_success=72.958% endpoint_success=73.131% episodes_per_second=160.95
episodes=546816/600000 batch_success=73.389% rolling_5000=72.960% total_success=72.960% endpoint_success=73.132% episodes_per_second=161.06
episodes=548864/600000 batch_success=72.266% rolling_5000=72.640% total_success=72.957% endpoint_success=73.130% episodes_per_second=161.17
episodes=550912/600000 batch_success=71.680% rolling_5000=72.200% total_success=72.953% endpoint_success=73.125% episodes_per_second=161.27
episodes=552960/600000 batch_success=73.779% rolling_5000=72.760% total_success=72.956% endpoint_success=73.128% episodes_per_second=161.38
validation_episodes=552960 success=441/512
episodes=555008/600000 batch_success=72.754% rolling_5000=72.940% total_success=72.955% endpoint_success=73.127% episodes_per_second=160.94
episodes=557056/600000 batch_success=71.191% rolling_5000=72.340% total_success=72.949% endpoint_success=73.121% episodes_per_second=161.05
episodes=559104/600000 batch_success=73.096% rolling_5000=72.680% total_success=72.949% endpoint_success=73.122% episodes_per_second=161.15
episodes=561152/600000 batch_success=73.584% rolling_5000=73.180% total_success=72.951% endpoint_success=73.124% episodes_per_second=161.25
episodes=563200/600000 batch_success=72.852% rolling_5000=73.260% total_success=72.951% endpoint_success=73.124% episodes_per_second=161.35
validation_episodes=563200 success=445/512
episodes=565248/600000 batch_success=74.658% rolling_5000=73.440% total_success=72.957% endpoint_success=73.129% episodes_per_second=160.92
episodes=567296/600000 batch_success=72.217% rolling_5000=73.140% total_success=72.955% endpoint_success=73.127% episodes_per_second=161.03
episodes=569344/600000 batch_success=71.973% rolling_5000=72.280% total_success=72.951% endpoint_success=73.124% episodes_per_second=161.15
episodes=571392/600000 batch_success=74.463% rolling_5000=73.200% total_success=72.956% endpoint_success=73.129% episodes_per_second=161.26
episodes=573440/600000 batch_success=74.072% rolling_5000=73.980% total_success=72.960% endpoint_success=73.133% episodes_per_second=161.38
validation_episodes=573440 success=448/512
episodes=575488/600000 batch_success=75.977% rolling_5000=74.560% total_success=72.971% endpoint_success=73.143% episodes_per_second=160.97
episodes=577536/600000 batch_success=73.486% rolling_5000=74.300% total_success=72.973% endpoint_success=73.145% episodes_per_second=161.07
episodes=579584/600000 batch_success=72.949% rolling_5000=73.640% total_success=72.973% endpoint_success=73.145% episodes_per_second=161.16
episodes=581632/600000 batch_success=74.121% rolling_5000=73.740% total_success=72.977% endpoint_success=73.148% episodes_per_second=161.26
episodes=583680/600000 batch_success=74.316% rolling_5000=73.980% total_success=72.982% endpoint_success=73.153% episodes_per_second=161.37
validation_episodes=583680 success=449/512
episodes=585728/600000 batch_success=74.414% rolling_5000=74.080% total_success=72.987% endpoint_success=73.158% episodes_per_second=160.99
episodes=587776/600000 batch_success=74.365% rolling_5000=74.280% total_success=72.991% endpoint_success=73.163% episodes_per_second=161.09
episodes=589824/600000 batch_success=74.951% rolling_5000=74.660% total_success=72.998% endpoint_success=73.170% episodes_per_second=161.19
episodes=591872/600000 batch_success=74.756% rolling_5000=74.860% total_success=73.004% endpoint_success=73.177% episodes_per_second=161.29
episodes=593920/600000 batch_success=72.266% rolling_5000=73.420% total_success=73.002% endpoint_success=73.175% episodes_per_second=161.38
validation_episodes=593920 success=454/512
episodes=595968/600000 batch_success=72.607% rolling_5000=72.360% total_success=73.000% endpoint_success=73.174% episodes_per_second=161.00
episodes=598016/600000 batch_success=74.414% rolling_5000=73.520% total_success=73.005% endpoint_success=73.178% episodes_per_second=161.10
episodes=600064/600000 batch_success=73.584% rolling_5000=73.800% total_success=73.007% endpoint_success=73.180% episodes_per_second=161.20
{
  "status": "COMPLETE",
  "episodes": 600064,
  "requested_episodes": 600000,
  "batch_aligned_overshoot": 64,
  "episodes_remaining": 0,
  "successes": 438090,
  "endpoint_successes": 439128,
  "legacy_scientific_successes": 0,
  "success_rate": 0.7300721256399317,
  "rolling_success_rate": 0.738,
  "rolling_window_episodes": 5000,
  "episodes_per_second": 161.20306027419852,
  "elapsed_s": 3722.410722099943,
  "early_stopping_reason": null
}
