[INFO][AppLauncher]: Using device: cuda:0
[INFO][AppLauncher]: Loading experience file: C:\Users\wts28\Documents\PHD\IsaacLab\apps\isaaclab.python.kit
Loading user config located at: 'c:/users/wts28/env_isaaclab/lib/site-packages/isaacsim/kit/data/Kit/Isaac-Sim/5.1/user.config.json'
[Info] [carb] Logging to file: c:/users/wts28/env_isaaclab/lib/site-packages/isaacsim/kit/logs/Kit/Isaac-Sim/5.1/kit_20260908_162501.log
[0.109s] [ext: omni.kit.async_engine-0.0.3] startup
[0.272s] [ext: omni.metrics.core-0.0.3] startup
[0.273s] [ext: omni.client.lib-1.1.0] startup
[0.286s] [ext: omni.blobkey-1.1.2] startup
[0.287s] [ext: omni.stats-1.0.1] startup
[0.289s] [ext: omni.datastore-0.0.0] startup
[0.291s] [ext: omni.client-1.3.0] startup
[0.297s] [ext: omni.ujitso.default-1.0.0] startup
[0.301s] [ext: omni.hsscclient-1.1.2] startup
[0.308s] [ext: omni.gpu_foundation.shadercache.d3d12-1.0.0] startup
[0.314s] [ext: omni.assets.plugins-0.0.0] startup
[0.317s] [ext: omni.gpu_foundation-0.0.0] startup
[0.339s] [ext: carb.windowing.plugins-1.0.0] startup
[0.421s] [ext: omni.kit.renderer.init-0.0.0] startup
[0.422s] [ext: omni.materialx.libs-1.0.7] startup
[0.436s] [ext: omni.kit.loop-isaac-1.3.7] startup
[0.438s] [ext: omni.kit.test-2.0.1] startup
[0.511s] [ext: omni.kit.pipapi-0.0.0] startup
[0.512s] [ext: omni.usd.config-1.0.6] startup
[0.520s] [ext: omni.gpucompute.plugins-0.0.0] startup
[0.522s] [ext: omni.usd.libs-1.0.1] startup
[0.600s] [ext: omni.kit.pip_archive-0.0.0] startup
[0.601s] [ext: omni.mdl-56.0.3] startup
[0.691s] [ext: omni.iray.libs-0.0.0] startup
[0.716s] [ext: omni.mdl.neuraylib-0.2.12] startup
[0.723s] [ext: omni.kit.usd.mdl-1.1.5] startup
[0.820s] [ext: omni.kit.telemetry-0.5.2] startup
[0.829s] [ext: omni.appwindow-1.1.10] startup
[0.852s] [ext: omni.kit.renderer.core-1.1.0] startup
[0.858s] [ext: omni.kit.renderer.capture-0.0.0] startup
[0.862s] [ext: omni.kit.renderer.imgui-2.0.5] startup
[0.875s] [ext: omni.ui-2.27.1] startup
[0.885s] [ext: omni.kit.mainwindow-1.0.3] startup
[0.887s] [ext: carb.audio-0.1.0] startup
[0.888s] [ext: omni.uiaudio-1.0.0] startup
[0.890s] [ext: omni.kit.uiapp-0.0.0] startup
[0.890s] [ext: omni.usd.schema.metrics.assembler-107.3.1] startup
[0.897s] [ext: omni.usd.schema.audio-0.0.0] startup
[0.905s] [ext: omni.usd_resolver-1.0.0] startup
[0.913s] [ext: omni.usd.core-1.5.3] startup
[0.916s] [ext: omni.usd.schema.render_settings.rtx-0.0.0] startup
[0.937s] [ext: omni.usd.schema.semantics-0.0.0] startup
[0.944s] [ext: omni.usd.schema.geospatial-0.0.0] startup
[0.951s] [ext: omni.usd.schema.anim-0.0.0] startup
[0.979s] [ext: omni.usd.schema.omni_lens_distortion-0.0.0] startup
[0.980s] [ext: isaacsim.robot.schema-3.6.0] startup
[0.994s] [ext: omni.usd.schema.omnigraph-1.0.0] startup

|---------------------------------------------------------------------------------------------|
| Driver Version: 610.88        | Graphics API: D3D12
|=============================================================================================|
| GPU | Name                             | Active | LDA | GPU Memory | Vendor-ID | LUID       |
|     |                                  |        |     |            | Device-ID | UUID       |
|     |                                  |        |     |            | Bus-ID    |            |
|---------------------------------------------------------------------------------------------|
| 0   | NVIDIA GeForce RTX 4080          | Yes: 0 |     | 16048   MB | 10de      | 794a0100.. |
|     |                                  |        |     |            | 2704      | 0          |
|     |                                  |        |     |            | 1         |            |
|=============================================================================================|
| OS: Windows 11 Pro, Version: 10.0 (25H2), Build: 26200, Kernel: 10.0.26100.9168
| Processor: 13th Gen Intel(R) Core(TM) i7-13700K
| Cores: 16 | Logical Cores: 24
|---------------------------------------------------------------------------------------------|
| Total Memory (MB): 65277 | Free Memory: 40732
| Total Page/Swap (MB): 69373 | Free Page/Swap: 30895
|---------------------------------------------------------------------------------------------|
[1.005s] [ext: omni.usd.schema.physx-107.3.26] startup
[1.034s] [ext: omni.usd.schema.omni_sensors-0.0.0] startup
[1.036s] [ext: omni.usd.schema.omniscripting-1.0.0] startup
[1.044s] [ext: omni.graph.exec-0.9.6] startup
[1.045s] [ext: omni.kit.actions.core-1.0.0] startup
[1.051s] [ext: omni.kit.usd_undo-0.1.8] startup
[1.052s] [ext: omni.kit.exec.core-0.13.4] startup
[1.056s] [ext: omni.kit.commands-1.4.10] startup
[1.063s] [ext: omni.kit.window.popup_dialog-2.0.24] startup
[1.070s] [ext: omni.activity.core-1.0.3] startup
[1.074s] [ext: omni.resourcemonitor-107.0.1] startup
[1.077s] [ext: omni.timeline-1.0.14] startup
[1.080s] [ext: omni.kit.widget.nucleus_connector-2.0.1] startup
[1.084s] [ext: usdrt.scenegraph-7.6.1] startup
[1.136s] [ext: omni.kit.audiodeviceenum-1.0.2] startup
[1.139s] [ext: omni.hydra.usdrt_delegate-7.5.1] startup
[1.149s] [ext: omni.hydra.scene_delegate-0.3.4] startup
[1.152s] [ext: omni.usd-1.13.10] startup
[1.184s] [ext: omni.kit.asset_converter-5.0.17] startup
[1.194s] [ext: omni.index.libs-380600.8087.0] startup
[1.194s] [ext: omni.volume-0.5.2] startup
[1.201s] [ext: omni.ujitso.client-0.0.0] startup
[1.202s] [ext: omni.index-1.0.1] startup
[1.203s] [ext: omni.hydra.rtx.shadercache.d3d12-1.0.0] startup
[1.205s] [ext: omni.hydra.rtx-1.0.0] startup
[1.237s] [ext: omni.kit.notification_manager-1.0.10] startup
[1.240s] [ext: omni.kit.clipboard-1.0.5] startup
[1.242s] [ext: omni.kit.viewport.legacy_gizmos-1.0.19] startup
[1.244s] [ext: omni.kit.raycast.query-1.1.0] startup
[1.247s] [ext: omni.kit.menu.core-1.1.2] startup
[1.248s] [ext: omni.kit.widget.options_menu-1.1.6] startup
[1.254s] [ext: omni.kit.helper.file_utils-0.1.9] startup
[1.256s] [ext: omni.kit.widget.path_field-2.0.11] startup
[1.257s] [ext: omni.kit.widget.context_menu-1.2.5] startup
[1.259s] [ext: omni.kit.widget.options_button-1.0.3] startup
[1.260s] [ext: omni.kit.widget.filebrowser-2.12.3] startup
[1.270s] [ext: omni.kit.widget.browser_bar-2.0.10] startup
[1.271s] [ext: omni.kit.usd.layers-2.2.11] startup
[1.280s] [ext: omni.ui.scene-1.11.5] startup
[1.285s] [ext: omni.kit.viewport.registry-104.0.6] startup
[1.286s] [ext: omni.kit.window.filepicker-2.13.4] startup
[1.306s] [ext: omni.kit.menu.utils-2.0.5] startup
[1.314s] [ext: omni.kit.context_menu-1.8.6] startup
[1.317s] [ext: omni.kit.viewport.scene_camera_model-1.0.6] startup
[1.319s] [ext: omni.kit.hydra_texture-1.4.6] startup
[1.322s] [ext: omni.kit.window.file_importer-1.1.18] startup
[1.325s] [ext: omni.kit.widget.searchable_combobox-1.0.6] startup
[1.327s] [ext: omni.kit.window.drop_support-1.0.5] startup
[1.327s] [ext: omni.kit.widget.viewport-107.1.3] startup
[1.334s] [ext: omni.kit.material.library-2.0.7] startup
[1.340s] [ext: omni.hydra.engine.stats-1.0.3] startup
[1.341s] [ext: omni.kit.widget.settings-1.2.6] startup
[1.344s] [ext: omni.kit.viewport.window-107.2.0] startup
[1.440s] [ext: omni.kit.window.preferences-1.8.0] startup
[1.447s] [ext: omni.kit.widget.toolbar-2.0.1] startup
[1.455s] [ext: omni.kit.viewport.utility-1.1.2] startup
[1.456s] [ext: omni.kit.manipulator.transform-107.0.0] startup
[1.461s] [ext: omni.kit.manipulator.tool.snap-1.5.13] startup
[1.467s] [ext: omni.kit.manipulator.selector-1.1.3] startup
[1.469s] [ext: omni.kit.property.adapter.core-1.0.2] startup
[1.472s] [ext: omni.kit.viewport.manipulator.transform-107.0.4] startup
[1.475s] [ext: omni.kit.manipulator.viewport-107.0.1] startup
[1.476s] [ext: omni.kit.property.adapter.fabric-1.0.3] startup
[1.478s] [ext: omni.kit.manipulator.prim.core-107.0.8] startup
[1.486s] [ext: omni.kit.primitive.mesh-1.0.17] startup
[1.490s] [ext: omni.kit.widget.filter-1.1.4] startup
[1.491s] [ext: omni.kit.hotkeys.core-1.3.10] startup
[1.493s] [ext: omni.kit.manipulator.prim.usd-107.0.3] startup
[1.494s] [ext: omni.fabric.commands-1.1.6] startup
[1.498s] [ext: omni.kit.window.file_exporter-1.0.33] startup
[1.500s] [ext: omni.kit.widget.searchfield-1.1.8] startup
[1.502s] [ext: omni.kit.manipulator.prim.fabric-107.0.4] startup
[1.503s] [ext: omni.debugdraw-0.1.4] startup
[1.507s] [ext: omni.kit.widget.stage-3.1.4] startup
[1.524s] [ext: omni.kit.property.adapter.usd-1.0.2] startup
[1.526s] [ext: omni.kit.manipulator.prim-107.0.0] startup
[1.526s] [ext: omni.kvdb-107.3.26] startup
[1.529s] [ext: omni.convexdecomposition-107.3.26] startup
[1.534s] [ext: omni.physx.foundation-107.3.26] startup
[1.540s] [ext: omni.localcache-107.3.26] startup
[1.543s] [ext: omni.kit.window.content_browser_registry-0.0.6] startup
[1.544s] [ext: omni.kit.widget.highlight_label-1.0.3] startup
[1.545s] [ext: omni.kit.stage_template.core-1.1.22] startup
[1.546s] [ext: omni.usdphysics-107.3.26] startup
[1.549s] [ext: omni.kit.window.file-2.0.5] startup
[1.553s] [ext: omni.physx.cooking-107.3.26] startup
[1.557s] [ext: omni.physics-107.3.26] startup
[1.561s] [ext: omni.kit.window.property-1.12.1] startup
[1.564s] [ext: omni.kit.window.content_browser-3.1.3] startup
[1.577s] [ext: omni.physx-107.3.26] startup
[1.591s] [ext: omni.physics.stageupdate-107.3.26] startup
[1.595s] [ext: omni.kit.property.usd-4.5.12] startup
[1.606s] [ext: omni.kit.manipulator.selection-106.0.1] startup
[1.608s] [ext: omni.physics.physx-107.3.26] startup
2026-09-08T20:25:02Z [1,546ms] [Warning] [carb] Acquiring non optional plugin interface which is not listed as dependency: [omni::physx::IPhysxBenchmarks v1.0] (plugin: <default plugin>), by client: omni.physics.physx.plugin. Add it to CARB_PLUGIN_IMPL_DEPS() macro of a client.
[1.609s] [ext: omni.kit.widget.prompt-1.0.7] startup
[1.611s] [ext: omni.kit.viewport.menubar.core-107.2.1] startup
[1.627s] [ext: omni.kit.viewport.actions-107.0.2] startup
[1.632s] [ext: omni.inspect-1.0.2] startup
[1.635s] [ext: omni.kit.widget.layers-1.8.6] startup
[1.650s] [ext: omni.kit.viewport.menubar.display-107.0.3] startup
[1.652s] [ext: omni.usd.metrics.assembler-107.3.1] startup
[1.659s] [ext: omni.graph.core-2.184.5] startup
[1.664s] [ext: omni.kit.numpy.common-0.1.3] startup
[1.666s] [ext: omni.usdphysics.ui-107.3.26] startup
[1.687s] [ext: omni.physx.commands-107.3.26] startup
[1.691s] [ext: isaacsim.core.deprecation_manager-0.2.7] startup
[1.692s] [ext: omni.isaac.dynamic_control-2.0.7] startup
2026-09-08T20:25:03Z [1,634ms] [Warning] [omni.isaac.dynamic_control] omni.isaac.dynamic_control is deprecated as of Isaac Sim 4.5. No action is needed from end-users.
[1.697s] [ext: omni.physx.ui-107.3.26] startup
[1.727s] [ext: isaacsim.core.version-2.0.6] startup
[1.728s] [ext: omni.physics.tensors-107.3.26] startup
[1.734s] [ext: omni.warp.core-1.8.2] startup
[1.880s] [ext: omni.usd.metrics.assembler.physics-107.3.26] startup
[1.883s] [ext: isaacsim.storage.native-1.5.1] startup
[1.886s] [ext: omni.physx.tensors-107.3.26] startup
[1.889s] [ext: isaacsim.core.utils-3.5.1] startup
[1.892s] [ext: isaacsim.core.simulation_manager-1.4.4] startup
[3.416s] [ext: omni.kit.widget.stage_icons-1.0.8] startup
[3.418s] [ext: omni.kit.widget.text_editor-1.1.1] startup
[3.420s] [ext: omni.kit.window.stage-2.6.1] startup
[3.424s] [ext: omni.kit.menu.create-2.0.1] startup
[3.425s] [ext: omni.kit.window.extensions-1.4.27] startup
[3.433s] [ext: omni.kit.scripting-107.3.2] startup
[3.438s] [ext: omni.kit.stagerecorder.core-107.0.3] startup
[3.442s] [ext: isaacsim.replicator.behavior-1.1.16] startup
[3.442s] [ext: omni.graph.tools-1.79.2] startup
[3.470s] [ext: omni.ui_query-1.1.8] startup
[3.471s] [ext: omni.kit.widget.zoombar-1.0.6] startup
[3.472s] [ext: omni.graph-1.141.2] startup
[3.515s] [ext: omni.graph.action_core-1.1.7] startup
[3.519s] [ext: omni.kit.ui_test-1.3.7] startup
[3.521s] [ext: omni.kit.browser.core-2.3.13] startup
[3.527s] [ext: omni.kit.usd.collect-2.4.5] startup
[3.530s] [ext: omni.graph.action_nodes-1.50.4] startup
[3.535s] [ext: omni.kit.menu.stage-1.2.7] startup
[3.540s] [ext: omni.kit.browser.folder.core-1.10.9] startup
[3.550s] [ext: omni.kit.usdz_export-1.0.9] startup
[3.554s] [ext: omni.graph.visualization.nodes-2.1.3] startup
[3.565s] [ext: omni.graph.action-1.130.0] startup
[3.569s] [ext: omni.kit.tool.collect-2.2.18] startup
[3.575s] [ext: omni.kit.tool.asset_importer-4.3.2] startup
[3.587s] [ext: isaacsim.gui.components-1.2.1] startup
[3.595s] [ext: isaacsim.examples.browser-0.2.1] startup
[3.600s] [ext: isaacsim.asset.importer.urdf-2.4.31] startup
[3.703s] [ext: isaacsim.core.cloner-1.4.10] startup
[3.707s] [ext: omni.kit.stagerecorder.ui-107.0.1] startup
[3.717s] [ext: isaacsim.asset.browser-1.3.23] startup
[3.938s] [ext: semantics.schema.editor-2.0.2] startup
2026-09-08T20:25:05Z [3,880ms] [Warning] [pxr.Semantics] pxr.Semantics is deprecated - please use Semantics instead
[3.945s] [ext: omni.kit.stagerecorder.bundle-105.0.2] startup
[3.946s] [ext: omni.kit.window.status_bar-0.1.9] startup
[3.949s] [ext: omni.kit.widget.graph-2.0.0] startup
[3.956s] [ext: omni.kit.stage_templates-2.0.0] startup
[3.959s] [ext: omni.graph.image.core-0.6.1] startup
[3.961s] [ext: omni.kit.graph.delegate.default-1.2.3] startup
[3.962s] [ext: isaacsim.core.experimental.utils-0.3.0] startup
[3.964s] [ext: omni.graph.image.nodes-1.3.1] startup
[3.966s] [ext: omni.kit.graph.editor.core-1.5.3] startup
[3.970s] [ext: omni.kit.graph.usd.commands-1.3.1] startup
[3.971s] [ext: omni.graph.nodes-1.170.10] startup
[3.980s] [ext: omni.graph.ui_nodes-1.50.5] startup
[3.985s] [ext: omni.kit.widget.material_preview-1.0.16] startup
[3.989s] [ext: omni.syntheticdata-0.6.13] startup
[4.018s] [ext: omni.videoencoding-0.1.2] startup
[4.024s] [ext: omni.warp-1.8.2] startup
[4.037s] [ext: omni.kit.window.material_graph-1.9.1] startup
[4.063s] [ext: omni.graph.scriptnode-1.50.0] startup
[4.068s] [ext: isaacsim.core.prims-0.6.1] startup
[4.107s] [ext: isaacsim.test.docstring-1.1.0] startup
[4.114s] [ext: omni.replicator.core-1.12.27] startup
2026-09-08T20:25:05Z [4,176ms] [Warning] [omni.graph.core.plugin] Found duplicate of category 'Replicator' - was 'Annotators', adding 'Fabric Reader'
2026-09-08T20:25:05Z [4,176ms] [Warning] [omni.graph.core.plugin] Category 'Replicator' not accepted on node type 'omni.replicator.core.FabricReader' in extension 'omni.replicator.core'
2026-09-08T20:25:05Z [4,177ms] [Warning] [omni.replicator.core.scripts.extension] No material configuration file, adding configuration to material settings directly.
[4.243s] [ext: isaacsim.core.api-4.8.0] startup
[4.272s] [ext: isaacsim.core.experimental.prims-0.8.1] startup
[4.310s] [ext: isaacsim.core.nodes-3.4.3] startup
[4.319s] [ext: isaacsim.robot.surface_gripper-3.3.1] startup
[4.328s] [ext: isaacsim.util.debug_draw-3.1.0] startup
[4.336s] [ext: omni.sensors.nv.common-3.0.0] startup
[4.375s] [ext: isaacsim.robot.manipulators-3.3.6] startup
[4.390s] [ext: isaacsim.sensors.physx-2.3.2] startup
[4.407s] [ext: omni.sensors.nv.materials-2.0.0] startup
[4.428s] [ext: omni.sensors.net-1.0.0] startup
[4.445s] [ext: isaacsim.app.about-2.0.11] startup
[4.451s] [ext: isaacsim.simulation_app-2.12.2] startup
[4.452s] [ext: omni.sensors.nv.ids-2.0.0] startup
[4.464s] [ext: omni.sensors.nv.lidar-3.0.0] startup
[4.477s] [ext: omni.kit.property.audio-1.0.16] startup
[4.480s] [ext: omni.kit.property.camera-1.0.10] startup
[4.483s] [ext: omni.kit.property.geometry-2.0.4] startup
[4.488s] [ext: omni.hydra.scene_api-0.1.2] startup
[4.491s] [ext: omni.kit.property.light-1.0.12] startup
[4.503s] [ext: omni.sensors.nv.wpm-3.0.0] startup
[4.509s] [ext: omni.kit.selection-0.1.6] startup
[4.511s] [ext: omni.kit.property.material-1.11.9] startup
[4.552s] [ext: omni.kit.property.transform-1.5.13] startup
[4.563s] [ext: omni.kit.property.render-1.2.1] startup
[4.568s] [ext: omni.sensors.nv.radar-3.0.0] startup
[4.580s] [ext: isaacsim.gui.menu-2.4.4] startup
[4.630s] [ext: omni.kit.manipulator.camera-106.0.4] startup
[4.645s] [ext: isaacsim.gui.property-1.1.3] startup
[4.669s] [ext: omni.kit.property.bundle-1.4.1] startup
[4.686s] [ext: isaacsim.sensors.rtx-15.8.4] startup
[4.717s] [ext: isaacsim.sensors.physics-0.4.3] startup
[4.742s] [ext: omni.kit.viewport.menubar.camera-107.0.6] startup
[4.782s] [ext: omni.kit.viewport.menubar.lighting-107.3.1] startup
[4.806s] [ext: omni.kit.viewport.menubar.settings-107.0.3] startup
[4.852s] [ext: omni.kit.viewport.menubar.render-107.0.10] startup
[4.876s] [ext: isaacsim.robot.policy.examples-4.1.11] startup
[4.905s] [ext: isaacsim.asset.importer.mjcf-2.5.13] startup
[4.923s] [ext: omni.kit.window.console-1.1.4] startup
[4.930s] [ext: omni.rtx.window.settings-0.6.19] startup
[4.940s] [ext: omni.ocio-0.1.1] startup
[4.943s] [ext: omni.physx.demos-107.3.26] startup
[4.987s] [ext: omni.kit.property.physx-107.3.26] startup
[5.005s] [ext: omni.replicator.replicator_yaml-2.0.11] startup
[5.022s] [ext: omni.asset_validator.core-1.1.6] startup
[5.073s] [ext: omni.rtx.settings.core-0.6.5] startup
[5.078s] [ext: omni.physx.vehicle-107.3.26] startup
[5.096s] [ext: omni.usd.metrics.assembler.ui-107.3.1] startup
[5.105s] [ext: omni.kit.window.script_editor-2.0.1] startup
[5.109s] [ext: isaacsim.robot.wheeled_robots-4.0.24] startup
[5.119s] [ext: omni.physx.asset_validator-107.3.26] startup
[5.128s] [ext: omni.kit.window.toolbar-2.0.0] startup
[5.134s] [ext: omni.physx.camera-107.3.26] startup
[5.145s] [ext: omni.anim.curve.core-1.3.1] startup
[5.158s] [ext: omni.physx.cct-107.3.26] startup
[5.175s] [ext: omni.physx.graph-107.3.26] startup
[5.196s] [ext: omni.physx.supportui-107.3.26] startup
[5.217s] [ext: omni.physx.telemetry-107.3.26] startup
[5.220s] [ext: isaaclab-0.54.2] startup
[5.504s] [ext: isaaclab_contrib-0.0.2] startup
[5.505s] [ext: isaacsim.core.throttling-2.2.2] startup
[5.507s] [ext: omni.kit.ui.actions-1.0.5] startup
[5.510s] [ext: semantics.schema.property-2.0.1] startup
[5.512s] [ext: omni.physx.bundle-107.3.26] startup
[5.512s] [ext: isaacsim.sensors.camera-1.3.6] startup
[5.518s] [ext: isaaclab_assets-0.2.4] startup
[5.798s] [ext: isaaclab_tasks-0.11.12] startup
[6.004s] [ext: omni.kit.menu.common-2.0.1] startup
[6.006s] [ext: isaaclab_rl-0.4.7] startup
[6.007s] [ext: isaaclab_mimic-1.0.16] startup
[6.007s] [ext: isaaclab.python-2.3.2] startup
[6.011s] Simulation App Starting
2026-09-08T20:25:07Z [6,151ms] [Warning] [omni.fabric.plugin] Warning: attribute viewPickingId not found for bucket id 9

[6.317s] app ready
[14.558s] Simulation App Startup Complete

[36m===================================================================================================================[0m
[36m[1m[INFO][IsaacLab]: Logging to file: C:\Users\wts28\AppData\Local\Temp\isaaclab\logs\isaaclab_2026-09-08_16-25-15.log[0m
[36m===================================================================================================================[0m

[14.646s] [ext: omni.physx.fabric-107.3.26] startup
[33m16:25:16 [simulation_context.py] WARNING: The `enable_external_forces_every_iteration` parameter in the PhysxCfg is set to False. If you are experiencing noisy velocities, consider enabling this flag. You may need to slightly increase the number of velocity iterations (setting it to 1 or 2 rather than 0), together with this flag, to improve the accuracy of velocity updates.[0m
2026-09-08T20:25:18Z [16,651ms] [Warning] [omni.physx.fabric.plugin] FabricManager::initializePointInstancer mismatched prototypes on point instancer: /World/TrainingDrones.
2026-09-08T20:25:18Z [16,662ms] [Warning] [omni.fabric.plugin] Warning: attribute timeVaryingAttributes not found for bucket id 1f

[W908 16:25:18.000000000 Context.cpp:324] Warning: torch.backends.cuda.preferred_linalg_library is an experimental feature. If you see any error or unexpected behavior when this flag is set please file an issue on GitHub. (function operator ())
2026-09-08T20:25:48Z [46,620ms] [Warning] [omni.physx.fabric.plugin] FabricManager::initializePointInstancer mismatched prototypes on point instancer: /World/TrainingDrones.
[81.350s] Simulation App Shutting Down
