[INFO][AppLauncher]: Using device: cuda:0
[INFO][AppLauncher]: Loading experience file: C:\Users\wts28\Documents\PHD\IsaacLab\apps\isaaclab.python.kit
Loading user config located at: 'c:/users/wts28/env_isaaclab/lib/site-packages/isaacsim/kit/data/Kit/Isaac-Sim/5.1/user.config.json'
[Info] [carb] Logging to file: c:/users/wts28/env_isaaclab/lib/site-packages/isaacsim/kit/logs/Kit/Isaac-Sim/5.1/kit_20260908_161934.log
[0.108s] [ext: omni.kit.async_engine-0.0.3] startup
[0.376s] [ext: omni.metrics.core-0.0.3] startup
[0.377s] [ext: omni.client.lib-1.1.0] startup
[0.390s] [ext: omni.blobkey-1.1.2] startup
[0.391s] [ext: omni.stats-1.0.1] startup
[0.393s] [ext: omni.datastore-0.0.0] startup
[0.395s] [ext: omni.client-1.3.0] startup
[0.402s] [ext: omni.ujitso.default-1.0.0] startup
[0.405s] [ext: omni.hsscclient-1.1.2] startup
[0.412s] [ext: omni.gpu_foundation.shadercache.d3d12-1.0.0] startup
[0.417s] [ext: omni.assets.plugins-0.0.0] startup
[0.420s] [ext: omni.gpu_foundation-0.0.0] startup
[0.442s] [ext: carb.windowing.plugins-1.0.0] startup
[0.526s] [ext: omni.kit.renderer.init-0.0.0] startup
[0.527s] [ext: omni.materialx.libs-1.0.7] startup
[0.541s] [ext: omni.kit.loop-isaac-1.3.7] startup
[0.542s] [ext: omni.kit.test-2.0.1] startup
[0.674s] [ext: omni.kit.pipapi-0.0.0] startup
[0.675s] [ext: omni.usd.config-1.0.6] startup
[0.685s] [ext: omni.gpucompute.plugins-0.0.0] startup
[0.687s] [ext: omni.usd.libs-1.0.1] startup
[0.760s] [ext: omni.kit.pip_archive-0.0.0] startup
[0.761s] [ext: omni.mdl-56.0.3] startup
[1.215s] [ext: omni.iray.libs-0.0.0] startup
[1.241s] [ext: omni.mdl.neuraylib-0.2.12] startup
[1.248s] [ext: omni.kit.usd.mdl-1.1.5] startup

|---------------------------------------------------------------------------------------------|
| Driver Version: 610.88        | Graphics API: D3D12
|=============================================================================================|
| GPU | Name                             | Active | LDA | GPU Memory | Vendor-ID | LUID       |
|     |                                  |        |     |            | Device-ID | UUID       |
|     |                                  |        |     |            | Bus-ID    |            |
|---------------------------------------------------------------------------------------------|
| 0   | NVIDIA GeForce RTX 4080          | Yes: 0 |     | 16048   MB | 10de      | 794a0100.. |
|     |                                  |        |     |            | 2704      | 0          |
|     |                                  |        |     |            | 1         |            |
|=============================================================================================|
| OS: Windows 11 Pro, Version: 10.0 (25H2), Build: 26200, Kernel: 10.0.26100.9168
| Processor: 13th Gen Intel(R) Core(TM) i7-13700K
| Cores: 16 | Logical Cores: 24
|---------------------------------------------------------------------------------------------|
| Total Memory (MB): 65277 | Free Memory: 40932
| Total Page/Swap (MB): 69373 | Free Page/Swap: 31889
|---------------------------------------------------------------------------------------------|
[1.352s] [ext: omni.kit.telemetry-0.5.2] startup
[1.367s] [ext: omni.appwindow-1.1.10] startup
[1.381s] [ext: omni.kit.renderer.core-1.1.0] startup
[1.387s] [ext: omni.kit.renderer.capture-0.0.0] startup
[1.391s] [ext: omni.kit.renderer.imgui-2.0.5] startup
[1.403s] [ext: omni.ui-2.27.1] startup
[1.418s] [ext: omni.kit.mainwindow-1.0.3] startup
[1.420s] [ext: carb.audio-0.1.0] startup
[1.421s] [ext: omni.uiaudio-1.0.0] startup
[1.423s] [ext: omni.kit.uiapp-0.0.0] startup
[1.423s] [ext: omni.usd.schema.metrics.assembler-107.3.1] startup
[1.430s] [ext: omni.usd.schema.audio-0.0.0] startup
[1.438s] [ext: omni.usd_resolver-1.0.0] startup
[1.444s] [ext: omni.usd.core-1.5.3] startup
[1.446s] [ext: omni.usd.schema.render_settings.rtx-0.0.0] startup
[1.466s] [ext: omni.usd.schema.semantics-0.0.0] startup
[1.471s] [ext: omni.usd.schema.geospatial-0.0.0] startup
[1.475s] [ext: omni.usd.schema.anim-0.0.0] startup
[1.499s] [ext: omni.usd.schema.omni_lens_distortion-0.0.0] startup
[1.500s] [ext: isaacsim.robot.schema-3.6.0] startup
[1.511s] [ext: omni.usd.schema.omnigraph-1.0.0] startup
[1.519s] [ext: omni.usd.schema.physx-107.3.26] startup
[1.543s] [ext: omni.usd.schema.omni_sensors-0.0.0] startup
[1.544s] [ext: omni.usd.schema.omniscripting-1.0.0] startup
[1.551s] [ext: omni.graph.exec-0.9.6] startup
[1.553s] [ext: omni.kit.actions.core-1.0.0] startup
[1.557s] [ext: omni.kit.usd_undo-0.1.8] startup
[1.557s] [ext: omni.kit.exec.core-0.13.4] startup
[1.560s] [ext: omni.kit.commands-1.4.10] startup
[1.566s] [ext: omni.kit.window.popup_dialog-2.0.24] startup
[1.570s] [ext: omni.activity.core-1.0.3] startup
[1.572s] [ext: omni.resourcemonitor-107.0.1] startup
[1.575s] [ext: omni.timeline-1.0.14] startup
[1.578s] [ext: omni.kit.widget.nucleus_connector-2.0.1] startup
[1.581s] [ext: usdrt.scenegraph-7.6.1] startup
[1.627s] [ext: omni.kit.audiodeviceenum-1.0.2] startup
[1.630s] [ext: omni.hydra.usdrt_delegate-7.5.1] startup
[1.639s] [ext: omni.hydra.scene_delegate-0.3.4] startup
[1.643s] [ext: omni.usd-1.13.10] startup
[1.672s] [ext: omni.kit.asset_converter-5.0.17] startup
[1.680s] [ext: omni.index.libs-380600.8087.0] startup
[1.680s] [ext: omni.volume-0.5.2] startup
[1.685s] [ext: omni.ujitso.client-0.0.0] startup
[1.686s] [ext: omni.index-1.0.1] startup
[1.687s] [ext: omni.hydra.rtx.shadercache.d3d12-1.0.0] startup
[1.689s] [ext: omni.hydra.rtx-1.0.0] startup
[1.723s] [ext: omni.kit.notification_manager-1.0.10] startup
[1.725s] [ext: omni.kit.clipboard-1.0.5] startup
[1.727s] [ext: omni.kit.viewport.legacy_gizmos-1.0.19] startup
[1.729s] [ext: omni.kit.raycast.query-1.1.0] startup
[1.732s] [ext: omni.kit.menu.core-1.1.2] startup
[1.733s] [ext: omni.kit.widget.options_menu-1.1.6] startup
[1.737s] [ext: omni.kit.helper.file_utils-0.1.9] startup
[1.739s] [ext: omni.kit.widget.path_field-2.0.11] startup
[1.740s] [ext: omni.kit.widget.context_menu-1.2.5] startup
[1.742s] [ext: omni.kit.widget.options_button-1.0.3] startup
[1.743s] [ext: omni.kit.widget.filebrowser-2.12.3] startup
[1.752s] [ext: omni.kit.widget.browser_bar-2.0.10] startup
[1.753s] [ext: omni.kit.usd.layers-2.2.11] startup
[1.761s] [ext: omni.ui.scene-1.11.5] startup
[1.766s] [ext: omni.kit.viewport.registry-104.0.6] startup
[1.767s] [ext: omni.kit.window.filepicker-2.13.4] startup
[1.789s] [ext: omni.kit.menu.utils-2.0.5] startup
[1.798s] [ext: omni.kit.context_menu-1.8.6] startup
[1.800s] [ext: omni.kit.viewport.scene_camera_model-1.0.6] startup
[1.802s] [ext: omni.kit.hydra_texture-1.4.6] startup
[1.805s] [ext: omni.kit.window.file_importer-1.1.18] startup
[1.809s] [ext: omni.kit.widget.searchable_combobox-1.0.6] startup
[1.811s] [ext: omni.kit.window.drop_support-1.0.5] startup
[1.812s] [ext: omni.kit.widget.viewport-107.1.3] startup
[1.819s] [ext: omni.kit.material.library-2.0.7] startup
[1.824s] [ext: omni.hydra.engine.stats-1.0.3] startup
[1.826s] [ext: omni.kit.widget.settings-1.2.6] startup
[1.828s] [ext: omni.kit.viewport.window-107.2.0] startup
[1.930s] [ext: omni.kit.window.preferences-1.8.0] startup
[1.937s] [ext: omni.kit.widget.toolbar-2.0.1] startup
[1.945s] [ext: omni.kit.viewport.utility-1.1.2] startup
[1.946s] [ext: omni.kit.manipulator.transform-107.0.0] startup
[1.951s] [ext: omni.kit.manipulator.tool.snap-1.5.13] startup
[1.957s] [ext: omni.kit.manipulator.selector-1.1.3] startup
[1.959s] [ext: omni.kit.property.adapter.core-1.0.2] startup
[1.963s] [ext: omni.kit.viewport.manipulator.transform-107.0.4] startup
[1.966s] [ext: omni.kit.manipulator.viewport-107.0.1] startup
[1.967s] [ext: omni.kit.property.adapter.fabric-1.0.3] startup
[1.969s] [ext: omni.kit.manipulator.prim.core-107.0.8] startup
[1.977s] [ext: omni.kit.primitive.mesh-1.0.17] startup
[1.981s] [ext: omni.kit.widget.filter-1.1.4] startup
[1.982s] [ext: omni.kit.hotkeys.core-1.3.10] startup
[1.984s] [ext: omni.kit.manipulator.prim.usd-107.0.3] startup
[1.986s] [ext: omni.fabric.commands-1.1.6] startup
[1.989s] [ext: omni.kit.window.file_exporter-1.0.33] startup
[1.991s] [ext: omni.kit.widget.searchfield-1.1.8] startup
[1.992s] [ext: omni.kit.manipulator.prim.fabric-107.0.4] startup
[1.994s] [ext: omni.debugdraw-0.1.4] startup
[2.048s] [ext: omni.kit.widget.stage-3.1.4] startup
[2.066s] [ext: omni.kit.property.adapter.usd-1.0.2] startup
[2.068s] [ext: omni.kit.manipulator.prim-107.0.0] startup
[2.068s] [ext: omni.kvdb-107.3.26] startup
[2.071s] [ext: omni.convexdecomposition-107.3.26] startup
[2.074s] [ext: omni.physx.foundation-107.3.26] startup
[2.085s] [ext: omni.localcache-107.3.26] startup
[2.088s] [ext: omni.kit.window.content_browser_registry-0.0.6] startup
[2.089s] [ext: omni.kit.widget.highlight_label-1.0.3] startup
[2.090s] [ext: omni.kit.stage_template.core-1.1.22] startup
[2.090s] [ext: omni.usdphysics-107.3.26] startup
[2.092s] [ext: omni.kit.window.file-2.0.5] startup
[2.097s] [ext: omni.physx.cooking-107.3.26] startup
[2.100s] [ext: omni.physics-107.3.26] startup
[2.104s] [ext: omni.kit.window.property-1.12.1] startup
[2.108s] [ext: omni.kit.window.content_browser-3.1.3] startup
[2.121s] [ext: omni.physx-107.3.26] startup
[2.134s] [ext: omni.physics.stageupdate-107.3.26] startup
[2.138s] [ext: omni.kit.property.usd-4.5.12] startup
[2.150s] [ext: omni.kit.manipulator.selection-106.0.1] startup
[2.151s] [ext: omni.physics.physx-107.3.26] startup
2026-09-08T20:19:36Z [2,089ms] [Warning] [carb] Acquiring non optional plugin interface which is not listed as dependency: [omni::physx::IPhysxBenchmarks v1.0] (plugin: <default plugin>), by client: omni.physics.physx.plugin. Add it to CARB_PLUGIN_IMPL_DEPS() macro of a client.
[2.153s] [ext: omni.kit.widget.prompt-1.0.7] startup
[2.154s] [ext: omni.kit.viewport.menubar.core-107.2.1] startup
[2.171s] [ext: omni.kit.viewport.actions-107.0.2] startup
[2.176s] [ext: omni.inspect-1.0.2] startup
[2.179s] [ext: omni.kit.widget.layers-1.8.6] startup
[2.202s] [ext: omni.kit.viewport.menubar.display-107.0.3] startup
[2.204s] [ext: omni.usd.metrics.assembler-107.3.1] startup
[2.211s] [ext: omni.graph.core-2.184.5] startup
[2.216s] [ext: omni.kit.numpy.common-0.1.3] startup
[2.218s] [ext: omni.usdphysics.ui-107.3.26] startup
[2.300s] [ext: omni.physx.commands-107.3.26] startup
[2.305s] [ext: isaacsim.core.deprecation_manager-0.2.7] startup
[2.306s] [ext: omni.isaac.dynamic_control-2.0.7] startup
2026-09-08T20:19:36Z [2,247ms] [Warning] [omni.isaac.dynamic_control] omni.isaac.dynamic_control is deprecated as of Isaac Sim 4.5. No action is needed from end-users.
[2.311s] [ext: omni.physx.ui-107.3.26] startup
[2.397s] [ext: isaacsim.core.version-2.0.6] startup
[2.398s] [ext: omni.physics.tensors-107.3.26] startup
[2.404s] [ext: omni.warp.core-1.8.2] startup
[2.546s] [ext: omni.usd.metrics.assembler.physics-107.3.26] startup
[2.549s] [ext: isaacsim.storage.native-1.5.1] startup
[2.551s] [ext: omni.physx.tensors-107.3.26] startup
[2.554s] [ext: isaacsim.core.utils-3.5.1] startup
[2.557s] [ext: isaacsim.core.simulation_manager-1.4.4] startup
[4.073s] [ext: omni.kit.widget.stage_icons-1.0.8] startup
[4.074s] [ext: omni.kit.widget.text_editor-1.1.1] startup
[4.120s] [ext: omni.kit.window.stage-2.6.1] startup
[4.124s] [ext: omni.kit.menu.create-2.0.1] startup
[4.126s] [ext: omni.kit.window.extensions-1.4.27] startup
[4.133s] [ext: omni.kit.scripting-107.3.2] startup
[4.139s] [ext: omni.kit.stagerecorder.core-107.0.3] startup
[4.185s] [ext: isaacsim.replicator.behavior-1.1.16] startup
[4.186s] [ext: omni.graph.tools-1.79.2] startup
[4.215s] [ext: omni.ui_query-1.1.8] startup
[4.216s] [ext: omni.kit.widget.zoombar-1.0.6] startup
[4.217s] [ext: omni.graph-1.141.2] startup
[4.261s] [ext: omni.graph.action_core-1.1.7] startup
[4.265s] [ext: omni.kit.ui_test-1.3.7] startup
[4.267s] [ext: omni.kit.browser.core-2.3.13] startup
[4.273s] [ext: omni.kit.usd.collect-2.4.5] startup
[4.276s] [ext: omni.graph.action_nodes-1.50.4] startup
[4.281s] [ext: omni.kit.menu.stage-1.2.7] startup
[4.285s] [ext: omni.kit.browser.folder.core-1.10.9] startup
[4.295s] [ext: omni.kit.usdz_export-1.0.9] startup
[4.298s] [ext: omni.graph.visualization.nodes-2.1.3] startup
[4.309s] [ext: omni.graph.action-1.130.0] startup
[4.314s] [ext: omni.kit.tool.collect-2.2.18] startup
[4.319s] [ext: omni.kit.tool.asset_importer-4.3.2] startup
[4.331s] [ext: isaacsim.gui.components-1.2.1] startup
[4.339s] [ext: isaacsim.examples.browser-0.2.1] startup
[4.344s] [ext: isaacsim.asset.importer.urdf-2.4.31] startup
[4.493s] [ext: isaacsim.core.cloner-1.4.10] startup
[4.497s] [ext: omni.kit.stagerecorder.ui-107.0.1] startup
[4.509s] [ext: isaacsim.asset.browser-1.3.23] startup
[4.783s] [ext: semantics.schema.editor-2.0.2] startup
2026-09-08T20:19:38Z [4,725ms] [Warning] [pxr.Semantics] pxr.Semantics is deprecated - please use Semantics instead
[4.790s] [ext: omni.kit.stagerecorder.bundle-105.0.2] startup
[4.791s] [ext: omni.kit.window.status_bar-0.1.9] startup
[4.794s] [ext: omni.kit.widget.graph-2.0.0] startup
[4.801s] [ext: omni.kit.stage_templates-2.0.0] startup
[4.804s] [ext: omni.graph.image.core-0.6.1] startup
[4.806s] [ext: omni.kit.graph.delegate.default-1.2.3] startup
[4.807s] [ext: isaacsim.core.experimental.utils-0.3.0] startup
[4.809s] [ext: omni.graph.image.nodes-1.3.1] startup
[4.812s] [ext: omni.kit.graph.editor.core-1.5.3] startup
[4.815s] [ext: omni.kit.graph.usd.commands-1.3.1] startup
[4.817s] [ext: omni.graph.nodes-1.170.10] startup
[4.827s] [ext: omni.graph.ui_nodes-1.50.5] startup
[4.832s] [ext: omni.kit.widget.material_preview-1.0.16] startup
[4.836s] [ext: omni.syntheticdata-0.6.13] startup
[4.902s] [ext: omni.videoencoding-0.1.2] startup
[4.908s] [ext: omni.warp-1.8.2] startup
[4.918s] [ext: omni.kit.window.material_graph-1.9.1] startup
[4.946s] [ext: omni.graph.scriptnode-1.50.0] startup
[4.950s] [ext: isaacsim.core.prims-0.6.1] startup
[4.986s] [ext: isaacsim.test.docstring-1.1.0] startup
[4.993s] [ext: omni.replicator.core-1.12.27] startup
2026-09-08T20:19:39Z [5,058ms] [Warning] [omni.graph.core.plugin] Found duplicate of category 'Replicator' - was 'Annotators', adding 'Fabric Reader'
2026-09-08T20:19:39Z [5,058ms] [Warning] [omni.graph.core.plugin] Category 'Replicator' not accepted on node type 'omni.replicator.core.FabricReader' in extension 'omni.replicator.core'
2026-09-08T20:19:39Z [5,059ms] [Warning] [omni.replicator.core.scripts.extension] No material configuration file, adding configuration to material settings directly.
[5.125s] [ext: isaacsim.core.api-4.8.0] startup
[5.147s] [ext: isaacsim.core.experimental.prims-0.8.1] startup
[5.187s] [ext: isaacsim.core.nodes-3.4.3] startup
[5.196s] [ext: isaacsim.robot.surface_gripper-3.3.1] startup
[5.204s] [ext: isaacsim.util.debug_draw-3.1.0] startup
[5.214s] [ext: omni.sensors.nv.common-3.0.0] startup
[5.252s] [ext: isaacsim.robot.manipulators-3.3.6] startup
[5.273s] [ext: isaacsim.sensors.physx-2.3.2] startup
[5.287s] [ext: omni.sensors.nv.materials-2.0.0] startup
[5.307s] [ext: omni.sensors.net-1.0.0] startup
[5.325s] [ext: isaacsim.app.about-2.0.11] startup
[5.333s] [ext: isaacsim.simulation_app-2.12.2] startup
[5.333s] [ext: omni.sensors.nv.ids-2.0.0] startup
[5.340s] [ext: omni.sensors.nv.lidar-3.0.0] startup
[5.354s] [ext: omni.kit.property.audio-1.0.16] startup
[5.360s] [ext: omni.kit.property.camera-1.0.10] startup
[5.363s] [ext: omni.kit.property.geometry-2.0.4] startup
[5.370s] [ext: omni.hydra.scene_api-0.1.2] startup
[5.374s] [ext: omni.kit.property.light-1.0.12] startup
[5.385s] [ext: omni.sensors.nv.wpm-3.0.0] startup
[5.390s] [ext: omni.kit.selection-0.1.6] startup
[5.395s] [ext: omni.kit.property.material-1.11.9] startup
[5.432s] [ext: omni.kit.property.transform-1.5.13] startup
[5.446s] [ext: omni.kit.property.render-1.2.1] startup
[5.451s] [ext: omni.sensors.nv.radar-3.0.0] startup
[5.463s] [ext: isaacsim.gui.menu-2.4.4] startup
[5.516s] [ext: omni.kit.manipulator.camera-106.0.4] startup
[5.531s] [ext: isaacsim.gui.property-1.1.3] startup
[5.550s] [ext: omni.kit.property.bundle-1.4.1] startup
[5.573s] [ext: isaacsim.sensors.rtx-15.8.4] startup
[5.604s] [ext: isaacsim.sensors.physics-0.4.3] startup
[5.627s] [ext: omni.kit.viewport.menubar.camera-107.0.6] startup
[5.673s] [ext: omni.kit.viewport.menubar.lighting-107.3.1] startup
[5.702s] [ext: omni.kit.viewport.menubar.settings-107.0.3] startup
[5.750s] [ext: omni.kit.viewport.menubar.render-107.0.10] startup
[5.786s] [ext: isaacsim.robot.policy.examples-4.1.11] startup
[5.801s] [ext: isaacsim.asset.importer.mjcf-2.5.13] startup
[5.816s] [ext: omni.kit.window.console-1.1.4] startup
[5.824s] [ext: omni.rtx.window.settings-0.6.19] startup
[5.834s] [ext: omni.ocio-0.1.1] startup
[5.836s] [ext: omni.physx.demos-107.3.26] startup
[5.896s] [ext: omni.kit.property.physx-107.3.26] startup
[5.920s] [ext: omni.replicator.replicator_yaml-2.0.11] startup
[5.937s] [ext: omni.asset_validator.core-1.1.6] startup
[6.003s] [ext: omni.rtx.settings.core-0.6.5] startup
[6.008s] [ext: omni.physx.vehicle-107.3.26] startup
[6.080s] [ext: omni.usd.metrics.assembler.ui-107.3.1] startup
[6.089s] [ext: omni.kit.window.script_editor-2.0.1] startup
[6.096s] [ext: isaacsim.robot.wheeled_robots-4.0.24] startup
[6.106s] [ext: omni.physx.asset_validator-107.3.26] startup
[6.159s] [ext: omni.kit.window.toolbar-2.0.0] startup
[6.163s] [ext: omni.physx.camera-107.3.26] startup
[6.225s] [ext: omni.anim.curve.core-1.3.1] startup
[6.242s] [ext: omni.physx.cct-107.3.26] startup
[6.297s] [ext: omni.physx.graph-107.3.26] startup
[6.388s] [ext: omni.physx.supportui-107.3.26] startup
[6.455s] [ext: omni.physx.telemetry-107.3.26] startup
[6.460s] [ext: isaaclab-0.54.2] startup
[6.733s] [ext: isaaclab_contrib-0.0.2] startup
[6.734s] [ext: isaacsim.core.throttling-2.2.2] startup
[6.737s] [ext: omni.kit.ui.actions-1.0.5] startup
[6.739s] [ext: semantics.schema.property-2.0.1] startup
[6.741s] [ext: omni.physx.bundle-107.3.26] startup
[6.742s] [ext: isaacsim.sensors.camera-1.3.6] startup
[6.747s] [ext: isaaclab_assets-0.2.4] startup
[7.024s] [ext: isaaclab_tasks-0.11.12] startup
[7.229s] [ext: omni.kit.menu.common-2.0.1] startup
[7.231s] [ext: isaaclab_rl-0.4.7] startup
[7.232s] [ext: isaaclab_mimic-1.0.16] startup
[7.232s] [ext: isaaclab.python-2.3.2] startup
[7.235s] Simulation App Starting
2026-09-08T20:19:41Z [7,410ms] [Warning] [omni.fabric.plugin] Warning: attribute resolution not found for bucket id 9

[7.570s] app ready
[16.521s] Simulation App Startup Complete

[36m===================================================================================================================[0m
[36m[1m[INFO][IsaacLab]: Logging to file: C:\Users\wts28\AppData\Local\Temp\isaaclab\logs\isaaclab_2026-09-08_16-19-50.log[0m
[36m===================================================================================================================[0m

[16.660s] [ext: omni.physx.fabric-107.3.26] startup
[33m16:19:51 [simulation_context.py] WARNING: The `enable_external_forces_every_iteration` parameter in the PhysxCfg is set to False. If you are experiencing noisy velocities, consider enabling this flag. You may need to slightly increase the number of velocity iterations (setting it to 1 or 2 rather than 0), together with this flag, to improve the accuracy of velocity updates.[0m
2026-09-08T20:19:52Z [18,777ms] [Warning] [omni.physx.fabric.plugin] FabricManager::initializePointInstancer mismatched prototypes on point instancer: /World/TrainingDrones.
2026-09-08T20:19:52Z [18,791ms] [Warning] [omni.fabric.plugin] Warning: attribute timeVaryingAttributes not found for bucket id 1f

[W908 16:19:52.000000000 Context.cpp:324] Warning: torch.backends.cuda.preferred_linalg_library is an experimental feature. If you see any error or unexpected behavior when this flag is set please file an issue on GitHub. (function operator ())
2026-09-08T20:20:00Z [26,427ms] [Warning] [omni.physx.fabric.plugin] FabricManager::initializePointInstancer mismatched prototypes on point instancer: /World/TrainingDrones.
[36.496s] Simulation App Shutting Down
