[INFO][AppLauncher]: Using device: cuda:0
[INFO][AppLauncher]: Loading experience file: C:\Users\wts28\Documents\PHD\IsaacLab\apps\isaaclab.python.kit
Loading user config located at: 'c:/users/wts28/env_isaaclab/lib/site-packages/isaacsim/kit/data/Kit/Isaac-Sim/5.1/user.config.json'
[Info] [carb] Logging to file: c:/users/wts28/env_isaaclab/lib/site-packages/isaacsim/kit/logs/Kit/Isaac-Sim/5.1/kit_20260908_162203.log
[0.113s] [ext: omni.kit.async_engine-0.0.3] startup
[0.266s] [ext: omni.metrics.core-0.0.3] startup
[0.267s] [ext: omni.client.lib-1.1.0] startup
[0.280s] [ext: omni.blobkey-1.1.2] startup
[0.281s] [ext: omni.stats-1.0.1] startup
[0.283s] [ext: omni.datastore-0.0.0] startup
[0.285s] [ext: omni.client-1.3.0] startup
[0.291s] [ext: omni.ujitso.default-1.0.0] startup
[0.294s] [ext: omni.hsscclient-1.1.2] startup
[0.302s] [ext: omni.gpu_foundation.shadercache.d3d12-1.0.0] startup
[0.307s] [ext: omni.assets.plugins-0.0.0] startup
[0.310s] [ext: omni.gpu_foundation-0.0.0] startup
[0.332s] [ext: carb.windowing.plugins-1.0.0] startup
[0.413s] [ext: omni.kit.renderer.init-0.0.0] startup
[0.415s] [ext: omni.materialx.libs-1.0.7] startup
[0.427s] [ext: omni.kit.loop-isaac-1.3.7] startup
[0.430s] [ext: omni.kit.test-2.0.1] startup
[0.501s] [ext: omni.kit.pipapi-0.0.0] startup
[0.502s] [ext: omni.usd.config-1.0.6] startup
[0.513s] [ext: omni.gpucompute.plugins-0.0.0] startup
[0.515s] [ext: omni.usd.libs-1.0.1] startup
[0.595s] [ext: omni.kit.pip_archive-0.0.0] startup
[0.596s] [ext: omni.mdl-56.0.3] startup
[0.682s] [ext: omni.iray.libs-0.0.0] startup
[0.707s] [ext: omni.mdl.neuraylib-0.2.12] startup
[0.714s] [ext: omni.kit.usd.mdl-1.1.5] startup
[0.813s] [ext: omni.kit.telemetry-0.5.2] startup
[0.824s] [ext: omni.appwindow-1.1.10] startup
[0.848s] [ext: omni.kit.renderer.core-1.1.0] startup
[0.855s] [ext: omni.kit.renderer.capture-0.0.0] startup
[0.859s] [ext: omni.kit.renderer.imgui-2.0.5] startup
[0.871s] [ext: omni.ui-2.27.1] startup
[0.882s] [ext: omni.kit.mainwindow-1.0.3] startup
[0.884s] [ext: carb.audio-0.1.0] startup
[0.885s] [ext: omni.uiaudio-1.0.0] startup
[0.887s] [ext: omni.kit.uiapp-0.0.0] startup
[0.887s] [ext: omni.usd.schema.metrics.assembler-107.3.1] startup
[0.895s] [ext: omni.usd.schema.audio-0.0.0] startup
[0.904s] [ext: omni.usd_resolver-1.0.0] startup
[0.911s] [ext: omni.usd.core-1.5.3] startup
[0.913s] [ext: omni.usd.schema.render_settings.rtx-0.0.0] startup
[0.935s] [ext: omni.usd.schema.semantics-0.0.0] startup
[0.940s] [ext: omni.usd.schema.geospatial-0.0.0] startup
[0.945s] [ext: omni.usd.schema.anim-0.0.0] startup
[0.974s] [ext: omni.usd.schema.omni_lens_distortion-0.0.0] startup
[0.975s] [ext: isaacsim.robot.schema-3.6.0] startup
[0.987s] [ext: omni.usd.schema.omnigraph-1.0.0] startup

|---------------------------------------------------------------------------------------------|
| Driver Version: 610.88        | Graphics API: D3D12
|=============================================================================================|
| GPU | Name                             | Active | LDA | GPU Memory | Vendor-ID | LUID       |
|     |                                  |        |     |            | Device-ID | UUID       |
|     |                                  |        |     |            | Bus-ID    |            |
|---------------------------------------------------------------------------------------------|
| 0   | NVIDIA GeForce RTX 4080          | Yes: 0 |     | 16048   MB | 10de      | 794a0100.. |
|     |                                  |        |     |            | 2704      | 0          |
|     |                                  |        |     |            | 1         |            |
|=============================================================================================|
| OS: Windows 11 Pro, Version: 10.0 (25H2), Build: 26200, Kernel: 10.0.26100.9168
| Processor: 13th Gen Intel(R) Core(TM) i7-13700K
| Cores: 16 | Logical Cores: 24
|---------------------------------------------------------------------------------------------|
| Total Memory (MB): 65277 | Free Memory: 40143
| Total Page/Swap (MB): 69373 | Free Page/Swap: 28993
|---------------------------------------------------------------------------------------------|
[0.996s] [ext: omni.usd.schema.physx-107.3.26] startup
[1.022s] [ext: omni.usd.schema.omni_sensors-0.0.0] startup
[1.023s] [ext: omni.usd.schema.omniscripting-1.0.0] startup
[1.031s] [ext: omni.graph.exec-0.9.6] startup
[1.032s] [ext: omni.kit.actions.core-1.0.0] startup
[1.036s] [ext: omni.kit.usd_undo-0.1.8] startup
[1.037s] [ext: omni.kit.exec.core-0.13.4] startup
[1.040s] [ext: omni.kit.commands-1.4.10] startup
[1.046s] [ext: omni.kit.window.popup_dialog-2.0.24] startup
[1.051s] [ext: omni.activity.core-1.0.3] startup
[1.054s] [ext: omni.resourcemonitor-107.0.1] startup
[1.057s] [ext: omni.timeline-1.0.14] startup
[1.060s] [ext: omni.kit.widget.nucleus_connector-2.0.1] startup
[1.063s] [ext: usdrt.scenegraph-7.6.1] startup
[1.118s] [ext: omni.kit.audiodeviceenum-1.0.2] startup
[1.121s] [ext: omni.hydra.usdrt_delegate-7.5.1] startup
[1.129s] [ext: omni.hydra.scene_delegate-0.3.4] startup
[1.132s] [ext: omni.usd-1.13.10] startup
[1.159s] [ext: omni.kit.asset_converter-5.0.17] startup
[1.167s] [ext: omni.index.libs-380600.8087.0] startup
[1.167s] [ext: omni.volume-0.5.2] startup
[1.173s] [ext: omni.ujitso.client-0.0.0] startup
[1.174s] [ext: omni.index-1.0.1] startup
[1.175s] [ext: omni.hydra.rtx.shadercache.d3d12-1.0.0] startup
[1.177s] [ext: omni.hydra.rtx-1.0.0] startup
[1.209s] [ext: omni.kit.notification_manager-1.0.10] startup
[1.212s] [ext: omni.kit.clipboard-1.0.5] startup
[1.214s] [ext: omni.kit.viewport.legacy_gizmos-1.0.19] startup
[1.215s] [ext: omni.kit.raycast.query-1.1.0] startup
[1.218s] [ext: omni.kit.menu.core-1.1.2] startup
[1.219s] [ext: omni.kit.widget.options_menu-1.1.6] startup
[1.222s] [ext: omni.kit.helper.file_utils-0.1.9] startup
[1.224s] [ext: omni.kit.widget.path_field-2.0.11] startup
[1.225s] [ext: omni.kit.widget.context_menu-1.2.5] startup
[1.227s] [ext: omni.kit.widget.options_button-1.0.3] startup
[1.228s] [ext: omni.kit.widget.filebrowser-2.12.3] startup
[1.235s] [ext: omni.kit.widget.browser_bar-2.0.10] startup
[1.236s] [ext: omni.kit.usd.layers-2.2.11] startup
[1.244s] [ext: omni.ui.scene-1.11.5] startup
[1.249s] [ext: omni.kit.viewport.registry-104.0.6] startup
[1.250s] [ext: omni.kit.window.filepicker-2.13.4] startup
[1.269s] [ext: omni.kit.menu.utils-2.0.5] startup
[1.276s] [ext: omni.kit.context_menu-1.8.6] startup
[1.278s] [ext: omni.kit.viewport.scene_camera_model-1.0.6] startup
[1.281s] [ext: omni.kit.hydra_texture-1.4.6] startup
[1.283s] [ext: omni.kit.window.file_importer-1.1.18] startup
[1.288s] [ext: omni.kit.widget.searchable_combobox-1.0.6] startup
[1.289s] [ext: omni.kit.window.drop_support-1.0.5] startup
[1.289s] [ext: omni.kit.widget.viewport-107.1.3] startup
[1.296s] [ext: omni.kit.material.library-2.0.7] startup
[1.301s] [ext: omni.hydra.engine.stats-1.0.3] startup
[1.302s] [ext: omni.kit.widget.settings-1.2.6] startup
[1.304s] [ext: omni.kit.viewport.window-107.2.0] startup
[1.401s] [ext: omni.kit.window.preferences-1.8.0] startup
[1.407s] [ext: omni.kit.widget.toolbar-2.0.1] startup
[1.415s] [ext: omni.kit.viewport.utility-1.1.2] startup
[1.416s] [ext: omni.kit.manipulator.transform-107.0.0] startup
[1.420s] [ext: omni.kit.manipulator.tool.snap-1.5.13] startup
[1.425s] [ext: omni.kit.manipulator.selector-1.1.3] startup
[1.426s] [ext: omni.kit.property.adapter.core-1.0.2] startup
[1.430s] [ext: omni.kit.viewport.manipulator.transform-107.0.4] startup
[1.433s] [ext: omni.kit.manipulator.viewport-107.0.1] startup
[1.435s] [ext: omni.kit.property.adapter.fabric-1.0.3] startup
[1.436s] [ext: omni.kit.manipulator.prim.core-107.0.8] startup
[1.444s] [ext: omni.kit.primitive.mesh-1.0.17] startup
[1.449s] [ext: omni.kit.widget.filter-1.1.4] startup
[1.450s] [ext: omni.kit.hotkeys.core-1.3.10] startup
[1.452s] [ext: omni.kit.manipulator.prim.usd-107.0.3] startup
[1.454s] [ext: omni.fabric.commands-1.1.6] startup
[1.457s] [ext: omni.kit.window.file_exporter-1.0.33] startup
[1.458s] [ext: omni.kit.widget.searchfield-1.1.8] startup
[1.460s] [ext: omni.kit.manipulator.prim.fabric-107.0.4] startup
[1.461s] [ext: omni.debugdraw-0.1.4] startup
[1.465s] [ext: omni.kit.widget.stage-3.1.4] startup
[1.481s] [ext: omni.kit.property.adapter.usd-1.0.2] startup
[1.482s] [ext: omni.kit.manipulator.prim-107.0.0] startup
[1.482s] [ext: omni.kvdb-107.3.26] startup
[1.486s] [ext: omni.convexdecomposition-107.3.26] startup
[1.489s] [ext: omni.physx.foundation-107.3.26] startup
[1.495s] [ext: omni.localcache-107.3.26] startup
[1.499s] [ext: omni.kit.window.content_browser_registry-0.0.6] startup
[1.500s] [ext: omni.kit.widget.highlight_label-1.0.3] startup
[1.500s] [ext: omni.kit.stage_template.core-1.1.22] startup
[1.501s] [ext: omni.usdphysics-107.3.26] startup
[1.503s] [ext: omni.kit.window.file-2.0.5] startup
[1.507s] [ext: omni.physx.cooking-107.3.26] startup
[1.510s] [ext: omni.physics-107.3.26] startup
[1.516s] [ext: omni.kit.window.property-1.12.1] startup
[1.519s] [ext: omni.kit.window.content_browser-3.1.3] startup
[1.531s] [ext: omni.physx-107.3.26] startup
[1.544s] [ext: omni.physics.stageupdate-107.3.26] startup
[1.548s] [ext: omni.kit.property.usd-4.5.12] startup
[1.559s] [ext: omni.kit.manipulator.selection-106.0.1] startup
[1.560s] [ext: omni.physics.physx-107.3.26] startup
2026-09-08T20:22:04Z [1,497ms] [Warning] [carb] Acquiring non optional plugin interface which is not listed as dependency: [omni::physx::IPhysxBenchmarks v1.0] (plugin: <default plugin>), by client: omni.physics.physx.plugin. Add it to CARB_PLUGIN_IMPL_DEPS() macro of a client.
[1.562s] [ext: omni.kit.widget.prompt-1.0.7] startup
[1.563s] [ext: omni.kit.viewport.menubar.core-107.2.1] startup
[1.579s] [ext: omni.kit.viewport.actions-107.0.2] startup
[1.584s] [ext: omni.inspect-1.0.2] startup
[1.587s] [ext: omni.kit.widget.layers-1.8.6] startup
[1.601s] [ext: omni.kit.viewport.menubar.display-107.0.3] startup
[1.602s] [ext: omni.usd.metrics.assembler-107.3.1] startup
[1.609s] [ext: omni.graph.core-2.184.5] startup
[1.616s] [ext: omni.kit.numpy.common-0.1.3] startup
[1.617s] [ext: omni.usdphysics.ui-107.3.26] startup
[1.638s] [ext: omni.physx.commands-107.3.26] startup
[1.643s] [ext: isaacsim.core.deprecation_manager-0.2.7] startup
[1.644s] [ext: omni.isaac.dynamic_control-2.0.7] startup
2026-09-08T20:22:04Z [1,586ms] [Warning] [omni.isaac.dynamic_control] omni.isaac.dynamic_control is deprecated as of Isaac Sim 4.5. No action is needed from end-users.
[1.651s] [ext: omni.physx.ui-107.3.26] startup
[1.679s] [ext: isaacsim.core.version-2.0.6] startup
[1.680s] [ext: omni.physics.tensors-107.3.26] startup
[1.686s] [ext: omni.warp.core-1.8.2] startup
[1.829s] [ext: omni.usd.metrics.assembler.physics-107.3.26] startup
[1.832s] [ext: isaacsim.storage.native-1.5.1] startup
[1.834s] [ext: omni.physx.tensors-107.3.26] startup
[1.837s] [ext: isaacsim.core.utils-3.5.1] startup
[1.840s] [ext: isaacsim.core.simulation_manager-1.4.4] startup
[3.335s] [ext: omni.kit.widget.stage_icons-1.0.8] startup
[3.337s] [ext: omni.kit.widget.text_editor-1.1.1] startup
[3.339s] [ext: omni.kit.window.stage-2.6.1] startup
[3.342s] [ext: omni.kit.menu.create-2.0.1] startup
[3.344s] [ext: omni.kit.window.extensions-1.4.27] startup
[3.351s] [ext: omni.kit.scripting-107.3.2] startup
[3.355s] [ext: omni.kit.stagerecorder.core-107.0.3] startup
[3.359s] [ext: isaacsim.replicator.behavior-1.1.16] startup
[3.360s] [ext: omni.graph.tools-1.79.2] startup
[3.385s] [ext: omni.ui_query-1.1.8] startup
[3.386s] [ext: omni.kit.widget.zoombar-1.0.6] startup
[3.386s] [ext: omni.graph-1.141.2] startup
[3.427s] [ext: omni.graph.action_core-1.1.7] startup
[3.431s] [ext: omni.kit.ui_test-1.3.7] startup
[3.433s] [ext: omni.kit.browser.core-2.3.13] startup
[3.438s] [ext: omni.kit.usd.collect-2.4.5] startup
[3.442s] [ext: omni.graph.action_nodes-1.50.4] startup
[3.446s] [ext: omni.kit.menu.stage-1.2.7] startup
[3.451s] [ext: omni.kit.browser.folder.core-1.10.9] startup
[3.459s] [ext: omni.kit.usdz_export-1.0.9] startup
[3.463s] [ext: omni.graph.visualization.nodes-2.1.3] startup
[3.474s] [ext: omni.graph.action-1.130.0] startup
[3.478s] [ext: omni.kit.tool.collect-2.2.18] startup
[3.482s] [ext: omni.kit.tool.asset_importer-4.3.2] startup
[3.492s] [ext: isaacsim.gui.components-1.2.1] startup
[3.500s] [ext: isaacsim.examples.browser-0.2.1] startup
[3.507s] [ext: isaacsim.asset.importer.urdf-2.4.31] startup
[3.613s] [ext: isaacsim.core.cloner-1.4.10] startup
[3.617s] [ext: omni.kit.stagerecorder.ui-107.0.1] startup
[3.627s] [ext: isaacsim.asset.browser-1.3.23] startup
[3.846s] [ext: semantics.schema.editor-2.0.2] startup
2026-09-08T20:22:07Z [3,787ms] [Warning] [pxr.Semantics] pxr.Semantics is deprecated - please use Semantics instead
[3.854s] [ext: omni.kit.stagerecorder.bundle-105.0.2] startup
[3.854s] [ext: omni.kit.window.status_bar-0.1.9] startup
[3.857s] [ext: omni.kit.widget.graph-2.0.0] startup
[3.864s] [ext: omni.kit.stage_templates-2.0.0] startup
[3.867s] [ext: omni.graph.image.core-0.6.1] startup
[3.869s] [ext: omni.kit.graph.delegate.default-1.2.3] startup
[3.870s] [ext: isaacsim.core.experimental.utils-0.3.0] startup
[3.872s] [ext: omni.graph.image.nodes-1.3.1] startup
[3.874s] [ext: omni.kit.graph.editor.core-1.5.3] startup
[3.876s] [ext: omni.kit.graph.usd.commands-1.3.1] startup
[3.878s] [ext: omni.graph.nodes-1.170.10] startup
[3.888s] [ext: omni.graph.ui_nodes-1.50.5] startup
[3.891s] [ext: omni.kit.widget.material_preview-1.0.16] startup
[3.896s] [ext: omni.syntheticdata-0.6.13] startup
[3.924s] [ext: omni.videoencoding-0.1.2] startup
[3.930s] [ext: omni.warp-1.8.2] startup
[3.939s] [ext: omni.kit.window.material_graph-1.9.1] startup
[3.966s] [ext: omni.graph.scriptnode-1.50.0] startup
[3.970s] [ext: isaacsim.core.prims-0.6.1] startup
[4.007s] [ext: isaacsim.test.docstring-1.1.0] startup
[4.016s] [ext: omni.replicator.core-1.12.27] startup
2026-09-08T20:22:07Z [4,074ms] [Warning] [omni.graph.core.plugin] Found duplicate of category 'Replicator' - was 'Annotators', adding 'Fabric Reader'
2026-09-08T20:22:07Z [4,074ms] [Warning] [omni.graph.core.plugin] Category 'Replicator' not accepted on node type 'omni.replicator.core.FabricReader' in extension 'omni.replicator.core'
2026-09-08T20:22:07Z [4,075ms] [Warning] [omni.replicator.core.scripts.extension] No material configuration file, adding configuration to material settings directly.
[4.142s] [ext: isaacsim.core.api-4.8.0] startup
[4.167s] [ext: isaacsim.core.experimental.prims-0.8.1] startup
[4.208s] [ext: isaacsim.core.nodes-3.4.3] startup
[4.217s] [ext: isaacsim.robot.surface_gripper-3.3.1] startup
[4.225s] [ext: isaacsim.util.debug_draw-3.1.0] startup
[4.237s] [ext: omni.sensors.nv.common-3.0.0] startup
[4.267s] [ext: isaacsim.robot.manipulators-3.3.6] startup
[4.278s] [ext: isaacsim.sensors.physx-2.3.2] startup
[4.293s] [ext: omni.sensors.nv.materials-2.0.0] startup
[4.316s] [ext: omni.sensors.net-1.0.0] startup
[4.334s] [ext: isaacsim.app.about-2.0.11] startup
[4.339s] [ext: isaacsim.simulation_app-2.12.2] startup
[4.340s] [ext: omni.sensors.nv.ids-2.0.0] startup
[4.348s] [ext: omni.sensors.nv.lidar-3.0.0] startup
[4.360s] [ext: omni.kit.property.audio-1.0.16] startup
[4.363s] [ext: omni.kit.property.camera-1.0.10] startup
[4.365s] [ext: omni.kit.property.geometry-2.0.4] startup
[4.370s] [ext: omni.hydra.scene_api-0.1.2] startup
[4.374s] [ext: omni.kit.property.light-1.0.12] startup
[4.386s] [ext: omni.sensors.nv.wpm-3.0.0] startup
[4.391s] [ext: omni.kit.selection-0.1.6] startup
[4.394s] [ext: omni.kit.property.material-1.11.9] startup
[4.437s] [ext: omni.kit.property.transform-1.5.13] startup
[4.448s] [ext: omni.kit.property.render-1.2.1] startup
[4.454s] [ext: omni.sensors.nv.radar-3.0.0] startup
[4.480s] [ext: isaacsim.gui.menu-2.4.4] startup
[4.511s] [ext: omni.kit.manipulator.camera-106.0.4] startup
[4.536s] [ext: isaacsim.gui.property-1.1.3] startup
[4.565s] [ext: omni.kit.property.bundle-1.4.1] startup
[4.569s] [ext: isaacsim.sensors.rtx-15.8.4] startup
[4.599s] [ext: isaacsim.sensors.physics-0.4.3] startup
[4.622s] [ext: omni.kit.viewport.menubar.camera-107.0.6] startup
[4.658s] [ext: omni.kit.viewport.menubar.lighting-107.3.1] startup
[4.684s] [ext: omni.kit.viewport.menubar.settings-107.0.3] startup
[4.719s] [ext: omni.kit.viewport.menubar.render-107.0.10] startup
[4.742s] [ext: isaacsim.robot.policy.examples-4.1.11] startup
[4.760s] [ext: isaacsim.asset.importer.mjcf-2.5.13] startup
[4.796s] [ext: omni.kit.window.console-1.1.4] startup
[4.806s] [ext: omni.rtx.window.settings-0.6.19] startup
[4.815s] [ext: omni.ocio-0.1.1] startup
[4.818s] [ext: omni.physx.demos-107.3.26] startup
[4.858s] [ext: omni.kit.property.physx-107.3.26] startup
[4.882s] [ext: omni.replicator.replicator_yaml-2.0.11] startup
[4.899s] [ext: omni.asset_validator.core-1.1.6] startup
[4.949s] [ext: omni.rtx.settings.core-0.6.5] startup
[4.953s] [ext: omni.physx.vehicle-107.3.26] startup
[4.972s] [ext: omni.usd.metrics.assembler.ui-107.3.1] startup
[4.981s] [ext: omni.kit.window.script_editor-2.0.1] startup
[4.985s] [ext: isaacsim.robot.wheeled_robots-4.0.24] startup
[4.994s] [ext: omni.physx.asset_validator-107.3.26] startup
[5.003s] [ext: omni.kit.window.toolbar-2.0.0] startup
[5.007s] [ext: omni.physx.camera-107.3.26] startup
[5.019s] [ext: omni.anim.curve.core-1.3.1] startup
[5.032s] [ext: omni.physx.cct-107.3.26] startup
[5.047s] [ext: omni.physx.graph-107.3.26] startup
[5.065s] [ext: omni.physx.supportui-107.3.26] startup
[5.090s] [ext: omni.physx.telemetry-107.3.26] startup
[5.094s] [ext: isaaclab-0.54.2] startup
[5.384s] [ext: isaaclab_contrib-0.0.2] startup
[5.386s] [ext: isaacsim.core.throttling-2.2.2] startup
[5.388s] [ext: omni.kit.ui.actions-1.0.5] startup
[5.391s] [ext: semantics.schema.property-2.0.1] startup
[5.393s] [ext: omni.physx.bundle-107.3.26] startup
[5.393s] [ext: isaacsim.sensors.camera-1.3.6] startup
[5.399s] [ext: isaaclab_assets-0.2.4] startup
[5.694s] [ext: isaaclab_tasks-0.11.12] startup
[5.914s] [ext: omni.kit.menu.common-2.0.1] startup
[5.916s] [ext: isaaclab_rl-0.4.7] startup
[5.917s] [ext: isaaclab_mimic-1.0.16] startup
[5.917s] [ext: isaaclab.python-2.3.2] startup
[5.921s] Simulation App Starting
2026-09-08T20:22:09Z [6,061ms] [Warning] [omni.fabric.plugin] Warning: attribute overrideClipRange not found for bucket id 9

[6.218s] app ready
[14.627s] Simulation App Startup Complete

[36m===================================================================================================================[0m
[36m[1m[INFO][IsaacLab]: Logging to file: C:\Users\wts28\AppData\Local\Temp\isaaclab\logs\isaaclab_2026-09-08_16-22-17.log[0m
[36m===================================================================================================================[0m

[14.698s] [ext: omni.physx.fabric-107.3.26] startup
[33m16:22:18 [simulation_context.py] WARNING: The `enable_external_forces_every_iteration` parameter in the PhysxCfg is set to False. If you are experiencing noisy velocities, consider enabling this flag. You may need to slightly increase the number of velocity iterations (setting it to 1 or 2 rather than 0), together with this flag, to improve the accuracy of velocity updates.[0m
2026-09-08T20:22:19Z [16,723ms] [Warning] [omni.physx.fabric.plugin] FabricManager::initializePointInstancer mismatched prototypes on point instancer: /World/TrainingDrones.
2026-09-08T20:22:19Z [16,737ms] [Warning] [omni.fabric.plugin] Warning: attribute timeVaryingAttributes not found for bucket id 1f

[W908 16:22:19.000000000 Context.cpp:324] Warning: torch.backends.cuda.preferred_linalg_library is an experimental feature. If you see any error or unexpected behavior when this flag is set please file an issue on GitHub. (function operator ())
2026-09-08T20:22:48Z [45,689ms] [Warning] [omni.physx.fabric.plugin] FabricManager::initializePointInstancer mismatched prototypes on point instancer: /World/TrainingDrones.
[80.188s] Simulation App Shutting Down
