Checked paired OptiTrack / commands: whip_adp_0_001
Checked paired OptiTrack / commands: whip_adp_0_002
Checked paired OptiTrack / commands: whip_adp_0_003
Checked paired OptiTrack / commands: whip_adp_0_004
Checked paired OptiTrack / commands: whip_adp_0_005
Batch vertical hover bias [m]: 0.050705750000000105
{"stage": "leave_out_whip_adp_0_001 nominal translation", "delay_s": 0.02, "gains": [2.9639098722960484, 14.208939395400797, 4.268059869400855, 2.928353513407247, 0.48495721908599165, 1.6572827659797085], "objective": 6.6137645080988, "nfev": 8, "success": true}
{"stage": "leave_out_whip_adp_0_001 nominal translation", "delay_s": 0.04, "gains": [2.9639098722960338, 14.942355421395709, 3.8898469220584153, 3.648087807971154, 0.5939539133807575, 1.901412005838114], "objective": 6.599386911351396, "nfev": 10, "success": true}
{"stage": "leave_out_whip_adp_0_001 nominal translation", "delay_s": 0.06, "gains": [2.963909872296037, 14.611399809414765, 4.6258520209258585, 3.648087818722285, 0.6082689290685747, 2.041241961224355], "objective": 6.7638500443508285, "nfev": 10, "success": true}
{"stage": "leave_out_whip_adp_0_001 nominal translation", "delay_s": 0.08, "gains": [2.9639098722960338, 14.414743481487058, 6.172606914053462, 3.6480878201100557, 0.608268929068575, 2.1841601247296416], "objective": 7.207391244530505, "nfev": 11, "success": true}
{"stage": "leave_out_whip_adp_0_001 nominal translation", "delay_s": 0.1, "gains": [2.9639098722960338, 14.343038397268995, 9.636693671111843, 3.6480878201083358, 0.608268929068575, 2.3310973849012573], "objective": 7.884484220412121, "nfev": 11, "success": true}
{"stage": "leave_out_whip_adp_0_001 drone residual", "update": 10, "loss": 2.9194830044079247, "gradient_norm": 1.7943494933213466}
{"stage": "leave_out_whip_adp_0_001 drone residual", "update": 20, "loss": 2.7291896507955724, "gradient_norm": 1.5399615305154368}
{"stage": "leave_out_whip_adp_0_001 drone residual", "update": 30, "loss": 2.565664181340436, "gradient_norm": 1.234550676136969}
{"stage": "leave_out_whip_adp_0_001 drone residual", "update": 40, "loss": 2.4318166553557625, "gradient_norm": 0.9355064478572915}
{"stage": "leave_out_whip_adp_0_001 drone residual", "update": 50, "loss": 2.3305154602104037, "gradient_norm": 0.7019311505405915}
{"stage": "leave_out_whip_adp_0_001 drone residual", "update": 60, "loss": 2.2543325702991375, "gradient_norm": 0.5936928594603206}
{"stage": "leave_out_whip_adp_0_001 drone residual", "update": 70, "loss": 2.183768001276511, "gradient_norm": 0.6024947259514797}
{"stage": "leave_out_whip_adp_0_001 drone residual", "update": 80, "loss": 2.1057311857983407, "gradient_norm": 0.654143032494655}
{"stage": "leave_out_whip_adp_0_001 drone complete", "heldout": ["whip_adp_0_001"], "selected_update": 80}
{"stage": "leave_out_whip_adp_0_002 nominal translation", "delay_s": 0.02, "gains": [2.963909872296044, 14.496521441704472, 4.3710101636004275, 3.0265132727892365, 0.4752519281486633, 1.6885293207029386], "objective": 6.539477497049615, "nfev": 8, "success": true}
{"stage": "leave_out_whip_adp_0_002 nominal translation", "delay_s": 0.04, "gains": [2.9639098722960338, 15.074228310686244, 4.004030748803393, 3.6480878199895894, 0.5855363882006255, 1.9203589687465739], "objective": 6.527613782062418, "nfev": 10, "success": true}
{"stage": "leave_out_whip_adp_0_002 nominal translation", "delay_s": 0.06, "gains": [2.9639098722960364, 14.745949182452854, 4.651793974019185, 3.648087819431459, 0.6082689290685747, 2.06061555929407], "objective": 6.686883992829033, "nfev": 10, "success": true}
{"stage": "leave_out_whip_adp_0_002 nominal translation", "delay_s": 0.08, "gains": [2.9639098722960338, 14.550643851178451, 6.2029216087412244, 3.648087820110049, 0.608268929068575, 2.2039931104007935], "objective": 7.124167005666838, "nfev": 11, "success": true}
{"stage": "leave_out_whip_adp_0_002 nominal translation", "delay_s": 0.1, "gains": [2.9639098722960338, 14.478019265692142, 9.617593420170877, 3.6480878201100735, 0.608268929068575, 2.3513555537678226], "objective": 7.797151883857746, "nfev": 12, "success": true}
{"stage": "leave_out_whip_adp_0_002 drone residual", "update": 10, "loss": 2.8847100458156913, "gradient_norm": 1.7299837957279607}
{"stage": "leave_out_whip_adp_0_002 drone residual", "update": 20, "loss": 2.7004541764389107, "gradient_norm": 1.4817481310406184}
{"stage": "leave_out_whip_adp_0_002 drone residual", "update": 30, "loss": 2.542156249221624, "gradient_norm": 1.1854005848120606}
{"stage": "leave_out_whip_adp_0_002 drone residual", "update": 40, "loss": 2.4124709969992963, "gradient_norm": 0.8993327232920941}
{"stage": "leave_out_whip_adp_0_002 drone residual", "update": 50, "loss": 2.314405063122268, "gradient_norm": 0.6838851609871217}
{"stage": "leave_out_whip_adp_0_002 drone residual", "update": 60, "loss": 2.2390689106352313, "gradient_norm": 0.591014333706661}
{"stage": "leave_out_whip_adp_0_002 drone residual", "update": 70, "loss": 2.168084634870556, "gradient_norm": 0.6048389644319682}
{"stage": "leave_out_whip_adp_0_002 drone residual", "update": 80, "loss": 2.0900494783648393, "gradient_norm": 0.6536262312369565}
{"stage": "leave_out_whip_adp_0_002 drone complete", "heldout": ["whip_adp_0_002"], "selected_update": 80}
{"stage": "leave_out_whip_adp_0_003 nominal translation", "delay_s": 0.02, "gains": [2.963909872296081, 14.404331907968697, 4.207229775910418, 3.058997020493545, 0.49695657558223183, 1.6892545153408551], "objective": 6.481057584517648, "nfev": 8, "success": true}
{"stage": "leave_out_whip_adp_0_003 nominal translation", "delay_s": 0.04, "gains": [2.9639098722960338, 14.915325271309147, 3.776870395450114, 3.64808782006554, 0.6082688764073535, 1.9149269363071515], "objective": 6.4574239286267145, "nfev": 10, "success": true}
{"stage": "leave_out_whip_adp_0_003 nominal translation", "delay_s": 0.06, "gains": [2.9639098722960338, 14.595242388542824, 4.6785804152088195, 3.6480878198695668, 0.608268929068575, 2.054975454900606], "objective": 6.638850952825938, "nfev": 10, "success": true}
{"stage": "leave_out_whip_adp_0_003 nominal translation", "delay_s": 0.08, "gains": [2.9639098722960338, 14.408857789195558, 6.213117033038927, 3.6480878201100526, 0.608268929068575, 2.1982249961811458], "objective": 7.10369154646177, "nfev": 11, "success": true}
{"stage": "leave_out_whip_adp_0_003 nominal translation", "delay_s": 0.1, "gains": [2.9639098722960338, 14.344290259794043, 9.54327771452514, 3.648087820110074, 0.608268929068575, 2.3454716009978083], "objective": 7.807898334999009, "nfev": 12, "success": true}
{"stage": "leave_out_whip_adp_0_003 drone residual", "update": 10, "loss": 2.8472075788142583, "gradient_norm": 1.7741322631344452}
{"stage": "leave_out_whip_adp_0_003 drone residual", "update": 20, "loss": 2.6590664295577406, "gradient_norm": 1.5027962061531401}
{"stage": "leave_out_whip_adp_0_003 drone residual", "update": 30, "loss": 2.5002459890000415, "gradient_norm": 1.1850284161549471}
{"stage": "leave_out_whip_adp_0_003 drone residual", "update": 40, "loss": 2.372580119280322, "gradient_norm": 0.8872281209438124}
{"stage": "leave_out_whip_adp_0_003 drone residual", "update": 50, "loss": 2.2772393654764476, "gradient_norm": 0.6760730516619154}
{"stage": "leave_out_whip_adp_0_003 drone residual", "update": 60, "loss": 2.2025007584268455, "gradient_norm": 0.598931405251}
{"stage": "leave_out_whip_adp_0_003 drone residual", "update": 70, "loss": 2.1296933415799884, "gradient_norm": 0.6222810969610141}
{"stage": "leave_out_whip_adp_0_003 drone residual", "update": 80, "loss": 2.048976677343417, "gradient_norm": 0.6725180715672473}
{"stage": "leave_out_whip_adp_0_003 drone complete", "heldout": ["whip_adp_0_003"], "selected_update": 80}
{"stage": "leave_out_whip_adp_0_004 nominal translation", "delay_s": 0.02, "gains": [2.96390987229611, 14.182738668881798, 4.1802295273051, 2.9366366213181982, 0.49343372099701643, 1.6674868522276778], "objective": 6.376911843552663, "nfev": 8, "success": true}
{"stage": "leave_out_whip_adp_0_004 nominal translation", "delay_s": 0.04, "gains": [2.9639098722960338, 14.906873962780764, 3.786209036799466, 3.6480878052224686, 0.6023948110477081, 1.9128448977391457], "objective": 6.379651552417203, "nfev": 10, "success": true}
{"stage": "leave_out_whip_adp_0_004 nominal translation", "delay_s": 0.06, "gains": [2.9639098722960386, 14.57557730245612, 4.629041217944614, 3.6480878182356733, 0.6082689290685745, 2.052328045633124], "objective": 6.572228364321825, "nfev": 10, "success": true}
{"stage": "leave_out_whip_adp_0_004 nominal translation", "delay_s": 0.08, "gains": [2.9639098722960338, 14.379954704208014, 6.209673447317322, 3.6480878201099904, 0.608268929068575, 2.1950434522793523], "objective": 7.042212230103238, "nfev": 11, "success": true}
{"stage": "leave_out_whip_adp_0_004 nominal translation", "delay_s": 0.1, "gains": [2.9639098722960338, 14.308275327908758, 9.789930518775833, 3.648087820110072, 0.608268929068575, 2.3418186222453627], "objective": 7.7404667277948, "nfev": 12, "success": true}
{"stage": "leave_out_whip_adp_0_004 drone residual", "update": 10, "loss": 2.9178190106938158, "gradient_norm": 1.7069857994856468}
{"stage": "leave_out_whip_adp_0_004 drone residual", "update": 20, "loss": 2.735966924755346, "gradient_norm": 1.4622658413213638}
{"stage": "leave_out_whip_adp_0_004 drone residual", "update": 30, "loss": 2.580704661837888, "gradient_norm": 1.1596028886989806}
{"stage": "leave_out_whip_adp_0_004 drone residual", "update": 40, "loss": 2.4565742685724192, "gradient_norm": 0.8637544825866293}
{"stage": "leave_out_whip_adp_0_004 drone residual", "update": 50, "loss": 2.3660581744409774, "gradient_norm": 0.644159598013399}
{"stage": "leave_out_whip_adp_0_004 drone residual", "update": 60, "loss": 2.2985604146582364, "gradient_norm": 0.5447058167400994}
{"stage": "leave_out_whip_adp_0_004 drone residual", "update": 70, "loss": 2.235142316700226, "gradient_norm": 0.5523675214576351}
{"stage": "leave_out_whip_adp_0_004 drone residual", "update": 80, "loss": 2.162984114300976, "gradient_norm": 0.6098138935139881}
{"stage": "leave_out_whip_adp_0_004 drone complete", "heldout": ["whip_adp_0_004"], "selected_update": 80}
{"stage": "leave_out_whip_adp_0_005 nominal translation", "delay_s": 0.02, "gains": [2.9639098722960373, 14.91173820067946, 4.424535704704227, 3.134104331683709, 0.47352883672086904, 1.7242410947876312], "objective": 6.44892002100618, "nfev": 8, "success": true}
{"stage": "leave_out_whip_adp_0_005 nominal translation", "delay_s": 0.04, "gains": [2.9639098722960338, 15.35506165292822, 4.026073023953767, 3.6480878085639796, 0.5867850504958703, 1.9434073147509858], "objective": 6.4381456428221115, "nfev": 9, "success": true}
{"stage": "leave_out_whip_adp_0_005 nominal translation", "delay_s": 0.06, "gains": [2.9639098722960338, 15.03942026314317, 4.680768637680733, 3.6480878199440014, 0.608268929068575, 2.085399791792296], "objective": 6.604520734144031, "nfev": 10, "success": true}
{"stage": "leave_out_whip_adp_0_005 nominal translation", "delay_s": 0.08, "gains": [2.9639098722960338, 14.849028672232375, 6.204887207076864, 3.648087820110059, 0.608268929068575, 2.23035070400207], "objective": 7.057290043576575, "nfev": 11, "success": true}
{"stage": "leave_out_whip_adp_0_005 nominal translation", "delay_s": 0.1, "gains": [2.9639098722960338, 14.777356943409647, 9.49727161106446, 3.648087820110073, 0.608268929068575, 2.3792010260589995], "objective": 7.756013907391674, "nfev": 12, "success": true}
{"stage": "leave_out_whip_adp_0_005 drone residual", "update": 10, "loss": 2.862768067928523, "gradient_norm": 1.6927248842627487}
{"stage": "leave_out_whip_adp_0_005 drone residual", "update": 20, "loss": 2.681435311192359, "gradient_norm": 1.4478386522496993}
{"stage": "leave_out_whip_adp_0_005 drone residual", "update": 30, "loss": 2.5256704510106274, "gradient_norm": 1.1553683635672056}
{"stage": "leave_out_whip_adp_0_005 drone residual", "update": 40, "loss": 2.3982294141485276, "gradient_norm": 0.8759220171247701}
{"stage": "leave_out_whip_adp_0_005 drone residual", "update": 50, "loss": 2.301884894165081, "gradient_norm": 0.6732097132467953}
{"stage": "leave_out_whip_adp_0_005 drone residual", "update": 60, "loss": 2.2262243189668087, "gradient_norm": 0.5943180037104451}
{"stage": "leave_out_whip_adp_0_005 drone residual", "update": 70, "loss": 2.1534813255711396, "gradient_norm": 0.6140406670680336}
{"stage": "leave_out_whip_adp_0_005 drone residual", "update": 80, "loss": 2.073891598212895, "gradient_norm": 0.6600056147923536}
{"stage": "leave_out_whip_adp_0_005 drone complete", "heldout": ["whip_adp_0_005"], "selected_update": 80}
{"stage": "all_five nominal translation", "delay_s": 0.02, "gains": [2.9639098722960515, 14.446444108596243, 4.2906212996819235, 3.019829581976517, 0.4848211505180697, 1.6857323801157915], "objective": 6.4933647734545605, "nfev": 8, "success": true}
{"stage": "all_five nominal translation", "delay_s": 0.04, "gains": [2.9639098722960338, 15.039750018813903, 3.892366805381073, 3.648087819972995, 0.5958044149595032, 1.918600619175975], "objective": 6.481707253298797, "nfev": 10, "success": true}
{"stage": "all_five nominal translation", "delay_s": 0.06, "gains": [2.9639098722960355, 14.714089172756136, 4.65342338688426, 3.648087819501199, 0.6082689290685748, 2.0589103085230693], "objective": 6.653910962984837, "nfev": 10, "success": true}
{"stage": "all_five nominal translation", "delay_s": 0.08, "gains": [2.9639098722960338, 14.520856100561296, 6.200744561296349, 3.6480878201100464, 0.608268929068575, 2.202339417170805], "objective": 7.107598427173071, "nfev": 11, "success": true}
{"stage": "all_five nominal translation", "delay_s": 0.1, "gains": [2.9639098722960338, 14.449741027271576, 9.61445251828998, 3.6480878201100735, 0.608268929068575, 2.3497427287783097], "objective": 7.797932187286852, "nfev": 12, "success": true}
{"stage": "all_five drone residual", "update": 10, "loss": 2.875896671952748, "gradient_norm": 1.7590944859398905}
{"stage": "all_five drone residual", "update": 20, "loss": 2.6888638406594407, "gradient_norm": 1.5032918496660133}
{"stage": "all_five drone residual", "update": 30, "loss": 2.528672694974517, "gradient_norm": 1.1995648837482589}
{"stage": "all_five drone residual", "update": 40, "loss": 2.397795746806538, "gradient_norm": 0.9074932736328186}
{"stage": "all_five drone residual", "update": 50, "loss": 2.2988316127086144, "gradient_norm": 0.6885004037757296}
{"stage": "all_five drone residual", "update": 60, "loss": 2.222606399582054, "gradient_norm": 0.5967343186159757}
{"stage": "all_five drone residual", "update": 70, "loss": 2.150306069310253, "gradient_norm": 0.6128639811730554}
{"stage": "all_five drone residual", "update": 80, "loss": 2.070719254841153, "gradient_norm": 0.6619538851377865}
{"stage": "all_five drone complete", "heldout": [], "selected_update": 80}
{"stage": "cable physical grid", "candidates": 9, "windows": 10}
[W908 22:37:22.000000000 Context.cpp:448] Warning: torch.backends.cuda.preferred_linalg_library is an experimental feature. If you see any error or unexpected behavior when this flag is set please file an issue on GitHub. (function operator ())
{"stage": "six independent cable fits", "update": 1, "losses": [0.05559160907389396, 0.056601134318044186, 0.05723220842250467, 0.057179108297027985, 0.05530756190053538, 0.05638232440240123], "gradient_norms": [0.011913775255467421, 0.01171306707612696, 0.0119414897972593, 0.011985917313947691, 0.01156349230128007, 0.011817508009047418], "elapsed_s": 14.949531399994157}
{"stage": "six independent cable fits", "update": 2, "losses": [0.05544341159012732, 0.056454937124290484, 0.05708205933616435, 0.057030509870457984, 0.05516141887774982, 0.056234540311496016], "gradient_norms": [0.011992257240926285, 0.011789933671667842, 0.01202005377457363, 0.012065233702401732, 0.011636361191265402, 0.011895062728070222], "elapsed_s": 14.530124200013233}
{"stage": "six independent cable fits", "update": 3, "losses": [0.055292940428383, 0.056306525063657104, 0.05692962597939794, 0.05687972144725114, 0.05501308407287572, 0.05608450573300435], "gradient_norms": [0.012099259579660876, 0.011893071466816554, 0.012127498042316637, 0.0121739650150212, 0.011737117568916268, 0.012000204435247996], "elapsed_s": 14.386401299998397}
{"stage": "six independent cable fits", "update": 4, "losses": [0.055139352854224444, 0.0561551109289661, 0.05677410731898523, 0.05672592466587136, 0.05486177854402744, 0.0559314294742052], "gradient_norms": [0.012222101380474864, 0.012011448476295714, 0.012251077310442332, 0.01229855022941426, 0.011852966294699691, 0.012120889877681298], "elapsed_s": 14.520148699986748}
{"stage": "six independent cable fits", "update": 5, "losses": [0.05498220861814039, 0.05600027973112246, 0.056615115387338225, 0.0565686093017574, 0.054707049689090737, 0.05577485523828943], "gradient_norms": [0.012355383265419434, 0.012139805491227288, 0.012384138997322127, 0.012432658785013342, 0.011977377467244355, 0.012251410331521226], "elapsed_s": 14.575421000015922}
{"stage": "six independent cable fits", "update": 6, "losses": [0.05482127661513324, 0.05584165977261779, 0.05645230778333243, 0.0564073885816186, 0.05454868314856174, 0.05561453398176803], "gradient_norms": [0.012493574951867393, 0.012273657843970283, 0.012523561215451798, 0.012572851676370473, 0.012107828851622454, 0.012386499530484945], "elapsed_s": 14.418344900012016, "complete_window_selection": [0.757691574651587, 0.776435062494785, 0.7734945946760816, 0.7565182752414581, 0.7441826479676019, 0.7620967364589566]}
{"stage": "six independent cable fits", "update": 7, "losses": [0.05465618461581349, 0.055679008056596785, 0.05628544230704705, 0.05624198550834064, 0.05438636028933905, 0.05545012975018655], "gradient_norms": [0.012636678735643593, 0.012413231317551987, 0.012668145175487769, 0.012716979730896269, 0.01224257409946535, 0.0125262102996297], "elapsed_s": 14.600906100007705}
{"stage": "six independent cable fits", "update": 8, "losses": [0.054486871924347646, 0.055512261006442964, 0.05611443737805284, 0.05607228362242877, 0.054220038921592564, 0.055281645189622475], "gradient_norms": [0.012784274240747802, 0.01256138459858895, 0.012826553086563384, 0.012863337391813225, 0.012383393063104133, 0.012673542880725338], "elapsed_s": 14.37842079999973}
{"stage": "six independent cable fits", "update": 9, "losses": [0.05431315770274598, 0.05534097868008485, 0.05593888301896098, 0.05589813691835575, 0.054049400341316896, 0.05510878695696882], "gradient_norms": [0.012928798109461738, 0.012689549173246635, 0.012954434082367182, 0.013009910999374708, 0.012518474961208932, 0.012814440997035017], "elapsed_s": 14.45469199999934}
{"stage": "six independent cable fits", "update": 10, "losses": [0.05413481880623459, 0.05516530960475452, 0.05575890544511341, 0.0557193825656475, 0.05387437597826354, 0.05493140026525834], "gradient_norms": [0.01306726719799716, 0.01282413649049267, 0.013093509911990727, 0.013156428453059773, 0.012642594571732935, 0.012944838252126794], "elapsed_s": 14.47598739998648}
{"stage": "six independent cable fits", "update": 11, "losses": [0.053952089067921316, 0.054985203433269916, 0.05557443640704409, 0.0555363265681689, 0.05369520946364622, 0.05474970405545728], "gradient_norms": [0.013203376064277328, 0.012956514093850234, 0.013229707766437032, 0.013298029491890791, 0.012766927862301393, 0.013078057789356176], "elapsed_s": 14.299178300017957}
{"stage": "six independent cable fits", "update": 12, "losses": [0.053765195726363436, 0.054800867167034674, 0.05538569619708944, 0.055348983722839924, 0.053512104785977906, 0.05456388394100989], "gradient_norms": [0.013334534972248535, 0.013083520989543249, 0.013359211781930568, 0.013434694732636818, 0.012887627523916902, 0.01320507019189984], "elapsed_s": 14.254665299988119, "complete_window_selection": [0.7292725338058518, 0.7476781185001825, 0.7476679083007199, 0.7266217388849505, 0.7179284799022096, 0.7346518255163653]}
{"stage": "six independent cable fits", "update": 13, "losses": [0.05357417883078818, 0.0546123776642654, 0.05519276697766358, 0.05515729635364572, 0.053325076533447084, 0.05437396438860892], "gradient_norms": [0.013459619076671463, 0.013205377880232225, 0.013488077804932901, 0.013565030404216395, 0.013000209280858913, 0.013326483580143447], "elapsed_s": 14.295868599991081}
{"stage": "six independent cable fits", "update": 14, "losses": [0.05337925086273152, 0.054419973528147245, 0.05499596333734612, 0.054961701617102024, 0.05313432037616556, 0.05418012532562979], "gradient_norms": [0.013576746266288568, 0.01331860003822307, 0.0135989543806569, 0.013686527512630412, 0.013105154137988616, 0.013440843735841574], "elapsed_s": 14.617413300002227}
{"stage": "six independent cable fits", "update": 15, "losses": [0.053180637163619426, 0.05422377479309197, 0.054795331281988206, 0.054762291094112785, 0.05294005802499956, 0.053982546048928076], "gradient_norms": [0.01368522298321922, 0.013424242279404502, 0.013705805769343332, 0.013802399570649921, 0.013200416907166364, 0.013546400003297149], "elapsed_s": 14.217415299994173}
{"stage": "six independent cable fits", "update": 16, "losses": [0.052978624147431486, 0.05402404395606488, 0.05459121066095506, 0.05455926228360622, 0.05274255979453131, 0.053781515809621545], "gradient_norms": [0.013782818712854873, 0.013520192965512576, 0.013802193049649776, 0.01390603235698897, 0.013284340443521638, 0.013641722656859057], "elapsed_s": 14.29953899999964}
{"stage": "six independent cable fits", "update": 17, "losses": [0.05277354005754642, 0.053821067741898196, 0.05438398666349051, 0.05435304011596676, 0.05254223355581574, 0.05357735167684735], "gradient_norms": [0.013870423116961274, 0.013605031097463112, 0.013888662704624428, 0.013998871790845979, 0.013358406219098581, 0.01372720344643553], "elapsed_s": 14.42888610000955}
{"stage": "six independent cable fits", "update": 18, "losses": [0.05256562092223298, 0.05361524229423043, 0.0541737660582903, 0.05414382230621744, 0.052339273667298084, 0.053370282281821106], "gradient_norms": [0.013943420764282436, 0.013678217225677679, 0.013962457082505798, 0.014081581825118214, 0.013430386234283945, 0.013800996471662512], "elapsed_s": 14.236146500014002, "complete_window_selection": [0.6947008688518427, 0.7113206016353926, 0.7151826536707782, 0.6899049656556352, 0.6853724367206919, 0.7001159301702755]}
{"stage": "six independent cable fits", "update": 19, "losses": [0.052355137114980965, 0.05340666805623098, 0.05396078792470533, 0.05393194450987768, 0.052134229602644515, 0.05316052058154049], "gradient_norms": [0.014014010211489536, 0.01374263880461383, 0.014023086537119573, 0.014148521156102614, 0.01348083022970755, 0.013862518854218837], "elapsed_s": 14.939851500006625}
{"stage": "six independent cable fits", "update": 20, "losses": [0.052142434220760224, 0.053195723742341494, 0.05374553689356545, 0.053717668253876714, 0.05192730720103657, 0.05294849963859944], "gradient_norms": [0.014058156951528412, 0.01379044989149898, 0.014067821282776841, 0.01420508898568666, 0.013499304216231972, 0.013908737070960814], "elapsed_s": 14.7944259000069}
{"stage": "six independent cable fits", "update": 21, "losses": [0.051927759643032784, 0.05298281039598468, 0.05352835647559957, 0.053501393223659745, 0.051718832612886914, 0.05273456601564196], "gradient_norms": [0.014086777998686352, 0.013826915054322668, 0.014100231367670324, 0.01424398690632861, 0.01351932284527615, 0.013942862776493477], "elapsed_s": 15.128900300012901}
{"stage": "six independent cable fits", "update": 22, "losses": [0.0517116561144222, 0.05276848776630358, 0.05330964045662789, 0.05328332724487328, 0.05150884534093666, 0.05251914440605775], "gradient_norms": [0.014113521873523523, 0.013842875758211482, 0.014110661439102903, 0.014273247497246051, 0.013522561182185176, 0.013964178212951449], "elapsed_s": 16.15006079999148}
{"stage": "six independent cable fits", "update": 23, "losses": [0.051494719044544904, 0.05255267459587261, 0.05308945659964806, 0.05306385412473841, 0.05129835311830676, 0.05230227407591052], "gradient_norms": [0.014114913501176904, 0.013855159919638815, 0.014123968787560922, 0.014286162514791041, 0.013511562589148433, 0.013968501205062865], "elapsed_s": 15.031097800005227}
{"stage": "six independent cable fits", "update": 24, "losses": [0.05127677608566068, 0.05233633913655032, 0.05286865385317034, 0.05284342843819576, 0.05108685984916096, 0.052084837937264185], "gradient_norms": [0.01410597507772849, 0.01384950667637795, 0.01412757022082549, 0.014283385673325683, 0.013492415169449483, 0.013955837753586898], "elapsed_s": 15.180606900015846, "complete_window_selection": [0.6563741394945807, 0.6708556390726164, 0.677900902795767, 0.6496596844238949, 0.6484687617537693, 0.6610065222458621]}
{"stage": "attitude after residual", "fold": "leave_out_whip_adp_0_001", "before": 0.2855846017766153, "after": 0.2834820197839616, "values": [1.1892336786383892, 0.5108777635580696, 0.04328153073905138]}
{"stage": "attitude after residual", "fold": "leave_out_whip_adp_0_002", "before": 0.28092951920021103, "after": 0.2792079072364225, "values": [1.1880241580383089, 0.5117962031140136, 0.04328153073905138]}
{"stage": "attitude after residual", "fold": "leave_out_whip_adp_0_003", "before": 0.29054812824361104, "after": 0.28874138495939444, "values": [1.1914608308806434, 0.528602686955487, 0.04328153073905138]}
{"stage": "attitude after residual", "fold": "leave_out_whip_adp_0_004", "before": 0.3650924937158659, "after": 0.36363687393940114, "values": [1.1854094734682217, 0.4791643680037476, 0.04328153073905138]}
{"stage": "attitude after residual", "fold": "leave_out_whip_adp_0_005", "before": 0.28581592201378997, "after": 0.2839135810262092, "values": [1.1894965389450554, 0.5163797419518678, 0.04328153073905138]}
{"stage": "attitude after residual", "fold": "all_five", "before": 0.28534264299059253, "after": 0.2833658839880451, "values": [1.1902901545951226, 0.5179636262500064, 0.04328153073905138]}
{"stage": "baseline M0_initialized", "take": "whip_adp_0_001"}
{"stage": "baseline smooth_M0_initialized", "take": "whip_adp_0_001"}
{"stage": "baseline M0_initialized", "take": "whip_adp_0_002"}
{"stage": "baseline smooth_M0_initialized", "take": "whip_adp_0_002"}
{"stage": "baseline M0_initialized", "take": "whip_adp_0_003"}
{"stage": "baseline smooth_M0_initialized", "take": "whip_adp_0_003"}
{"stage": "baseline M0_initialized", "take": "whip_adp_0_004"}
{"stage": "baseline smooth_M0_initialized", "take": "whip_adp_0_004"}
{"stage": "baseline M0_initialized", "take": "whip_adp_0_005"}
{"stage": "baseline smooth_M0_initialized", "take": "whip_adp_0_005"}
{"stage": "baseline M0_initialized", "take": "whip_adp_0_001"}
{"stage": "baseline smooth_M0_initialized", "take": "whip_adp_0_001"}
{"stage": "baseline M0_initialized", "take": "whip_adp_0_002"}
{"stage": "baseline smooth_M0_initialized", "take": "whip_adp_0_002"}
{"stage": "baseline M0_initialized", "take": "whip_adp_0_003"}
{"stage": "baseline smooth_M0_initialized", "take": "whip_adp_0_003"}
{"stage": "baseline M0_initialized", "take": "whip_adp_0_004"}
{"stage": "baseline smooth_M0_initialized", "take": "whip_adp_0_004"}
{"stage": "baseline M0_initialized", "take": "whip_adp_0_005"}
{"stage": "baseline smooth_M0_initialized", "take": "whip_adp_0_005"}
{"stage": "whole-flight validation", "fold": "leave_out_whip_adp_0_001", "take": "whip_adp_0_001", "variant": "drone_only"}
{"stage": "whole-flight validation", "fold": "leave_out_whip_adp_0_001", "take": "whip_adp_0_001", "variant": "cable_only"}
{"stage": "whole-flight validation", "fold": "leave_out_whip_adp_0_001", "take": "whip_adp_0_001", "variant": "both"}
{"stage": "whole-flight validation", "fold": "leave_out_whip_adp_0_002", "take": "whip_adp_0_002", "variant": "drone_only"}
{"stage": "whole-flight validation", "fold": "leave_out_whip_adp_0_002", "take": "whip_adp_0_002", "variant": "cable_only"}
{"stage": "whole-flight validation", "fold": "leave_out_whip_adp_0_002", "take": "whip_adp_0_002", "variant": "both"}
{"stage": "whole-flight validation", "fold": "leave_out_whip_adp_0_003", "take": "whip_adp_0_003", "variant": "drone_only"}
{"stage": "whole-flight validation", "fold": "leave_out_whip_adp_0_003", "take": "whip_adp_0_003", "variant": "cable_only"}
{"stage": "whole-flight validation", "fold": "leave_out_whip_adp_0_003", "take": "whip_adp_0_003", "variant": "both"}
{"stage": "whole-flight validation", "fold": "leave_out_whip_adp_0_004", "take": "whip_adp_0_004", "variant": "drone_only"}
{"stage": "whole-flight validation", "fold": "leave_out_whip_adp_0_004", "take": "whip_adp_0_004", "variant": "cable_only"}
{"stage": "whole-flight validation", "fold": "leave_out_whip_adp_0_004", "take": "whip_adp_0_004", "variant": "both"}
{"stage": "whole-flight validation", "fold": "leave_out_whip_adp_0_005", "take": "whip_adp_0_005", "variant": "drone_only"}
{"stage": "whole-flight validation", "fold": "leave_out_whip_adp_0_005", "take": "whip_adp_0_005", "variant": "cable_only"}
{"stage": "whole-flight validation", "fold": "leave_out_whip_adp_0_005", "take": "whip_adp_0_005", "variant": "both"}
{"stage": "whole-flight validation", "fold": "all_five", "take": "whip_adp_0_001", "variant": "both"}
{"stage": "whole-flight validation", "fold": "all_five", "take": "whip_adp_0_002", "variant": "both"}
{"stage": "whole-flight validation", "fold": "all_five", "take": "whip_adp_0_003", "variant": "both"}
{"stage": "whole-flight validation", "fold": "all_five", "take": "whip_adp_0_004", "variant": "both"}
Traceback (most recent call last):
  File "C:\Users\wts28\Documents\PHD\particle_filter_cable_project\tools\model_job.py", line 77, in <module>
    args=p.parse_args();run(args.stage,args.job,args.batch)
                        ^^^^^^^^^^^^^^^^^^^^^^^^^^^^^^^^^^^
  File "C:\Users\wts28\Documents\PHD\particle_filter_cable_project\tools\model_job.py", line 18, in run
    run(step,job)
  File "C:\Users\wts28\Documents\PHD\particle_filter_cable_project\tools\model_job.py", line 68, in run
    functions[stage](job)
  File "C:\Users\wts28\Documents\PHD\particle_filter_cable_project\experimental_data\current_adaptation_validation.py", line 124, in validation_run
    note(job,'whole-flight validation',fold=label,take=name,variant=variant)
  File "C:\Users\wts28\Documents\PHD\particle_filter_cable_project\experimental_data\current_adaptation_fit.py", line 25, in note
    raise InterruptedError('Adaptation stopped at a fit/update boundary; partial results preserved.')
InterruptedError: Adaptation stopped at a fit/update boundary; partial results preserved.
