[W909 13:11:23.000000000 Context.cpp:448] Warning: torch.backends.cuda.preferred_linalg_library is an experimental feature. If you see any error or unexpected behavior when this flag is set please file an issue on GitHub. (function operator ())
{"stage": "MPPI lookahead optimization", "iteration": 1, "window_iteration": 1, "command_step": 0, "maneuver_time_s": 0.0, "lookahead_s": 1.2}
{"stage": "MPPI lookahead optimization", "iteration": 2, "window_iteration": 2, "command_step": 0, "maneuver_time_s": 0.0, "lookahead_s": 1.2}
{"stage": "MPPI lookahead optimization", "iteration": 3, "window_iteration": 3, "command_step": 0, "maneuver_time_s": 0.0, "lookahead_s": 1.2}
{"stage": "MPPI lookahead optimization", "iteration": 4, "window_iteration": 4, "command_step": 0, "maneuver_time_s": 0.0, "lookahead_s": 1.2}
{"stage": "MPPI lookahead optimization", "iteration": 5, "window_iteration": 5, "command_step": 0, "maneuver_time_s": 0.0, "lookahead_s": 1.2}
{"stage": "MPPI lookahead optimization", "iteration": 6, "window_iteration": 6, "command_step": 0, "maneuver_time_s": 0.0, "lookahead_s": 1.2}
{"stage": "MPPI lookahead optimization", "iteration": 7, "window_iteration": 7, "command_step": 0, "maneuver_time_s": 0.0, "lookahead_s": 1.2}
{"stage": "MPPI lookahead optimization", "iteration": 8, "window_iteration": 8, "command_step": 0, "maneuver_time_s": 0.0, "lookahead_s": 1.2}
{"stage": "MPPI lookahead optimization", "iteration": 9, "window_iteration": 9, "command_step": 0, "maneuver_time_s": 0.0, "lookahead_s": 1.2}
{"stage": "MPPI lookahead optimization", "iteration": 10, "window_iteration": 10, "command_step": 0, "maneuver_time_s": 0.0, "lookahead_s": 1.2}
{"stage": "MPPI lookahead optimization", "iteration": 11, "window_iteration": 11, "command_step": 0, "maneuver_time_s": 0.0, "lookahead_s": 1.2}
{"stage": "MPPI lookahead optimization", "iteration": 12, "window_iteration": 12, "command_step": 0, "maneuver_time_s": 0.0, "lookahead_s": 1.2}
{"stage": "MPPI lookahead optimization", "iteration": 13, "window_iteration": 13, "command_step": 0, "maneuver_time_s": 0.0, "lookahead_s": 1.2}
{"stage": "MPPI lookahead optimization", "iteration": 14, "window_iteration": 14, "command_step": 0, "maneuver_time_s": 0.0, "lookahead_s": 1.2}
{"stage": "MPPI lookahead optimization", "iteration": 15, "window_iteration": 15, "command_step": 0, "maneuver_time_s": 0.0, "lookahead_s": 1.2}
{"stage": "MPPI lookahead optimization", "iteration": 16, "window_iteration": 16, "command_step": 0, "maneuver_time_s": 0.0, "lookahead_s": 1.2}
{"stage": "MPPI lookahead optimization", "iteration": 17, "window_iteration": 17, "command_step": 0, "maneuver_time_s": 0.0, "lookahead_s": 1.2}
{"stage": "MPPI lookahead optimization", "iteration": 18, "window_iteration": 18, "command_step": 0, "maneuver_time_s": 0.0, "lookahead_s": 1.2}
{"stage": "MPPI lookahead optimization", "iteration": 19, "window_iteration": 19, "command_step": 0, "maneuver_time_s": 0.0, "lookahead_s": 1.2}
{"stage": "MPPI lookahead optimization", "iteration": 20, "window_iteration": 20, "command_step": 0, "maneuver_time_s": 0.0, "lookahead_s": 1.2}
{"stage": "MPPI lookahead optimization", "iteration": 21, "window_iteration": 21, "command_step": 0, "maneuver_time_s": 0.0, "lookahead_s": 1.2}
{"stage": "MPPI lookahead optimization", "iteration": 22, "window_iteration": 22, "command_step": 0, "maneuver_time_s": 0.0, "lookahead_s": 1.2}
{"stage": "MPPI lookahead optimization", "iteration": 23, "window_iteration": 23, "command_step": 0, "maneuver_time_s": 0.0, "lookahead_s": 1.2}
{"stage": "MPPI lookahead optimization", "iteration": 24, "window_iteration": 24, "command_step": 0, "maneuver_time_s": 0.0, "lookahead_s": 1.2}
{"stage": "MPPI lookahead optimization", "iteration": 25, "window_iteration": 25, "command_step": 0, "maneuver_time_s": 0.0, "lookahead_s": 1.2}
{"stage": "MPPI lookahead optimization", "iteration": 26, "window_iteration": 26, "command_step": 0, "maneuver_time_s": 0.0, "lookahead_s": 1.2}
{"stage": "MPPI lookahead optimization", "iteration": 27, "window_iteration": 27, "command_step": 0, "maneuver_time_s": 0.0, "lookahead_s": 1.2}
{"stage": "MPPI lookahead optimization", "iteration": 28, "window_iteration": 28, "command_step": 0, "maneuver_time_s": 0.0, "lookahead_s": 1.2}
{"stage": "MPPI lookahead optimization", "iteration": 29, "window_iteration": 29, "command_step": 0, "maneuver_time_s": 0.0, "lookahead_s": 1.2}
{"stage": "MPPI lookahead optimization", "iteration": 30, "window_iteration": 30, "command_step": 0, "maneuver_time_s": 0.0, "lookahead_s": 1.2}
{"stage": "MPPI lookahead optimization", "iteration": 31, "window_iteration": 31, "command_step": 0, "maneuver_time_s": 0.0, "lookahead_s": 1.2}
{"stage": "MPPI lookahead optimization", "iteration": 32, "window_iteration": 32, "command_step": 0, "maneuver_time_s": 0.0, "lookahead_s": 1.2}
{"stage": "MPPI lookahead optimization", "iteration": 33, "window_iteration": 33, "command_step": 0, "maneuver_time_s": 0.0, "lookahead_s": 1.2}
{"stage": "MPPI lookahead optimization", "iteration": 34, "window_iteration": 34, "command_step": 0, "maneuver_time_s": 0.0, "lookahead_s": 1.2}
{"stage": "MPPI lookahead optimization", "iteration": 35, "window_iteration": 35, "command_step": 0, "maneuver_time_s": 0.0, "lookahead_s": 1.2}
{"stage": "MPPI lookahead optimization", "iteration": 36, "window_iteration": 36, "command_step": 0, "maneuver_time_s": 0.0, "lookahead_s": 1.2}
{"stage": "Committing next 30 Hz command", "iteration": 36, "command_step": 0}
{"stage": "MPPI command committed", "iteration": 36, "command_step": 1, "time_s": 0.03333333333333333, "iterations": 36, "stop_reason": "reward_plateau", "actual_reward": -0.3310095846921106, "actual_success": false, "actual_failed": false, "actual_minimum_tip_distance_m": 1.3090152012878358, "lookahead_score": 301.42025546330024, "predicted_hit": true, "predicted_failed": false, "predicted_distance_m": 0.03133691369359604}
{"stage": "MPPI lookahead optimization", "iteration": 37, "window_iteration": 1, "command_step": 1, "maneuver_time_s": 0.03333333333333333, "lookahead_s": 1.2}
{"stage": "MPPI lookahead optimization", "iteration": 38, "window_iteration": 2, "command_step": 1, "maneuver_time_s": 0.03333333333333333, "lookahead_s": 1.2}
{"stage": "MPPI lookahead optimization", "iteration": 39, "window_iteration": 3, "command_step": 1, "maneuver_time_s": 0.03333333333333333, "lookahead_s": 1.2}
{"stage": "MPPI lookahead optimization", "iteration": 40, "window_iteration": 4, "command_step": 1, "maneuver_time_s": 0.03333333333333333, "lookahead_s": 1.2}
{"stage": "Committing next 30 Hz command", "iteration": 40, "command_step": 1}
{"stage": "MPPI command committed", "iteration": 40, "command_step": 2, "time_s": 0.06666666666666667, "iterations": 4, "stop_reason": "reward_plateau", "actual_reward": -0.6579803602286172, "actual_success": false, "actual_failed": false, "actual_minimum_tip_distance_m": 1.3088749092753398, "lookahead_score": 301.87314397175055, "predicted_hit": true, "predicted_failed": false, "predicted_distance_m": 0.03952777653029499}
{"stage": "MPPI lookahead optimization", "iteration": 41, "window_iteration": 1, "command_step": 2, "maneuver_time_s": 0.06666666666666667, "lookahead_s": 1.2}
{"stage": "MPPI lookahead optimization", "iteration": 42, "window_iteration": 2, "command_step": 2, "maneuver_time_s": 0.06666666666666667, "lookahead_s": 1.2}
{"stage": "MPPI lookahead optimization", "iteration": 43, "window_iteration": 3, "command_step": 2, "maneuver_time_s": 0.06666666666666667, "lookahead_s": 1.2}
{"stage": "MPPI lookahead optimization", "iteration": 44, "window_iteration": 4, "command_step": 2, "maneuver_time_s": 0.06666666666666667, "lookahead_s": 1.2}
{"stage": "Committing next 30 Hz command", "iteration": 44, "command_step": 2}
{"stage": "MPPI command committed", "iteration": 44, "command_step": 3, "time_s": 0.1, "iterations": 4, "stop_reason": "reward_plateau", "actual_reward": -0.976274841959373, "actual_success": false, "actual_failed": false, "actual_minimum_tip_distance_m": 1.3085455100326528, "lookahead_score": 303.1443356834191, "predicted_hit": true, "predicted_failed": false, "predicted_distance_m": 0.026069434555354102}
{"stage": "MPPI lookahead optimization", "iteration": 45, "window_iteration": 1, "command_step": 3, "maneuver_time_s": 0.1, "lookahead_s": 1.2}
{"stage": "MPPI lookahead optimization", "iteration": 46, "window_iteration": 2, "command_step": 3, "maneuver_time_s": 0.1, "lookahead_s": 1.2}
{"stage": "MPPI lookahead optimization", "iteration": 47, "window_iteration": 3, "command_step": 3, "maneuver_time_s": 0.1, "lookahead_s": 1.2}
{"stage": "MPPI lookahead optimization", "iteration": 48, "window_iteration": 4, "command_step": 3, "maneuver_time_s": 0.1, "lookahead_s": 1.2}
{"stage": "Committing next 30 Hz command", "iteration": 48, "command_step": 3}
{"stage": "MPPI command committed", "iteration": 48, "command_step": 4, "time_s": 0.13333333333333333, "iterations": 4, "stop_reason": "reward_plateau", "actual_reward": -1.2609000435646123, "actual_success": false, "actual_failed": false, "actual_minimum_tip_distance_m": 1.3074821170979796, "lookahead_score": 303.4626301651454, "predicted_hit": true, "predicted_failed": false, "predicted_distance_m": 0.026069434555409467}
{"stage": "MPPI lookahead optimization", "iteration": 49, "window_iteration": 1, "command_step": 4, "maneuver_time_s": 0.13333333333333333, "lookahead_s": 1.2}
{"stage": "MPPI lookahead optimization", "iteration": 50, "window_iteration": 2, "command_step": 4, "maneuver_time_s": 0.13333333333333333, "lookahead_s": 1.2}
{"stage": "MPPI lookahead optimization", "iteration": 51, "window_iteration": 3, "command_step": 4, "maneuver_time_s": 0.13333333333333333, "lookahead_s": 1.2}
{"stage": "MPPI lookahead optimization", "iteration": 52, "window_iteration": 4, "command_step": 4, "maneuver_time_s": 0.13333333333333333, "lookahead_s": 1.2}
{"stage": "Committing next 30 Hz command", "iteration": 52, "command_step": 4}
{"stage": "MPPI command committed", "iteration": 52, "command_step": 5, "time_s": 0.16666666666666666, "iterations": 4, "stop_reason": "reward_plateau", "actual_reward": -1.476547717363124, "actual_success": false, "actual_failed": false, "actual_minimum_tip_distance_m": 1.3049138755018197, "lookahead_score": 303.74725536678494, "predicted_hit": true, "predicted_failed": false, "predicted_distance_m": 0.026069434554966357}
{"stage": "MPPI lookahead optimization", "iteration": 53, "window_iteration": 1, "command_step": 5, "maneuver_time_s": 0.16666666666666666, "lookahead_s": 1.2}
{"stage": "MPPI lookahead optimization", "iteration": 54, "window_iteration": 2, "command_step": 5, "maneuver_time_s": 0.16666666666666666, "lookahead_s": 1.2}
{"stage": "MPPI lookahead optimization", "iteration": 55, "window_iteration": 3, "command_step": 5, "maneuver_time_s": 0.16666666666666666, "lookahead_s": 1.2}
{"stage": "MPPI lookahead optimization", "iteration": 56, "window_iteration": 4, "command_step": 5, "maneuver_time_s": 0.16666666666666666, "lookahead_s": 1.2}
{"stage": "Committing next 30 Hz command", "iteration": 56, "command_step": 5}
{"stage": "MPPI command committed", "iteration": 56, "command_step": 6, "time_s": 0.2, "iterations": 4, "stop_reason": "reward_plateau", "actual_reward": -1.5944920778978604, "actual_success": false, "actual_failed": false, "actual_minimum_tip_distance_m": 1.3002133181143847, "lookahead_score": 303.96290304052957, "predicted_hit": true, "predicted_failed": false, "predicted_distance_m": 0.0260694345556647}
{"stage": "MPPI lookahead optimization", "iteration": 57, "window_iteration": 1, "command_step": 6, "maneuver_time_s": 0.2, "lookahead_s": 1.2}
{"stage": "MPPI lookahead optimization", "iteration": 58, "window_iteration": 2, "command_step": 6, "maneuver_time_s": 0.2, "lookahead_s": 1.2}
{"stage": "MPPI lookahead optimization", "iteration": 59, "window_iteration": 3, "command_step": 6, "maneuver_time_s": 0.2, "lookahead_s": 1.2}
{"stage": "MPPI lookahead optimization", "iteration": 60, "window_iteration": 4, "command_step": 6, "maneuver_time_s": 0.2, "lookahead_s": 1.2}
{"stage": "Committing next 30 Hz command", "iteration": 60, "command_step": 6}
{"stage": "MPPI command committed", "iteration": 60, "command_step": 7, "time_s": 0.23333333333333334, "iterations": 4, "stop_reason": "reward_plateau", "actual_reward": -1.5900824342397553, "actual_success": false, "actual_failed": false, "actual_minimum_tip_distance_m": 1.2928418108464037, "lookahead_score": 304.08084740105204, "predicted_hit": true, "predicted_failed": false, "predicted_distance_m": 0.02606943455582294}
{"stage": "MPPI lookahead optimization", "iteration": 61, "window_iteration": 1, "command_step": 7, "maneuver_time_s": 0.23333333333333334, "lookahead_s": 1.2}
{"stage": "MPPI lookahead optimization", "iteration": 62, "window_iteration": 2, "command_step": 7, "maneuver_time_s": 0.23333333333333334, "lookahead_s": 1.2}
{"stage": "MPPI lookahead optimization", "iteration": 63, "window_iteration": 3, "command_step": 7, "maneuver_time_s": 0.23333333333333334, "lookahead_s": 1.2}
{"stage": "MPPI lookahead optimization", "iteration": 64, "window_iteration": 4, "command_step": 7, "maneuver_time_s": 0.23333333333333334, "lookahead_s": 1.2}
{"stage": "Committing next 30 Hz command", "iteration": 64, "command_step": 7}
{"stage": "MPPI command committed", "iteration": 64, "command_step": 8, "time_s": 0.26666666666666666, "iterations": 4, "stop_reason": "reward_plateau", "actual_reward": -1.446935749929064, "actual_success": false, "actual_failed": false, "actual_minimum_tip_distance_m": 1.2824403739844235, "lookahead_score": 304.29311562492313, "predicted_hit": true, "predicted_failed": false, "predicted_distance_m": 0.029544483260275246}
{"stage": "MPPI lookahead optimization", "iteration": 65, "window_iteration": 1, "command_step": 8, "maneuver_time_s": 0.26666666666666666, "lookahead_s": 1.2}
{"stage": "MPPI lookahead optimization", "iteration": 66, "window_iteration": 2, "command_step": 8, "maneuver_time_s": 0.26666666666666666, "lookahead_s": 1.2}
{"stage": "MPPI lookahead optimization", "iteration": 67, "window_iteration": 3, "command_step": 8, "maneuver_time_s": 0.26666666666666666, "lookahead_s": 1.2}
{"stage": "MPPI lookahead optimization", "iteration": 68, "window_iteration": 4, "command_step": 8, "maneuver_time_s": 0.26666666666666666, "lookahead_s": 1.2}
{"stage": "Committing next 30 Hz command", "iteration": 68, "command_step": 8}
{"stage": "MPPI command committed", "iteration": 68, "command_step": 9, "time_s": 0.3, "iterations": 4, "stop_reason": "reward_plateau", "actual_reward": -1.1573045066925474, "actual_success": false, "actual_failed": false, "actual_minimum_tip_distance_m": 1.2688353263618317, "lookahead_score": 304.80861631532474, "predicted_hit": true, "predicted_failed": false, "predicted_distance_m": 0.02383021275097221}
{"stage": "MPPI lookahead optimization", "iteration": 69, "window_iteration": 1, "command_step": 9, "maneuver_time_s": 0.3, "lookahead_s": 1.2}
{"stage": "MPPI lookahead optimization", "iteration": 70, "window_iteration": 2, "command_step": 9, "maneuver_time_s": 0.3, "lookahead_s": 1.2}
{"stage": "MPPI lookahead optimization", "iteration": 71, "window_iteration": 3, "command_step": 9, "maneuver_time_s": 0.3, "lookahead_s": 1.2}
{"stage": "MPPI lookahead optimization", "iteration": 72, "window_iteration": 4, "command_step": 9, "maneuver_time_s": 0.3, "lookahead_s": 1.2}
{"stage": "Committing next 30 Hz command", "iteration": 72, "command_step": 9}
{"stage": "MPPI command committed", "iteration": 72, "command_step": 10, "time_s": 0.3333333333333333, "iterations": 4, "stop_reason": "reward_plateau", "actual_reward": -0.7277638328295537, "actual_success": false, "actual_failed": false, "actual_minimum_tip_distance_m": 1.2521631528122064, "lookahead_score": 304.53454525119906, "predicted_hit": true, "predicted_failed": false, "predicted_distance_m": 0.024403613065573357}
{"stage": "MPPI lookahead optimization", "iteration": 73, "window_iteration": 1, "command_step": 10, "maneuver_time_s": 0.3333333333333333, "lookahead_s": 1.2}
{"stage": "MPPI lookahead optimization", "iteration": 74, "window_iteration": 2, "command_step": 10, "maneuver_time_s": 0.3333333333333333, "lookahead_s": 1.2}
{"stage": "MPPI lookahead optimization", "iteration": 75, "window_iteration": 3, "command_step": 10, "maneuver_time_s": 0.3333333333333333, "lookahead_s": 1.2}
{"stage": "MPPI lookahead optimization", "iteration": 76, "window_iteration": 4, "command_step": 10, "maneuver_time_s": 0.3333333333333333, "lookahead_s": 1.2}
{"stage": "Committing next 30 Hz command", "iteration": 76, "command_step": 10}
{"stage": "MPPI command committed", "iteration": 76, "command_step": 11, "time_s": 0.36666666666666664, "iterations": 4, "stop_reason": "reward_plateau", "actual_reward": -0.18369915229957334, "actual_success": false, "actual_failed": false, "actual_minimum_tip_distance_m": 1.2329670254421177, "lookahead_score": 304.2619702377285, "predicted_hit": true, "predicted_failed": false, "predicted_distance_m": 0.024974849684073114}
{"stage": "MPPI lookahead optimization", "iteration": 77, "window_iteration": 1, "command_step": 11, "maneuver_time_s": 0.36666666666666664, "lookahead_s": 1.2}
{"stage": "MPPI lookahead optimization", "iteration": 78, "window_iteration": 2, "command_step": 11, "maneuver_time_s": 0.36666666666666664, "lookahead_s": 1.2}
{"stage": "MPPI lookahead optimization", "iteration": 79, "window_iteration": 3, "command_step": 11, "maneuver_time_s": 0.36666666666666664, "lookahead_s": 1.2}
{"stage": "MPPI lookahead optimization", "iteration": 80, "window_iteration": 4, "command_step": 11, "maneuver_time_s": 0.36666666666666664, "lookahead_s": 1.2}
{"stage": "Committing next 30 Hz command", "iteration": 80, "command_step": 11}
{"stage": "MPPI command committed", "iteration": 80, "command_step": 12, "time_s": 0.4, "iterations": 4, "stop_reason": "reward_plateau", "actual_reward": 0.4373083774692885, "actual_success": false, "actual_failed": false, "actual_minimum_tip_distance_m": 1.2120527272707893, "lookahead_score": 303.9771059909207, "predicted_hit": true, "predicted_failed": false, "predicted_distance_m": 0.02702353851482935}
{"stage": "MPPI lookahead optimization", "iteration": 81, "window_iteration": 1, "command_step": 12, "maneuver_time_s": 0.4, "lookahead_s": 1.2}
{"stage": "MPPI lookahead optimization", "iteration": 82, "window_iteration": 2, "command_step": 12, "maneuver_time_s": 0.4, "lookahead_s": 1.2}
{"stage": "MPPI lookahead optimization", "iteration": 83, "window_iteration": 3, "command_step": 12, "maneuver_time_s": 0.4, "lookahead_s": 1.2}
{"stage": "MPPI lookahead optimization", "iteration": 84, "window_iteration": 4, "command_step": 12, "maneuver_time_s": 0.4, "lookahead_s": 1.2}
{"stage": "Committing next 30 Hz command", "iteration": 84, "command_step": 12}
{"stage": "MPPI command committed", "iteration": 84, "command_step": 13, "time_s": 0.43333333333333335, "iterations": 4, "stop_reason": "reward_plateau", "actual_reward": 1.0917648089314322, "actual_success": false, "actual_failed": false, "actual_minimum_tip_distance_m": 1.1903525083103266, "lookahead_score": 303.4414774335134, "predicted_hit": true, "predicted_failed": false, "predicted_distance_m": 0.025815936902508472}
{"stage": "MPPI lookahead optimization", "iteration": 85, "window_iteration": 1, "command_step": 13, "maneuver_time_s": 0.43333333333333335, "lookahead_s": 1.2}
{"stage": "MPPI lookahead optimization", "iteration": 86, "window_iteration": 2, "command_step": 13, "maneuver_time_s": 0.43333333333333335, "lookahead_s": 1.2}
{"stage": "MPPI lookahead optimization", "iteration": 87, "window_iteration": 3, "command_step": 13, "maneuver_time_s": 0.43333333333333335, "lookahead_s": 1.2}
{"stage": "MPPI lookahead optimization", "iteration": 88, "window_iteration": 4, "command_step": 13, "maneuver_time_s": 0.43333333333333335, "lookahead_s": 1.2}
{"stage": "Committing next 30 Hz command", "iteration": 88, "command_step": 13}
{"stage": "MPPI command committed", "iteration": 88, "command_step": 14, "time_s": 0.4666666666666667, "iterations": 4, "stop_reason": "reward_plateau", "actual_reward": 1.7117316057322136, "actual_success": false, "actual_failed": false, "actual_minimum_tip_distance_m": 1.1693255484174043, "lookahead_score": 302.92147126686626, "predicted_hit": true, "predicted_failed": false, "predicted_distance_m": 0.02615552668611221}
{"stage": "MPPI lookahead optimization", "iteration": 89, "window_iteration": 1, "command_step": 14, "maneuver_time_s": 0.4666666666666667, "lookahead_s": 1.2}
{"stage": "MPPI lookahead optimization", "iteration": 90, "window_iteration": 2, "command_step": 14, "maneuver_time_s": 0.4666666666666667, "lookahead_s": 1.2}
{"stage": "MPPI lookahead optimization", "iteration": 91, "window_iteration": 3, "command_step": 14, "maneuver_time_s": 0.4666666666666667, "lookahead_s": 1.2}
{"stage": "MPPI lookahead optimization", "iteration": 92, "window_iteration": 4, "command_step": 14, "maneuver_time_s": 0.4666666666666667, "lookahead_s": 1.2}
{"stage": "Committing next 30 Hz command", "iteration": 92, "command_step": 14}
{"stage": "MPPI command committed", "iteration": 92, "command_step": 15, "time_s": 0.5, "iterations": 4, "stop_reason": "reward_plateau", "actual_reward": 2.2732860585860815, "actual_success": false, "actual_failed": false, "actual_minimum_tip_distance_m": 1.1494709242540013, "lookahead_score": 302.43245105542036, "predicted_hit": true, "predicted_failed": false, "predicted_distance_m": 0.024504246870087117}
{"stage": "MPPI lookahead optimization", "iteration": 93, "window_iteration": 1, "command_step": 15, "maneuver_time_s": 0.5, "lookahead_s": 1.2}
{"stage": "MPPI lookahead optimization", "iteration": 94, "window_iteration": 2, "command_step": 15, "maneuver_time_s": 0.5, "lookahead_s": 1.2}
{"stage": "MPPI lookahead optimization", "iteration": 95, "window_iteration": 3, "command_step": 15, "maneuver_time_s": 0.5, "lookahead_s": 1.2}
{"stage": "MPPI lookahead optimization", "iteration": 96, "window_iteration": 4, "command_step": 15, "maneuver_time_s": 0.5, "lookahead_s": 1.2}
{"stage": "Committing next 30 Hz command", "iteration": 96, "command_step": 15}
{"stage": "MPPI command committed", "iteration": 96, "command_step": 16, "time_s": 0.5333333333333333, "iterations": 4, "stop_reason": "reward_plateau", "actual_reward": 2.769009472665693, "actual_success": false, "actual_failed": false, "actual_minimum_tip_distance_m": 1.1309242048933883, "lookahead_score": 301.9260592181414, "predicted_hit": true, "predicted_failed": false, "predicted_distance_m": 0.02491183406321555}
{"stage": "MPPI lookahead optimization", "iteration": 97, "window_iteration": 1, "command_step": 16, "maneuver_time_s": 0.5333333333333333, "lookahead_s": 1.2}
{"stage": "MPPI lookahead optimization", "iteration": 98, "window_iteration": 2, "command_step": 16, "maneuver_time_s": 0.5333333333333333, "lookahead_s": 1.2}
{"stage": "MPPI lookahead optimization", "iteration": 99, "window_iteration": 3, "command_step": 16, "maneuver_time_s": 0.5333333333333333, "lookahead_s": 1.2}
{"stage": "MPPI lookahead optimization", "iteration": 100, "window_iteration": 4, "command_step": 16, "maneuver_time_s": 0.5333333333333333, "lookahead_s": 1.2}
{"stage": "Committing next 30 Hz command", "iteration": 100, "command_step": 16}
{"stage": "MPPI command committed", "iteration": 100, "command_step": 17, "time_s": 0.5666666666666667, "iterations": 4, "stop_reason": "reward_plateau", "actual_reward": 3.20018745542108, "actual_success": false, "actual_failed": false, "actual_minimum_tip_distance_m": 1.1136302289988365, "lookahead_score": 301.51235643318495, "predicted_hit": true, "predicted_failed": false, "predicted_distance_m": 0.024480352423362994}
{"stage": "MPPI lookahead optimization", "iteration": 101, "window_iteration": 1, "command_step": 17, "maneuver_time_s": 0.5666666666666667, "lookahead_s": 1.2}
{"stage": "MPPI lookahead optimization", "iteration": 102, "window_iteration": 2, "command_step": 17, "maneuver_time_s": 0.5666666666666667, "lookahead_s": 1.2}
{"stage": "MPPI lookahead optimization", "iteration": 103, "window_iteration": 3, "command_step": 17, "maneuver_time_s": 0.5666666666666667, "lookahead_s": 1.2}
{"stage": "MPPI lookahead optimization", "iteration": 104, "window_iteration": 4, "command_step": 17, "maneuver_time_s": 0.5666666666666667, "lookahead_s": 1.2}
{"stage": "Committing next 30 Hz command", "iteration": 104, "command_step": 17}
{"stage": "MPPI command committed", "iteration": 104, "command_step": 18, "time_s": 0.6, "iterations": 4, "stop_reason": "reward_plateau", "actual_reward": 3.5842695637293764, "actual_success": false, "actual_failed": false, "actual_minimum_tip_distance_m": 1.0971796284477, "lookahead_score": 301.0984647973727, "predicted_hit": true, "predicted_failed": false, "predicted_distance_m": 0.02376997503680283}
{"stage": "MPPI lookahead optimization", "iteration": 105, "window_iteration": 1, "command_step": 18, "maneuver_time_s": 0.6, "lookahead_s": 1.2}
{"stage": "MPPI lookahead optimization", "iteration": 106, "window_iteration": 2, "command_step": 18, "maneuver_time_s": 0.6, "lookahead_s": 1.2}
{"stage": "MPPI lookahead optimization", "iteration": 107, "window_iteration": 3, "command_step": 18, "maneuver_time_s": 0.6, "lookahead_s": 1.2}
{"stage": "MPPI lookahead optimization", "iteration": 108, "window_iteration": 4, "command_step": 18, "maneuver_time_s": 0.6, "lookahead_s": 1.2}
{"stage": "Committing next 30 Hz command", "iteration": 108, "command_step": 18}
{"stage": "MPPI command committed", "iteration": 108, "command_step": 19, "time_s": 0.6333333333333333, "iterations": 4, "stop_reason": "reward_plateau", "actual_reward": 3.955727417224891, "actual_success": false, "actual_failed": false, "actual_minimum_tip_distance_m": 1.0807941068143565, "lookahead_score": 300.765480788281, "predicted_hit": true, "predicted_failed": false, "predicted_distance_m": 0.023583366002467455}
{"stage": "MPPI lookahead optimization", "iteration": 109, "window_iteration": 1, "command_step": 19, "maneuver_time_s": 0.6333333333333333, "lookahead_s": 1.2}
{"stage": "MPPI lookahead optimization", "iteration": 110, "window_iteration": 2, "command_step": 19, "maneuver_time_s": 0.6333333333333333, "lookahead_s": 1.2}
{"stage": "MPPI lookahead optimization", "iteration": 111, "window_iteration": 3, "command_step": 19, "maneuver_time_s": 0.6333333333333333, "lookahead_s": 1.2}
{"stage": "MPPI lookahead optimization", "iteration": 112, "window_iteration": 4, "command_step": 19, "maneuver_time_s": 0.6333333333333333, "lookahead_s": 1.2}
{"stage": "Committing next 30 Hz command", "iteration": 112, "command_step": 19}
{"stage": "MPPI command committed", "iteration": 112, "command_step": 20, "time_s": 0.6666666666666666, "iterations": 4, "stop_reason": "reward_plateau", "actual_reward": 4.37865984388263, "actual_success": false, "actual_failed": false, "actual_minimum_tip_distance_m": 1.0630504914474261, "lookahead_score": 300.39942860085534, "predicted_hit": true, "predicted_failed": false, "predicted_distance_m": 0.023718268829491844}
{"stage": "MPPI lookahead optimization", "iteration": 113, "window_iteration": 1, "command_step": 20, "maneuver_time_s": 0.6666666666666666, "lookahead_s": 1.2}
{"stage": "MPPI lookahead optimization", "iteration": 114, "window_iteration": 2, "command_step": 20, "maneuver_time_s": 0.6666666666666666, "lookahead_s": 1.2}
{"stage": "MPPI lookahead optimization", "iteration": 115, "window_iteration": 3, "command_step": 20, "maneuver_time_s": 0.6666666666666666, "lookahead_s": 1.2}
{"stage": "MPPI lookahead optimization", "iteration": 116, "window_iteration": 4, "command_step": 20, "maneuver_time_s": 0.6666666666666666, "lookahead_s": 1.2}
{"stage": "Committing next 30 Hz command", "iteration": 116, "command_step": 20}
{"stage": "MPPI command committed", "iteration": 116, "command_step": 21, "time_s": 0.7, "iterations": 4, "stop_reason": "reward_plateau", "actual_reward": 4.914960367447811, "actual_success": false, "actual_failed": false, "actual_minimum_tip_distance_m": 1.0425668066535048, "lookahead_score": 299.97649617418637, "predicted_hit": true, "predicted_failed": false, "predicted_distance_m": 0.023718268829643188}
{"stage": "MPPI lookahead optimization", "iteration": 117, "window_iteration": 1, "command_step": 21, "maneuver_time_s": 0.7, "lookahead_s": 1.2}
{"stage": "MPPI lookahead optimization", "iteration": 118, "window_iteration": 2, "command_step": 21, "maneuver_time_s": 0.7, "lookahead_s": 1.2}
{"stage": "MPPI lookahead optimization", "iteration": 119, "window_iteration": 3, "command_step": 21, "maneuver_time_s": 0.7, "lookahead_s": 1.2}
{"stage": "MPPI lookahead optimization", "iteration": 120, "window_iteration": 4, "command_step": 21, "maneuver_time_s": 0.7, "lookahead_s": 1.2}
{"stage": "Committing next 30 Hz command", "iteration": 120, "command_step": 21}
{"stage": "MPPI command committed", "iteration": 120, "command_step": 22, "time_s": 0.7333333333333333, "iterations": 4, "stop_reason": "reward_plateau", "actual_reward": 5.623774292937621, "actual_success": false, "actual_failed": false, "actual_minimum_tip_distance_m": 1.018025136490786, "lookahead_score": 299.4522998903223, "predicted_hit": true, "predicted_failed": false, "predicted_distance_m": 0.023562049354538595}
{"stage": "MPPI lookahead optimization", "iteration": 121, "window_iteration": 1, "command_step": 22, "maneuver_time_s": 0.7333333333333333, "lookahead_s": 1.2}
{"stage": "MPPI lookahead optimization", "iteration": 122, "window_iteration": 2, "command_step": 22, "maneuver_time_s": 0.7333333333333333, "lookahead_s": 1.2}
{"stage": "MPPI lookahead optimization", "iteration": 123, "window_iteration": 3, "command_step": 22, "maneuver_time_s": 0.7333333333333333, "lookahead_s": 1.2}
{"stage": "MPPI lookahead optimization", "iteration": 124, "window_iteration": 4, "command_step": 22, "maneuver_time_s": 0.7333333333333333, "lookahead_s": 1.2}
{"stage": "Committing next 30 Hz command", "iteration": 124, "command_step": 22}
{"stage": "MPPI command committed", "iteration": 124, "command_step": 23, "time_s": 0.7666666666666667, "iterations": 4, "stop_reason": "reward_plateau", "actual_reward": 6.590371018780302, "actual_success": false, "actual_failed": false, "actual_minimum_tip_distance_m": 0.9875478061385458, "lookahead_score": 298.74348596482685, "predicted_hit": true, "predicted_failed": false, "predicted_distance_m": 0.023562049354613247}
{"stage": "MPPI lookahead optimization", "iteration": 125, "window_iteration": 1, "command_step": 23, "maneuver_time_s": 0.7666666666666667, "lookahead_s": 1.2}
{"stage": "MPPI lookahead optimization", "iteration": 126, "window_iteration": 2, "command_step": 23, "maneuver_time_s": 0.7666666666666667, "lookahead_s": 1.2}
{"stage": "MPPI lookahead optimization", "iteration": 127, "window_iteration": 3, "command_step": 23, "maneuver_time_s": 0.7666666666666667, "lookahead_s": 1.2}
{"stage": "MPPI lookahead optimization", "iteration": 128, "window_iteration": 4, "command_step": 23, "maneuver_time_s": 0.7666666666666667, "lookahead_s": 1.2}
{"stage": "Committing next 30 Hz command", "iteration": 128, "command_step": 23}
{"stage": "MPPI command committed", "iteration": 128, "command_step": 24, "time_s": 0.8, "iterations": 4, "stop_reason": "reward_plateau", "actual_reward": 7.907627718812307, "actual_success": false, "actual_failed": false, "actual_minimum_tip_distance_m": 0.9491213589184715, "lookahead_score": 297.77688923897705, "predicted_hit": true, "predicted_failed": false, "predicted_distance_m": 0.02356204935471012}
{"stage": "MPPI lookahead optimization", "iteration": 129, "window_iteration": 1, "command_step": 24, "maneuver_time_s": 0.8, "lookahead_s": 1.2}
{"stage": "MPPI lookahead optimization", "iteration": 130, "window_iteration": 2, "command_step": 24, "maneuver_time_s": 0.8, "lookahead_s": 1.2}
{"stage": "MPPI lookahead optimization", "iteration": 131, "window_iteration": 3, "command_step": 24, "maneuver_time_s": 0.8, "lookahead_s": 1.2}
{"stage": "MPPI lookahead optimization", "iteration": 132, "window_iteration": 4, "command_step": 24, "maneuver_time_s": 0.8, "lookahead_s": 1.2}
{"stage": "Committing next 30 Hz command", "iteration": 132, "command_step": 24}
{"stage": "MPPI command committed", "iteration": 132, "command_step": 25, "time_s": 0.8333333333333334, "iterations": 4, "stop_reason": "reward_plateau", "actual_reward": 9.651823864675771, "actual_success": false, "actual_failed": false, "actual_minimum_tip_distance_m": 0.9011993518007375, "lookahead_score": 296.45963253893075, "predicted_hit": true, "predicted_failed": false, "predicted_distance_m": 0.023562049354901443}
{"stage": "MPPI lookahead optimization", "iteration": 133, "window_iteration": 1, "command_step": 25, "maneuver_time_s": 0.8333333333333334, "lookahead_s": 1.2}
{"stage": "MPPI lookahead optimization", "iteration": 134, "window_iteration": 2, "command_step": 25, "maneuver_time_s": 0.8333333333333334, "lookahead_s": 1.2}
{"stage": "MPPI lookahead optimization", "iteration": 135, "window_iteration": 3, "command_step": 25, "maneuver_time_s": 0.8333333333333334, "lookahead_s": 1.2}
{"stage": "MPPI lookahead optimization", "iteration": 136, "window_iteration": 4, "command_step": 25, "maneuver_time_s": 0.8333333333333334, "lookahead_s": 1.2}
{"stage": "Committing next 30 Hz command", "iteration": 136, "command_step": 25}
{"stage": "MPPI command committed", "iteration": 136, "command_step": 26, "time_s": 0.8666666666666667, "iterations": 4, "stop_reason": "reward_plateau", "actual_reward": 11.871345153127738, "actual_success": false, "actual_failed": false, "actual_minimum_tip_distance_m": 0.8431802780739007, "lookahead_score": 294.71838074187633, "predicted_hit": true, "predicted_failed": false, "predicted_distance_m": 0.02355305548347832}
{"stage": "MPPI lookahead optimization", "iteration": 137, "window_iteration": 1, "command_step": 26, "maneuver_time_s": 0.8666666666666667, "lookahead_s": 1.2}
{"stage": "MPPI lookahead optimization", "iteration": 138, "window_iteration": 2, "command_step": 26, "maneuver_time_s": 0.8666666666666667, "lookahead_s": 1.2}
{"stage": "MPPI lookahead optimization", "iteration": 139, "window_iteration": 3, "command_step": 26, "maneuver_time_s": 0.8666666666666667, "lookahead_s": 1.2}
{"stage": "MPPI lookahead optimization", "iteration": 140, "window_iteration": 4, "command_step": 26, "maneuver_time_s": 0.8666666666666667, "lookahead_s": 1.2}
{"stage": "Committing next 30 Hz command", "iteration": 140, "command_step": 26}
{"stage": "MPPI command committed", "iteration": 140, "command_step": 27, "time_s": 0.9, "iterations": 4, "stop_reason": "reward_plateau", "actual_reward": 14.643286933475443, "actual_success": false, "actual_failed": false, "actual_minimum_tip_distance_m": 0.7749093422894615, "lookahead_score": 292.50202237754473, "predicted_hit": true, "predicted_failed": false, "predicted_distance_m": 0.02353678926893684}
{"stage": "MPPI lookahead optimization", "iteration": 141, "window_iteration": 1, "command_step": 27, "maneuver_time_s": 0.9, "lookahead_s": 1.2}
{"stage": "MPPI lookahead optimization", "iteration": 142, "window_iteration": 2, "command_step": 27, "maneuver_time_s": 0.9, "lookahead_s": 1.2}
{"stage": "MPPI lookahead optimization", "iteration": 143, "window_iteration": 3, "command_step": 27, "maneuver_time_s": 0.9, "lookahead_s": 1.2}
{"stage": "MPPI lookahead optimization", "iteration": 144, "window_iteration": 4, "command_step": 27, "maneuver_time_s": 0.9, "lookahead_s": 1.2}
{"stage": "Committing next 30 Hz command", "iteration": 144, "command_step": 27}
{"stage": "MPPI command committed", "iteration": 144, "command_step": 28, "time_s": 0.9333333333333333, "iterations": 4, "stop_reason": "reward_plateau", "actual_reward": 18.176189075852626, "actual_success": false, "actual_failed": false, "actual_minimum_tip_distance_m": 0.6963938005115164, "lookahead_score": 289.73319575125083, "predicted_hit": true, "predicted_failed": false, "predicted_distance_m": 0.02351455993103004}
{"stage": "MPPI lookahead optimization", "iteration": 145, "window_iteration": 1, "command_step": 28, "maneuver_time_s": 0.9333333333333333, "lookahead_s": 1.2}
{"stage": "MPPI lookahead optimization", "iteration": 146, "window_iteration": 2, "command_step": 28, "maneuver_time_s": 0.9333333333333333, "lookahead_s": 1.2}
{"stage": "MPPI lookahead optimization", "iteration": 147, "window_iteration": 3, "command_step": 28, "maneuver_time_s": 0.9333333333333333, "lookahead_s": 1.2}
{"stage": "MPPI lookahead optimization", "iteration": 148, "window_iteration": 4, "command_step": 28, "maneuver_time_s": 0.9333333333333333, "lookahead_s": 1.2}
{"stage": "Committing next 30 Hz command", "iteration": 148, "command_step": 28}
{"stage": "MPPI command committed", "iteration": 148, "command_step": 29, "time_s": 0.9666666666666667, "iterations": 4, "stop_reason": "reward_plateau", "actual_reward": 23.015554838192525, "actual_success": false, "actual_failed": false, "actual_minimum_tip_distance_m": 0.6080378516161846, "lookahead_score": 286.202639119512, "predicted_hit": true, "predicted_failed": false, "predicted_distance_m": 0.02351676816313509}
{"stage": "MPPI lookahead optimization", "iteration": 149, "window_iteration": 1, "command_step": 29, "maneuver_time_s": 0.9666666666666667, "lookahead_s": 1.2}
{"stage": "MPPI lookahead optimization", "iteration": 150, "window_iteration": 2, "command_step": 29, "maneuver_time_s": 0.9666666666666667, "lookahead_s": 1.2}
{"stage": "MPPI lookahead optimization", "iteration": 151, "window_iteration": 3, "command_step": 29, "maneuver_time_s": 0.9666666666666667, "lookahead_s": 1.2}
{"stage": "MPPI lookahead optimization", "iteration": 152, "window_iteration": 4, "command_step": 29, "maneuver_time_s": 0.9666666666666667, "lookahead_s": 1.2}
{"stage": "Committing next 30 Hz command", "iteration": 152, "command_step": 29}
{"stage": "MPPI command committed", "iteration": 152, "command_step": 30, "time_s": 1.0, "iterations": 4, "stop_reason": "reward_plateau", "actual_reward": 30.47654452985418, "actual_success": false, "actual_failed": false, "actual_minimum_tip_distance_m": 0.5099200903257997, "lookahead_score": 281.3635874565762, "predicted_hit": true, "predicted_failed": false, "predicted_distance_m": 0.023513121018754756}
{"stage": "MPPI lookahead optimization", "iteration": 153, "window_iteration": 1, "command_step": 30, "maneuver_time_s": 1.0, "lookahead_s": 1.2}
{"stage": "MPPI lookahead optimization", "iteration": 154, "window_iteration": 2, "command_step": 30, "maneuver_time_s": 1.0, "lookahead_s": 1.2}
{"stage": "MPPI lookahead optimization", "iteration": 155, "window_iteration": 3, "command_step": 30, "maneuver_time_s": 1.0, "lookahead_s": 1.2}
{"stage": "MPPI lookahead optimization", "iteration": 156, "window_iteration": 4, "command_step": 30, "maneuver_time_s": 1.0, "lookahead_s": 1.2}
{"stage": "Committing next 30 Hz command", "iteration": 156, "command_step": 30}
{"stage": "MPPI command committed", "iteration": 156, "command_step": 31, "time_s": 1.0333333333333334, "iterations": 4, "stop_reason": "reward_plateau", "actual_reward": 42.86768251986287, "actual_success": false, "actual_failed": false, "actual_minimum_tip_distance_m": 0.4021078386227854, "lookahead_score": 273.90298362317577, "predicted_hit": true, "predicted_failed": false, "predicted_distance_m": 0.023511281228639564}
{"stage": "MPPI lookahead optimization", "iteration": 157, "window_iteration": 1, "command_step": 31, "maneuver_time_s": 1.0333333333333334, "lookahead_s": 1.2}
{"stage": "MPPI lookahead optimization", "iteration": 158, "window_iteration": 2, "command_step": 31, "maneuver_time_s": 1.0333333333333334, "lookahead_s": 1.2}
{"stage": "MPPI lookahead optimization", "iteration": 159, "window_iteration": 3, "command_step": 31, "maneuver_time_s": 1.0333333333333334, "lookahead_s": 1.2}
{"stage": "MPPI lookahead optimization", "iteration": 160, "window_iteration": 4, "command_step": 31, "maneuver_time_s": 1.0333333333333334, "lookahead_s": 1.2}
{"stage": "Committing next 30 Hz command", "iteration": 160, "command_step": 31}
{"stage": "MPPI command committed", "iteration": 160, "command_step": 32, "time_s": 1.0666666666666667, "iterations": 4, "stop_reason": "reward_plateau", "actual_reward": 62.328669300790985, "actual_success": false, "actual_failed": false, "actual_minimum_tip_distance_m": 0.28478668837260745, "lookahead_score": 261.51192646149406, "predicted_hit": true, "predicted_failed": false, "predicted_distance_m": 0.023511225558632467}
{"stage": "MPPI lookahead optimization", "iteration": 161, "window_iteration": 1, "command_step": 32, "maneuver_time_s": 1.0666666666666667, "lookahead_s": 1.2}
{"stage": "MPPI lookahead optimization", "iteration": 162, "window_iteration": 2, "command_step": 32, "maneuver_time_s": 1.0666666666666667, "lookahead_s": 1.2}
{"stage": "MPPI lookahead optimization", "iteration": 163, "window_iteration": 3, "command_step": 32, "maneuver_time_s": 1.0666666666666667, "lookahead_s": 1.2}
{"stage": "MPPI lookahead optimization", "iteration": 164, "window_iteration": 4, "command_step": 32, "maneuver_time_s": 1.0666666666666667, "lookahead_s": 1.2}
{"stage": "Committing next 30 Hz command", "iteration": 164, "command_step": 32}
{"stage": "MPPI command committed", "iteration": 164, "command_step": 33, "time_s": 1.1, "iterations": 4, "stop_reason": "reward_plateau", "actual_reward": 86.86132425138298, "actual_success": false, "actual_failed": false, "actual_minimum_tip_distance_m": 0.15786937167329956, "lookahead_score": 242.0509735930911, "predicted_hit": true, "predicted_failed": false, "predicted_distance_m": 0.023511225558634875}
{"stage": "MPPI lookahead optimization", "iteration": 165, "window_iteration": 1, "command_step": 33, "maneuver_time_s": 1.1, "lookahead_s": 1.2}
{"stage": "MPPI lookahead optimization", "iteration": 166, "window_iteration": 2, "command_step": 33, "maneuver_time_s": 1.1, "lookahead_s": 1.2}
{"stage": "MPPI lookahead optimization", "iteration": 167, "window_iteration": 3, "command_step": 33, "maneuver_time_s": 1.1, "lookahead_s": 1.2}
{"stage": "MPPI lookahead optimization", "iteration": 168, "window_iteration": 4, "command_step": 33, "maneuver_time_s": 1.1, "lookahead_s": 1.2}
{"stage": "Committing next 30 Hz command", "iteration": 168, "command_step": 33}
{"stage": "MPPI command committed", "iteration": 168, "command_step": 34, "time_s": 1.1333333333333333, "iterations": 4, "stop_reason": "reward_plateau", "actual_reward": 304.37965029236955, "actual_success": true, "actual_failed": false, "actual_minimum_tip_distance_m": 0.023511225558639826, "lookahead_score": 217.51832281669297, "predicted_hit": true, "predicted_failed": false, "predicted_distance_m": 0.023511225558643392}
