Reusing completed drone fit {'selected_update': 1010}
cable_residual graph preparation {'windows': 135}
[W913 02:21:17.000000000 Context.cpp:448] Warning: torch.backends.cuda.preferred_linalg_library is an experimental feature. If you see any error or unexpected behavior when this flag is set please file an issue on GitHub. (function operator ())
cable_residual {'update': 1, 'best_loss': 2.0930752591341006, 'stopping': 'practical plateau; no update ceiling'}
cable_residual {'update': 2, 'best_loss': 2.0930752591341006, 'stopping': 'practical plateau; no update ceiling'}
cable_residual {'update': 3, 'best_loss': 2.0930752591341006, 'stopping': 'practical plateau; no update ceiling'}
cable_residual {'update': 4, 'best_loss': 2.0930752591341006, 'stopping': 'practical plateau; no update ceiling'}
cable_residual {'update': 5, 'best_loss': 2.0930752591341006, 'stopping': 'practical plateau; no update ceiling'}
cable_residual {'update': 6, 'best_loss': 2.0869146781968277, 'stopping': 'practical plateau; no update ceiling'}
cable_residual {'update': 7, 'best_loss': 2.0869146781968277, 'stopping': 'practical plateau; no update ceiling'}
cable_residual {'update': 8, 'best_loss': 2.0869146781968277, 'stopping': 'practical plateau; no update ceiling'}
cable_residual {'update': 9, 'best_loss': 2.0869146781968277, 'stopping': 'practical plateau; no update ceiling'}
cable_residual {'update': 10, 'best_loss': 2.0869146781968277, 'stopping': 'practical plateau; no update ceiling'}
cable_residual {'update': 11, 'best_loss': 2.080673948800068, 'stopping': 'practical plateau; no update ceiling'}
cable_residual {'update': 12, 'best_loss': 2.080673948800068, 'stopping': 'practical plateau; no update ceiling'}
cable_residual {'update': 13, 'best_loss': 2.080673948800068, 'stopping': 'practical plateau; no update ceiling'}
cable_residual {'update': 14, 'best_loss': 2.080673948800068, 'stopping': 'practical plateau; no update ceiling'}
cable_residual {'update': 15, 'best_loss': 2.080673948800068, 'stopping': 'practical plateau; no update ceiling'}
cable_residual {'update': 16, 'best_loss': 2.0733664865887618, 'stopping': 'practical plateau; no update ceiling'}
cable_residual {'update': 17, 'best_loss': 2.0733664865887618, 'stopping': 'practical plateau; no update ceiling'}
cable_residual {'update': 18, 'best_loss': 2.0733664865887618, 'stopping': 'practical plateau; no update ceiling'}
cable_residual {'update': 19, 'best_loss': 2.0733664865887618, 'stopping': 'practical plateau; no update ceiling'}
cable_residual {'update': 20, 'best_loss': 2.0733664865887618, 'stopping': 'practical plateau; no update ceiling'}
cable_residual {'update': 21, 'best_loss': 2.062838970755101, 'stopping': 'practical plateau; no update ceiling'}
cable_residual {'update': 22, 'best_loss': 2.062838970755101, 'stopping': 'practical plateau; no update ceiling'}
cable_residual {'update': 23, 'best_loss': 2.062838970755101, 'stopping': 'practical plateau; no update ceiling'}
cable_residual {'update': 24, 'best_loss': 2.062838970755101, 'stopping': 'practical plateau; no update ceiling'}
cable_residual {'update': 25, 'best_loss': 2.062838970755101, 'stopping': 'practical plateau; no update ceiling'}
cable_residual {'update': 26, 'best_loss': 2.0463016860492313, 'stopping': 'practical plateau; no update ceiling'}
cable_residual {'update': 27, 'best_loss': 2.0463016860492313, 'stopping': 'practical plateau; no update ceiling'}
cable_residual {'update': 28, 'best_loss': 2.0463016860492313, 'stopping': 'practical plateau; no update ceiling'}
cable_residual {'update': 29, 'best_loss': 2.0463016860492313, 'stopping': 'practical plateau; no update ceiling'}
cable_residual {'update': 30, 'best_loss': 2.0463016860492313, 'stopping': 'practical plateau; no update ceiling'}
cable_residual {'update': 31, 'best_loss': 2.0192674282300143, 'stopping': 'practical plateau; no update ceiling'}
cable_residual {'update': 32, 'best_loss': 2.0192674282300143, 'stopping': 'practical plateau; no update ceiling'}
cable_residual {'update': 33, 'best_loss': 2.0192674282300143, 'stopping': 'practical plateau; no update ceiling'}
cable_residual {'update': 34, 'best_loss': 2.0192674282300143, 'stopping': 'practical plateau; no update ceiling'}
cable_residual {'update': 35, 'best_loss': 2.0192674282300143, 'stopping': 'practical plateau; no update ceiling'}
cable_residual {'update': 36, 'best_loss': 2.001436461657245, 'stopping': 'practical plateau; no update ceiling'}
cable_residual {'update': 37, 'best_loss': 2.001436461657245, 'stopping': 'practical plateau; no update ceiling'}
cable_residual {'update': 38, 'best_loss': 2.001436461657245, 'stopping': 'practical plateau; no update ceiling'}
cable_residual {'update': 39, 'best_loss': 2.001436461657245, 'stopping': 'practical plateau; no update ceiling'}
cable_residual {'update': 40, 'best_loss': 2.001436461657245, 'stopping': 'practical plateau; no update ceiling'}
cable_residual {'update': 41, 'best_loss': 2.001436461657245, 'stopping': 'practical plateau; no update ceiling'}
cable_residual {'update': 42, 'best_loss': 2.001436461657245, 'stopping': 'practical plateau; no update ceiling'}
cable_residual {'update': 43, 'best_loss': 2.001436461657245, 'stopping': 'practical plateau; no update ceiling'}
cable_residual {'update': 44, 'best_loss': 2.001436461657245, 'stopping': 'practical plateau; no update ceiling'}
cable_residual {'update': 45, 'best_loss': 2.001436461657245, 'stopping': 'practical plateau; no update ceiling'}
cable_residual {'update': 46, 'best_loss': 2.001436461657245, 'stopping': 'practical plateau; no update ceiling'}
cable_residual {'update': 47, 'best_loss': 2.001436461657245, 'stopping': 'practical plateau; no update ceiling'}
cable_residual {'update': 48, 'best_loss': 2.001436461657245, 'stopping': 'practical plateau; no update ceiling'}
cable_residual {'update': 49, 'best_loss': 2.001436461657245, 'stopping': 'practical plateau; no update ceiling'}
cable_residual {'update': 50, 'best_loss': 2.001436461657245, 'stopping': 'practical plateau; no update ceiling'}
cable_residual {'update': 51, 'best_loss': 1.9870799114682811, 'stopping': 'practical plateau; no update ceiling'}
cable_residual {'update': 52, 'best_loss': 1.9870799114682811, 'stopping': 'practical plateau; no update ceiling'}
cable_residual {'update': 53, 'best_loss': 1.9870799114682811, 'stopping': 'practical plateau; no update ceiling'}
cable_residual {'update': 54, 'best_loss': 1.9870799114682811, 'stopping': 'practical plateau; no update ceiling'}
cable_residual {'update': 55, 'best_loss': 1.9870799114682811, 'stopping': 'practical plateau; no update ceiling'}
cable_residual {'update': 56, 'best_loss': 1.9870799114682811, 'stopping': 'practical plateau; no update ceiling'}
cable_residual {'update': 57, 'best_loss': 1.9870799114682811, 'stopping': 'practical plateau; no update ceiling'}
cable_residual {'update': 58, 'best_loss': 1.9870799114682811, 'stopping': 'practical plateau; no update ceiling'}
cable_residual {'update': 59, 'best_loss': 1.9870799114682811, 'stopping': 'practical plateau; no update ceiling'}
cable_residual {'update': 60, 'best_loss': 1.9870799114682811, 'stopping': 'practical plateau; no update ceiling'}
cable_residual {'update': 61, 'best_loss': 1.9736499087734947, 'stopping': 'practical plateau; no update ceiling'}
cable_residual {'update': 62, 'best_loss': 1.9736499087734947, 'stopping': 'practical plateau; no update ceiling'}
cable_residual {'update': 63, 'best_loss': 1.9736499087734947, 'stopping': 'practical plateau; no update ceiling'}
cable_residual {'update': 64, 'best_loss': 1.9736499087734947, 'stopping': 'practical plateau; no update ceiling'}
cable_residual {'update': 65, 'best_loss': 1.9736499087734947, 'stopping': 'practical plateau; no update ceiling'}
cable_residual {'update': 66, 'best_loss': 1.9706848699758464, 'stopping': 'practical plateau; no update ceiling'}
cable_residual {'update': 67, 'best_loss': 1.9706848699758464, 'stopping': 'practical plateau; no update ceiling'}
cable_residual {'update': 68, 'best_loss': 1.9706848699758464, 'stopping': 'practical plateau; no update ceiling'}
cable_residual {'update': 69, 'best_loss': 1.9706848699758464, 'stopping': 'practical plateau; no update ceiling'}
cable_residual {'update': 70, 'best_loss': 1.9706848699758464, 'stopping': 'practical plateau; no update ceiling'}
cable_residual {'update': 71, 'best_loss': 1.9575544319228428, 'stopping': 'practical plateau; no update ceiling'}
cable_residual {'update': 72, 'best_loss': 1.9575544319228428, 'stopping': 'practical plateau; no update ceiling'}
cable_residual {'update': 73, 'best_loss': 1.9575544319228428, 'stopping': 'practical plateau; no update ceiling'}
cable_residual {'update': 74, 'best_loss': 1.9575544319228428, 'stopping': 'practical plateau; no update ceiling'}
cable_residual {'update': 75, 'best_loss': 1.9575544319228428, 'stopping': 'practical plateau; no update ceiling'}
cable_residual {'update': 76, 'best_loss': 1.9448356164118874, 'stopping': 'practical plateau; no update ceiling'}
cable_residual {'update': 77, 'best_loss': 1.9448356164118874, 'stopping': 'practical plateau; no update ceiling'}
cable_residual {'update': 78, 'best_loss': 1.9448356164118874, 'stopping': 'practical plateau; no update ceiling'}
cable_residual {'update': 79, 'best_loss': 1.9448356164118874, 'stopping': 'practical plateau; no update ceiling'}
cable_residual {'update': 80, 'best_loss': 1.9448356164118874, 'stopping': 'practical plateau; no update ceiling'}
cable_residual {'update': 81, 'best_loss': 1.9365848232141654, 'stopping': 'practical plateau; no update ceiling'}
cable_residual {'update': 82, 'best_loss': 1.9365848232141654, 'stopping': 'practical plateau; no update ceiling'}
cable_residual {'update': 83, 'best_loss': 1.9365848232141654, 'stopping': 'practical plateau; no update ceiling'}
cable_residual {'update': 84, 'best_loss': 1.9365848232141654, 'stopping': 'practical plateau; no update ceiling'}
cable_residual {'update': 85, 'best_loss': 1.9365848232141654, 'stopping': 'practical plateau; no update ceiling'}
cable_residual {'update': 86, 'best_loss': 1.9303303384049617, 'stopping': 'practical plateau; no update ceiling'}
cable_residual {'update': 87, 'best_loss': 1.9303303384049617, 'stopping': 'practical plateau; no update ceiling'}
cable_residual {'update': 88, 'best_loss': 1.9303303384049617, 'stopping': 'practical plateau; no update ceiling'}
cable_residual {'update': 89, 'best_loss': 1.9303303384049617, 'stopping': 'practical plateau; no update ceiling'}
cable_residual {'update': 90, 'best_loss': 1.9303303384049617, 'stopping': 'practical plateau; no update ceiling'}
cable_residual {'update': 91, 'best_loss': 1.9303303384049617, 'stopping': 'practical plateau; no update ceiling'}
cable_residual {'update': 92, 'best_loss': 1.9303303384049617, 'stopping': 'practical plateau; no update ceiling'}
cable_residual {'update': 93, 'best_loss': 1.9303303384049617, 'stopping': 'practical plateau; no update ceiling'}
cable_residual {'update': 94, 'best_loss': 1.9303303384049617, 'stopping': 'practical plateau; no update ceiling'}
cable_residual {'update': 95, 'best_loss': 1.9303303384049617, 'stopping': 'practical plateau; no update ceiling'}
cable_residual {'update': 96, 'best_loss': 1.9254631897523045, 'stopping': 'practical plateau; no update ceiling'}
cable_residual {'update': 97, 'best_loss': 1.9254631897523045, 'stopping': 'practical plateau; no update ceiling'}
cable_residual {'update': 98, 'best_loss': 1.9254631897523045, 'stopping': 'practical plateau; no update ceiling'}
cable_residual {'update': 99, 'best_loss': 1.9254631897523045, 'stopping': 'practical plateau; no update ceiling'}
cable_residual {'update': 100, 'best_loss': 1.9254631897523045, 'stopping': 'practical plateau; no update ceiling'}
cable_residual {'update': 101, 'best_loss': 1.9254631897523045, 'stopping': 'practical plateau; no update ceiling'}
cable_residual {'update': 102, 'best_loss': 1.9254631897523045, 'stopping': 'practical plateau; no update ceiling'}
cable_residual {'update': 103, 'best_loss': 1.9254631897523045, 'stopping': 'practical plateau; no update ceiling'}
cable_residual {'update': 104, 'best_loss': 1.9254631897523045, 'stopping': 'practical plateau; no update ceiling'}
cable_residual {'update': 105, 'best_loss': 1.9254631897523045, 'stopping': 'practical plateau; no update ceiling'}
cable_residual {'update': 106, 'best_loss': 1.9195314797259346, 'stopping': 'practical plateau; no update ceiling'}
cable_residual {'update': 107, 'best_loss': 1.9195314797259346, 'stopping': 'practical plateau; no update ceiling'}
cable_residual {'update': 108, 'best_loss': 1.9195314797259346, 'stopping': 'practical plateau; no update ceiling'}
cable_residual {'update': 109, 'best_loss': 1.9195314797259346, 'stopping': 'practical plateau; no update ceiling'}
cable_residual {'update': 110, 'best_loss': 1.9195314797259346, 'stopping': 'practical plateau; no update ceiling'}
cable_residual {'update': 111, 'best_loss': 1.8952257555386387, 'stopping': 'practical plateau; no update ceiling'}
cable_residual {'update': 112, 'best_loss': 1.8952257555386387, 'stopping': 'practical plateau; no update ceiling'}
cable_residual {'update': 113, 'best_loss': 1.8952257555386387, 'stopping': 'practical plateau; no update ceiling'}
cable_residual {'update': 114, 'best_loss': 1.8952257555386387, 'stopping': 'practical plateau; no update ceiling'}
cable_residual {'update': 115, 'best_loss': 1.8952257555386387, 'stopping': 'practical plateau; no update ceiling'}
cable_residual {'update': 116, 'best_loss': 1.8932339892648937, 'stopping': 'practical plateau; no update ceiling'}
cable_residual {'update': 117, 'best_loss': 1.8932339892648937, 'stopping': 'practical plateau; no update ceiling'}
cable_residual {'update': 118, 'best_loss': 1.8932339892648937, 'stopping': 'practical plateau; no update ceiling'}
cable_residual {'update': 119, 'best_loss': 1.8932339892648937, 'stopping': 'practical plateau; no update ceiling'}
cable_residual {'update': 120, 'best_loss': 1.8932339892648937, 'stopping': 'practical plateau; no update ceiling'}
cable_residual {'update': 121, 'best_loss': 1.8844889020498823, 'stopping': 'practical plateau; no update ceiling'}
cable_residual {'update': 122, 'best_loss': 1.8844889020498823, 'stopping': 'practical plateau; no update ceiling'}
cable_residual {'update': 123, 'best_loss': 1.8844889020498823, 'stopping': 'practical plateau; no update ceiling'}
cable_residual {'update': 124, 'best_loss': 1.8844889020498823, 'stopping': 'practical plateau; no update ceiling'}
cable_residual {'update': 125, 'best_loss': 1.8844889020498823, 'stopping': 'practical plateau; no update ceiling'}
cable_residual {'update': 126, 'best_loss': 1.8779877788795891, 'stopping': 'practical plateau; no update ceiling'}
cable_residual {'update': 127, 'best_loss': 1.8779877788795891, 'stopping': 'practical plateau; no update ceiling'}
cable_residual {'update': 128, 'best_loss': 1.8779877788795891, 'stopping': 'practical plateau; no update ceiling'}
cable_residual {'update': 129, 'best_loss': 1.8779877788795891, 'stopping': 'practical plateau; no update ceiling'}
cable_residual {'update': 130, 'best_loss': 1.8779877788795891, 'stopping': 'practical plateau; no update ceiling'}
cable_residual {'update': 131, 'best_loss': 1.8675035555619317, 'stopping': 'practical plateau; no update ceiling'}
cable_residual {'update': 132, 'best_loss': 1.8675035555619317, 'stopping': 'practical plateau; no update ceiling'}
cable_residual {'update': 133, 'best_loss': 1.8675035555619317, 'stopping': 'practical plateau; no update ceiling'}
cable_residual {'update': 134, 'best_loss': 1.8675035555619317, 'stopping': 'practical plateau; no update ceiling'}
cable_residual {'update': 135, 'best_loss': 1.8675035555619317, 'stopping': 'practical plateau; no update ceiling'}
cable_residual {'update': 136, 'best_loss': 1.8513027787525838, 'stopping': 'practical plateau; no update ceiling'}
cable_residual {'update': 137, 'best_loss': 1.8513027787525838, 'stopping': 'practical plateau; no update ceiling'}
cable_residual {'update': 138, 'best_loss': 1.8513027787525838, 'stopping': 'practical plateau; no update ceiling'}
cable_residual {'update': 139, 'best_loss': 1.8513027787525838, 'stopping': 'practical plateau; no update ceiling'}
cable_residual {'update': 140, 'best_loss': 1.8513027787525838, 'stopping': 'practical plateau; no update ceiling'}
cable_residual {'update': 141, 'best_loss': 1.836629981843922, 'stopping': 'practical plateau; no update ceiling'}
cable_residual {'update': 142, 'best_loss': 1.836629981843922, 'stopping': 'practical plateau; no update ceiling'}
cable_residual {'update': 143, 'best_loss': 1.836629981843922, 'stopping': 'practical plateau; no update ceiling'}
cable_residual {'update': 144, 'best_loss': 1.836629981843922, 'stopping': 'practical plateau; no update ceiling'}
cable_residual {'update': 145, 'best_loss': 1.836629981843922, 'stopping': 'practical plateau; no update ceiling'}
cable_residual {'update': 146, 'best_loss': 1.829391787195437, 'stopping': 'practical plateau; no update ceiling'}
cable_residual {'update': 147, 'best_loss': 1.829391787195437, 'stopping': 'practical plateau; no update ceiling'}
cable_residual {'update': 148, 'best_loss': 1.829391787195437, 'stopping': 'practical plateau; no update ceiling'}
cable_residual {'update': 149, 'best_loss': 1.829391787195437, 'stopping': 'practical plateau; no update ceiling'}
cable_residual {'update': 150, 'best_loss': 1.829391787195437, 'stopping': 'practical plateau; no update ceiling'}
cable_residual {'update': 151, 'best_loss': 1.814785081665389, 'stopping': 'practical plateau; no update ceiling'}
cable_residual {'update': 152, 'best_loss': 1.814785081665389, 'stopping': 'practical plateau; no update ceiling'}
cable_residual {'update': 153, 'best_loss': 1.814785081665389, 'stopping': 'practical plateau; no update ceiling'}
cable_residual {'update': 154, 'best_loss': 1.814785081665389, 'stopping': 'practical plateau; no update ceiling'}
cable_residual {'update': 155, 'best_loss': 1.814785081665389, 'stopping': 'practical plateau; no update ceiling'}
cable_residual {'update': 156, 'best_loss': 1.8112100669837765, 'stopping': 'practical plateau; no update ceiling'}
cable_residual {'update': 157, 'best_loss': 1.8112100669837765, 'stopping': 'practical plateau; no update ceiling'}
cable_residual {'update': 158, 'best_loss': 1.8112100669837765, 'stopping': 'practical plateau; no update ceiling'}
cable_residual {'update': 159, 'best_loss': 1.8112100669837765, 'stopping': 'practical plateau; no update ceiling'}
cable_residual {'update': 160, 'best_loss': 1.8112100669837765, 'stopping': 'practical plateau; no update ceiling'}
cable_residual {'update': 161, 'best_loss': 1.8005371262795828, 'stopping': 'practical plateau; no update ceiling'}
cable_residual {'update': 162, 'best_loss': 1.8005371262795828, 'stopping': 'practical plateau; no update ceiling'}
cable_residual {'update': 163, 'best_loss': 1.8005371262795828, 'stopping': 'practical plateau; no update ceiling'}
cable_residual {'update': 164, 'best_loss': 1.8005371262795828, 'stopping': 'practical plateau; no update ceiling'}
cable_residual {'update': 165, 'best_loss': 1.8005371262795828, 'stopping': 'practical plateau; no update ceiling'}
cable_residual {'update': 166, 'best_loss': 1.794588351755806, 'stopping': 'practical plateau; no update ceiling'}
cable_residual {'update': 167, 'best_loss': 1.794588351755806, 'stopping': 'practical plateau; no update ceiling'}
cable_residual {'update': 168, 'best_loss': 1.794588351755806, 'stopping': 'practical plateau; no update ceiling'}
cable_residual {'update': 169, 'best_loss': 1.794588351755806, 'stopping': 'practical plateau; no update ceiling'}
cable_residual {'update': 170, 'best_loss': 1.794588351755806, 'stopping': 'practical plateau; no update ceiling'}
cable_residual {'update': 171, 'best_loss': 1.7874207842574141, 'stopping': 'practical plateau; no update ceiling'}
cable_residual {'update': 172, 'best_loss': 1.7874207842574141, 'stopping': 'practical plateau; no update ceiling'}
cable_residual {'update': 173, 'best_loss': 1.7874207842574141, 'stopping': 'practical plateau; no update ceiling'}
cable_residual {'update': 174, 'best_loss': 1.7874207842574141, 'stopping': 'practical plateau; no update ceiling'}
cable_residual {'update': 175, 'best_loss': 1.7874207842574141, 'stopping': 'practical plateau; no update ceiling'}
cable_residual {'update': 176, 'best_loss': 1.7681936352132153, 'stopping': 'practical plateau; no update ceiling'}
cable_residual {'update': 177, 'best_loss': 1.7681936352132153, 'stopping': 'practical plateau; no update ceiling'}
cable_residual {'update': 178, 'best_loss': 1.7681936352132153, 'stopping': 'practical plateau; no update ceiling'}
cable_residual {'update': 179, 'best_loss': 1.7681936352132153, 'stopping': 'practical plateau; no update ceiling'}
cable_residual {'update': 180, 'best_loss': 1.7681936352132153, 'stopping': 'practical plateau; no update ceiling'}
cable_residual {'update': 181, 'best_loss': 1.7681936352132153, 'stopping': 'practical plateau; no update ceiling'}
cable_residual {'update': 182, 'best_loss': 1.7681936352132153, 'stopping': 'practical plateau; no update ceiling'}
cable_residual {'update': 183, 'best_loss': 1.7681936352132153, 'stopping': 'practical plateau; no update ceiling'}
cable_residual {'update': 184, 'best_loss': 1.7681936352132153, 'stopping': 'practical plateau; no update ceiling'}
cable_residual {'update': 185, 'best_loss': 1.7681936352132153, 'stopping': 'practical plateau; no update ceiling'}
cable_residual {'update': 186, 'best_loss': 1.7609806866854631, 'stopping': 'practical plateau; no update ceiling'}
cable_residual {'update': 187, 'best_loss': 1.7609806866854631, 'stopping': 'practical plateau; no update ceiling'}
cable_residual {'update': 188, 'best_loss': 1.7609806866854631, 'stopping': 'practical plateau; no update ceiling'}
cable_residual {'update': 189, 'best_loss': 1.7609806866854631, 'stopping': 'practical plateau; no update ceiling'}
cable_residual {'update': 190, 'best_loss': 1.7609806866854631, 'stopping': 'practical plateau; no update ceiling'}
cable_residual {'update': 191, 'best_loss': 1.7541917114421506, 'stopping': 'practical plateau; no update ceiling'}
cable_residual {'update': 192, 'best_loss': 1.7541917114421506, 'stopping': 'practical plateau; no update ceiling'}
cable_residual {'update': 193, 'best_loss': 1.7541917114421506, 'stopping': 'practical plateau; no update ceiling'}
cable_residual {'update': 194, 'best_loss': 1.7541917114421506, 'stopping': 'practical plateau; no update ceiling'}
cable_residual {'update': 195, 'best_loss': 1.7541917114421506, 'stopping': 'practical plateau; no update ceiling'}
cable_residual {'update': 196, 'best_loss': 1.7407194480612171, 'stopping': 'practical plateau; no update ceiling'}
cable_residual {'update': 197, 'best_loss': 1.7407194480612171, 'stopping': 'practical plateau; no update ceiling'}
cable_residual {'update': 198, 'best_loss': 1.7407194480612171, 'stopping': 'practical plateau; no update ceiling'}
cable_residual {'update': 199, 'best_loss': 1.7407194480612171, 'stopping': 'practical plateau; no update ceiling'}
cable_residual {'update': 200, 'best_loss': 1.7407194480612171, 'stopping': 'practical plateau; no update ceiling'}
cable_residual {'update': 201, 'best_loss': 1.7292117846525625, 'stopping': 'practical plateau; no update ceiling'}
cable_residual {'update': 202, 'best_loss': 1.7292117846525625, 'stopping': 'practical plateau; no update ceiling'}
cable_residual {'update': 203, 'best_loss': 1.7292117846525625, 'stopping': 'practical plateau; no update ceiling'}
cable_residual {'update': 204, 'best_loss': 1.7292117846525625, 'stopping': 'practical plateau; no update ceiling'}
cable_residual {'update': 205, 'best_loss': 1.7292117846525625, 'stopping': 'practical plateau; no update ceiling'}
cable_residual {'update': 206, 'best_loss': 1.7274843725747306, 'stopping': 'practical plateau; no update ceiling'}
cable_residual {'update': 207, 'best_loss': 1.7274843725747306, 'stopping': 'practical plateau; no update ceiling'}
cable_residual {'update': 208, 'best_loss': 1.7274843725747306, 'stopping': 'practical plateau; no update ceiling'}
cable_residual {'update': 209, 'best_loss': 1.7274843725747306, 'stopping': 'practical plateau; no update ceiling'}
cable_residual {'update': 210, 'best_loss': 1.7274843725747306, 'stopping': 'practical plateau; no update ceiling'}
cable_residual {'update': 211, 'best_loss': 1.7124382645224607, 'stopping': 'practical plateau; no update ceiling'}
cable_residual {'update': 212, 'best_loss': 1.7124382645224607, 'stopping': 'practical plateau; no update ceiling'}
cable_residual {'update': 213, 'best_loss': 1.7124382645224607, 'stopping': 'practical plateau; no update ceiling'}
cable_residual {'update': 214, 'best_loss': 1.7124382645224607, 'stopping': 'practical plateau; no update ceiling'}
cable_residual {'update': 215, 'best_loss': 1.7124382645224607, 'stopping': 'practical plateau; no update ceiling'}
cable_residual {'update': 216, 'best_loss': 1.7053777933234733, 'stopping': 'practical plateau; no update ceiling'}
cable_residual {'update': 217, 'best_loss': 1.7053777933234733, 'stopping': 'practical plateau; no update ceiling'}
cable_residual {'update': 218, 'best_loss': 1.7053777933234733, 'stopping': 'practical plateau; no update ceiling'}
cable_residual {'update': 219, 'best_loss': 1.7053777933234733, 'stopping': 'practical plateau; no update ceiling'}
cable_residual {'update': 220, 'best_loss': 1.7053777933234733, 'stopping': 'practical plateau; no update ceiling'}
cable_residual {'update': 221, 'best_loss': 1.70331576552182, 'stopping': 'practical plateau; no update ceiling'}
cable_residual {'update': 222, 'best_loss': 1.70331576552182, 'stopping': 'practical plateau; no update ceiling'}
cable_residual {'update': 223, 'best_loss': 1.70331576552182, 'stopping': 'practical plateau; no update ceiling'}
cable_residual {'update': 224, 'best_loss': 1.70331576552182, 'stopping': 'practical plateau; no update ceiling'}
cable_residual {'update': 225, 'best_loss': 1.70331576552182, 'stopping': 'practical plateau; no update ceiling'}
cable_residual {'update': 226, 'best_loss': 1.696609464253801, 'stopping': 'practical plateau; no update ceiling'}
cable_residual {'update': 227, 'best_loss': 1.696609464253801, 'stopping': 'practical plateau; no update ceiling'}
cable_residual {'update': 228, 'best_loss': 1.696609464253801, 'stopping': 'practical plateau; no update ceiling'}
cable_residual {'update': 229, 'best_loss': 1.696609464253801, 'stopping': 'practical plateau; no update ceiling'}
cable_residual {'update': 230, 'best_loss': 1.696609464253801, 'stopping': 'practical plateau; no update ceiling'}
cable_residual {'update': 231, 'best_loss': 1.696609464253801, 'stopping': 'practical plateau; no update ceiling'}
cable_residual {'update': 232, 'best_loss': 1.696609464253801, 'stopping': 'practical plateau; no update ceiling'}
cable_residual {'update': 233, 'best_loss': 1.696609464253801, 'stopping': 'practical plateau; no update ceiling'}
cable_residual {'update': 234, 'best_loss': 1.696609464253801, 'stopping': 'practical plateau; no update ceiling'}
cable_residual {'update': 235, 'best_loss': 1.696609464253801, 'stopping': 'practical plateau; no update ceiling'}
cable_residual {'update': 236, 'best_loss': 1.69082424395321, 'stopping': 'practical plateau; no update ceiling'}
cable_residual {'update': 237, 'best_loss': 1.69082424395321, 'stopping': 'practical plateau; no update ceiling'}
cable_residual {'update': 238, 'best_loss': 1.69082424395321, 'stopping': 'practical plateau; no update ceiling'}
cable_residual {'update': 239, 'best_loss': 1.69082424395321, 'stopping': 'practical plateau; no update ceiling'}
cable_residual {'update': 240, 'best_loss': 1.69082424395321, 'stopping': 'practical plateau; no update ceiling'}
cable_residual {'update': 241, 'best_loss': 1.6830856489120072, 'stopping': 'practical plateau; no update ceiling'}
cable_residual {'update': 242, 'best_loss': 1.6830856489120072, 'stopping': 'practical plateau; no update ceiling'}
cable_residual {'update': 243, 'best_loss': 1.6830856489120072, 'stopping': 'practical plateau; no update ceiling'}
cable_residual {'update': 244, 'best_loss': 1.6830856489120072, 'stopping': 'practical plateau; no update ceiling'}
cable_residual {'update': 245, 'best_loss': 1.6830856489120072, 'stopping': 'practical plateau; no update ceiling'}
cable_residual {'update': 246, 'best_loss': 1.6828049602498087, 'stopping': 'practical plateau; no update ceiling'}
cable_residual {'update': 247, 'best_loss': 1.6828049602498087, 'stopping': 'practical plateau; no update ceiling'}
cable_residual {'update': 248, 'best_loss': 1.6828049602498087, 'stopping': 'practical plateau; no update ceiling'}
cable_residual {'update': 249, 'best_loss': 1.6828049602498087, 'stopping': 'practical plateau; no update ceiling'}
cable_residual {'update': 250, 'best_loss': 1.6828049602498087, 'stopping': 'practical plateau; no update ceiling'}
cable_residual {'update': 251, 'best_loss': 1.6757753791445367, 'stopping': 'practical plateau; no update ceiling'}
cable_residual {'update': 252, 'best_loss': 1.6757753791445367, 'stopping': 'practical plateau; no update ceiling'}
cable_residual {'update': 253, 'best_loss': 1.6757753791445367, 'stopping': 'practical plateau; no update ceiling'}
cable_residual {'update': 254, 'best_loss': 1.6757753791445367, 'stopping': 'practical plateau; no update ceiling'}
cable_residual {'update': 255, 'best_loss': 1.6757753791445367, 'stopping': 'practical plateau; no update ceiling'}
cable_residual {'update': 256, 'best_loss': 1.6673841510567038, 'stopping': 'practical plateau; no update ceiling'}
cable_residual {'update': 257, 'best_loss': 1.6673841510567038, 'stopping': 'practical plateau; no update ceiling'}
cable_residual {'update': 258, 'best_loss': 1.6673841510567038, 'stopping': 'practical plateau; no update ceiling'}
cable_residual {'update': 259, 'best_loss': 1.6673841510567038, 'stopping': 'practical plateau; no update ceiling'}
cable_residual {'update': 260, 'best_loss': 1.6673841510567038, 'stopping': 'practical plateau; no update ceiling'}
cable_residual {'update': 261, 'best_loss': 1.6593616272958103, 'stopping': 'practical plateau; no update ceiling'}
cable_residual {'update': 262, 'best_loss': 1.6593616272958103, 'stopping': 'practical plateau; no update ceiling'}
cable_residual {'update': 263, 'best_loss': 1.6593616272958103, 'stopping': 'practical plateau; no update ceiling'}
cable_residual {'update': 264, 'best_loss': 1.6593616272958103, 'stopping': 'practical plateau; no update ceiling'}
cable_residual {'update': 265, 'best_loss': 1.6593616272958103, 'stopping': 'practical plateau; no update ceiling'}
cable_residual {'update': 266, 'best_loss': 1.6538557169514936, 'stopping': 'practical plateau; no update ceiling'}
cable_residual {'update': 267, 'best_loss': 1.6538557169514936, 'stopping': 'practical plateau; no update ceiling'}
cable_residual {'update': 268, 'best_loss': 1.6538557169514936, 'stopping': 'practical plateau; no update ceiling'}
cable_residual {'update': 269, 'best_loss': 1.6538557169514936, 'stopping': 'practical plateau; no update ceiling'}
cable_residual {'update': 270, 'best_loss': 1.6538557169514936, 'stopping': 'practical plateau; no update ceiling'}
cable_residual {'update': 271, 'best_loss': 1.6476821088305615, 'stopping': 'practical plateau; no update ceiling'}
cable_residual {'update': 272, 'best_loss': 1.6476821088305615, 'stopping': 'practical plateau; no update ceiling'}
cable_residual {'update': 273, 'best_loss': 1.6476821088305615, 'stopping': 'practical plateau; no update ceiling'}
cable_residual {'update': 274, 'best_loss': 1.6476821088305615, 'stopping': 'practical plateau; no update ceiling'}
cable_residual {'update': 275, 'best_loss': 1.6476821088305615, 'stopping': 'practical plateau; no update ceiling'}
cable_residual {'update': 276, 'best_loss': 1.6408139278951779, 'stopping': 'practical plateau; no update ceiling'}
cable_residual {'update': 277, 'best_loss': 1.6408139278951779, 'stopping': 'practical plateau; no update ceiling'}
cable_residual {'update': 278, 'best_loss': 1.6408139278951779, 'stopping': 'practical plateau; no update ceiling'}
cable_residual {'update': 279, 'best_loss': 1.6408139278951779, 'stopping': 'practical plateau; no update ceiling'}
cable_residual {'update': 280, 'best_loss': 1.6408139278951779, 'stopping': 'practical plateau; no update ceiling'}
cable_residual {'update': 281, 'best_loss': 1.637633283103935, 'stopping': 'practical plateau; no update ceiling'}
cable_residual {'update': 282, 'best_loss': 1.637633283103935, 'stopping': 'practical plateau; no update ceiling'}
cable_residual {'update': 283, 'best_loss': 1.637633283103935, 'stopping': 'practical plateau; no update ceiling'}
cable_residual {'update': 284, 'best_loss': 1.637633283103935, 'stopping': 'practical plateau; no update ceiling'}
cable_residual {'update': 285, 'best_loss': 1.637633283103935, 'stopping': 'practical plateau; no update ceiling'}
cable_residual {'update': 286, 'best_loss': 1.6292930141659043, 'stopping': 'practical plateau; no update ceiling'}
cable_residual {'update': 287, 'best_loss': 1.6292930141659043, 'stopping': 'practical plateau; no update ceiling'}
cable_residual {'update': 288, 'best_loss': 1.6292930141659043, 'stopping': 'practical plateau; no update ceiling'}
cable_residual {'update': 289, 'best_loss': 1.6292930141659043, 'stopping': 'practical plateau; no update ceiling'}
cable_residual {'update': 290, 'best_loss': 1.6292930141659043, 'stopping': 'practical plateau; no update ceiling'}
cable_residual {'update': 291, 'best_loss': 1.6206867587411613, 'stopping': 'practical plateau; no update ceiling'}
cable_residual {'update': 292, 'best_loss': 1.6206867587411613, 'stopping': 'practical plateau; no update ceiling'}
cable_residual {'update': 293, 'best_loss': 1.6206867587411613, 'stopping': 'practical plateau; no update ceiling'}
cable_residual {'update': 294, 'best_loss': 1.6206867587411613, 'stopping': 'practical plateau; no update ceiling'}
cable_residual {'update': 295, 'best_loss': 1.6206867587411613, 'stopping': 'practical plateau; no update ceiling'}
cable_residual {'update': 296, 'best_loss': 1.619967262469762, 'stopping': 'practical plateau; no update ceiling'}
cable_residual {'update': 297, 'best_loss': 1.619967262469762, 'stopping': 'practical plateau; no update ceiling'}
cable_residual {'update': 298, 'best_loss': 1.619967262469762, 'stopping': 'practical plateau; no update ceiling'}
cable_residual {'update': 299, 'best_loss': 1.619967262469762, 'stopping': 'practical plateau; no update ceiling'}
cable_residual {'update': 300, 'best_loss': 1.619967262469762, 'stopping': 'practical plateau; no update ceiling'}
cable_residual {'update': 301, 'best_loss': 1.6142408222359672, 'stopping': 'practical plateau; no update ceiling'}
cable_residual {'update': 302, 'best_loss': 1.6142408222359672, 'stopping': 'practical plateau; no update ceiling'}
cable_residual {'update': 303, 'best_loss': 1.6142408222359672, 'stopping': 'practical plateau; no update ceiling'}
cable_residual {'update': 304, 'best_loss': 1.6142408222359672, 'stopping': 'practical plateau; no update ceiling'}
cable_residual {'update': 305, 'best_loss': 1.6142408222359672, 'stopping': 'practical plateau; no update ceiling'}
cable_residual {'update': 306, 'best_loss': 1.6105788918171502, 'stopping': 'practical plateau; no update ceiling'}
cable_residual {'update': 307, 'best_loss': 1.6105788918171502, 'stopping': 'practical plateau; no update ceiling'}
cable_residual {'update': 308, 'best_loss': 1.6105788918171502, 'stopping': 'practical plateau; no update ceiling'}
cable_residual {'update': 309, 'best_loss': 1.6105788918171502, 'stopping': 'practical plateau; no update ceiling'}
cable_residual {'update': 310, 'best_loss': 1.6105788918171502, 'stopping': 'practical plateau; no update ceiling'}
cable_residual {'update': 311, 'best_loss': 1.6040037825734832, 'stopping': 'practical plateau; no update ceiling'}
cable_residual {'update': 312, 'best_loss': 1.6040037825734832, 'stopping': 'practical plateau; no update ceiling'}
cable_residual {'update': 313, 'best_loss': 1.6040037825734832, 'stopping': 'practical plateau; no update ceiling'}
cable_residual {'update': 314, 'best_loss': 1.6040037825734832, 'stopping': 'practical plateau; no update ceiling'}
cable_residual {'update': 315, 'best_loss': 1.6040037825734832, 'stopping': 'practical plateau; no update ceiling'}
cable_residual {'update': 316, 'best_loss': 1.6008807245929264, 'stopping': 'practical plateau; no update ceiling'}
cable_residual {'update': 317, 'best_loss': 1.6008807245929264, 'stopping': 'practical plateau; no update ceiling'}
cable_residual {'update': 318, 'best_loss': 1.6008807245929264, 'stopping': 'practical plateau; no update ceiling'}
cable_residual {'update': 319, 'best_loss': 1.6008807245929264, 'stopping': 'practical plateau; no update ceiling'}
cable_residual {'update': 320, 'best_loss': 1.6008807245929264, 'stopping': 'practical plateau; no update ceiling'}
cable_residual {'update': 321, 'best_loss': 1.5929845390298212, 'stopping': 'practical plateau; no update ceiling'}
cable_residual {'update': 322, 'best_loss': 1.5929845390298212, 'stopping': 'practical plateau; no update ceiling'}
cable_residual {'update': 323, 'best_loss': 1.5929845390298212, 'stopping': 'practical plateau; no update ceiling'}
cable_residual {'update': 324, 'best_loss': 1.5929845390298212, 'stopping': 'practical plateau; no update ceiling'}
cable_residual {'update': 325, 'best_loss': 1.5929845390298212, 'stopping': 'practical plateau; no update ceiling'}
cable_residual {'update': 326, 'best_loss': 1.589849444037117, 'stopping': 'practical plateau; no update ceiling'}
cable_residual {'update': 327, 'best_loss': 1.589849444037117, 'stopping': 'practical plateau; no update ceiling'}
cable_residual {'update': 328, 'best_loss': 1.589849444037117, 'stopping': 'practical plateau; no update ceiling'}
cable_residual {'update': 329, 'best_loss': 1.589849444037117, 'stopping': 'practical plateau; no update ceiling'}
cable_residual {'update': 330, 'best_loss': 1.589849444037117, 'stopping': 'practical plateau; no update ceiling'}
cable_residual {'update': 331, 'best_loss': 1.5861459235929904, 'stopping': 'practical plateau; no update ceiling'}
cable_residual {'update': 332, 'best_loss': 1.5861459235929904, 'stopping': 'practical plateau; no update ceiling'}
cable_residual {'update': 333, 'best_loss': 1.5861459235929904, 'stopping': 'practical plateau; no update ceiling'}
cable_residual {'update': 334, 'best_loss': 1.5861459235929904, 'stopping': 'practical plateau; no update ceiling'}
cable_residual {'update': 335, 'best_loss': 1.5861459235929904, 'stopping': 'practical plateau; no update ceiling'}
cable_residual {'update': 336, 'best_loss': 1.5822059736235414, 'stopping': 'practical plateau; no update ceiling'}
cable_residual {'update': 337, 'best_loss': 1.5822059736235414, 'stopping': 'practical plateau; no update ceiling'}
cable_residual {'update': 338, 'best_loss': 1.5822059736235414, 'stopping': 'practical plateau; no update ceiling'}
cable_residual {'update': 339, 'best_loss': 1.5822059736235414, 'stopping': 'practical plateau; no update ceiling'}
cable_residual {'update': 340, 'best_loss': 1.5822059736235414, 'stopping': 'practical plateau; no update ceiling'}
cable_residual {'update': 341, 'best_loss': 1.58059256724149, 'stopping': 'practical plateau; no update ceiling'}
cable_residual {'update': 342, 'best_loss': 1.58059256724149, 'stopping': 'practical plateau; no update ceiling'}
cable_residual {'update': 343, 'best_loss': 1.58059256724149, 'stopping': 'practical plateau; no update ceiling'}
cable_residual {'update': 344, 'best_loss': 1.58059256724149, 'stopping': 'practical plateau; no update ceiling'}
cable_residual {'update': 345, 'best_loss': 1.58059256724149, 'stopping': 'practical plateau; no update ceiling'}
cable_residual {'update': 346, 'best_loss': 1.5720082079997926, 'stopping': 'practical plateau; no update ceiling'}
cable_residual {'update': 347, 'best_loss': 1.5720082079997926, 'stopping': 'practical plateau; no update ceiling'}
cable_residual {'update': 348, 'best_loss': 1.5720082079997926, 'stopping': 'practical plateau; no update ceiling'}
cable_residual {'update': 349, 'best_loss': 1.5720082079997926, 'stopping': 'practical plateau; no update ceiling'}
cable_residual {'update': 350, 'best_loss': 1.5720082079997926, 'stopping': 'practical plateau; no update ceiling'}
cable_residual {'update': 351, 'best_loss': 1.5694747801071136, 'stopping': 'practical plateau; no update ceiling'}
cable_residual {'update': 352, 'best_loss': 1.5694747801071136, 'stopping': 'practical plateau; no update ceiling'}
cable_residual {'update': 353, 'best_loss': 1.5694747801071136, 'stopping': 'practical plateau; no update ceiling'}
cable_residual {'update': 354, 'best_loss': 1.5694747801071136, 'stopping': 'practical plateau; no update ceiling'}
cable_residual {'update': 355, 'best_loss': 1.5694747801071136, 'stopping': 'practical plateau; no update ceiling'}
cable_residual {'update': 356, 'best_loss': 1.5694747801071136, 'stopping': 'practical plateau; no update ceiling'}
cable_residual {'update': 357, 'best_loss': 1.5694747801071136, 'stopping': 'practical plateau; no update ceiling'}
cable_residual {'update': 358, 'best_loss': 1.5694747801071136, 'stopping': 'practical plateau; no update ceiling'}
cable_residual {'update': 359, 'best_loss': 1.5694747801071136, 'stopping': 'practical plateau; no update ceiling'}
cable_residual {'update': 360, 'best_loss': 1.5694747801071136, 'stopping': 'practical plateau; no update ceiling'}
cable_residual {'update': 361, 'best_loss': 1.5639925661879668, 'stopping': 'practical plateau; no update ceiling'}
cable_residual {'update': 362, 'best_loss': 1.5639925661879668, 'stopping': 'practical plateau; no update ceiling'}
cable_residual {'update': 363, 'best_loss': 1.5639925661879668, 'stopping': 'practical plateau; no update ceiling'}
cable_residual {'update': 364, 'best_loss': 1.5639925661879668, 'stopping': 'practical plateau; no update ceiling'}
cable_residual {'update': 365, 'best_loss': 1.5639925661879668, 'stopping': 'practical plateau; no update ceiling'}
cable_residual {'update': 366, 'best_loss': 1.5561312641746827, 'stopping': 'practical plateau; no update ceiling'}
cable_residual {'update': 367, 'best_loss': 1.5561312641746827, 'stopping': 'practical plateau; no update ceiling'}
cable_residual {'update': 368, 'best_loss': 1.5561312641746827, 'stopping': 'practical plateau; no update ceiling'}
cable_residual {'update': 369, 'best_loss': 1.5561312641746827, 'stopping': 'practical plateau; no update ceiling'}
cable_residual {'update': 370, 'best_loss': 1.5561312641746827, 'stopping': 'practical plateau; no update ceiling'}
cable_residual {'update': 371, 'best_loss': 1.5507079242220125, 'stopping': 'practical plateau; no update ceiling'}
cable_residual {'update': 372, 'best_loss': 1.5507079242220125, 'stopping': 'practical plateau; no update ceiling'}
cable_residual {'update': 373, 'best_loss': 1.5507079242220125, 'stopping': 'practical plateau; no update ceiling'}
cable_residual {'update': 374, 'best_loss': 1.5507079242220125, 'stopping': 'practical plateau; no update ceiling'}
cable_residual {'update': 375, 'best_loss': 1.5507079242220125, 'stopping': 'practical plateau; no update ceiling'}
Traceback (most recent call last):
  File "C:\Users\wts28\Documents\PHD\particle_filter_cable_project\tools\continue_full_whip.py", line 14, in <module>
    if __name__=='__main__':main()
                            ^^^^^^
  File "C:\Users\wts28\Documents\PHD\particle_filter_cable_project\tools\continue_full_whip.py", line 13, in main
    else:print(run(a.job))
               ^^^^^^^^^^
  File "C:\Users\wts28\Documents\PHD\particle_filter_cable_project\experimental_data\whip_full_continuation.py", line 153, in run
    rr=train_to_plateau(net,objective,c,job/'cable_residual',job,'cable_residual')
       ^^^^^^^^^^^^^^^^^^^^^^^^^^^^^^^^^^^^^^^^^^^^^^^^^^^^^^^^^^^^^^^^^^^^^^^^^^^
  File "C:\Users\wts28\Documents\PHD\particle_filter_cable_project\experimental_data\whip_full_continuation.py", line 66, in train_to_plateau
    progress(job,label,update=update,best_loss=stop.best,stopping='practical plateau; no update ceiling')
  File "C:\Users\wts28\Documents\PHD\particle_filter_cable_project\experimental_data\whip_full_optim.py", line 20, in progress
    if (job/'STOP').exists():raise InterruptedError('Stopped; completed stages and optimizer state retained')
                             ^^^^^^^^^^^^^^^^^^^^^^^^^^^^^^^^^^^^^^^^^^^^^^^^^^^^^^^^^^^^^^^^^^^^^^^^^^^^^^^^
InterruptedError: Stopped; completed stages and optimizer state retained
