episodes=53248/500000 batch_success=81.250% rolling_5000=82.180% total_success=81.104% endpoint_success=81.614% episodes_per_second=163.98
episodes=55296/500000 batch_success=81.055% rolling_5000=81.700% total_success=81.102% endpoint_success=81.610% episodes_per_second=165.09
episodes=57344/500000 batch_success=79.248% rolling_5000=80.000% total_success=81.036% endpoint_success=81.538% episodes_per_second=166.36
episodes=59392/500000 batch_success=80.908% rolling_5000=80.440% total_success=81.031% endpoint_success=81.524% episodes_per_second=167.38
episodes=61440/500000 batch_success=80.176% rolling_5000=80.100% total_success=81.003% endpoint_success=81.499% episodes_per_second=168.37
validation_episodes=61440 success=486/512
episodes=63488/500000 batch_success=81.250% rolling_5000=80.800% total_success=81.011% endpoint_success=81.499% episodes_per_second=164.45
episodes=65536/500000 batch_success=79.541% rolling_5000=80.480% total_success=80.965% endpoint_success=81.445% episodes_per_second=165.49
episodes=67584/500000 batch_success=80.225% rolling_5000=80.160% total_success=80.942% endpoint_success=81.420% episodes_per_second=166.44
episodes=69632/500000 batch_success=81.396% rolling_5000=80.560% total_success=80.956% endpoint_success=81.438% episodes_per_second=167.43
episodes=71680/500000 batch_success=81.982% rolling_5000=81.960% total_success=80.985% endpoint_success=81.468% episodes_per_second=168.29
validation_episodes=71680 success=485/512
episodes=73728/500000 batch_success=81.055% rolling_5000=81.620% total_success=80.987% endpoint_success=81.467% episodes_per_second=164.95
episodes=75776/500000 batch_success=82.910% rolling_5000=82.080% total_success=81.039% endpoint_success=81.515% episodes_per_second=165.78
episodes=77824/500000 batch_success=81.885% rolling_5000=82.080% total_success=81.061% endpoint_success=81.537% episodes_per_second=166.46
episodes=79872/500000 batch_success=82.959% rolling_5000=82.380% total_success=81.110% endpoint_success=81.586% episodes_per_second=167.26
episodes=81920/500000 batch_success=82.666% rolling_5000=82.320% total_success=81.149% endpoint_success=81.624% episodes_per_second=168.07
validation_episodes=81920 success=485/512
episodes=83968/500000 batch_success=82.373% rolling_5000=82.680% total_success=81.179% endpoint_success=81.661% episodes_per_second=165.34
episodes=86016/500000 batch_success=81.494% rolling_5000=81.920% total_success=81.186% endpoint_success=81.679% episodes_per_second=166.04
episodes=88064/500000 batch_success=82.666% rolling_5000=82.120% total_success=81.220% endpoint_success=81.720% episodes_per_second=166.71
episodes=90112/500000 batch_success=81.836% rolling_5000=82.180% total_success=81.234% endpoint_success=81.728% episodes_per_second=167.31
episodes=92160/500000 batch_success=83.740% rolling_5000=82.620% total_success=81.290% endpoint_success=81.784% episodes_per_second=167.94
validation_episodes=92160 success=478/512
episodes=94208/500000 batch_success=83.057% rolling_5000=82.840% total_success=81.329% endpoint_success=81.818% episodes_per_second=165.50
episodes=96256/500000 batch_success=82.227% rolling_5000=82.880% total_success=81.348% endpoint_success=81.833% episodes_per_second=166.24
episodes=98304/500000 batch_success=80.957% rolling_5000=81.900% total_success=81.340% endpoint_success=81.823% episodes_per_second=166.94
episodes=100352/500000 batch_success=81.299% rolling_5000=81.440% total_success=81.339% endpoint_success=81.815% episodes_per_second=167.58
episodes=102400/500000 batch_success=83.838% rolling_5000=82.540% total_success=81.389% endpoint_success=81.862% episodes_per_second=168.23
validation_episodes=102400 success=481/512
episodes=104448/500000 batch_success=82.275% rolling_5000=82.660% total_success=81.406% endpoint_success=81.877% episodes_per_second=165.91
episodes=106496/500000 batch_success=80.908% rolling_5000=82.160% total_success=81.396% endpoint_success=81.864% episodes_per_second=166.53
episodes=108544/500000 batch_success=83.496% rolling_5000=82.200% total_success=81.436% endpoint_success=81.904% episodes_per_second=167.13
episodes=110592/500000 batch_success=83.691% rolling_5000=83.200% total_success=81.478% endpoint_success=81.944% episodes_per_second=167.70
episodes=112640/500000 batch_success=81.494% rolling_5000=82.620% total_success=81.478% endpoint_success=81.940% episodes_per_second=168.26
validation_episodes=112640 success=483/512
episodes=114688/500000 batch_success=81.885% rolling_5000=82.160% total_success=81.485% endpoint_success=81.952% episodes_per_second=166.16
episodes=116736/500000 batch_success=80.957% rolling_5000=81.240% total_success=81.476% endpoint_success=81.946% episodes_per_second=166.70
episodes=118784/500000 batch_success=81.396% rolling_5000=81.440% total_success=81.475% endpoint_success=81.945% episodes_per_second=167.15
episodes=120832/500000 batch_success=83.057% rolling_5000=81.920% total_success=81.502% endpoint_success=81.967% episodes_per_second=167.71
episodes=122880/500000 batch_success=82.129% rolling_5000=82.500% total_success=81.512% endpoint_success=81.978% episodes_per_second=168.21
validation_episodes=122880 success=490/512
episodes=124928/500000 batch_success=82.178% rolling_5000=82.540% total_success=81.523% endpoint_success=81.986% episodes_per_second=166.32
episodes=126976/500000 batch_success=80.713% rolling_5000=81.280% total_success=81.510% endpoint_success=81.972% episodes_per_second=166.83
episodes=129024/500000 batch_success=82.764% rolling_5000=81.580% total_success=81.530% endpoint_success=81.989% episodes_per_second=167.31
episodes=131072/500000 batch_success=81.201% rolling_5000=81.960% total_success=81.525% endpoint_success=81.985% episodes_per_second=167.76
episodes=133120/500000 batch_success=80.127% rolling_5000=80.940% total_success=81.503% endpoint_success=81.960% episodes_per_second=168.22
validation_episodes=133120 success=486/512
episodes=135168/500000 batch_success=82.812% rolling_5000=81.480% total_success=81.523% endpoint_success=81.977% episodes_per_second=166.49
episodes=137216/500000 batch_success=83.008% rolling_5000=82.540% total_success=81.545% endpoint_success=81.999% episodes_per_second=167.00
episodes=139264/500000 batch_success=82.324% rolling_5000=82.600% total_success=81.557% endpoint_success=82.010% episodes_per_second=167.40
episodes=141312/500000 batch_success=80.420% rolling_5000=81.740% total_success=81.540% endpoint_success=81.992% episodes_per_second=167.82
episodes=143360/500000 batch_success=82.031% rolling_5000=81.300% total_success=81.547% endpoint_success=82.001% episodes_per_second=168.23
validation_episodes=143360 success=486/512
episodes=145408/500000 batch_success=82.324% rolling_5000=81.720% total_success=81.558% endpoint_success=82.010% episodes_per_second=166.49
episodes=147456/500000 batch_success=82.520% rolling_5000=82.420% total_success=81.571% endpoint_success=82.021% episodes_per_second=166.94
episodes=149504/500000 batch_success=82.520% rolling_5000=82.620% total_success=81.584% endpoint_success=82.030% episodes_per_second=167.37
episodes=151552/500000 batch_success=82.227% rolling_5000=82.440% total_success=81.593% endpoint_success=82.038% episodes_per_second=167.78
episodes=153600/500000 batch_success=81.445% rolling_5000=81.760% total_success=81.591% endpoint_success=82.033% episodes_per_second=168.17
validation_episodes=153600 success=485/512
episodes=155648/500000 batch_success=81.738% rolling_5000=81.400% total_success=81.593% endpoint_success=82.031% episodes_per_second=166.63
episodes=157696/500000 batch_success=82.227% rolling_5000=81.980% total_success=81.601% endpoint_success=82.037% episodes_per_second=167.02
episodes=159744/500000 batch_success=81.396% rolling_5000=81.560% total_success=81.599% endpoint_success=82.031% episodes_per_second=167.44
episodes=161792/500000 batch_success=80.664% rolling_5000=81.560% total_success=81.587% endpoint_success=82.015% episodes_per_second=167.86
episodes=163840/500000 batch_success=82.910% rolling_5000=81.940% total_success=81.603% endpoint_success=82.029% episodes_per_second=168.25
validation_episodes=163840 success=479/512
episodes=165888/500000 batch_success=82.178% rolling_5000=82.460% total_success=81.610% endpoint_success=82.038% episodes_per_second=166.82
episodes=167936/500000 batch_success=81.396% rolling_5000=81.880% total_success=81.608% endpoint_success=82.035% episodes_per_second=167.18
episodes=169984/500000 batch_success=83.447% rolling_5000=82.420% total_success=81.630% endpoint_success=82.058% episodes_per_second=167.52
episodes=172032/500000 batch_success=81.152% rolling_5000=82.140% total_success=81.624% endpoint_success=82.054% episodes_per_second=167.86
episodes=174080/500000 batch_success=82.031% rolling_5000=81.580% total_success=81.629% endpoint_success=82.061% episodes_per_second=168.23
validation_episodes=174080 success=483/512
episodes=176128/500000 batch_success=82.324% rolling_5000=82.440% total_success=81.637% endpoint_success=82.069% episodes_per_second=166.92
episodes=178176/500000 batch_success=82.422% rolling_5000=82.060% total_success=81.646% endpoint_success=82.077% episodes_per_second=167.31
episodes=180224/500000 batch_success=82.422% rolling_5000=82.320% total_success=81.655% endpoint_success=82.086% episodes_per_second=167.67
episodes=182272/500000 batch_success=83.008% rolling_5000=82.760% total_success=81.670% endpoint_success=82.101% episodes_per_second=168.01
episodes=184320/500000 batch_success=81.104% rolling_5000=82.240% total_success=81.664% endpoint_success=82.095% episodes_per_second=168.34
validation_episodes=184320 success=484/512
episodes=186368/500000 batch_success=83.398% rolling_5000=82.300% total_success=81.683% endpoint_success=82.114% episodes_per_second=166.98
episodes=188416/500000 batch_success=83.203% rolling_5000=82.680% total_success=81.700% endpoint_success=82.129% episodes_per_second=167.35
episodes=190464/500000 batch_success=82.275% rolling_5000=82.760% total_success=81.706% endpoint_success=82.135% episodes_per_second=167.71
episodes=192512/500000 batch_success=82.910% rolling_5000=82.860% total_success=81.719% endpoint_success=82.146% episodes_per_second=168.06
episodes=194560/500000 batch_success=82.959% rolling_5000=83.140% total_success=81.732% endpoint_success=82.157% episodes_per_second=168.38
validation_episodes=194560 success=485/512
episodes=196608/500000 batch_success=81.055% rolling_5000=82.460% total_success=81.725% endpoint_success=82.147% episodes_per_second=167.17
episodes=198656/500000 batch_success=81.104% rolling_5000=81.400% total_success=81.718% endpoint_success=82.140% episodes_per_second=167.49
episodes=200704/500000 batch_success=82.178% rolling_5000=81.280% total_success=81.723% endpoint_success=82.145% episodes_per_second=167.81
episodes=202752/500000 batch_success=82.324% rolling_5000=81.860% total_success=81.729% endpoint_success=82.148% episodes_per_second=168.15
episodes=204800/500000 batch_success=81.494% rolling_5000=82.160% total_success=81.727% endpoint_success=82.145% episodes_per_second=168.45
validation_episodes=204800 success=480/512
episodes=206848/500000 batch_success=81.689% rolling_5000=81.600% total_success=81.726% endpoint_success=82.143% episodes_per_second=167.29
episodes=208896/500000 batch_success=81.641% rolling_5000=81.580% total_success=81.725% endpoint_success=82.141% episodes_per_second=167.55
episodes=210944/500000 batch_success=83.447% rolling_5000=82.340% total_success=81.742% endpoint_success=82.157% episodes_per_second=167.82
episodes=212992/500000 batch_success=83.252% rolling_5000=83.260% total_success=81.757% endpoint_success=82.169% episodes_per_second=168.08
episodes=215040/500000 batch_success=81.445% rolling_5000=82.720% total_success=81.754% endpoint_success=82.166% episodes_per_second=168.38
validation_episodes=215040 success=480/512
episodes=217088/500000 batch_success=82.861% rolling_5000=82.240% total_success=81.764% endpoint_success=82.173% episodes_per_second=167.31
episodes=219136/500000 batch_success=81.396% rolling_5000=81.900% total_success=81.761% endpoint_success=82.168% episodes_per_second=167.62
episodes=221184/500000 batch_success=81.445% rolling_5000=81.540% total_success=81.758% endpoint_success=82.164% episodes_per_second=167.91
episodes=223232/500000 batch_success=80.811% rolling_5000=81.140% total_success=81.749% endpoint_success=82.152% episodes_per_second=168.18
episodes=225280/500000 batch_success=81.787% rolling_5000=81.420% total_success=81.749% endpoint_success=82.150% episodes_per_second=168.45
validation_episodes=225280 success=485/512
episodes=227328/500000 batch_success=82.715% rolling_5000=81.960% total_success=81.758% endpoint_success=82.157% episodes_per_second=167.40
episodes=229376/500000 batch_success=80.664% rolling_5000=81.700% total_success=81.748% endpoint_success=82.144% episodes_per_second=167.68
episodes=231424/500000 batch_success=81.689% rolling_5000=81.360% total_success=81.748% endpoint_success=82.144% episodes_per_second=167.96
episodes=233472/500000 batch_success=80.664% rolling_5000=80.900% total_success=81.738% endpoint_success=82.134% episodes_per_second=168.22
episodes=235520/500000 batch_success=82.422% rolling_5000=81.660% total_success=81.744% endpoint_success=82.139% episodes_per_second=168.48
validation_episodes=235520 success=482/512
episodes=237568/500000 batch_success=81.641% rolling_5000=81.940% total_success=81.743% endpoint_success=82.137% episodes_per_second=167.46
episodes=239616/500000 batch_success=82.031% rolling_5000=81.880% total_success=81.746% endpoint_success=82.139% episodes_per_second=167.71
episodes=241664/500000 batch_success=83.105% rolling_5000=82.360% total_success=81.757% endpoint_success=82.149% episodes_per_second=167.99
episodes=243712/500000 batch_success=81.934% rolling_5000=82.320% total_success=81.759% endpoint_success=82.149% episodes_per_second=168.28
episodes=245760/500000 batch_success=82.227% rolling_5000=82.100% total_success=81.763% endpoint_success=82.151% episodes_per_second=168.54
validation_episodes=245760 success=484/512
episodes=247808/500000 batch_success=82.275% rolling_5000=82.080% total_success=81.767% endpoint_success=82.156% episodes_per_second=167.59
episodes=249856/500000 batch_success=81.885% rolling_5000=82.160% total_success=81.768% endpoint_success=82.157% episodes_per_second=167.83
episodes=251904/500000 batch_success=82.666% rolling_5000=82.220% total_success=81.775% endpoint_success=82.165% episodes_per_second=168.07
episodes=253952/500000 batch_success=82.568% rolling_5000=82.660% total_success=81.782% endpoint_success=82.171% episodes_per_second=168.31
episodes=256000/500000 batch_success=82.764% rolling_5000=82.840% total_success=81.789% endpoint_success=82.179% episodes_per_second=168.56
validation_episodes=256000 success=482/512
episodes=258048/500000 batch_success=82.324% rolling_5000=82.500% total_success=81.794% endpoint_success=82.184% episodes_per_second=167.65
episodes=260096/500000 batch_success=82.910% rolling_5000=82.500% total_success=81.802% endpoint_success=82.193% episodes_per_second=167.88
episodes=262144/500000 batch_success=83.154% rolling_5000=83.040% total_success=81.813% endpoint_success=82.202% episodes_per_second=168.10
episodes=264192/500000 batch_success=80.859% rolling_5000=82.300% total_success=81.806% endpoint_success=82.195% episodes_per_second=168.33
episodes=266240/500000 batch_success=82.129% rolling_5000=82.020% total_success=81.808% endpoint_success=82.198% episodes_per_second=168.55
validation_episodes=266240 success=483/512
episodes=268288/500000 batch_success=82.617% rolling_5000=82.280% total_success=81.814% endpoint_success=82.205% episodes_per_second=167.62
episodes=270336/500000 batch_success=81.348% rolling_5000=81.880% total_success=81.811% endpoint_success=82.199% episodes_per_second=167.84
episodes=272384/500000 batch_success=81.250% rolling_5000=81.620% total_success=81.807% endpoint_success=82.196% episodes_per_second=168.07
episodes=274432/500000 batch_success=80.469% rolling_5000=80.800% total_success=81.797% endpoint_success=82.186% episodes_per_second=168.29
episodes=276480/500000 batch_success=80.908% rolling_5000=80.620% total_success=81.790% endpoint_success=82.180% episodes_per_second=168.50
validation_episodes=276480 success=487/512
episodes=278528/500000 batch_success=81.787% rolling_5000=81.080% total_success=81.790% endpoint_success=82.181% episodes_per_second=167.64
episodes=280576/500000 batch_success=82.764% rolling_5000=82.080% total_success=81.797% endpoint_success=82.189% episodes_per_second=167.87
episodes=282624/500000 batch_success=83.154% rolling_5000=83.120% total_success=81.807% endpoint_success=82.198% episodes_per_second=168.11
episodes=284672/500000 batch_success=80.908% rolling_5000=81.960% total_success=81.800% endpoint_success=82.191% episodes_per_second=168.34
episodes=286720/500000 batch_success=83.154% rolling_5000=82.460% total_success=81.810% endpoint_success=82.199% episodes_per_second=168.58
validation_episodes=286720 success=482/512
episodes=288768/500000 batch_success=83.301% rolling_5000=82.560% total_success=81.821% endpoint_success=82.210% episodes_per_second=167.74
episodes=290816/500000 batch_success=82.520% rolling_5000=82.600% total_success=81.826% endpoint_success=82.216% episodes_per_second=167.94
episodes=292864/500000 batch_success=83.691% rolling_5000=82.800% total_success=81.839% endpoint_success=82.229% episodes_per_second=168.13
episodes=294912/500000 batch_success=83.838% rolling_5000=83.560% total_success=81.853% endpoint_success=82.241% episodes_per_second=168.34
episodes=296960/500000 batch_success=82.227% rolling_5000=83.360% total_success=81.855% endpoint_success=82.244% episodes_per_second=168.57
validation_episodes=296960 success=490/512
episodes=299008/500000 batch_success=83.057% rolling_5000=82.760% total_success=81.863% endpoint_success=82.252% episodes_per_second=167.79
episodes=301056/500000 batch_success=82.666% rolling_5000=82.580% total_success=81.869% endpoint_success=82.257% episodes_per_second=168.00
episodes=303104/500000 batch_success=82.422% rolling_5000=82.780% total_success=81.873% endpoint_success=82.261% episodes_per_second=168.19
episodes=305152/500000 batch_success=83.105% rolling_5000=82.560% total_success=81.881% endpoint_success=82.268% episodes_per_second=168.39
episodes=307200/500000 batch_success=82.520% rolling_5000=82.480% total_success=81.885% endpoint_success=82.272% episodes_per_second=168.58
validation_episodes=307200 success=486/512
episodes=309248/500000 batch_success=82.080% rolling_5000=82.760% total_success=81.886% endpoint_success=82.273% episodes_per_second=167.78
episodes=311296/500000 batch_success=83.984% rolling_5000=82.800% total_success=81.900% endpoint_success=82.288% episodes_per_second=167.97
episodes=313344/500000 batch_success=83.984% rolling_5000=83.540% total_success=81.914% endpoint_success=82.301% episodes_per_second=168.12
episodes=315392/500000 batch_success=82.861% rolling_5000=83.240% total_success=81.920% endpoint_success=82.306% episodes_per_second=168.31
episodes=317440/500000 batch_success=82.715% rolling_5000=83.220% total_success=81.925% endpoint_success=82.310% episodes_per_second=168.50
validation_episodes=317440 success=487/512
episodes=319488/500000 batch_success=82.666% rolling_5000=82.720% total_success=81.930% endpoint_success=82.315% episodes_per_second=167.73
episodes=321536/500000 batch_success=82.959% rolling_5000=82.960% total_success=81.936% endpoint_success=82.320% episodes_per_second=167.94
episodes=323584/500000 batch_success=82.471% rolling_5000=82.680% total_success=81.940% endpoint_success=82.321% episodes_per_second=168.14
episodes=325632/500000 batch_success=83.691% rolling_5000=83.100% total_success=81.951% endpoint_success=82.332% episodes_per_second=168.34
episodes=327680/500000 batch_success=82.812% rolling_5000=83.160% total_success=81.956% endpoint_success=82.337% episodes_per_second=168.54
validation_episodes=327680 success=486/512
episodes=329728/500000 batch_success=80.664% rolling_5000=81.800% total_success=81.948% endpoint_success=82.327% episodes_per_second=167.75
episodes=331776/500000 batch_success=82.031% rolling_5000=81.740% total_success=81.949% endpoint_success=82.328% episodes_per_second=167.91
episodes=333824/500000 batch_success=83.594% rolling_5000=82.320% total_success=81.959% endpoint_success=82.336% episodes_per_second=168.07
episodes=335872/500000 batch_success=82.812% rolling_5000=83.140% total_success=81.964% endpoint_success=82.341% episodes_per_second=168.25
episodes=337920/500000 batch_success=81.738% rolling_5000=82.280% total_success=81.963% endpoint_success=82.339% episodes_per_second=168.43
validation_episodes=337920 success=481/512
episodes=339968/500000 batch_success=82.324% rolling_5000=82.260% total_success=81.965% endpoint_success=82.340% episodes_per_second=167.73
episodes=342016/500000 batch_success=82.910% rolling_5000=82.460% total_success=81.970% endpoint_success=82.344% episodes_per_second=167.92
episodes=344064/500000 batch_success=82.861% rolling_5000=82.780% total_success=81.976% endpoint_success=82.347% episodes_per_second=168.10
episodes=346112/500000 batch_success=82.764% rolling_5000=82.780% total_success=81.980% endpoint_success=82.351% episodes_per_second=168.28
episodes=348160/500000 batch_success=82.520% rolling_5000=82.760% total_success=81.984% endpoint_success=82.352% episodes_per_second=168.46
validation_episodes=348160 success=485/512
episodes=350208/500000 batch_success=82.031% rolling_5000=82.240% total_success=81.984% endpoint_success=82.351% episodes_per_second=167.77
episodes=352256/500000 batch_success=82.861% rolling_5000=82.480% total_success=81.989% endpoint_success=82.356% episodes_per_second=167.96
episodes=354304/500000 batch_success=81.641% rolling_5000=82.440% total_success=81.987% endpoint_success=82.353% episodes_per_second=168.11
episodes=356352/500000 batch_success=83.203% rolling_5000=82.640% total_success=81.994% endpoint_success=82.360% episodes_per_second=168.28
episodes=358400/500000 batch_success=81.641% rolling_5000=82.520% total_success=81.992% endpoint_success=82.357% episodes_per_second=168.42
validation_episodes=358400 success=489/512
episodes=360448/500000 batch_success=83.301% rolling_5000=82.600% total_success=81.999% endpoint_success=82.363% episodes_per_second=167.74
episodes=362496/500000 batch_success=81.982% rolling_5000=82.580% total_success=81.999% endpoint_success=82.364% episodes_per_second=167.93
episodes=364544/500000 batch_success=83.447% rolling_5000=82.680% total_success=82.007% endpoint_success=82.371% episodes_per_second=168.11
episodes=366592/500000 batch_success=81.494% rolling_5000=82.260% total_success=82.005% endpoint_success=82.369% episodes_per_second=168.29
episodes=368640/500000 batch_success=82.080% rolling_5000=82.000% total_success=82.005% endpoint_success=82.369% episodes_per_second=168.45
validation_episodes=368640 success=494/512
episodes=370688/500000 batch_success=82.666% rolling_5000=82.320% total_success=82.009% endpoint_success=82.372% episodes_per_second=167.77
episodes=372736/500000 batch_success=81.689% rolling_5000=82.160% total_success=82.007% endpoint_success=82.370% episodes_per_second=167.94
episodes=374784/500000 batch_success=81.689% rolling_5000=82.200% total_success=82.005% endpoint_success=82.367% episodes_per_second=168.11
episodes=376832/500000 batch_success=83.350% rolling_5000=82.560% total_success=82.012% endpoint_success=82.374% episodes_per_second=168.28
episodes=378880/500000 batch_success=83.154% rolling_5000=82.920% total_success=82.019% endpoint_success=82.379% episodes_per_second=168.45
validation_episodes=378880 success=487/512
episodes=380928/500000 batch_success=83.594% rolling_5000=83.220% total_success=82.027% endpoint_success=82.388% episodes_per_second=167.83
episodes=382976/500000 batch_success=83.252% rolling_5000=82.980% total_success=82.034% endpoint_success=82.394% episodes_per_second=167.98
episodes=385024/500000 batch_success=83.203% rolling_5000=83.340% total_success=82.040% endpoint_success=82.400% episodes_per_second=168.14
episodes=387072/500000 batch_success=82.764% rolling_5000=83.220% total_success=82.044% endpoint_success=82.404% episodes_per_second=168.29
episodes=389120/500000 batch_success=83.545% rolling_5000=83.140% total_success=82.052% endpoint_success=82.411% episodes_per_second=168.44
validation_episodes=389120 success=488/512
episodes=391168/500000 batch_success=81.934% rolling_5000=82.840% total_success=82.051% endpoint_success=82.409% episodes_per_second=167.81
episodes=393216/500000 batch_success=81.445% rolling_5000=81.720% total_success=82.048% endpoint_success=82.404% episodes_per_second=167.96
episodes=395264/500000 batch_success=82.520% rolling_5000=82.500% total_success=82.050% endpoint_success=82.406% episodes_per_second=168.11
episodes=397312/500000 batch_success=82.324% rolling_5000=82.520% total_success=82.052% endpoint_success=82.407% episodes_per_second=168.27
episodes=399360/500000 batch_success=81.348% rolling_5000=82.120% total_success=82.048% endpoint_success=82.404% episodes_per_second=168.42
validation_episodes=399360 success=483/512
episodes=401408/500000 batch_success=81.494% rolling_5000=81.640% total_success=82.045% endpoint_success=82.402% episodes_per_second=167.81
episodes=403456/500000 batch_success=84.082% rolling_5000=82.520% total_success=82.056% endpoint_success=82.412% episodes_per_second=167.96
episodes=405504/500000 batch_success=81.836% rolling_5000=82.780% total_success=82.054% endpoint_success=82.410% episodes_per_second=168.10
episodes=407552/500000 batch_success=82.031% rolling_5000=82.680% total_success=82.054% endpoint_success=82.409% episodes_per_second=168.26
episodes=409600/500000 batch_success=83.154% rolling_5000=82.380% total_success=82.060% endpoint_success=82.415% episodes_per_second=168.38
validation_episodes=409600 success=485/512
episodes=411648/500000 batch_success=82.959% rolling_5000=82.820% total_success=82.064% endpoint_success=82.418% episodes_per_second=167.71
episodes=413696/500000 batch_success=83.154% rolling_5000=82.700% total_success=82.070% endpoint_success=82.424% episodes_per_second=167.83
episodes=415744/500000 batch_success=82.910% rolling_5000=83.100% total_success=82.074% endpoint_success=82.427% episodes_per_second=167.99
episodes=417792/500000 batch_success=83.984% rolling_5000=83.520% total_success=82.083% endpoint_success=82.436% episodes_per_second=168.16
episodes=419840/500000 batch_success=81.982% rolling_5000=83.180% total_success=82.083% endpoint_success=82.436% episodes_per_second=168.32
validation_episodes=419840 success=489/512
episodes=421888/500000 batch_success=82.568% rolling_5000=82.700% total_success=82.085% endpoint_success=82.440% episodes_per_second=167.75
episodes=423936/500000 batch_success=82.910% rolling_5000=82.300% total_success=82.089% endpoint_success=82.444% episodes_per_second=167.88
episodes=425984/500000 batch_success=81.787% rolling_5000=82.220% total_success=82.088% endpoint_success=82.443% episodes_per_second=168.03
episodes=428032/500000 batch_success=83.740% rolling_5000=83.000% total_success=82.095% endpoint_success=82.451% episodes_per_second=168.19
episodes=430080/500000 batch_success=82.568% rolling_5000=82.780% total_success=82.098% endpoint_success=82.453% episodes_per_second=168.34
validation_episodes=430080 success=489/512
episodes=432128/500000 batch_success=83.887% rolling_5000=83.280% total_success=82.106% endpoint_success=82.462% episodes_per_second=167.79
episodes=434176/500000 batch_success=83.154% rolling_5000=83.240% total_success=82.111% endpoint_success=82.468% episodes_per_second=167.92
episodes=436224/500000 batch_success=83.350% rolling_5000=83.400% total_success=82.117% endpoint_success=82.473% episodes_per_second=168.05
episodes=438272/500000 batch_success=83.398% rolling_5000=83.140% total_success=82.123% endpoint_success=82.480% episodes_per_second=168.19
episodes=440320/500000 batch_success=83.301% rolling_5000=83.240% total_success=82.128% endpoint_success=82.485% episodes_per_second=168.32
validation_episodes=440320 success=482/512
episodes=442368/500000 batch_success=84.863% rolling_5000=84.220% total_success=82.141% endpoint_success=82.499% episodes_per_second=167.80
episodes=444416/500000 batch_success=82.324% rolling_5000=83.580% total_success=82.142% endpoint_success=82.499% episodes_per_second=167.95
episodes=446464/500000 batch_success=82.129% rolling_5000=82.480% total_success=82.142% endpoint_success=82.498% episodes_per_second=168.09
episodes=448512/500000 batch_success=84.375% rolling_5000=83.220% total_success=82.152% endpoint_success=82.508% episodes_per_second=168.22
episodes=450560/500000 batch_success=82.812% rolling_5000=83.320% total_success=82.155% endpoint_success=82.511% episodes_per_second=168.35
validation_episodes=450560 success=486/512
episodes=452608/500000 batch_success=83.057% rolling_5000=83.500% total_success=82.159% endpoint_success=82.515% episodes_per_second=167.80
episodes=454656/500000 batch_success=83.057% rolling_5000=83.100% total_success=82.163% endpoint_success=82.519% episodes_per_second=167.93
episodes=456704/500000 batch_success=83.398% rolling_5000=83.300% total_success=82.169% endpoint_success=82.524% episodes_per_second=168.07
episodes=458752/500000 batch_success=83.887% rolling_5000=83.760% total_success=82.176% endpoint_success=82.532% episodes_per_second=168.21
episodes=460800/500000 batch_success=83.008% rolling_5000=83.440% total_success=82.180% endpoint_success=82.537% episodes_per_second=168.36
validation_episodes=460800 success=485/512
episodes=462848/500000 batch_success=83.887% rolling_5000=83.600% total_success=82.188% endpoint_success=82.544% episodes_per_second=167.83
episodes=464896/500000 batch_success=81.348% rolling_5000=82.460% total_success=82.184% endpoint_success=82.541% episodes_per_second=167.95
episodes=466944/500000 batch_success=82.812% rolling_5000=82.500% total_success=82.187% endpoint_success=82.545% episodes_per_second=168.09
episodes=468992/500000 batch_success=84.521% rolling_5000=83.220% total_success=82.197% endpoint_success=82.555% episodes_per_second=168.22
episodes=471040/500000 batch_success=81.250% rolling_5000=83.100% total_success=82.193% endpoint_success=82.551% episodes_per_second=168.36
validation_episodes=471040 success=484/512
episodes=473088/500000 batch_success=82.520% rolling_5000=82.600% total_success=82.194% endpoint_success=82.556% episodes_per_second=167.87
episodes=475136/500000 batch_success=81.982% rolling_5000=82.120% total_success=82.193% endpoint_success=82.556% episodes_per_second=167.98
episodes=477184/500000 batch_success=80.908% rolling_5000=81.380% total_success=82.188% endpoint_success=82.551% episodes_per_second=168.11
episodes=479232/500000 batch_success=81.104% rolling_5000=81.020% total_success=82.183% endpoint_success=82.546% episodes_per_second=168.23
episodes=481280/500000 batch_success=82.275% rolling_5000=81.360% total_success=82.184% endpoint_success=82.546% episodes_per_second=168.35
validation_episodes=481280 success=489/512
episodes=483328/500000 batch_success=83.594% rolling_5000=82.700% total_success=82.190% endpoint_success=82.552% episodes_per_second=167.87
episodes=485376/500000 batch_success=83.838% rolling_5000=83.220% total_success=82.196% endpoint_success=82.560% episodes_per_second=168.01
episodes=487424/500000 batch_success=83.105% rolling_5000=83.740% total_success=82.200% endpoint_success=82.564% episodes_per_second=168.15
episodes=489472/500000 batch_success=82.568% rolling_5000=83.040% total_success=82.202% endpoint_success=82.566% episodes_per_second=168.28
episodes=491520/500000 batch_success=83.740% rolling_5000=82.900% total_success=82.208% endpoint_success=82.574% episodes_per_second=168.40
validation_episodes=491520 success=488/512
episodes=493568/500000 batch_success=83.301% rolling_5000=83.340% total_success=82.213% endpoint_success=82.578% episodes_per_second=167.91
episodes=495616/500000 batch_success=84.033% rolling_5000=83.860% total_success=82.220% endpoint_success=82.588% episodes_per_second=168.04
episodes=497664/500000 batch_success=83.643% rolling_5000=83.740% total_success=82.226% endpoint_success=82.593% episodes_per_second=168.17
episodes=499712/500000 batch_success=84.082% rolling_5000=83.980% total_success=82.234% endpoint_success=82.600% episodes_per_second=168.30
episodes=501760/500000 batch_success=84.033% rolling_5000=83.820% total_success=82.241% endpoint_success=82.607% episodes_per_second=168.43
validation_episodes=501760 success=486/512
{
  "status": "COMPLETE",
  "episodes": 501760,
  "requested_episodes": 500000,
  "batch_aligned_overshoot": 1760,
  "episodes_remaining": 0,
  "successes": 412653,
  "endpoint_successes": 414489,
  "legacy_scientific_successes": 0,
  "success_rate": 0.822411112882653,
  "rolling_success_rate": 0.8382,
  "rolling_window_episodes": 5000,
  "episodes_per_second": 167.8280097862603,
  "elapsed_s": 2989.7274039001204,
  "early_stopping_reason": null
}
