[W909 12:03:02.000000000 Context.cpp:448] Warning: torch.backends.cuda.preferred_linalg_library is an experimental feature. If you see any error or unexpected behavior when this flag is set please file an issue on GitHub. (function operator ())
{"stage": "MPPI sampled trajectories", "iteration": 1, "iterations": 100}
{"stage": "MPPI update complete", "iteration": 1, "best_reward": 68.7722519485377, "batch_reward": -76.52182611997142, "success": 0.0, "effective_samples": 1.0001220110664284, "failures": 0.6435546875, "mean_reward": -19.616491014918015, "mean_failed": false, "elapsed_s": 5.478118600003654, "best_iteration": 1, "best_success": false, "best_failed": false, "best_minimum_tip_distance_m": 0.09330042775914589}
{"stage": "MPPI sampled trajectories", "iteration": 2, "iterations": 100}
{"stage": "MPPI update complete", "iteration": 2, "best_reward": 75.85309247616046, "batch_reward": -71.68517048550669, "success": 0.0, "effective_samples": 1.0000000000611422, "failures": 0.76171875, "mean_reward": 68.77224953185842, "mean_failed": false, "elapsed_s": 10.73052650000318, "best_iteration": 2, "best_success": false, "best_failed": false, "best_minimum_tip_distance_m": 0.08287736802296009}
{"stage": "MPPI sampled trajectories", "iteration": 3, "iterations": 100}
{"stage": "MPPI update complete", "iteration": 3, "best_reward": 78.00111280416127, "batch_reward": -69.20374416258838, "success": 0.0, "effective_samples": 1.0718207242412234, "failures": 0.638671875, "mean_reward": 67.78802983596451, "mean_failed": false, "elapsed_s": 15.979562799999258, "best_iteration": 3, "best_success": false, "best_failed": false, "best_minimum_tip_distance_m": 0.12029070495953095}
{"stage": "MPPI sampled trajectories", "iteration": 4, "iterations": 100}
{"stage": "MPPI update complete", "iteration": 4, "best_reward": 78.00111280416127, "batch_reward": -74.58656139286359, "success": 0.0, "effective_samples": 1.0000941187223968, "failures": 0.7001953125, "mean_reward": 47.1459319071968, "mean_failed": false, "elapsed_s": 21.225277000005008, "best_iteration": 3, "best_success": false, "best_failed": false, "best_minimum_tip_distance_m": 0.12029070495953095}
{"stage": "MPPI sampled trajectories", "iteration": 5, "iterations": 100}
{"stage": "MPPI update complete", "iteration": 5, "best_reward": 78.00111280416127, "batch_reward": -70.873958876031, "success": 0.0, "effective_samples": 1.0002652805837522, "failures": 0.708984375, "mean_reward": 32.94351871154422, "mean_failed": false, "elapsed_s": 26.473932000000787, "best_iteration": 3, "best_success": false, "best_failed": false, "best_minimum_tip_distance_m": 0.12029070495953095}
{"stage": "MPPI sampled trajectories", "iteration": 6, "iterations": 100}
{"stage": "MPPI update complete", "iteration": 6, "best_reward": 78.00111280416127, "batch_reward": -77.96305618471219, "success": 0.0, "effective_samples": 1.0029653480092884, "failures": 0.7548828125, "mean_reward": 62.095109877834076, "mean_failed": false, "elapsed_s": 31.712296700003208, "best_iteration": 3, "best_success": false, "best_failed": false, "best_minimum_tip_distance_m": 0.12029070495953095}
{"stage": "MPPI sampled trajectories", "iteration": 7, "iterations": 100}
{"stage": "MPPI update complete", "iteration": 7, "best_reward": 78.00111280416127, "batch_reward": -67.99139756211609, "success": 0.0, "effective_samples": 1.2693860732235034, "failures": 0.7021484375, "mean_reward": 41.35614936847596, "mean_failed": false, "elapsed_s": 36.95859660000133, "best_iteration": 3, "best_success": false, "best_failed": false, "best_minimum_tip_distance_m": 0.12029070495953095}
{"stage": "MPPI sampled trajectories", "iteration": 8, "iterations": 100}
{"stage": "MPPI update complete", "iteration": 8, "best_reward": 78.00111280416127, "batch_reward": -71.78259822028957, "success": 0.0, "effective_samples": 1.0000313497439761, "failures": 0.7626953125, "mean_reward": 62.81846636041585, "mean_failed": false, "elapsed_s": 42.22660680000263, "best_iteration": 3, "best_success": false, "best_failed": false, "best_minimum_tip_distance_m": 0.12029070495953095}
{"stage": "MPPI sampled trajectories", "iteration": 9, "iterations": 100}
{"stage": "MPPI update complete", "iteration": 9, "best_reward": 78.18278732962659, "batch_reward": -60.235836299411666, "success": 0.0, "effective_samples": 1.0000000002647123, "failures": 0.6552734375, "mean_reward": 68.69234062788259, "mean_failed": false, "elapsed_s": 47.475586200002, "best_iteration": 9, "best_success": false, "best_failed": false, "best_minimum_tip_distance_m": 0.10238183706212259}
{"stage": "MPPI sampled trajectories", "iteration": 10, "iterations": 100}
{"stage": "MPPI update complete", "iteration": 10, "best_reward": 78.18278732962659, "batch_reward": -69.44662790220829, "success": 0.0, "effective_samples": 1.0180479210772888, "failures": 0.75390625, "mean_reward": 49.18237503876361, "mean_failed": false, "elapsed_s": 52.71279570000479, "best_iteration": 9, "best_success": false, "best_failed": false, "best_minimum_tip_distance_m": 0.10238183706212259}
{"stage": "MPPI sampled trajectories", "iteration": 11, "iterations": 100}
{"stage": "MPPI update complete", "iteration": 11, "best_reward": 81.09071779858876, "batch_reward": -71.60745883074331, "success": 0.0, "effective_samples": 1.12484979627342, "failures": 0.787109375, "mean_reward": 54.428598155662556, "mean_failed": false, "elapsed_s": 57.962652599999274, "best_iteration": 11, "best_success": false, "best_failed": false, "best_minimum_tip_distance_m": 0.0730654853262243}
{"stage": "MPPI sampled trajectories", "iteration": 12, "iterations": 100}
{"stage": "MPPI update complete", "iteration": 12, "best_reward": 91.2222709802442, "batch_reward": -77.19054800668141, "success": 0.0, "effective_samples": 1.0005927233688081, "failures": 0.8125, "mean_reward": 75.14106051510942, "mean_failed": false, "elapsed_s": 63.19564260000334, "best_iteration": 12, "best_success": false, "best_failed": false, "best_minimum_tip_distance_m": 0.052673332116541814}
{"stage": "MPPI sampled trajectories", "iteration": 13, "iterations": 100}
{"stage": "MPPI update complete", "iteration": 13, "best_reward": 91.23696919282833, "batch_reward": -83.33583568355307, "success": 0.0, "effective_samples": 1.7059508808951198, "failures": 0.78125, "mean_reward": 91.23696919282833, "mean_failed": false, "elapsed_s": 68.40449980000267, "best_iteration": 13, "best_success": false, "best_failed": false, "best_minimum_tip_distance_m": 0.05251595053045369}
{"stage": "MPPI sampled trajectories", "iteration": 14, "iterations": 100}
{"stage": "MPPI update complete", "iteration": 14, "best_reward": 91.23696919282833, "batch_reward": -75.01607793284695, "success": 0.0, "effective_samples": 1.4587783994034242, "failures": 0.7158203125, "mean_reward": 37.25315901392965, "mean_failed": false, "elapsed_s": 73.63788560000103, "best_iteration": 13, "best_success": false, "best_failed": false, "best_minimum_tip_distance_m": 0.05251595053045369}
{"stage": "MPPI sampled trajectories", "iteration": 15, "iterations": 100}
{"stage": "MPPI update complete", "iteration": 15, "best_reward": 295.85361381494556, "batch_reward": -73.9080766916953, "success": 0.0009765625, "effective_samples": 1.0, "failures": 0.7607421875, "mean_reward": 75.05794299025958, "mean_failed": false, "elapsed_s": 78.86302860000433, "best_iteration": 15, "best_success": true, "best_failed": false, "best_minimum_tip_distance_m": 0.03283441749422839}
{"stage": "MPPI sampled trajectories", "iteration": 16, "iterations": 100}
{"stage": "MPPI update complete", "iteration": 16, "best_reward": 298.45652668774534, "batch_reward": -82.25905386049936, "success": 0.0009765625, "effective_samples": 1.0, "failures": 0.7861328125, "mean_reward": 295.85361381494556, "mean_failed": false, "elapsed_s": 84.08838580000156, "best_iteration": 16, "best_success": true, "best_failed": false, "best_minimum_tip_distance_m": 0.04400158985712324}
{"stage": "MPPI sampled trajectories", "iteration": 17, "iterations": 100}
{"stage": "MPPI update complete", "iteration": 17, "best_reward": 298.45652668774534, "batch_reward": -85.73645965407098, "success": 0.0, "effective_samples": 1.0000000000000373, "failures": 0.9755859375, "mean_reward": 298.45652668774534, "mean_failed": false, "elapsed_s": 89.31865870000183, "best_iteration": 16, "best_success": true, "best_failed": false, "best_minimum_tip_distance_m": 0.04400158985712324}
{"stage": "MPPI sampled trajectories", "iteration": 18, "iterations": 100}
{"stage": "MPPI update complete", "iteration": 18, "best_reward": 298.45652668774534, "batch_reward": -66.14134497953633, "success": 0.0009765625, "effective_samples": 1.0, "failures": 0.6884765625, "mean_reward": 36.84436305959872, "mean_failed": false, "elapsed_s": 94.52424540000357, "best_iteration": 16, "best_success": true, "best_failed": false, "best_minimum_tip_distance_m": 0.04400158985712324}
{"stage": "MPPI sampled trajectories", "iteration": 19, "iterations": 100}
{"stage": "MPPI update complete", "iteration": 19, "best_reward": 298.45652668774534, "batch_reward": -80.09069977217052, "success": 0.001953125, "effective_samples": 1.0, "failures": 0.841796875, "mean_reward": 297.1479147406144, "mean_failed": false, "elapsed_s": 99.75057550000201, "best_iteration": 16, "best_success": true, "best_failed": false, "best_minimum_tip_distance_m": 0.04400158985712324}
{"stage": "MPPI sampled trajectories", "iteration": 20, "iterations": 100}
{"stage": "MPPI update complete", "iteration": 20, "best_reward": 298.45652668774534, "batch_reward": -82.27961665270466, "success": 0.0, "effective_samples": 1.0000000001395888, "failures": 0.8935546875, "mean_reward": 297.7422388911406, "mean_failed": false, "elapsed_s": 104.9549904000014, "best_iteration": 16, "best_success": true, "best_failed": false, "best_minimum_tip_distance_m": 0.04400158985712324}
{"stage": "MPPI sampled trajectories", "iteration": 21, "iterations": 100}
{"stage": "MPPI update complete", "iteration": 21, "best_reward": 298.45652668774534, "batch_reward": -75.01832787702506, "success": 0.0009765625, "effective_samples": 1.0, "failures": 0.8251953125, "mean_reward": 77.600331811561, "mean_failed": false, "elapsed_s": 110.19043110000348, "best_iteration": 16, "best_success": true, "best_failed": false, "best_minimum_tip_distance_m": 0.04400158985712324}
{"stage": "MPPI sampled trajectories", "iteration": 22, "iterations": 100}
{"stage": "MPPI update complete", "iteration": 22, "best_reward": 298.45652668774534, "batch_reward": -86.02890949252476, "success": 0.0, "effective_samples": 1.0000000009935603, "failures": 0.82421875, "mean_reward": 296.0435879438658, "mean_failed": false, "elapsed_s": 115.4286460000003, "best_iteration": 16, "best_success": true, "best_failed": false, "best_minimum_tip_distance_m": 0.04400158985712324}
{"stage": "MPPI sampled trajectories", "iteration": 23, "iterations": 100}
{"stage": "MPPI update complete", "iteration": 23, "best_reward": 298.45652668774534, "batch_reward": -84.99674274273795, "success": 0.0, "effective_samples": 1.0082923309652645, "failures": 0.810546875, "mean_reward": 49.96827762942464, "mean_failed": false, "elapsed_s": 120.65240690000064, "best_iteration": 16, "best_success": true, "best_failed": false, "best_minimum_tip_distance_m": 0.04400158985712324}
{"stage": "MPPI sampled trajectories", "iteration": 24, "iterations": 100}
{"stage": "MPPI update complete", "iteration": 24, "best_reward": 298.45652668774534, "batch_reward": -89.60944850778407, "success": 0.0, "effective_samples": 1.0, "failures": 0.8505859375, "mean_reward": 38.6331425856594, "mean_failed": false, "elapsed_s": 125.86965430000419, "best_iteration": 16, "best_success": true, "best_failed": false, "best_minimum_tip_distance_m": 0.04400158985712324}
{"stage": "MPPI sampled trajectories", "iteration": 25, "iterations": 100}
{"stage": "MPPI update complete", "iteration": 25, "best_reward": 298.45652668774534, "batch_reward": -86.33914470418065, "success": 0.0, "effective_samples": 1.6066749536104385, "failures": 0.8095703125, "mean_reward": 74.98720200980296, "mean_failed": false, "elapsed_s": 131.09161880000465, "best_iteration": 16, "best_success": true, "best_failed": false, "best_minimum_tip_distance_m": 0.04400158985712324}
{"stage": "MPPI sampled trajectories", "iteration": 26, "iterations": 100}
{"stage": "MPPI update complete", "iteration": 26, "best_reward": 298.45652668774534, "batch_reward": -87.1069697951415, "success": 0.0, "effective_samples": 1.0, "failures": 0.7783203125, "mean_reward": 68.41703139956554, "mean_failed": false, "elapsed_s": 136.3221171000041, "best_iteration": 16, "best_success": true, "best_failed": false, "best_minimum_tip_distance_m": 0.04400158985712324}
{"stage": "MPPI sampled trajectories", "iteration": 27, "iterations": 100}
{"stage": "MPPI update complete", "iteration": 27, "best_reward": 298.45652668774534, "batch_reward": -94.79333137834215, "success": 0.0, "effective_samples": 1.0000000000000018, "failures": 0.8525390625, "mean_reward": 76.76211684261317, "mean_failed": false, "elapsed_s": 141.5482078999994, "best_iteration": 16, "best_success": true, "best_failed": false, "best_minimum_tip_distance_m": 0.04400158985712324}
{"stage": "MPPI sampled trajectories", "iteration": 28, "iterations": 100}
{"stage": "MPPI update complete", "iteration": 28, "best_reward": 298.45652668774534, "batch_reward": -100.42511303114742, "success": 0.0, "effective_samples": 1.0, "failures": 0.9111328125, "mean_reward": 78.22176753011671, "mean_failed": false, "elapsed_s": 146.7598300000027, "best_iteration": 16, "best_success": true, "best_failed": false, "best_minimum_tip_distance_m": 0.04400158985712324}
{"stage": "MPPI sampled trajectories", "iteration": 29, "iterations": 100}
{"stage": "MPPI update complete", "iteration": 29, "best_reward": 298.45652668774534, "batch_reward": -89.33138341788995, "success": 0.0, "effective_samples": 1.0000000000000004, "failures": 0.7958984375, "mean_reward": 93.78030510164076, "mean_failed": false, "elapsed_s": 151.95499089999794, "best_iteration": 16, "best_success": true, "best_failed": false, "best_minimum_tip_distance_m": 0.04400158985712324}
{"stage": "MPPI sampled trajectories", "iteration": 30, "iterations": 100}
{"stage": "MPPI update complete", "iteration": 30, "best_reward": 298.45652668774534, "batch_reward": -79.75405501030085, "success": 0.0, "effective_samples": 1.0000092699559555, "failures": 0.71484375, "mean_reward": 43.91402906162558, "mean_failed": false, "elapsed_s": 157.2030218, "best_iteration": 16, "best_success": true, "best_failed": false, "best_minimum_tip_distance_m": 0.04400158985712324}
{"stage": "MPPI sampled trajectories", "iteration": 31, "iterations": 100}
{"stage": "MPPI update complete", "iteration": 31, "best_reward": 298.45652668774534, "batch_reward": -79.05484071567946, "success": 0.0, "effective_samples": 1.0, "failures": 0.7080078125, "mean_reward": 67.23858613933393, "mean_failed": false, "elapsed_s": 162.42900490000466, "best_iteration": 16, "best_success": true, "best_failed": false, "best_minimum_tip_distance_m": 0.04400158985712324}
