episodes=53248/500000 batch_success=36.328% rolling_5000=37.420% total_success=54.256% endpoint_success=54.323% episodes_per_second=157.44
episodes=55296/500000 batch_success=40.039% rolling_5000=38.300% total_success=53.729% endpoint_success=53.796% episodes_per_second=158.59
episodes=57344/500000 batch_success=41.016% rolling_5000=39.620% total_success=53.275% endpoint_success=53.339% episodes_per_second=159.88
episodes=59392/500000 batch_success=50.635% rolling_5000=44.600% total_success=53.184% endpoint_success=53.246% episodes_per_second=161.02
episodes=61440/500000 batch_success=55.225% rolling_5000=51.000% total_success=53.252% endpoint_success=53.312% episodes_per_second=162.01
validation_episodes=61440 success=312/512
episodes=63488/500000 batch_success=47.217% rolling_5000=51.220% total_success=53.057% endpoint_success=53.120% episodes_per_second=158.34
episodes=65536/500000 batch_success=53.369% rolling_5000=51.140% total_success=53.067% endpoint_success=53.134% episodes_per_second=159.36
episodes=67584/500000 batch_success=57.080% rolling_5000=53.960% total_success=53.189% endpoint_success=53.255% episodes_per_second=160.42
episodes=69632/500000 batch_success=59.131% rolling_5000=57.300% total_success=53.363% endpoint_success=53.429% episodes_per_second=161.37
episodes=71680/500000 batch_success=57.080% rolling_5000=58.140% total_success=53.470% endpoint_success=53.535% episodes_per_second=162.31
validation_episodes=71680 success=376/512
episodes=73728/500000 batch_success=57.861% rolling_5000=58.100% total_success=53.592% endpoint_success=53.658% episodes_per_second=159.32
episodes=75776/500000 batch_success=56.592% rolling_5000=57.500% total_success=53.673% endpoint_success=53.739% episodes_per_second=160.22
episodes=77824/500000 batch_success=54.932% rolling_5000=55.800% total_success=53.706% endpoint_success=53.770% episodes_per_second=160.98
episodes=79872/500000 batch_success=57.031% rolling_5000=55.940% total_success=53.791% endpoint_success=53.855% episodes_per_second=161.84
episodes=81920/500000 batch_success=55.762% rolling_5000=56.260% total_success=53.840% endpoint_success=53.907% episodes_per_second=162.70
validation_episodes=81920 success=127/512
episodes=83968/500000 batch_success=29.199% rolling_5000=45.080% total_success=53.239% endpoint_success=53.306% episodes_per_second=160.16
episodes=86016/500000 batch_success=33.643% rolling_5000=35.580% total_success=52.773% endpoint_success=52.838% episodes_per_second=160.84
episodes=88064/500000 batch_success=39.355% rolling_5000=35.300% total_success=52.461% endpoint_success=52.525% episodes_per_second=161.53
episodes=90112/500000 batch_success=32.910% rolling_5000=35.720% total_success=52.016% endpoint_success=52.080% episodes_per_second=162.18
episodes=92160/500000 batch_success=36.475% rolling_5000=35.440% total_success=51.671% endpoint_success=51.735% episodes_per_second=162.86
validation_episodes=92160 success=217/512
episodes=94208/500000 batch_success=36.572% rolling_5000=35.680% total_success=51.343% endpoint_success=51.408% episodes_per_second=160.59
episodes=96256/500000 batch_success=39.355% rolling_5000=37.640% total_success=51.088% endpoint_success=51.151% episodes_per_second=161.29
episodes=98304/500000 batch_success=42.236% rolling_5000=40.000% total_success=50.903% endpoint_success=50.965% episodes_per_second=161.93
episodes=100352/500000 batch_success=41.895% rolling_5000=41.160% total_success=50.719% endpoint_success=50.781% episodes_per_second=162.54
episodes=102400/500000 batch_success=35.840% rolling_5000=39.680% total_success=50.422% endpoint_success=50.482% episodes_per_second=163.15
validation_episodes=102400 success=76/512
episodes=104448/500000 batch_success=21.680% rolling_5000=31.160% total_success=49.858% endpoint_success=49.918% episodes_per_second=160.97
episodes=106496/500000 batch_success=23.291% rolling_5000=25.400% total_success=49.347% endpoint_success=49.406% episodes_per_second=161.55
episodes=108544/500000 batch_success=23.438% rolling_5000=22.820% total_success=48.859% endpoint_success=48.916% episodes_per_second=162.13
episodes=110592/500000 batch_success=22.705% rolling_5000=23.100% total_success=48.374% endpoint_success=48.430% episodes_per_second=162.67
episodes=112640/500000 batch_success=21.875% rolling_5000=22.120% total_success=47.892% endpoint_success=47.947% episodes_per_second=163.18
validation_episodes=112640 success=72/512
episodes=114688/500000 batch_success=19.727% rolling_5000=21.340% total_success=47.389% endpoint_success=47.443% episodes_per_second=161.13
episodes=116736/500000 batch_success=14.648% rolling_5000=18.300% total_success=46.815% endpoint_success=46.868% episodes_per_second=161.66
episodes=118784/500000 batch_success=6.738% rolling_5000=12.640% total_success=46.124% endpoint_success=46.176% episodes_per_second=162.16
episodes=120832/500000 batch_success=7.471% rolling_5000=8.260% total_success=45.469% endpoint_success=45.520% episodes_per_second=162.67
episodes=122880/500000 batch_success=6.494% rolling_5000=6.800% total_success=44.819% endpoint_success=44.870% episodes_per_second=163.18
validation_episodes=122880 success=13/512
episodes=124928/500000 batch_success=8.545% rolling_5000=7.500% total_success=44.225% endpoint_success=44.274% episodes_per_second=161.37
episodes=126976/500000 batch_success=6.641% rolling_5000=7.380% total_success=43.618% endpoint_success=43.667% episodes_per_second=161.83
episodes=129024/500000 batch_success=4.590% rolling_5000=6.220% total_success=42.999% endpoint_success=43.047% episodes_per_second=162.32
episodes=131072/500000 batch_success=5.322% rolling_5000=5.340% total_success=42.410% endpoint_success=42.458% episodes_per_second=162.79
episodes=133120/500000 batch_success=7.324% rolling_5000=6.160% total_success=41.870% endpoint_success=41.918% episodes_per_second=163.25
validation_episodes=133120 success=13/512
episodes=135168/500000 batch_success=7.275% rolling_5000=7.080% total_success=41.346% endpoint_success=41.393% episodes_per_second=161.62
episodes=137216/500000 batch_success=7.422% rolling_5000=7.420% total_success=40.840% endpoint_success=40.886% episodes_per_second=162.05
episodes=139264/500000 batch_success=9.570% rolling_5000=8.180% total_success=40.380% endpoint_success=40.425% episodes_per_second=162.46
episodes=141312/500000 batch_success=5.615% rolling_5000=7.500% total_success=39.876% endpoint_success=39.921% episodes_per_second=162.85
episodes=143360/500000 batch_success=6.494% rolling_5000=6.840% total_success=39.399% endpoint_success=39.443% episodes_per_second=163.25
validation_episodes=143360 success=19/512
episodes=145408/500000 batch_success=7.373% rolling_5000=6.560% total_success=38.948% endpoint_success=38.992% episodes_per_second=161.71
episodes=147456/500000 batch_success=6.689% rolling_5000=6.900% total_success=38.500% endpoint_success=38.544% episodes_per_second=162.15
episodes=149504/500000 batch_success=8.740% rolling_5000=7.560% total_success=38.093% endpoint_success=38.135% episodes_per_second=162.54
episodes=151552/500000 batch_success=11.230% rolling_5000=9.220% total_success=37.730% endpoint_success=37.772% episodes_per_second=162.94
episodes=153600/500000 batch_success=20.312% rolling_5000=14.300% total_success=37.497% endpoint_success=37.540% episodes_per_second=163.32
validation_episodes=153600 success=88/512
episodes=155648/500000 batch_success=21.094% rolling_5000=18.880% total_success=37.282% endpoint_success=37.323% episodes_per_second=161.87
episodes=157696/500000 batch_success=15.039% rolling_5000=18.180% total_success=36.993% endpoint_success=37.034% episodes_per_second=162.32
episodes=159744/500000 batch_success=14.209% rolling_5000=15.900% total_success=36.701% endpoint_success=36.741% episodes_per_second=162.73
episodes=161792/500000 batch_success=8.936% rolling_5000=12.180% total_success=36.349% endpoint_success=36.389% episodes_per_second=163.15
episodes=163840/500000 batch_success=3.174% rolling_5000=7.560% total_success=35.934% endpoint_success=35.975% episodes_per_second=163.48
validation_episodes=163840 success=5/512
episodes=165888/500000 batch_success=2.686% rolling_5000=4.160% total_success=35.524% endpoint_success=35.564% episodes_per_second=162.06
episodes=167936/500000 batch_success=2.783% rolling_5000=2.780% total_success=35.125% endpoint_success=35.165% episodes_per_second=162.37
episodes=169984/500000 batch_success=2.441% rolling_5000=2.660% total_success=34.731% endpoint_success=34.770% episodes_per_second=162.74
episodes=172032/500000 batch_success=2.783% rolling_5000=2.640% total_success=34.351% endpoint_success=34.390% episodes_per_second=163.10
episodes=174080/500000 batch_success=4.102% rolling_5000=3.240% total_success=33.995% endpoint_success=34.033% episodes_per_second=163.45
validation_episodes=174080 success=12/512
episodes=176128/500000 batch_success=5.127% rolling_5000=4.320% total_success=33.659% endpoint_success=33.697% episodes_per_second=162.05
episodes=178176/500000 batch_success=4.248% rolling_5000=4.640% total_success=33.321% endpoint_success=33.359% episodes_per_second=162.32
episodes=180224/500000 batch_success=5.322% rolling_5000=4.880% total_success=33.003% endpoint_success=33.040% episodes_per_second=162.61
episodes=182272/500000 batch_success=7.178% rolling_5000=5.840% total_success=32.713% endpoint_success=32.749% episodes_per_second=162.93
episodes=184320/500000 batch_success=15.918% rolling_5000=10.600% total_success=32.526% endpoint_success=32.563% episodes_per_second=163.23
validation_episodes=184320 success=78/512
episodes=186368/500000 batch_success=15.771% rolling_5000=14.380% total_success=32.342% endpoint_success=32.379% episodes_per_second=161.96
episodes=188416/500000 batch_success=18.750% rolling_5000=17.140% total_success=32.194% endpoint_success=32.231% episodes_per_second=162.24
episodes=190464/500000 batch_success=19.482% rolling_5000=18.780% total_success=32.058% endpoint_success=32.094% episodes_per_second=162.47
{
  "status": "STOPPED_BY_USER",
  "episodes": 190464,
  "requested_episodes": 500000,
  "successes": 61058,
  "endpoint_successes": 61127,
  "legacy_scientific_successes": 0,
  "success_rate": 0.32057501680107525,
  "rolling_success_rate": 0.1878,
  "rolling_window_episodes": 5000,
  "episodes_per_second": 162.47460606632862,
  "elapsed_s": 1172.269344799919,
  "latest_durable_checkpoint_episodes": 190464
}
