Checked paired OptiTrack / commands: whip_adp_0_001
Checked paired OptiTrack / commands: whip_adp_0_002
Checked paired OptiTrack / commands: whip_adp_0_003
Checked paired OptiTrack / commands: whip_adp_0_004
Checked paired OptiTrack / commands: whip_adp_0_005
Batch vertical hover bias [m]: 0.050705750000000105
{"stage": "leave_out_whip_adp_0_001 nominal translation", "delay_s": 0.02, "gains": [2.9639098722960484, 14.208939395400797, 4.268059869400855, 2.928353513407247, 0.48495721908599165, 1.6572827659797085], "objective": 6.6137645080988, "nfev": 8, "success": true}
{"stage": "leave_out_whip_adp_0_001 nominal translation", "delay_s": 0.04, "gains": [2.9639098722960338, 14.942355421395709, 3.8898469220584153, 3.648087807971154, 0.5939539133807575, 1.901412005838114], "objective": 6.599386911351396, "nfev": 10, "success": true}
{"stage": "leave_out_whip_adp_0_001 nominal translation", "delay_s": 0.06, "gains": [2.963909872296037, 14.611399809414765, 4.6258520209258585, 3.648087818722285, 0.6082689290685747, 2.041241961224355], "objective": 6.7638500443508285, "nfev": 10, "success": true}
{"stage": "leave_out_whip_adp_0_001 nominal translation", "delay_s": 0.08, "gains": [2.9639098722960338, 14.414743481487058, 6.172606914053462, 3.6480878201100557, 0.608268929068575, 2.1841601247296416], "objective": 7.207391244530505, "nfev": 11, "success": true}
{"stage": "leave_out_whip_adp_0_001 nominal translation", "delay_s": 0.1, "gains": [2.9639098722960338, 14.343038397268995, 9.636693671111843, 3.6480878201083358, 0.608268929068575, 2.3310973849012573], "objective": 7.884484220412121, "nfev": 11, "success": true}
{"stage": "leave_out_whip_adp_0_001 drone residual", "update": 10, "loss": 2.9194830044079247, "gradient_norm": 1.7943494933213466}
{"stage": "leave_out_whip_adp_0_001 drone residual", "update": 20, "loss": 2.7291896507955724, "gradient_norm": 1.5399615305154368}
{"stage": "leave_out_whip_adp_0_001 drone residual", "update": 30, "loss": 2.565664181340436, "gradient_norm": 1.234550676136969}
{"stage": "leave_out_whip_adp_0_001 drone residual", "update": 40, "loss": 2.4318166553557625, "gradient_norm": 0.9355064478572915}
{"stage": "leave_out_whip_adp_0_001 drone residual", "update": 50, "loss": 2.3305154602104037, "gradient_norm": 0.7019311505405915}
{"stage": "leave_out_whip_adp_0_001 drone residual", "update": 60, "loss": 2.2543325702991375, "gradient_norm": 0.5936928594603206}
{"stage": "leave_out_whip_adp_0_001 drone residual", "update": 70, "loss": 2.183768001276511, "gradient_norm": 0.6024947259514797}
{"stage": "leave_out_whip_adp_0_001 drone residual", "update": 80, "loss": 2.1057311857983407, "gradient_norm": 0.654143032494655}
{"stage": "leave_out_whip_adp_0_001 drone complete", "heldout": ["whip_adp_0_001"], "selected_update": 80}
{"stage": "leave_out_whip_adp_0_002 nominal translation", "delay_s": 0.02, "gains": [2.963909872296044, 14.496521441704472, 4.3710101636004275, 3.0265132727892365, 0.4752519281486633, 1.6885293207029386], "objective": 6.539477497049615, "nfev": 8, "success": true}
{"stage": "leave_out_whip_adp_0_002 nominal translation", "delay_s": 0.04, "gains": [2.9639098722960338, 15.074228310686244, 4.004030748803393, 3.6480878199895894, 0.5855363882006255, 1.9203589687465739], "objective": 6.527613782062418, "nfev": 10, "success": true}
{"stage": "leave_out_whip_adp_0_002 nominal translation", "delay_s": 0.06, "gains": [2.9639098722960364, 14.745949182452854, 4.651793974019185, 3.648087819431459, 0.6082689290685747, 2.06061555929407], "objective": 6.686883992829033, "nfev": 10, "success": true}
{"stage": "leave_out_whip_adp_0_002 nominal translation", "delay_s": 0.08, "gains": [2.9639098722960338, 14.550643851178451, 6.2029216087412244, 3.648087820110049, 0.608268929068575, 2.2039931104007935], "objective": 7.124167005666838, "nfev": 11, "success": true}
{"stage": "leave_out_whip_adp_0_002 nominal translation", "delay_s": 0.1, "gains": [2.9639098722960338, 14.478019265692142, 9.617593420170877, 3.6480878201100735, 0.608268929068575, 2.3513555537678226], "objective": 7.797151883857746, "nfev": 12, "success": true}
{"stage": "leave_out_whip_adp_0_002 drone residual", "update": 10, "loss": 2.8847100458156913, "gradient_norm": 1.7299837957279607}
Traceback (most recent call last):
  File "C:\Users\wts28\Documents\PHD\particle_filter_cable_project\tools\model_job.py", line 75, in <module>
    p=argparse.ArgumentParser();p.add_argument('stage',choices=['all','prepare','drone','cable_batched','attitude_refine','baseline','validate'])
                        ^^^^^^^^^^^^^^^^^^^^^^^^^^^^^^^^^^^
  File "C:\Users\wts28\Documents\PHD\particle_filter_cable_project\tools\model_job.py", line 18, in run
    run(step,job)
  File "C:\Users\wts28\Documents\PHD\particle_filter_cable_project\tools\model_job.py", line 66, in run
    with lock.open('x') as f:f.write(stage)
        ^^^^^^^^^^^^^^^^^^^^^
  File "C:\Users\wts28\Documents\PHD\particle_filter_cable_project\experimental_data\current_adaptation_fit.py", line 147, in drone_run
    save(folder/'history.json',history);note(job,label+' drone residual',**history[-1])
                                        ^^^^^^^^^^^^^^^^^^^^^^^^^^^^^^^^^^^^^^^^^^^^^^^
  File "C:\Users\wts28\Documents\PHD\particle_filter_cable_project\experimental_data\current_adaptation_fit.py", line 25, in note
    raise InterruptedError('Adaptation stopped at a fit/update boundary; partial results preserved.')
InterruptedError: Adaptation stopped at a fit/update boundary; partial results preserved.
