{"stage": "Initializing MPPI proposal", "command_step": 0, "maneuver_time_s": 0.0}
{"stage": "MPPI lookahead optimization", "iteration": 1, "window_iteration": 1, "command_step": 0, "maneuver_time_s": 0.0, "lookahead_s": 2.0}
{"stage": "MPPI lookahead optimization", "iteration": 2, "window_iteration": 2, "command_step": 0, "maneuver_time_s": 0.0, "lookahead_s": 2.0}
{"stage": "MPPI lookahead optimization", "iteration": 3, "window_iteration": 3, "command_step": 0, "maneuver_time_s": 0.0, "lookahead_s": 2.0}
{"stage": "MPPI lookahead optimization", "iteration": 4, "window_iteration": 4, "command_step": 0, "maneuver_time_s": 0.0, "lookahead_s": 2.0}
{"stage": "MPPI lookahead optimization", "iteration": 5, "window_iteration": 5, "command_step": 0, "maneuver_time_s": 0.0, "lookahead_s": 2.0}
{"stage": "MPPI lookahead optimization", "iteration": 6, "window_iteration": 6, "command_step": 0, "maneuver_time_s": 0.0, "lookahead_s": 2.0}
{"stage": "MPPI lookahead optimization", "iteration": 7, "window_iteration": 7, "command_step": 0, "maneuver_time_s": 0.0, "lookahead_s": 2.0}
{"stage": "MPPI lookahead optimization", "iteration": 8, "window_iteration": 8, "command_step": 0, "maneuver_time_s": 0.0, "lookahead_s": 2.0}
{"stage": "MPPI lookahead optimization", "iteration": 9, "window_iteration": 9, "command_step": 0, "maneuver_time_s": 0.0, "lookahead_s": 2.0}
{"stage": "MPPI lookahead optimization", "iteration": 10, "window_iteration": 10, "command_step": 0, "maneuver_time_s": 0.0, "lookahead_s": 2.0}
{"stage": "MPPI lookahead optimization", "iteration": 11, "window_iteration": 11, "command_step": 0, "maneuver_time_s": 0.0, "lookahead_s": 2.0}
{"stage": "MPPI lookahead optimization", "iteration": 12, "window_iteration": 12, "command_step": 0, "maneuver_time_s": 0.0, "lookahead_s": 2.0}
{"stage": "MPPI lookahead optimization", "iteration": 13, "window_iteration": 13, "command_step": 0, "maneuver_time_s": 0.0, "lookahead_s": 2.0}
{"stage": "MPPI lookahead optimization", "iteration": 14, "window_iteration": 14, "command_step": 0, "maneuver_time_s": 0.0, "lookahead_s": 2.0}
{"stage": "MPPI lookahead optimization", "iteration": 15, "window_iteration": 15, "command_step": 0, "maneuver_time_s": 0.0, "lookahead_s": 2.0}
{"stage": "MPPI lookahead optimization", "iteration": 16, "window_iteration": 16, "command_step": 0, "maneuver_time_s": 0.0, "lookahead_s": 2.0}
{"stage": "MPPI lookahead optimization", "iteration": 17, "window_iteration": 17, "command_step": 0, "maneuver_time_s": 0.0, "lookahead_s": 2.0}
{"stage": "MPPI lookahead optimization", "iteration": 18, "window_iteration": 18, "command_step": 0, "maneuver_time_s": 0.0, "lookahead_s": 2.0}
{"stage": "MPPI lookahead optimization", "iteration": 19, "window_iteration": 19, "command_step": 0, "maneuver_time_s": 0.0, "lookahead_s": 2.0}
{"stage": "MPPI lookahead optimization", "iteration": 20, "window_iteration": 20, "command_step": 0, "maneuver_time_s": 0.0, "lookahead_s": 2.0}
{"stage": "MPPI lookahead optimization", "iteration": 21, "window_iteration": 21, "command_step": 0, "maneuver_time_s": 0.0, "lookahead_s": 2.0}
{"stage": "MPPI lookahead optimization", "iteration": 22, "window_iteration": 22, "command_step": 0, "maneuver_time_s": 0.0, "lookahead_s": 2.0}
{"stage": "MPPI lookahead optimization", "iteration": 23, "window_iteration": 23, "command_step": 0, "maneuver_time_s": 0.0, "lookahead_s": 2.0}
{"stage": "MPPI lookahead optimization", "iteration": 24, "window_iteration": 24, "command_step": 0, "maneuver_time_s": 0.0, "lookahead_s": 2.0}
{"stage": "MPPI lookahead optimization", "iteration": 25, "window_iteration": 25, "command_step": 0, "maneuver_time_s": 0.0, "lookahead_s": 2.0}
{"stage": "MPPI lookahead optimization", "iteration": 26, "window_iteration": 26, "command_step": 0, "maneuver_time_s": 0.0, "lookahead_s": 2.0}
{"stage": "MPPI lookahead optimization", "iteration": 27, "window_iteration": 27, "command_step": 0, "maneuver_time_s": 0.0, "lookahead_s": 2.0}
{"stage": "MPPI lookahead optimization", "iteration": 28, "window_iteration": 28, "command_step": 0, "maneuver_time_s": 0.0, "lookahead_s": 2.0}
{"stage": "MPPI lookahead optimization", "iteration": 29, "window_iteration": 29, "command_step": 0, "maneuver_time_s": 0.0, "lookahead_s": 2.0}
{"stage": "MPPI lookahead optimization", "iteration": 30, "window_iteration": 30, "command_step": 0, "maneuver_time_s": 0.0, "lookahead_s": 2.0}
{"stage": "MPPI lookahead optimization", "iteration": 31, "window_iteration": 31, "command_step": 0, "maneuver_time_s": 0.0, "lookahead_s": 2.0}
{"stage": "MPPI lookahead optimization", "iteration": 32, "window_iteration": 32, "command_step": 0, "maneuver_time_s": 0.0, "lookahead_s": 2.0}
{"stage": "MPPI lookahead optimization", "iteration": 33, "window_iteration": 33, "command_step": 0, "maneuver_time_s": 0.0, "lookahead_s": 2.0}
{"stage": "MPPI lookahead optimization", "iteration": 34, "window_iteration": 34, "command_step": 0, "maneuver_time_s": 0.0, "lookahead_s": 2.0}
{"stage": "MPPI lookahead optimization", "iteration": 35, "window_iteration": 35, "command_step": 0, "maneuver_time_s": 0.0, "lookahead_s": 2.0}
{"stage": "MPPI lookahead optimization", "iteration": 36, "window_iteration": 36, "command_step": 0, "maneuver_time_s": 0.0, "lookahead_s": 2.0}
{"stage": "MPPI lookahead optimization", "iteration": 37, "window_iteration": 37, "command_step": 0, "maneuver_time_s": 0.0, "lookahead_s": 2.0}
{"stage": "MPPI lookahead optimization", "iteration": 38, "window_iteration": 38, "command_step": 0, "maneuver_time_s": 0.0, "lookahead_s": 2.0}
{"stage": "MPPI lookahead optimization", "iteration": 39, "window_iteration": 39, "command_step": 0, "maneuver_time_s": 0.0, "lookahead_s": 2.0}
{"stage": "MPPI lookahead optimization", "iteration": 40, "window_iteration": 40, "command_step": 0, "maneuver_time_s": 0.0, "lookahead_s": 2.0}
{"stage": "MPPI lookahead optimization", "iteration": 41, "window_iteration": 41, "command_step": 0, "maneuver_time_s": 0.0, "lookahead_s": 2.0}
{"stage": "MPPI lookahead optimization", "iteration": 42, "window_iteration": 42, "command_step": 0, "maneuver_time_s": 0.0, "lookahead_s": 2.0}
{"stage": "MPPI lookahead optimization", "iteration": 43, "window_iteration": 43, "command_step": 0, "maneuver_time_s": 0.0, "lookahead_s": 2.0}
{"stage": "MPPI lookahead optimization", "iteration": 44, "window_iteration": 44, "command_step": 0, "maneuver_time_s": 0.0, "lookahead_s": 2.0}
{"stage": "MPPI lookahead optimization", "iteration": 45, "window_iteration": 45, "command_step": 0, "maneuver_time_s": 0.0, "lookahead_s": 2.0}
{"stage": "MPPI lookahead optimization", "iteration": 46, "window_iteration": 46, "command_step": 0, "maneuver_time_s": 0.0, "lookahead_s": 2.0}
{"stage": "MPPI lookahead optimization", "iteration": 47, "window_iteration": 47, "command_step": 0, "maneuver_time_s": 0.0, "lookahead_s": 2.0}
{"stage": "MPPI lookahead optimization", "iteration": 48, "window_iteration": 48, "command_step": 0, "maneuver_time_s": 0.0, "lookahead_s": 2.0}
{"stage": "MPPI lookahead optimization", "iteration": 49, "window_iteration": 49, "command_step": 0, "maneuver_time_s": 0.0, "lookahead_s": 2.0}
{"stage": "MPPI lookahead optimization", "iteration": 50, "window_iteration": 50, "command_step": 0, "maneuver_time_s": 0.0, "lookahead_s": 2.0}
{"stage": "MPPI lookahead optimization", "iteration": 51, "window_iteration": 51, "command_step": 0, "maneuver_time_s": 0.0, "lookahead_s": 2.0}
{"stage": "MPPI lookahead optimization", "iteration": 52, "window_iteration": 52, "command_step": 0, "maneuver_time_s": 0.0, "lookahead_s": 2.0}
{"stage": "MPPI lookahead optimization", "iteration": 53, "window_iteration": 53, "command_step": 0, "maneuver_time_s": 0.0, "lookahead_s": 2.0}
{"stage": "MPPI lookahead optimization", "iteration": 54, "window_iteration": 54, "command_step": 0, "maneuver_time_s": 0.0, "lookahead_s": 2.0}
{"stage": "MPPI lookahead optimization", "iteration": 55, "window_iteration": 55, "command_step": 0, "maneuver_time_s": 0.0, "lookahead_s": 2.0}
{"stage": "MPPI lookahead optimization", "iteration": 56, "window_iteration": 56, "command_step": 0, "maneuver_time_s": 0.0, "lookahead_s": 2.0}
{"stage": "MPPI lookahead optimization", "iteration": 57, "window_iteration": 57, "command_step": 0, "maneuver_time_s": 0.0, "lookahead_s": 2.0}
{"stage": "MPPI lookahead optimization", "iteration": 58, "window_iteration": 58, "command_step": 0, "maneuver_time_s": 0.0, "lookahead_s": 2.0}
{"stage": "MPPI lookahead optimization", "iteration": 59, "window_iteration": 59, "command_step": 0, "maneuver_time_s": 0.0, "lookahead_s": 2.0}
{"stage": "MPPI lookahead optimization", "iteration": 60, "window_iteration": 60, "command_step": 0, "maneuver_time_s": 0.0, "lookahead_s": 2.0}
{"stage": "MPPI lookahead optimization", "iteration": 61, "window_iteration": 61, "command_step": 0, "maneuver_time_s": 0.0, "lookahead_s": 2.0}
{"stage": "MPPI lookahead optimization", "iteration": 62, "window_iteration": 62, "command_step": 0, "maneuver_time_s": 0.0, "lookahead_s": 2.0}
{"stage": "MPPI lookahead optimization", "iteration": 63, "window_iteration": 63, "command_step": 0, "maneuver_time_s": 0.0, "lookahead_s": 2.0}
{"stage": "MPPI lookahead optimization", "iteration": 64, "window_iteration": 64, "command_step": 0, "maneuver_time_s": 0.0, "lookahead_s": 2.0}
{"stage": "MPPI lookahead optimization", "iteration": 65, "window_iteration": 65, "command_step": 0, "maneuver_time_s": 0.0, "lookahead_s": 2.0}
{"stage": "MPPI lookahead optimization", "iteration": 66, "window_iteration": 66, "command_step": 0, "maneuver_time_s": 0.0, "lookahead_s": 2.0}
{"stage": "MPPI lookahead optimization", "iteration": 67, "window_iteration": 67, "command_step": 0, "maneuver_time_s": 0.0, "lookahead_s": 2.0}
{"stage": "MPPI lookahead optimization", "iteration": 68, "window_iteration": 68, "command_step": 0, "maneuver_time_s": 0.0, "lookahead_s": 2.0}
{"stage": "MPPI lookahead optimization", "iteration": 69, "window_iteration": 69, "command_step": 0, "maneuver_time_s": 0.0, "lookahead_s": 2.0}
{"stage": "MPPI lookahead optimization", "iteration": 70, "window_iteration": 70, "command_step": 0, "maneuver_time_s": 0.0, "lookahead_s": 2.0}
{"stage": "MPPI lookahead optimization", "iteration": 71, "window_iteration": 71, "command_step": 0, "maneuver_time_s": 0.0, "lookahead_s": 2.0}
{"stage": "MPPI lookahead optimization", "iteration": 72, "window_iteration": 72, "command_step": 0, "maneuver_time_s": 0.0, "lookahead_s": 2.0}
{"stage": "MPPI lookahead optimization", "iteration": 73, "window_iteration": 73, "command_step": 0, "maneuver_time_s": 0.0, "lookahead_s": 2.0}
{"stage": "MPPI lookahead optimization", "iteration": 74, "window_iteration": 74, "command_step": 0, "maneuver_time_s": 0.0, "lookahead_s": 2.0}
{"stage": "MPPI lookahead optimization", "iteration": 75, "window_iteration": 75, "command_step": 0, "maneuver_time_s": 0.0, "lookahead_s": 2.0}
{"stage": "MPPI lookahead optimization", "iteration": 76, "window_iteration": 76, "command_step": 0, "maneuver_time_s": 0.0, "lookahead_s": 2.0}
{"stage": "MPPI lookahead optimization", "iteration": 77, "window_iteration": 77, "command_step": 0, "maneuver_time_s": 0.0, "lookahead_s": 2.0}
{"stage": "Committing next 30 Hz command", "iteration": 77, "command_step": 0}
{"stage": "MPPI command committed", "iteration": 77, "command_step": 1, "time_s": 0.03333333333333333, "iterations": 77, "stop_reason": "reward_plateau", "actual_reward": -0.16672039606189987, "actual_success": false, "actual_failed": false, "actual_minimum_tip_distance_m": 1.4533852870690152, "lookahead_score": 139.046631745368, "predicted_hit": false, "predicted_failed": false, "predicted_distance_m": 0.5165097655995701}
{"stage": "MPPI lookahead optimization", "iteration": 78, "window_iteration": 1, "command_step": 1, "maneuver_time_s": 0.03333333333333333, "lookahead_s": 2.0}
{"stage": "MPPI lookahead optimization", "iteration": 79, "window_iteration": 2, "command_step": 1, "maneuver_time_s": 0.03333333333333333, "lookahead_s": 2.0}
{"stage": "MPPI lookahead optimization", "iteration": 80, "window_iteration": 3, "command_step": 1, "maneuver_time_s": 0.03333333333333333, "lookahead_s": 2.0}
{"stage": "MPPI lookahead optimization", "iteration": 81, "window_iteration": 4, "command_step": 1, "maneuver_time_s": 0.03333333333333333, "lookahead_s": 2.0}
{"stage": "MPPI lookahead optimization", "iteration": 82, "window_iteration": 5, "command_step": 1, "maneuver_time_s": 0.03333333333333333, "lookahead_s": 2.0}
{"stage": "Committing next 30 Hz command", "iteration": 82, "command_step": 1}
{"stage": "MPPI command committed", "iteration": 82, "command_step": 2, "time_s": 0.06666666666666667, "iterations": 5, "stop_reason": "reward_plateau", "actual_reward": -0.32918946317619924, "actual_success": false, "actual_failed": false, "actual_minimum_tip_distance_m": 1.453354488439757, "lookahead_score": 139.20753846098359, "predicted_hit": false, "predicted_failed": false, "predicted_distance_m": 0.48680554747100063}
{"stage": "MPPI lookahead optimization", "iteration": 83, "window_iteration": 1, "command_step": 2, "maneuver_time_s": 0.06666666666666667, "lookahead_s": 2.0}
{"stage": "MPPI lookahead optimization", "iteration": 84, "window_iteration": 2, "command_step": 2, "maneuver_time_s": 0.06666666666666667, "lookahead_s": 2.0}
{"stage": "MPPI lookahead optimization", "iteration": 85, "window_iteration": 3, "command_step": 2, "maneuver_time_s": 0.06666666666666667, "lookahead_s": 2.0}
{"stage": "MPPI lookahead optimization", "iteration": 86, "window_iteration": 4, "command_step": 2, "maneuver_time_s": 0.06666666666666667, "lookahead_s": 2.0}
{"stage": "MPPI lookahead optimization", "iteration": 87, "window_iteration": 5, "command_step": 2, "maneuver_time_s": 0.06666666666666667, "lookahead_s": 2.0}
{"stage": "MPPI lookahead optimization", "iteration": 88, "window_iteration": 6, "command_step": 2, "maneuver_time_s": 0.06666666666666667, "lookahead_s": 2.0}
{"stage": "MPPI lookahead optimization", "iteration": 89, "window_iteration": 7, "command_step": 2, "maneuver_time_s": 0.06666666666666667, "lookahead_s": 2.0}
{"stage": "Committing next 30 Hz command", "iteration": 89, "command_step": 2}
{"stage": "MPPI command committed", "iteration": 89, "command_step": 3, "time_s": 0.1, "iterations": 7, "stop_reason": "reward_plateau", "actual_reward": -0.44340931093945046, "actual_success": false, "actual_failed": false, "actual_minimum_tip_distance_m": 1.4530003599071002, "lookahead_score": 140.04728565996328, "predicted_hit": false, "predicted_failed": false, "predicted_distance_m": 0.4896169557717595}
{"stage": "MPPI lookahead optimization", "iteration": 90, "window_iteration": 1, "command_step": 3, "maneuver_time_s": 0.1, "lookahead_s": 2.0}
{"stage": "MPPI lookahead optimization", "iteration": 91, "window_iteration": 2, "command_step": 3, "maneuver_time_s": 0.1, "lookahead_s": 2.0}
{"stage": "MPPI lookahead optimization", "iteration": 92, "window_iteration": 3, "command_step": 3, "maneuver_time_s": 0.1, "lookahead_s": 2.0}
{"stage": "MPPI lookahead optimization", "iteration": 93, "window_iteration": 4, "command_step": 3, "maneuver_time_s": 0.1, "lookahead_s": 2.0}
{"stage": "MPPI lookahead optimization", "iteration": 94, "window_iteration": 5, "command_step": 3, "maneuver_time_s": 0.1, "lookahead_s": 2.0}
{"stage": "Committing next 30 Hz command", "iteration": 94, "command_step": 3}
{"stage": "MPPI command committed", "iteration": 94, "command_step": 4, "time_s": 0.13333333333333333, "iterations": 5, "stop_reason": "reward_plateau", "actual_reward": -0.4491613798643127, "actual_success": false, "actual_failed": false, "actual_minimum_tip_distance_m": 1.452114566839557, "lookahead_score": 139.66734647505848, "predicted_hit": false, "predicted_failed": false, "predicted_distance_m": 0.49384239924926326}
{"stage": "MPPI lookahead optimization", "iteration": 95, "window_iteration": 1, "command_step": 4, "maneuver_time_s": 0.13333333333333333, "lookahead_s": 2.0}
{"stage": "MPPI lookahead optimization", "iteration": 96, "window_iteration": 2, "command_step": 4, "maneuver_time_s": 0.13333333333333333, "lookahead_s": 2.0}
{"stage": "MPPI lookahead optimization", "iteration": 97, "window_iteration": 3, "command_step": 4, "maneuver_time_s": 0.13333333333333333, "lookahead_s": 2.0}
{"stage": "MPPI lookahead optimization", "iteration": 98, "window_iteration": 4, "command_step": 4, "maneuver_time_s": 0.13333333333333333, "lookahead_s": 2.0}
{"stage": "MPPI lookahead optimization", "iteration": 99, "window_iteration": 5, "command_step": 4, "maneuver_time_s": 0.13333333333333333, "lookahead_s": 2.0}
{"stage": "Committing next 30 Hz command", "iteration": 99, "command_step": 4}
{"stage": "MPPI command committed", "iteration": 99, "command_step": 5, "time_s": 0.16666666666666666, "iterations": 5, "stop_reason": "reward_plateau", "actual_reward": -0.27879747238863917, "actual_success": false, "actual_failed": false, "actual_minimum_tip_distance_m": 1.450373131435172, "lookahead_score": 139.48777339047652, "predicted_hit": false, "predicted_failed": false, "predicted_distance_m": 0.5129280960936264}
{"stage": "MPPI lookahead optimization", "iteration": 100, "window_iteration": 1, "command_step": 5, "maneuver_time_s": 0.16666666666666666, "lookahead_s": 2.0}
{"stage": "MPPI lookahead optimization", "iteration": 101, "window_iteration": 2, "command_step": 5, "maneuver_time_s": 0.16666666666666666, "lookahead_s": 2.0}
{"stage": "MPPI lookahead optimization", "iteration": 102, "window_iteration": 3, "command_step": 5, "maneuver_time_s": 0.16666666666666666, "lookahead_s": 2.0}
{"stage": "MPPI lookahead optimization", "iteration": 103, "window_iteration": 4, "command_step": 5, "maneuver_time_s": 0.16666666666666666, "lookahead_s": 2.0}
{"stage": "MPPI lookahead optimization", "iteration": 104, "window_iteration": 5, "command_step": 5, "maneuver_time_s": 0.16666666666666666, "lookahead_s": 2.0}
{"stage": "Committing next 30 Hz command", "iteration": 104, "command_step": 5}
{"stage": "MPPI command committed", "iteration": 104, "command_step": 6, "time_s": 0.2, "iterations": 5, "stop_reason": "reward_plateau", "actual_reward": 0.14669775804708496, "actual_success": false, "actual_failed": false, "actual_minimum_tip_distance_m": 1.4475319050730635, "lookahead_score": 140.70822792984666, "predicted_hit": false, "predicted_failed": false, "predicted_distance_m": 0.523165075433203}
{"stage": "MPPI lookahead optimization", "iteration": 105, "window_iteration": 1, "command_step": 6, "maneuver_time_s": 0.2, "lookahead_s": 2.0}
{"stage": "MPPI lookahead optimization", "iteration": 106, "window_iteration": 2, "command_step": 6, "maneuver_time_s": 0.2, "lookahead_s": 2.0}
{"stage": "MPPI lookahead optimization", "iteration": 107, "window_iteration": 3, "command_step": 6, "maneuver_time_s": 0.2, "lookahead_s": 2.0}
{"stage": "MPPI lookahead optimization", "iteration": 108, "window_iteration": 4, "command_step": 6, "maneuver_time_s": 0.2, "lookahead_s": 2.0}
{"stage": "MPPI lookahead optimization", "iteration": 109, "window_iteration": 5, "command_step": 6, "maneuver_time_s": 0.2, "lookahead_s": 2.0}
{"stage": "MPPI lookahead optimization", "iteration": 110, "window_iteration": 6, "command_step": 6, "maneuver_time_s": 0.2, "lookahead_s": 2.0}
{"stage": "MPPI lookahead optimization", "iteration": 111, "window_iteration": 7, "command_step": 6, "maneuver_time_s": 0.2, "lookahead_s": 2.0}
{"stage": "MPPI lookahead optimization", "iteration": 112, "window_iteration": 8, "command_step": 6, "maneuver_time_s": 0.2, "lookahead_s": 2.0}
{"stage": "Committing next 30 Hz command", "iteration": 112, "command_step": 6}
{"stage": "MPPI command committed", "iteration": 112, "command_step": 7, "time_s": 0.23333333333333334, "iterations": 8, "stop_reason": "reward_plateau", "actual_reward": 0.9023526192197218, "actual_success": false, "actual_failed": false, "actual_minimum_tip_distance_m": 1.4434954385475562, "lookahead_score": 141.28308460563093, "predicted_hit": false, "predicted_failed": false, "predicted_distance_m": 0.516359061527873}
{"stage": "MPPI lookahead optimization", "iteration": 113, "window_iteration": 1, "command_step": 7, "maneuver_time_s": 0.23333333333333334, "lookahead_s": 2.0}
{"stage": "MPPI lookahead optimization", "iteration": 114, "window_iteration": 2, "command_step": 7, "maneuver_time_s": 0.23333333333333334, "lookahead_s": 2.0}
{"stage": "MPPI lookahead optimization", "iteration": 115, "window_iteration": 3, "command_step": 7, "maneuver_time_s": 0.23333333333333334, "lookahead_s": 2.0}
{"stage": "MPPI lookahead optimization", "iteration": 116, "window_iteration": 4, "command_step": 7, "maneuver_time_s": 0.23333333333333334, "lookahead_s": 2.0}
{"stage": "MPPI lookahead optimization", "iteration": 117, "window_iteration": 5, "command_step": 7, "maneuver_time_s": 0.23333333333333334, "lookahead_s": 2.0}
{"stage": "Committing next 30 Hz command", "iteration": 117, "command_step": 7}
{"stage": "MPPI command committed", "iteration": 117, "command_step": 8, "time_s": 0.26666666666666666, "iterations": 5, "stop_reason": "reward_plateau", "actual_reward": 2.0471408844067596, "actual_success": false, "actual_failed": false, "actual_minimum_tip_distance_m": 1.4379289444153744, "lookahead_score": 140.27546497852697, "predicted_hit": false, "predicted_failed": false, "predicted_distance_m": 0.5163590615277484}
{"stage": "MPPI lookahead optimization", "iteration": 118, "window_iteration": 1, "command_step": 8, "maneuver_time_s": 0.26666666666666666, "lookahead_s": 2.0}
{"stage": "MPPI lookahead optimization", "iteration": 119, "window_iteration": 2, "command_step": 8, "maneuver_time_s": 0.26666666666666666, "lookahead_s": 2.0}
{"stage": "MPPI lookahead optimization", "iteration": 120, "window_iteration": 3, "command_step": 8, "maneuver_time_s": 0.26666666666666666, "lookahead_s": 2.0}
{"stage": "MPPI lookahead optimization", "iteration": 121, "window_iteration": 4, "command_step": 8, "maneuver_time_s": 0.26666666666666666, "lookahead_s": 2.0}
{"stage": "MPPI lookahead optimization", "iteration": 122, "window_iteration": 5, "command_step": 8, "maneuver_time_s": 0.26666666666666666, "lookahead_s": 2.0}
{"stage": "Committing next 30 Hz command", "iteration": 122, "command_step": 8}
{"stage": "MPPI command committed", "iteration": 122, "command_step": 9, "time_s": 0.3, "iterations": 5, "stop_reason": "reward_plateau", "actual_reward": 3.59186983126943, "actual_success": false, "actual_failed": false, "actual_minimum_tip_distance_m": 1.4305115550241614, "lookahead_score": 139.38425276428717, "predicted_hit": false, "predicted_failed": false, "predicted_distance_m": 0.5063575088421439}
{"stage": "MPPI lookahead optimization", "iteration": 123, "window_iteration": 1, "command_step": 9, "maneuver_time_s": 0.3, "lookahead_s": 2.0}
{"stage": "MPPI lookahead optimization", "iteration": 124, "window_iteration": 2, "command_step": 9, "maneuver_time_s": 0.3, "lookahead_s": 2.0}
{"stage": "MPPI lookahead optimization", "iteration": 125, "window_iteration": 3, "command_step": 9, "maneuver_time_s": 0.3, "lookahead_s": 2.0}
{"stage": "MPPI lookahead optimization", "iteration": 126, "window_iteration": 4, "command_step": 9, "maneuver_time_s": 0.3, "lookahead_s": 2.0}
{"stage": "MPPI lookahead optimization", "iteration": 127, "window_iteration": 5, "command_step": 9, "maneuver_time_s": 0.3, "lookahead_s": 2.0}
{"stage": "Committing next 30 Hz command", "iteration": 127, "command_step": 9}
{"stage": "MPPI command committed", "iteration": 127, "command_step": 10, "time_s": 0.3333333333333333, "iterations": 5, "stop_reason": "reward_plateau", "actual_reward": 5.481051443951138, "actual_success": false, "actual_failed": false, "actual_minimum_tip_distance_m": 1.4211571277267279, "lookahead_score": 137.60517038973327, "predicted_hit": false, "predicted_failed": false, "predicted_distance_m": 0.5063575088426596}
{"stage": "MPPI lookahead optimization", "iteration": 128, "window_iteration": 1, "command_step": 10, "maneuver_time_s": 0.3333333333333333, "lookahead_s": 2.0}
{"stage": "MPPI lookahead optimization", "iteration": 129, "window_iteration": 2, "command_step": 10, "maneuver_time_s": 0.3333333333333333, "lookahead_s": 2.0}
{"stage": "MPPI lookahead optimization", "iteration": 130, "window_iteration": 3, "command_step": 10, "maneuver_time_s": 0.3333333333333333, "lookahead_s": 2.0}
{"stage": "MPPI lookahead optimization", "iteration": 131, "window_iteration": 4, "command_step": 10, "maneuver_time_s": 0.3333333333333333, "lookahead_s": 2.0}
{"stage": "MPPI lookahead optimization", "iteration": 132, "window_iteration": 5, "command_step": 10, "maneuver_time_s": 0.3333333333333333, "lookahead_s": 2.0}
{"stage": "Committing next 30 Hz command", "iteration": 132, "command_step": 10}
{"stage": "MPPI command committed", "iteration": 132, "command_step": 11, "time_s": 0.36666666666666664, "iterations": 5, "stop_reason": "reward_plateau", "actual_reward": 7.65251207064742, "actual_success": false, "actual_failed": false, "actual_minimum_tip_distance_m": 1.4100293829703634, "lookahead_score": 135.71530956152495, "predicted_hit": false, "predicted_failed": false, "predicted_distance_m": 0.5160836318836721}
{"stage": "MPPI lookahead optimization", "iteration": 133, "window_iteration": 1, "command_step": 11, "maneuver_time_s": 0.36666666666666664, "lookahead_s": 2.0}
{"stage": "MPPI lookahead optimization", "iteration": 134, "window_iteration": 2, "command_step": 11, "maneuver_time_s": 0.36666666666666664, "lookahead_s": 2.0}
{"stage": "MPPI lookahead optimization", "iteration": 135, "window_iteration": 3, "command_step": 11, "maneuver_time_s": 0.36666666666666664, "lookahead_s": 2.0}
{"stage": "MPPI lookahead optimization", "iteration": 136, "window_iteration": 4, "command_step": 11, "maneuver_time_s": 0.36666666666666664, "lookahead_s": 2.0}
{"stage": "MPPI lookahead optimization", "iteration": 137, "window_iteration": 5, "command_step": 11, "maneuver_time_s": 0.36666666666666664, "lookahead_s": 2.0}
{"stage": "Committing next 30 Hz command", "iteration": 137, "command_step": 11}
{"stage": "MPPI command committed", "iteration": 137, "command_step": 12, "time_s": 0.4, "iterations": 5, "stop_reason": "reward_plateau", "actual_reward": 10.059536067365345, "actual_success": false, "actual_failed": false, "actual_minimum_tip_distance_m": 1.3976359728778152, "lookahead_score": 133.18901684980545, "predicted_hit": false, "predicted_failed": false, "predicted_distance_m": 0.5170569261789988}
{"stage": "MPPI lookahead optimization", "iteration": 138, "window_iteration": 1, "command_step": 12, "maneuver_time_s": 0.4, "lookahead_s": 2.0}
{"stage": "MPPI lookahead optimization", "iteration": 139, "window_iteration": 2, "command_step": 12, "maneuver_time_s": 0.4, "lookahead_s": 2.0}
{"stage": "MPPI lookahead optimization", "iteration": 140, "window_iteration": 3, "command_step": 12, "maneuver_time_s": 0.4, "lookahead_s": 2.0}
{"stage": "MPPI lookahead optimization", "iteration": 141, "window_iteration": 4, "command_step": 12, "maneuver_time_s": 0.4, "lookahead_s": 2.0}
{"stage": "MPPI lookahead optimization", "iteration": 142, "window_iteration": 5, "command_step": 12, "maneuver_time_s": 0.4, "lookahead_s": 2.0}
{"stage": "Committing next 30 Hz command", "iteration": 142, "command_step": 12}
{"stage": "MPPI command committed", "iteration": 142, "command_step": 13, "time_s": 0.43333333333333335, "iterations": 5, "stop_reason": "reward_plateau", "actual_reward": 12.65657672938215, "actual_success": false, "actual_failed": false, "actual_minimum_tip_distance_m": 1.3841228613627934, "lookahead_score": 130.39893508531543, "predicted_hit": false, "predicted_failed": false, "predicted_distance_m": 0.5170569261789224}
{"stage": "MPPI lookahead optimization", "iteration": 143, "window_iteration": 1, "command_step": 13, "maneuver_time_s": 0.43333333333333335, "lookahead_s": 2.0}
{"stage": "MPPI lookahead optimization", "iteration": 144, "window_iteration": 2, "command_step": 13, "maneuver_time_s": 0.43333333333333335, "lookahead_s": 2.0}
{"stage": "MPPI lookahead optimization", "iteration": 145, "window_iteration": 3, "command_step": 13, "maneuver_time_s": 0.43333333333333335, "lookahead_s": 2.0}
{"stage": "MPPI lookahead optimization", "iteration": 146, "window_iteration": 4, "command_step": 13, "maneuver_time_s": 0.43333333333333335, "lookahead_s": 2.0}
{"stage": "MPPI lookahead optimization", "iteration": 147, "window_iteration": 5, "command_step": 13, "maneuver_time_s": 0.43333333333333335, "lookahead_s": 2.0}
{"stage": "MPPI lookahead optimization", "iteration": 148, "window_iteration": 6, "command_step": 13, "maneuver_time_s": 0.43333333333333335, "lookahead_s": 2.0}
{"stage": "Committing next 30 Hz command", "iteration": 148, "command_step": 13}
{"stage": "MPPI command committed", "iteration": 148, "command_step": 14, "time_s": 0.4666666666666667, "iterations": 6, "stop_reason": "reward_plateau", "actual_reward": 15.302171709128555, "actual_success": false, "actual_failed": false, "actual_minimum_tip_distance_m": 1.3695606516133185, "lookahead_score": 127.62796237222094, "predicted_hit": false, "predicted_failed": false, "predicted_distance_m": 0.516508992538838}
{"stage": "MPPI lookahead optimization", "iteration": 149, "window_iteration": 1, "command_step": 14, "maneuver_time_s": 0.4666666666666667, "lookahead_s": 2.0}
{"stage": "MPPI lookahead optimization", "iteration": 150, "window_iteration": 2, "command_step": 14, "maneuver_time_s": 0.4666666666666667, "lookahead_s": 2.0}
{"stage": "MPPI lookahead optimization", "iteration": 151, "window_iteration": 3, "command_step": 14, "maneuver_time_s": 0.4666666666666667, "lookahead_s": 2.0}
{"stage": "MPPI lookahead optimization", "iteration": 152, "window_iteration": 4, "command_step": 14, "maneuver_time_s": 0.4666666666666667, "lookahead_s": 2.0}
{"stage": "MPPI lookahead optimization", "iteration": 153, "window_iteration": 5, "command_step": 14, "maneuver_time_s": 0.4666666666666667, "lookahead_s": 2.0}
{"stage": "Committing next 30 Hz command", "iteration": 153, "command_step": 14}
{"stage": "MPPI command committed", "iteration": 153, "command_step": 15, "time_s": 0.5, "iterations": 5, "stop_reason": "reward_plateau", "actual_reward": 16.78471499972258, "actual_success": false, "actual_failed": false, "actual_minimum_tip_distance_m": 1.3538742209687131, "lookahead_score": 124.62262010745128, "predicted_hit": false, "predicted_failed": false, "predicted_distance_m": 0.5165089925386284}
{"stage": "MPPI lookahead optimization", "iteration": 154, "window_iteration": 1, "command_step": 15, "maneuver_time_s": 0.5, "lookahead_s": 2.0}
{"stage": "MPPI lookahead optimization", "iteration": 155, "window_iteration": 2, "command_step": 15, "maneuver_time_s": 0.5, "lookahead_s": 2.0}
{"stage": "MPPI lookahead optimization", "iteration": 156, "window_iteration": 3, "command_step": 15, "maneuver_time_s": 0.5, "lookahead_s": 2.0}
{"stage": "MPPI lookahead optimization", "iteration": 157, "window_iteration": 4, "command_step": 15, "maneuver_time_s": 0.5, "lookahead_s": 2.0}
{"stage": "MPPI lookahead optimization", "iteration": 158, "window_iteration": 5, "command_step": 15, "maneuver_time_s": 0.5, "lookahead_s": 2.0}
{"stage": "Committing next 30 Hz command", "iteration": 158, "command_step": 15}
{"stage": "MPPI command committed", "iteration": 158, "command_step": 16, "time_s": 0.5333333333333333, "iterations": 5, "stop_reason": "reward_plateau", "actual_reward": 15.820817150938378, "actual_success": false, "actual_failed": false, "actual_minimum_tip_distance_m": 1.3368762087964534, "lookahead_score": 122.72744821005006, "predicted_hit": false, "predicted_failed": false, "predicted_distance_m": 0.5184948785807547}
{"stage": "MPPI lookahead optimization", "iteration": 159, "window_iteration": 1, "command_step": 16, "maneuver_time_s": 0.5333333333333333, "lookahead_s": 2.0}
{"stage": "MPPI lookahead optimization", "iteration": 160, "window_iteration": 2, "command_step": 16, "maneuver_time_s": 0.5333333333333333, "lookahead_s": 2.0}
{"stage": "MPPI lookahead optimization", "iteration": 161, "window_iteration": 3, "command_step": 16, "maneuver_time_s": 0.5333333333333333, "lookahead_s": 2.0}
{"stage": "MPPI lookahead optimization", "iteration": 162, "window_iteration": 4, "command_step": 16, "maneuver_time_s": 0.5333333333333333, "lookahead_s": 2.0}
{"stage": "MPPI lookahead optimization", "iteration": 163, "window_iteration": 5, "command_step": 16, "maneuver_time_s": 0.5333333333333333, "lookahead_s": 2.0}
{"stage": "Committing next 30 Hz command", "iteration": 163, "command_step": 16}
{"stage": "MPPI command committed", "iteration": 163, "command_step": 17, "time_s": 0.5666666666666667, "iterations": 5, "stop_reason": "reward_plateau", "actual_reward": 14.56855320947081, "actual_success": false, "actual_failed": false, "actual_minimum_tip_distance_m": 1.318493390272332, "lookahead_score": 123.3542589784017, "predicted_hit": false, "predicted_failed": false, "predicted_distance_m": 0.5184948785801977}
{"stage": "MPPI lookahead optimization", "iteration": 164, "window_iteration": 1, "command_step": 17, "maneuver_time_s": 0.5666666666666667, "lookahead_s": 2.0}
{"stage": "MPPI lookahead optimization", "iteration": 165, "window_iteration": 2, "command_step": 17, "maneuver_time_s": 0.5666666666666667, "lookahead_s": 2.0}
{"stage": "MPPI lookahead optimization", "iteration": 166, "window_iteration": 3, "command_step": 17, "maneuver_time_s": 0.5666666666666667, "lookahead_s": 2.0}
{"stage": "MPPI lookahead optimization", "iteration": 167, "window_iteration": 4, "command_step": 17, "maneuver_time_s": 0.5666666666666667, "lookahead_s": 2.0}
{"stage": "MPPI lookahead optimization", "iteration": 168, "window_iteration": 5, "command_step": 17, "maneuver_time_s": 0.5666666666666667, "lookahead_s": 2.0}
{"stage": "Committing next 30 Hz command", "iteration": 168, "command_step": 17}
{"stage": "MPPI command committed", "iteration": 168, "command_step": 18, "time_s": 0.6, "iterations": 5, "stop_reason": "reward_plateau", "actual_reward": 13.01377167481615, "actual_success": false, "actual_failed": false, "actual_minimum_tip_distance_m": 1.2986439942929184, "lookahead_score": 124.06694379231574, "predicted_hit": false, "predicted_failed": false, "predicted_distance_m": 0.5222682595477142}
{"stage": "MPPI lookahead optimization", "iteration": 169, "window_iteration": 1, "command_step": 18, "maneuver_time_s": 0.6, "lookahead_s": 2.0}
{"stage": "MPPI lookahead optimization", "iteration": 170, "window_iteration": 2, "command_step": 18, "maneuver_time_s": 0.6, "lookahead_s": 2.0}
{"stage": "MPPI lookahead optimization", "iteration": 171, "window_iteration": 3, "command_step": 18, "maneuver_time_s": 0.6, "lookahead_s": 2.0}
{"stage": "MPPI lookahead optimization", "iteration": 172, "window_iteration": 4, "command_step": 18, "maneuver_time_s": 0.6, "lookahead_s": 2.0}
{"stage": "MPPI lookahead optimization", "iteration": 173, "window_iteration": 5, "command_step": 18, "maneuver_time_s": 0.6, "lookahead_s": 2.0}
{"stage": "Committing next 30 Hz command", "iteration": 173, "command_step": 18}
{"stage": "MPPI command committed", "iteration": 173, "command_step": 19, "time_s": 0.6333333333333333, "iterations": 5, "stop_reason": "reward_plateau", "actual_reward": 11.164932504332866, "actual_success": false, "actual_failed": false, "actual_minimum_tip_distance_m": 1.2771990773287247, "lookahead_score": 125.56012112055791, "predicted_hit": false, "predicted_failed": false, "predicted_distance_m": 0.5206859579863127}
{"stage": "MPPI lookahead optimization", "iteration": 174, "window_iteration": 1, "command_step": 19, "maneuver_time_s": 0.6333333333333333, "lookahead_s": 2.0}
{"stage": "MPPI lookahead optimization", "iteration": 175, "window_iteration": 2, "command_step": 19, "maneuver_time_s": 0.6333333333333333, "lookahead_s": 2.0}
{"stage": "MPPI lookahead optimization", "iteration": 176, "window_iteration": 3, "command_step": 19, "maneuver_time_s": 0.6333333333333333, "lookahead_s": 2.0}
{"stage": "MPPI lookahead optimization", "iteration": 177, "window_iteration": 4, "command_step": 19, "maneuver_time_s": 0.6333333333333333, "lookahead_s": 2.0}
{"stage": "MPPI lookahead optimization", "iteration": 178, "window_iteration": 5, "command_step": 19, "maneuver_time_s": 0.6333333333333333, "lookahead_s": 2.0}
{"stage": "Committing next 30 Hz command", "iteration": 178, "command_step": 19}
{"stage": "MPPI command committed", "iteration": 178, "command_step": 20, "time_s": 0.6666666666666666, "iterations": 5, "stop_reason": "reward_plateau", "actual_reward": 16.061476828676675, "actual_success": false, "actual_failed": false, "actual_minimum_tip_distance_m": 1.253886615227402, "lookahead_score": 127.01634064130174, "predicted_hit": false, "predicted_failed": false, "predicted_distance_m": 0.5205007031726447}
{"stage": "MPPI lookahead optimization", "iteration": 179, "window_iteration": 1, "command_step": 20, "maneuver_time_s": 0.6666666666666666, "lookahead_s": 2.0}
{"stage": "MPPI lookahead optimization", "iteration": 180, "window_iteration": 2, "command_step": 20, "maneuver_time_s": 0.6666666666666666, "lookahead_s": 2.0}
{"stage": "MPPI lookahead optimization", "iteration": 181, "window_iteration": 3, "command_step": 20, "maneuver_time_s": 0.6666666666666666, "lookahead_s": 2.0}
{"stage": "MPPI lookahead optimization", "iteration": 182, "window_iteration": 4, "command_step": 20, "maneuver_time_s": 0.6666666666666666, "lookahead_s": 2.0}
{"stage": "MPPI lookahead optimization", "iteration": 183, "window_iteration": 5, "command_step": 20, "maneuver_time_s": 0.6666666666666666, "lookahead_s": 2.0}
{"stage": "Committing next 30 Hz command", "iteration": 183, "command_step": 20}
{"stage": "MPPI command committed", "iteration": 183, "command_step": 21, "time_s": 0.7, "iterations": 5, "stop_reason": "reward_plateau", "actual_reward": 16.00839006276252, "actual_success": false, "actual_failed": false, "actual_minimum_tip_distance_m": 1.2276766885897454, "lookahead_score": 122.0785734864031, "predicted_hit": false, "predicted_failed": false, "predicted_distance_m": 0.5203884729469741}
{"stage": "MPPI lookahead optimization", "iteration": 184, "window_iteration": 1, "command_step": 21, "maneuver_time_s": 0.7, "lookahead_s": 2.0}
{"stage": "MPPI lookahead optimization", "iteration": 185, "window_iteration": 2, "command_step": 21, "maneuver_time_s": 0.7, "lookahead_s": 2.0}
{"stage": "MPPI lookahead optimization", "iteration": 186, "window_iteration": 3, "command_step": 21, "maneuver_time_s": 0.7, "lookahead_s": 2.0}
{"stage": "MPPI lookahead optimization", "iteration": 187, "window_iteration": 4, "command_step": 21, "maneuver_time_s": 0.7, "lookahead_s": 2.0}
{"stage": "MPPI lookahead optimization", "iteration": 188, "window_iteration": 5, "command_step": 21, "maneuver_time_s": 0.7, "lookahead_s": 2.0}
{"stage": "MPPI lookahead optimization", "iteration": 189, "window_iteration": 6, "command_step": 21, "maneuver_time_s": 0.7, "lookahead_s": 2.0}
{"stage": "MPPI lookahead optimization", "iteration": 190, "window_iteration": 7, "command_step": 21, "maneuver_time_s": 0.7, "lookahead_s": 2.0}
{"stage": "MPPI lookahead optimization", "iteration": 191, "window_iteration": 8, "command_step": 21, "maneuver_time_s": 0.7, "lookahead_s": 2.0}
{"stage": "Committing next 30 Hz command", "iteration": 191, "command_step": 21}
{"stage": "MPPI command committed", "iteration": 191, "command_step": 22, "time_s": 0.7333333333333333, "iterations": 8, "stop_reason": "reward_plateau", "actual_reward": 15.975470932245722, "actual_success": false, "actual_failed": false, "actual_minimum_tip_distance_m": 1.1970158274033535, "lookahead_score": 122.02759322595423, "predicted_hit": false, "predicted_failed": false, "predicted_distance_m": 0.5189605366828418}
{"stage": "MPPI lookahead optimization", "iteration": 192, "window_iteration": 1, "command_step": 22, "maneuver_time_s": 0.7333333333333333, "lookahead_s": 2.0}
{"stage": "MPPI lookahead optimization", "iteration": 193, "window_iteration": 2, "command_step": 22, "maneuver_time_s": 0.7333333333333333, "lookahead_s": 2.0}
{"stage": "MPPI lookahead optimization", "iteration": 194, "window_iteration": 3, "command_step": 22, "maneuver_time_s": 0.7333333333333333, "lookahead_s": 2.0}
{"stage": "MPPI lookahead optimization", "iteration": 195, "window_iteration": 4, "command_step": 22, "maneuver_time_s": 0.7333333333333333, "lookahead_s": 2.0}
{"stage": "MPPI lookahead optimization", "iteration": 196, "window_iteration": 5, "command_step": 22, "maneuver_time_s": 0.7333333333333333, "lookahead_s": 2.0}
{"stage": "Committing next 30 Hz command", "iteration": 196, "command_step": 22}
{"stage": "MPPI command committed", "iteration": 196, "command_step": 23, "time_s": 0.7666666666666667, "iterations": 5, "stop_reason": "reward_plateau", "actual_reward": 16.128581461817046, "actual_success": false, "actual_failed": false, "actual_minimum_tip_distance_m": 1.162895429292469, "lookahead_score": 121.8147197347614, "predicted_hit": false, "predicted_failed": false, "predicted_distance_m": 0.519243378466962}
{"stage": "MPPI lookahead optimization", "iteration": 197, "window_iteration": 1, "command_step": 23, "maneuver_time_s": 0.7666666666666667, "lookahead_s": 2.0}
{"stage": "MPPI lookahead optimization", "iteration": 198, "window_iteration": 2, "command_step": 23, "maneuver_time_s": 0.7666666666666667, "lookahead_s": 2.0}
{"stage": "MPPI lookahead optimization", "iteration": 199, "window_iteration": 3, "command_step": 23, "maneuver_time_s": 0.7666666666666667, "lookahead_s": 2.0}
{"stage": "MPPI lookahead optimization", "iteration": 200, "window_iteration": 4, "command_step": 23, "maneuver_time_s": 0.7666666666666667, "lookahead_s": 2.0}
{"stage": "MPPI lookahead optimization", "iteration": 201, "window_iteration": 5, "command_step": 23, "maneuver_time_s": 0.7666666666666667, "lookahead_s": 2.0}
{"stage": "Committing next 30 Hz command", "iteration": 201, "command_step": 23}
{"stage": "MPPI command committed", "iteration": 201, "command_step": 24, "time_s": 0.8, "iterations": 5, "stop_reason": "reward_plateau", "actual_reward": 16.40349367990244, "actual_success": false, "actual_failed": false, "actual_minimum_tip_distance_m": 1.12612491950164, "lookahead_score": 121.29502956643827, "predicted_hit": false, "predicted_failed": false, "predicted_distance_m": 0.5192433784668794}
{"stage": "MPPI lookahead optimization", "iteration": 202, "window_iteration": 1, "command_step": 24, "maneuver_time_s": 0.8, "lookahead_s": 2.0}
{"stage": "MPPI lookahead optimization", "iteration": 203, "window_iteration": 2, "command_step": 24, "maneuver_time_s": 0.8, "lookahead_s": 2.0}
{"stage": "MPPI lookahead optimization", "iteration": 204, "window_iteration": 3, "command_step": 24, "maneuver_time_s": 0.8, "lookahead_s": 2.0}
{"stage": "MPPI lookahead optimization", "iteration": 205, "window_iteration": 4, "command_step": 24, "maneuver_time_s": 0.8, "lookahead_s": 2.0}
{"stage": "MPPI lookahead optimization", "iteration": 206, "window_iteration": 5, "command_step": 24, "maneuver_time_s": 0.8, "lookahead_s": 2.0}
{"stage": "Committing next 30 Hz command", "iteration": 206, "command_step": 24}
{"stage": "MPPI command committed", "iteration": 206, "command_step": 25, "time_s": 0.8333333333333334, "iterations": 5, "stop_reason": "reward_plateau", "actual_reward": 18.445368767034033, "actual_success": false, "actual_failed": false, "actual_minimum_tip_distance_m": 1.0876803463820246, "lookahead_score": 120.69637666411232, "predicted_hit": false, "predicted_failed": false, "predicted_distance_m": 0.5179828310016249}
{"stage": "MPPI lookahead optimization", "iteration": 207, "window_iteration": 1, "command_step": 25, "maneuver_time_s": 0.8333333333333334, "lookahead_s": 2.0}
{"stage": "MPPI lookahead optimization", "iteration": 208, "window_iteration": 2, "command_step": 25, "maneuver_time_s": 0.8333333333333334, "lookahead_s": 2.0}
{"stage": "MPPI lookahead optimization", "iteration": 209, "window_iteration": 3, "command_step": 25, "maneuver_time_s": 0.8333333333333334, "lookahead_s": 2.0}
{"stage": "MPPI lookahead optimization", "iteration": 210, "window_iteration": 4, "command_step": 25, "maneuver_time_s": 0.8333333333333334, "lookahead_s": 2.0}
{"stage": "MPPI lookahead optimization", "iteration": 211, "window_iteration": 5, "command_step": 25, "maneuver_time_s": 0.8333333333333334, "lookahead_s": 2.0}
{"stage": "Committing next 30 Hz command", "iteration": 211, "command_step": 25}
{"stage": "MPPI command committed", "iteration": 211, "command_step": 26, "time_s": 0.8666666666666667, "iterations": 5, "stop_reason": "reward_plateau", "actual_reward": 33.98984444112653, "actual_success": false, "actual_failed": false, "actual_minimum_tip_distance_m": 1.0482292573963499, "lookahead_score": 118.75638414622381, "predicted_hit": false, "predicted_failed": false, "predicted_distance_m": 0.5175466648970033}
{"stage": "MPPI lookahead optimization", "iteration": 212, "window_iteration": 1, "command_step": 26, "maneuver_time_s": 0.8666666666666667, "lookahead_s": 2.0}
{"stage": "MPPI lookahead optimization", "iteration": 213, "window_iteration": 2, "command_step": 26, "maneuver_time_s": 0.8666666666666667, "lookahead_s": 2.0}
{"stage": "MPPI lookahead optimization", "iteration": 214, "window_iteration": 3, "command_step": 26, "maneuver_time_s": 0.8666666666666667, "lookahead_s": 2.0}
{"stage": "MPPI lookahead optimization", "iteration": 215, "window_iteration": 4, "command_step": 26, "maneuver_time_s": 0.8666666666666667, "lookahead_s": 2.0}
{"stage": "MPPI lookahead optimization", "iteration": 216, "window_iteration": 5, "command_step": 26, "maneuver_time_s": 0.8666666666666667, "lookahead_s": 2.0}
{"stage": "Committing next 30 Hz command", "iteration": 216, "command_step": 26}
{"stage": "MPPI command committed", "iteration": 216, "command_step": 27, "time_s": 0.9, "iterations": 5, "stop_reason": "reward_plateau", "actual_reward": 44.37501665169444, "actual_success": false, "actual_failed": false, "actual_minimum_tip_distance_m": 1.007983458453432, "lookahead_score": 102.79332198778772, "predicted_hit": false, "predicted_failed": false, "predicted_distance_m": 0.5175977683057076}
{"stage": "MPPI lookahead optimization", "iteration": 217, "window_iteration": 1, "command_step": 27, "maneuver_time_s": 0.9, "lookahead_s": 2.0}
{"stage": "MPPI lookahead optimization", "iteration": 218, "window_iteration": 2, "command_step": 27, "maneuver_time_s": 0.9, "lookahead_s": 2.0}
{"stage": "MPPI lookahead optimization", "iteration": 219, "window_iteration": 3, "command_step": 27, "maneuver_time_s": 0.9, "lookahead_s": 2.0}
{"stage": "MPPI lookahead optimization", "iteration": 220, "window_iteration": 4, "command_step": 27, "maneuver_time_s": 0.9, "lookahead_s": 2.0}
{"stage": "MPPI lookahead optimization", "iteration": 221, "window_iteration": 5, "command_step": 27, "maneuver_time_s": 0.9, "lookahead_s": 2.0}
{"stage": "MPPI lookahead optimization", "iteration": 222, "window_iteration": 6, "command_step": 27, "maneuver_time_s": 0.9, "lookahead_s": 2.0}
{"stage": "MPPI lookahead optimization", "iteration": 223, "window_iteration": 7, "command_step": 27, "maneuver_time_s": 0.9, "lookahead_s": 2.0}
{"stage": "MPPI lookahead optimization", "iteration": 224, "window_iteration": 8, "command_step": 27, "maneuver_time_s": 0.9, "lookahead_s": 2.0}
{"stage": "MPPI lookahead optimization", "iteration": 225, "window_iteration": 9, "command_step": 27, "maneuver_time_s": 0.9, "lookahead_s": 2.0}
{"stage": "Committing next 30 Hz command", "iteration": 225, "command_step": 27}
{"stage": "MPPI command committed", "iteration": 225, "command_step": 28, "time_s": 0.9333333333333333, "iterations": 9, "stop_reason": "reward_plateau", "actual_reward": 65.31223980876156, "actual_success": false, "actual_failed": false, "actual_minimum_tip_distance_m": 0.9674793026307736, "lookahead_score": 92.39297607717558, "predicted_hit": false, "predicted_failed": false, "predicted_distance_m": 0.5179281051046999}
{"stage": "MPPI lookahead optimization", "iteration": 226, "window_iteration": 1, "command_step": 28, "maneuver_time_s": 0.9333333333333333, "lookahead_s": 2.0}
{"stage": "MPPI lookahead optimization", "iteration": 227, "window_iteration": 2, "command_step": 28, "maneuver_time_s": 0.9333333333333333, "lookahead_s": 2.0}
{"stage": "MPPI lookahead optimization", "iteration": 228, "window_iteration": 3, "command_step": 28, "maneuver_time_s": 0.9333333333333333, "lookahead_s": 2.0}
{"stage": "MPPI lookahead optimization", "iteration": 229, "window_iteration": 4, "command_step": 28, "maneuver_time_s": 0.9333333333333333, "lookahead_s": 2.0}
{"stage": "MPPI lookahead optimization", "iteration": 230, "window_iteration": 5, "command_step": 28, "maneuver_time_s": 0.9333333333333333, "lookahead_s": 2.0}
{"stage": "Committing next 30 Hz command", "iteration": 230, "command_step": 28}
{"stage": "MPPI command committed", "iteration": 230, "command_step": 29, "time_s": 0.9666666666666667, "iterations": 5, "stop_reason": "reward_plateau", "actual_reward": 74.31601942496984, "actual_success": false, "actual_failed": false, "actual_minimum_tip_distance_m": 0.9277932976465091, "lookahead_score": 71.47751667475187, "predicted_hit": false, "predicted_failed": false, "predicted_distance_m": 0.5179264566955344}
{"stage": "MPPI lookahead optimization", "iteration": 231, "window_iteration": 1, "command_step": 29, "maneuver_time_s": 0.9666666666666667, "lookahead_s": 2.0}
{"stage": "MPPI lookahead optimization", "iteration": 232, "window_iteration": 2, "command_step": 29, "maneuver_time_s": 0.9666666666666667, "lookahead_s": 2.0}
{"stage": "MPPI lookahead optimization", "iteration": 233, "window_iteration": 3, "command_step": 29, "maneuver_time_s": 0.9666666666666667, "lookahead_s": 2.0}
{"stage": "MPPI lookahead optimization", "iteration": 234, "window_iteration": 4, "command_step": 29, "maneuver_time_s": 0.9666666666666667, "lookahead_s": 2.0}
{"stage": "MPPI lookahead optimization", "iteration": 235, "window_iteration": 5, "command_step": 29, "maneuver_time_s": 0.9666666666666667, "lookahead_s": 2.0}
{"stage": "MPPI lookahead optimization", "iteration": 236, "window_iteration": 6, "command_step": 29, "maneuver_time_s": 0.9666666666666667, "lookahead_s": 2.0}
{"stage": "MPPI lookahead optimization", "iteration": 237, "window_iteration": 7, "command_step": 29, "maneuver_time_s": 0.9666666666666667, "lookahead_s": 2.0}
{"stage": "MPPI lookahead optimization", "iteration": 238, "window_iteration": 8, "command_step": 29, "maneuver_time_s": 0.9666666666666667, "lookahead_s": 2.0}
{"stage": "MPPI lookahead optimization", "iteration": 239, "window_iteration": 9, "command_step": 29, "maneuver_time_s": 0.9666666666666667, "lookahead_s": 2.0}
{"stage": "MPPI lookahead optimization", "iteration": 240, "window_iteration": 10, "command_step": 29, "maneuver_time_s": 0.9666666666666667, "lookahead_s": 2.0}
{"stage": "MPPI lookahead optimization", "iteration": 241, "window_iteration": 11, "command_step": 29, "maneuver_time_s": 0.9666666666666667, "lookahead_s": 2.0}
{"stage": "Committing next 30 Hz command", "iteration": 241, "command_step": 29}
{"stage": "MPPI command committed", "iteration": 241, "command_step": 30, "time_s": 1.0, "iterations": 11, "stop_reason": "reward_plateau", "actual_reward": 85.02802254269558, "actual_success": false, "actual_failed": false, "actual_minimum_tip_distance_m": 0.8900511463572539, "lookahead_score": 63.514805231447994, "predicted_hit": false, "predicted_failed": false, "predicted_distance_m": 0.38018981180400946}
{"stage": "MPPI lookahead optimization", "iteration": 242, "window_iteration": 1, "command_step": 30, "maneuver_time_s": 1.0, "lookahead_s": 2.0}
{"stage": "MPPI lookahead optimization", "iteration": 243, "window_iteration": 2, "command_step": 30, "maneuver_time_s": 1.0, "lookahead_s": 2.0}
{"stage": "MPPI lookahead optimization", "iteration": 244, "window_iteration": 3, "command_step": 30, "maneuver_time_s": 1.0, "lookahead_s": 2.0}
{"stage": "MPPI lookahead optimization", "iteration": 245, "window_iteration": 4, "command_step": 30, "maneuver_time_s": 1.0, "lookahead_s": 2.0}
{"stage": "MPPI lookahead optimization", "iteration": 246, "window_iteration": 5, "command_step": 30, "maneuver_time_s": 1.0, "lookahead_s": 2.0}
{"stage": "MPPI lookahead optimization", "iteration": 247, "window_iteration": 6, "command_step": 30, "maneuver_time_s": 1.0, "lookahead_s": 2.0}
{"stage": "Committing next 30 Hz command", "iteration": 247, "command_step": 30}
{"stage": "MPPI command committed", "iteration": 247, "command_step": 31, "time_s": 1.0333333333333334, "iterations": 6, "stop_reason": "reward_plateau", "actual_reward": 87.1298633434714, "actual_success": false, "actual_failed": false, "actual_minimum_tip_distance_m": 0.8544466713239397, "lookahead_score": 53.00329904622659, "predicted_hit": false, "predicted_failed": false, "predicted_distance_m": 0.3533930315120079}
{"stage": "MPPI lookahead optimization", "iteration": 248, "window_iteration": 1, "command_step": 31, "maneuver_time_s": 1.0333333333333334, "lookahead_s": 2.0}
{"stage": "MPPI lookahead optimization", "iteration": 249, "window_iteration": 2, "command_step": 31, "maneuver_time_s": 1.0333333333333334, "lookahead_s": 2.0}
{"stage": "MPPI lookahead optimization", "iteration": 250, "window_iteration": 3, "command_step": 31, "maneuver_time_s": 1.0333333333333334, "lookahead_s": 2.0}
{"stage": "MPPI lookahead optimization", "iteration": 251, "window_iteration": 4, "command_step": 31, "maneuver_time_s": 1.0333333333333334, "lookahead_s": 2.0}
{"stage": "MPPI lookahead optimization", "iteration": 252, "window_iteration": 5, "command_step": 31, "maneuver_time_s": 1.0333333333333334, "lookahead_s": 2.0}
{"stage": "Committing next 30 Hz command", "iteration": 252, "command_step": 31}
{"stage": "MPPI command committed", "iteration": 252, "command_step": 32, "time_s": 1.0666666666666667, "iterations": 5, "stop_reason": "reward_plateau", "actual_reward": 86.70080657884574, "actual_success": false, "actual_failed": false, "actual_minimum_tip_distance_m": 0.8189400960389835, "lookahead_score": 50.7263975749088, "predicted_hit": false, "predicted_failed": false, "predicted_distance_m": 0.29758450798035074}
{"stage": "MPPI lookahead optimization", "iteration": 253, "window_iteration": 1, "command_step": 32, "maneuver_time_s": 1.0666666666666667, "lookahead_s": 2.0}
{"stage": "MPPI lookahead optimization", "iteration": 254, "window_iteration": 2, "command_step": 32, "maneuver_time_s": 1.0666666666666667, "lookahead_s": 2.0}
{"stage": "MPPI lookahead optimization", "iteration": 255, "window_iteration": 3, "command_step": 32, "maneuver_time_s": 1.0666666666666667, "lookahead_s": 2.0}
{"stage": "MPPI lookahead optimization", "iteration": 256, "window_iteration": 4, "command_step": 32, "maneuver_time_s": 1.0666666666666667, "lookahead_s": 2.0}
{"stage": "MPPI lookahead optimization", "iteration": 257, "window_iteration": 5, "command_step": 32, "maneuver_time_s": 1.0666666666666667, "lookahead_s": 2.0}
{"stage": "MPPI lookahead optimization", "iteration": 258, "window_iteration": 6, "command_step": 32, "maneuver_time_s": 1.0666666666666667, "lookahead_s": 2.0}
{"stage": "MPPI lookahead optimization", "iteration": 259, "window_iteration": 7, "command_step": 32, "maneuver_time_s": 1.0666666666666667, "lookahead_s": 2.0}
{"stage": "MPPI lookahead optimization", "iteration": 260, "window_iteration": 8, "command_step": 32, "maneuver_time_s": 1.0666666666666667, "lookahead_s": 2.0}
{"stage": "Committing next 30 Hz command", "iteration": 260, "command_step": 32}
{"stage": "MPPI command committed", "iteration": 260, "command_step": 33, "time_s": 1.1, "iterations": 8, "stop_reason": "reward_plateau", "actual_reward": 86.54398771572187, "actual_success": false, "actual_failed": false, "actual_minimum_tip_distance_m": 0.7768363738951278, "lookahead_score": 51.09755311766324, "predicted_hit": false, "predicted_failed": false, "predicted_distance_m": 0.3184940418933131}
{"stage": "MPPI lookahead optimization", "iteration": 261, "window_iteration": 1, "command_step": 33, "maneuver_time_s": 1.1, "lookahead_s": 2.0}
{"stage": "MPPI lookahead optimization", "iteration": 262, "window_iteration": 2, "command_step": 33, "maneuver_time_s": 1.1, "lookahead_s": 2.0}
{"stage": "MPPI lookahead optimization", "iteration": 263, "window_iteration": 3, "command_step": 33, "maneuver_time_s": 1.1, "lookahead_s": 2.0}
{"stage": "MPPI lookahead optimization", "iteration": 264, "window_iteration": 4, "command_step": 33, "maneuver_time_s": 1.1, "lookahead_s": 2.0}
{"stage": "MPPI lookahead optimization", "iteration": 265, "window_iteration": 5, "command_step": 33, "maneuver_time_s": 1.1, "lookahead_s": 2.0}
{"stage": "Committing next 30 Hz command", "iteration": 265, "command_step": 33}
{"stage": "MPPI command committed", "iteration": 265, "command_step": 34, "time_s": 1.1333333333333333, "iterations": 5, "stop_reason": "reward_plateau", "actual_reward": 86.82772965595079, "actual_success": false, "actual_failed": false, "actual_minimum_tip_distance_m": 0.7132777902978324, "lookahead_score": 50.900933728645015, "predicted_hit": false, "predicted_failed": false, "predicted_distance_m": 0.279390673979295}
{"stage": "MPPI lookahead optimization", "iteration": 266, "window_iteration": 1, "command_step": 34, "maneuver_time_s": 1.1333333333333333, "lookahead_s": 2.0}
{"stage": "MPPI lookahead optimization", "iteration": 267, "window_iteration": 2, "command_step": 34, "maneuver_time_s": 1.1333333333333333, "lookahead_s": 2.0}
{"stage": "MPPI lookahead optimization", "iteration": 268, "window_iteration": 3, "command_step": 34, "maneuver_time_s": 1.1333333333333333, "lookahead_s": 2.0}
{"stage": "MPPI lookahead optimization", "iteration": 269, "window_iteration": 4, "command_step": 34, "maneuver_time_s": 1.1333333333333333, "lookahead_s": 2.0}
{"stage": "MPPI lookahead optimization", "iteration": 270, "window_iteration": 5, "command_step": 34, "maneuver_time_s": 1.1333333333333333, "lookahead_s": 2.0}
{"stage": "Committing next 30 Hz command", "iteration": 270, "command_step": 34}
{"stage": "MPPI command committed", "iteration": 270, "command_step": 35, "time_s": 1.1666666666666667, "iterations": 5, "stop_reason": "reward_plateau", "actual_reward": 87.60449171100298, "actual_success": false, "actual_failed": false, "actual_minimum_tip_distance_m": 0.6155523282069285, "lookahead_score": 49.7671788408728, "predicted_hit": false, "predicted_failed": false, "predicted_distance_m": 0.3696824820253872}
{"stage": "MPPI lookahead optimization", "iteration": 271, "window_iteration": 1, "command_step": 35, "maneuver_time_s": 1.1666666666666667, "lookahead_s": 2.0}
{"stage": "MPPI lookahead optimization", "iteration": 272, "window_iteration": 2, "command_step": 35, "maneuver_time_s": 1.1666666666666667, "lookahead_s": 2.0}
{"stage": "MPPI lookahead optimization", "iteration": 273, "window_iteration": 3, "command_step": 35, "maneuver_time_s": 1.1666666666666667, "lookahead_s": 2.0}
{"stage": "MPPI lookahead optimization", "iteration": 274, "window_iteration": 4, "command_step": 35, "maneuver_time_s": 1.1666666666666667, "lookahead_s": 2.0}
{"stage": "MPPI lookahead optimization", "iteration": 275, "window_iteration": 5, "command_step": 35, "maneuver_time_s": 1.1666666666666667, "lookahead_s": 2.0}
{"stage": "Committing next 30 Hz command", "iteration": 275, "command_step": 35}
{"stage": "MPPI command committed", "iteration": 275, "command_step": 36, "time_s": 1.2, "iterations": 5, "stop_reason": "reward_plateau", "actual_reward": 88.00457225151409, "actual_success": false, "actual_failed": false, "actual_minimum_tip_distance_m": 0.5309317044202757, "lookahead_score": 47.75311587186623, "predicted_hit": false, "predicted_failed": false, "predicted_distance_m": 0.4214537738027216}
{"stage": "MPPI lookahead optimization", "iteration": 276, "window_iteration": 1, "command_step": 36, "maneuver_time_s": 1.2, "lookahead_s": 2.0}
{"stage": "MPPI lookahead optimization", "iteration": 277, "window_iteration": 2, "command_step": 36, "maneuver_time_s": 1.2, "lookahead_s": 2.0}
{"stage": "MPPI lookahead optimization", "iteration": 278, "window_iteration": 3, "command_step": 36, "maneuver_time_s": 1.2, "lookahead_s": 2.0}
{"stage": "MPPI lookahead optimization", "iteration": 279, "window_iteration": 4, "command_step": 36, "maneuver_time_s": 1.2, "lookahead_s": 2.0}
{"stage": "MPPI lookahead optimization", "iteration": 280, "window_iteration": 5, "command_step": 36, "maneuver_time_s": 1.2, "lookahead_s": 2.0}
{"stage": "MPPI lookahead optimization", "iteration": 281, "window_iteration": 6, "command_step": 36, "maneuver_time_s": 1.2, "lookahead_s": 2.0}
{"stage": "Committing next 30 Hz command", "iteration": 281, "command_step": 36}
{"stage": "MPPI command committed", "iteration": 281, "command_step": 37, "time_s": 1.2333333333333334, "iterations": 6, "stop_reason": "reward_plateau", "actual_reward": 87.47934728524515, "actual_success": false, "actual_failed": false, "actual_minimum_tip_distance_m": 0.5179664618114842, "lookahead_score": 47.06811609083239, "predicted_hit": false, "predicted_failed": false, "predicted_distance_m": 0.5179664618114844}
{"stage": "MPPI lookahead optimization", "iteration": 282, "window_iteration": 1, "command_step": 37, "maneuver_time_s": 1.2333333333333334, "lookahead_s": 2.0}
{"stage": "MPPI lookahead optimization", "iteration": 283, "window_iteration": 2, "command_step": 37, "maneuver_time_s": 1.2333333333333334, "lookahead_s": 2.0}
{"stage": "MPPI lookahead optimization", "iteration": 284, "window_iteration": 3, "command_step": 37, "maneuver_time_s": 1.2333333333333334, "lookahead_s": 2.0}
{"stage": "MPPI lookahead optimization", "iteration": 285, "window_iteration": 4, "command_step": 37, "maneuver_time_s": 1.2333333333333334, "lookahead_s": 2.0}
{"stage": "MPPI lookahead optimization", "iteration": 286, "window_iteration": 5, "command_step": 37, "maneuver_time_s": 1.2333333333333334, "lookahead_s": 2.0}
{"stage": "Committing next 30 Hz command", "iteration": 286, "command_step": 37}
{"stage": "MPPI command committed", "iteration": 286, "command_step": 38, "time_s": 1.2666666666666666, "iterations": 5, "stop_reason": "reward_plateau", "actual_reward": 86.9893422106895, "actual_success": false, "actual_failed": false, "actual_minimum_tip_distance_m": 0.5179664618114842, "lookahead_score": 47.40398099030915, "predicted_hit": false, "predicted_failed": false, "predicted_distance_m": 0.5179664618114842}
{"stage": "MPPI lookahead optimization", "iteration": 287, "window_iteration": 1, "command_step": 38, "maneuver_time_s": 1.2666666666666666, "lookahead_s": 2.0}
{"stage": "MPPI lookahead optimization", "iteration": 288, "window_iteration": 2, "command_step": 38, "maneuver_time_s": 1.2666666666666666, "lookahead_s": 2.0}
{"stage": "MPPI lookahead optimization", "iteration": 289, "window_iteration": 3, "command_step": 38, "maneuver_time_s": 1.2666666666666666, "lookahead_s": 2.0}
{"stage": "MPPI lookahead optimization", "iteration": 290, "window_iteration": 4, "command_step": 38, "maneuver_time_s": 1.2666666666666666, "lookahead_s": 2.0}
{"stage": "MPPI lookahead optimization", "iteration": 291, "window_iteration": 5, "command_step": 38, "maneuver_time_s": 1.2666666666666666, "lookahead_s": 2.0}
{"stage": "Committing next 30 Hz command", "iteration": 291, "command_step": 38}
{"stage": "MPPI command committed", "iteration": 291, "command_step": 39, "time_s": 1.3, "iterations": 5, "stop_reason": "reward_plateau", "actual_reward": 86.6203376926323, "actual_success": false, "actual_failed": false, "actual_minimum_tip_distance_m": 0.5179664618114842, "lookahead_score": 47.64753772954626, "predicted_hit": false, "predicted_failed": false, "predicted_distance_m": 0.5179664618114842}
{"stage": "MPPI lookahead optimization", "iteration": 292, "window_iteration": 1, "command_step": 39, "maneuver_time_s": 1.3, "lookahead_s": 2.0}
{"stage": "MPPI lookahead optimization", "iteration": 293, "window_iteration": 2, "command_step": 39, "maneuver_time_s": 1.3, "lookahead_s": 2.0}
{"stage": "MPPI lookahead optimization", "iteration": 294, "window_iteration": 3, "command_step": 39, "maneuver_time_s": 1.3, "lookahead_s": 2.0}
{"stage": "MPPI lookahead optimization", "iteration": 295, "window_iteration": 4, "command_step": 39, "maneuver_time_s": 1.3, "lookahead_s": 2.0}
{"stage": "MPPI lookahead optimization", "iteration": 296, "window_iteration": 5, "command_step": 39, "maneuver_time_s": 1.3, "lookahead_s": 2.0}
{"stage": "Committing next 30 Hz command", "iteration": 296, "command_step": 39}
{"stage": "MPPI command committed", "iteration": 296, "command_step": 40, "time_s": 1.3333333333333333, "iterations": 5, "stop_reason": "reward_plateau", "actual_reward": 105.34685289067919, "actual_success": false, "actual_failed": false, "actual_minimum_tip_distance_m": 0.5179664618114842, "lookahead_score": 47.758924242391245, "predicted_hit": false, "predicted_failed": false, "predicted_distance_m": 0.5179664618114842}
{"stage": "MPPI lookahead optimization", "iteration": 297, "window_iteration": 1, "command_step": 40, "maneuver_time_s": 1.3333333333333333, "lookahead_s": 2.0}
{"stage": "MPPI lookahead optimization", "iteration": 298, "window_iteration": 2, "command_step": 40, "maneuver_time_s": 1.3333333333333333, "lookahead_s": 2.0}
