[W909 11:44:24.000000000 Context.cpp:448] Warning: torch.backends.cuda.preferred_linalg_library is an experimental feature. If you see any error or unexpected behavior when this flag is set please file an issue on GitHub. (function operator ())
{"stage": "MPPI sampled trajectories", "iteration": 1, "iterations": 100}
{"stage": "MPPI update complete", "iteration": 1, "best_reward": 67.80764716317722, "batch_reward": -77.33546802072478, "success": 0.0, "effective_samples": 1.0000006316417924, "failures": 0.6435546875, "mean_reward": -19.794744425009156, "mean_failed": false, "elapsed_s": 5.47374249999848, "best_iteration": 1, "best_success": false, "best_failed": false, "best_minimum_tip_distance_m": 0.12365843952765077}
{"stage": "MPPI sampled trajectories", "iteration": 2, "iterations": 100}
{"stage": "MPPI update complete", "iteration": 2, "best_reward": 296.3742081082381, "batch_reward": -74.9243629875071, "success": 0.0009765625, "effective_samples": 1.0, "failures": 0.8115234375, "mean_reward": 67.80764935890242, "mean_failed": false, "elapsed_s": 10.723031399997126, "best_iteration": 2, "best_success": true, "best_failed": false, "best_minimum_tip_distance_m": 0.048311056970944476}
{"stage": "MPPI sampled trajectories", "iteration": 3, "iterations": 100}
{"stage": "MPPI update complete", "iteration": 3, "best_reward": 296.3742081082381, "batch_reward": -75.83866346736926, "success": 0.0, "effective_samples": 1.0002069821666075, "failures": 0.8779296875, "mean_reward": 296.3742081082381, "mean_failed": false, "elapsed_s": 15.962713200002327, "best_iteration": 2, "best_success": true, "best_failed": false, "best_minimum_tip_distance_m": 0.048311056970944476}
{"stage": "MPPI sampled trajectories", "iteration": 4, "iterations": 100}
{"stage": "MPPI update complete", "iteration": 4, "best_reward": 296.3742081082381, "batch_reward": -79.90549676224498, "success": 0.0, "effective_samples": 1.0622554959208463, "failures": 0.84375, "mean_reward": 53.3032302923774, "mean_failed": false, "elapsed_s": 21.207056999999622, "best_iteration": 2, "best_success": true, "best_failed": false, "best_minimum_tip_distance_m": 0.048311056970944476}
{"stage": "MPPI sampled trajectories", "iteration": 5, "iterations": 100}
{"stage": "MPPI update complete", "iteration": 5, "best_reward": 296.3742081082381, "batch_reward": -70.2689418544038, "success": 0.0, "effective_samples": 1.0, "failures": 0.6796875, "mean_reward": 31.435909981049353, "mean_failed": false, "elapsed_s": 26.434372800002166, "best_iteration": 2, "best_success": true, "best_failed": false, "best_minimum_tip_distance_m": 0.048311056970944476}
{"stage": "MPPI sampled trajectories", "iteration": 6, "iterations": 100}
{"stage": "MPPI update complete", "iteration": 6, "best_reward": 296.3742081082381, "batch_reward": -67.96826295384082, "success": 0.0009765625, "effective_samples": 1.0, "failures": 0.6767578125, "mean_reward": 54.70426009105897, "mean_failed": false, "elapsed_s": 31.65397749999829, "best_iteration": 2, "best_success": true, "best_failed": false, "best_minimum_tip_distance_m": 0.048311056970944476}
{"stage": "MPPI sampled trajectories", "iteration": 7, "iterations": 100}
{"stage": "MPPI update complete", "iteration": 7, "best_reward": 296.3742081082381, "batch_reward": -80.15895987489947, "success": 0.0, "effective_samples": 1.0304929419189746, "failures": 0.9521484375, "mean_reward": 296.35634666019695, "mean_failed": false, "elapsed_s": 36.88448369999969, "best_iteration": 2, "best_success": true, "best_failed": false, "best_minimum_tip_distance_m": 0.048311056970944476}
{"stage": "MPPI sampled trajectories", "iteration": 8, "iterations": 100}
{"stage": "MPPI update complete", "iteration": 8, "best_reward": 297.18452859119003, "batch_reward": -76.32944184887029, "success": 0.001953125, "effective_samples": 1.0000000001185798, "failures": 0.791015625, "mean_reward": 9.036725741567048, "mean_failed": false, "elapsed_s": 42.124625299999025, "best_iteration": 8, "best_success": true, "best_failed": false, "best_minimum_tip_distance_m": 0.044096288470779024}
{"stage": "MPPI sampled trajectories", "iteration": 9, "iterations": 100}
{"stage": "MPPI update complete", "iteration": 9, "best_reward": 297.18452859119003, "batch_reward": -79.67856476736145, "success": 0.0, "effective_samples": 1.0000000000183227, "failures": 0.9619140625, "mean_reward": 297.18452858879755, "mean_failed": false, "elapsed_s": 47.37212619999627, "best_iteration": 8, "best_success": true, "best_failed": false, "best_minimum_tip_distance_m": 0.044096288470779024}
{"stage": "MPPI sampled trajectories", "iteration": 10, "iterations": 100}
{"stage": "MPPI update complete", "iteration": 10, "best_reward": 297.18452859119003, "batch_reward": -68.24236652909798, "success": 0.0009765625, "effective_samples": 1.0, "failures": 0.79296875, "mean_reward": 53.2066052748544, "mean_failed": false, "elapsed_s": 52.606200700000045, "best_iteration": 8, "best_success": true, "best_failed": false, "best_minimum_tip_distance_m": 0.044096288470779024}
{"stage": "MPPI sampled trajectories", "iteration": 11, "iterations": 100}
{"stage": "MPPI update complete", "iteration": 11, "best_reward": 297.2249588607556, "batch_reward": -77.9197496840054, "success": 0.0009765625, "effective_samples": 1.0, "failures": 0.8828125, "mean_reward": 296.7998716958057, "mean_failed": false, "elapsed_s": 57.84268509999674, "best_iteration": 11, "best_success": true, "best_failed": false, "best_minimum_tip_distance_m": 0.04052195146758689}
{"stage": "MPPI sampled trajectories", "iteration": 12, "iterations": 100}
{"stage": "MPPI update complete", "iteration": 12, "best_reward": 298.1457697996373, "batch_reward": -79.17327963442767, "success": 0.001953125, "effective_samples": 1.0558093798287524, "failures": 0.900390625, "mean_reward": 297.2249588607556, "mean_failed": false, "elapsed_s": 63.06387040000118, "best_iteration": 12, "best_success": true, "best_failed": false, "best_minimum_tip_distance_m": 0.046538006870000564}
{"stage": "MPPI sampled trajectories", "iteration": 13, "iterations": 100}
{"stage": "MPPI update complete", "iteration": 13, "best_reward": 299.2511588125516, "batch_reward": -75.32566923580549, "success": 0.0009765625, "effective_samples": 1.0, "failures": 0.9609375, "mean_reward": 299.2511588125516, "mean_failed": false, "elapsed_s": 68.33397469999909, "best_iteration": 13, "best_success": true, "best_failed": false, "best_minimum_tip_distance_m": 0.03093700697038644}
{"stage": "MPPI sampled trajectories", "iteration": 14, "iterations": 100}
{"stage": "MPPI update complete", "iteration": 14, "best_reward": 299.2511588125516, "batch_reward": -80.29859977707807, "success": 0.0009765625, "effective_samples": 1.0, "failures": 0.9892578125, "mean_reward": 297.85849885166607, "mean_failed": false, "elapsed_s": 73.62111089999962, "best_iteration": 13, "best_success": true, "best_failed": false, "best_minimum_tip_distance_m": 0.03093700697038644}
{"stage": "MPPI sampled trajectories", "iteration": 15, "iterations": 100}
{"stage": "MPPI update complete", "iteration": 15, "best_reward": 299.2511588125516, "batch_reward": -84.55358310540116, "success": 0.0009765625, "effective_samples": 1.0, "failures": 0.9853515625, "mean_reward": 297.26546734263246, "mean_failed": false, "elapsed_s": 78.87151469999662, "best_iteration": 13, "best_success": true, "best_failed": false, "best_minimum_tip_distance_m": 0.03093700697038644}
{"stage": "MPPI sampled trajectories", "iteration": 16, "iterations": 100}
{"stage": "MPPI update complete", "iteration": 16, "best_reward": 299.2511588125516, "batch_reward": -86.33565697290828, "success": 0.0009765625, "effective_samples": 1.0, "failures": 0.9833984375, "mean_reward": 296.4606251431434, "mean_failed": false, "elapsed_s": 84.13951799999631, "best_iteration": 13, "best_success": true, "best_failed": false, "best_minimum_tip_distance_m": 0.03093700697038644}
{"stage": "MPPI sampled trajectories", "iteration": 17, "iterations": 100}
{"stage": "MPPI update complete", "iteration": 17, "best_reward": 299.2511588125516, "batch_reward": -94.08575553068155, "success": 0.0, "effective_samples": 1.0, "failures": 0.9970703125, "mean_reward": 295.94642249448975, "mean_failed": false, "elapsed_s": 89.37894309999683, "best_iteration": 13, "best_success": true, "best_failed": false, "best_minimum_tip_distance_m": 0.03093700697038644}
{"stage": "MPPI sampled trajectories", "iteration": 18, "iterations": 100}
{"stage": "MPPI update complete", "iteration": 18, "best_reward": 299.2511588125516, "batch_reward": -93.63872497723446, "success": 0.0, "effective_samples": 1.0000000999635075, "failures": 0.9990234375, "mean_reward": -88.98028552315729, "mean_failed": true, "elapsed_s": 94.59979759999987, "best_iteration": 13, "best_success": true, "best_failed": false, "best_minimum_tip_distance_m": 0.03093700697038644}
{"stage": "MPPI sampled trajectories", "iteration": 19, "iterations": 100}
{"stage": "MPPI update complete", "iteration": 19, "best_reward": 299.2511588125516, "batch_reward": -93.0578017567068, "success": 0.0, "effective_samples": 1.0, "failures": 0.8095703125, "mean_reward": -23.593622881022956, "mean_failed": false, "elapsed_s": 99.83938450000278, "best_iteration": 13, "best_success": true, "best_failed": false, "best_minimum_tip_distance_m": 0.03093700697038644}
{"stage": "MPPI sampled trajectories", "iteration": 20, "iterations": 100}
{"stage": "MPPI update complete", "iteration": 20, "best_reward": 299.2511588125516, "batch_reward": -84.30257017868156, "success": 0.0, "effective_samples": 1.1031499119857513, "failures": 0.7822265625, "mean_reward": 27.62850722160507, "mean_failed": false, "elapsed_s": 105.06094730000041, "best_iteration": 13, "best_success": true, "best_failed": false, "best_minimum_tip_distance_m": 0.03093700697038644}
{"stage": "MPPI sampled trajectories", "iteration": 21, "iterations": 100}
{"stage": "MPPI update complete", "iteration": 21, "best_reward": 299.2511588125516, "batch_reward": -78.42137139642318, "success": 0.0009765625, "effective_samples": 1.0, "failures": 0.8037109375, "mean_reward": 63.96173248510529, "mean_failed": false, "elapsed_s": 110.3107364000025, "best_iteration": 13, "best_success": true, "best_failed": false, "best_minimum_tip_distance_m": 0.03093700697038644}
{"stage": "MPPI sampled trajectories", "iteration": 22, "iterations": 100}
{"stage": "MPPI update complete", "iteration": 22, "best_reward": 299.2511588125516, "batch_reward": -90.87855452403363, "success": 0.0009765625, "effective_samples": 1.0, "failures": 0.9375, "mean_reward": 295.43423995146685, "mean_failed": false, "elapsed_s": 115.55598179999652, "best_iteration": 13, "best_success": true, "best_failed": false, "best_minimum_tip_distance_m": 0.03093700697038644}
{"stage": "MPPI sampled trajectories", "iteration": 23, "iterations": 100}
{"stage": "MPPI update complete", "iteration": 23, "best_reward": 299.2511588125516, "batch_reward": -84.96714048331981, "success": 0.0, "effective_samples": 1.0000005618778087, "failures": 0.9951171875, "mean_reward": 297.0449822638305, "mean_failed": false, "elapsed_s": 120.79958059999626, "best_iteration": 13, "best_success": true, "best_failed": false, "best_minimum_tip_distance_m": 0.03093700697038644}
{"stage": "MPPI sampled trajectories", "iteration": 24, "iterations": 100}
{"stage": "MPPI update complete", "iteration": 24, "best_reward": 299.2511588125516, "batch_reward": -93.20364092075971, "success": 0.0, "effective_samples": 1.0002562105048383, "failures": 1.0, "mean_reward": -19.42536591017486, "mean_failed": true, "elapsed_s": 126.04720490000182, "best_iteration": 13, "best_success": true, "best_failed": false, "best_minimum_tip_distance_m": 0.03093700697038644}
{"stage": "MPPI sampled trajectories", "iteration": 25, "iterations": 100}
{"stage": "MPPI update complete", "iteration": 25, "best_reward": 299.2511588125516, "batch_reward": -88.47156359600275, "success": 0.0, "effective_samples": 1.0000000000001115, "failures": 0.998046875, "mean_reward": -23.701035279567122, "mean_failed": true, "elapsed_s": 131.2911671999973, "best_iteration": 13, "best_success": true, "best_failed": false, "best_minimum_tip_distance_m": 0.03093700697038644}
{"stage": "MPPI sampled trajectories", "iteration": 26, "iterations": 100}
{"stage": "MPPI update complete", "iteration": 26, "best_reward": 299.2511588125516, "batch_reward": -94.40804765652595, "success": 0.0009765625, "effective_samples": 1.0, "failures": 0.9990234375, "mean_reward": -87.61828060133858, "mean_failed": true, "elapsed_s": 136.4574483999968, "best_iteration": 13, "best_success": true, "best_failed": false, "best_minimum_tip_distance_m": 0.03093700697038644}
{"stage": "MPPI sampled trajectories", "iteration": 27, "iterations": 100}
{"stage": "MPPI update complete", "iteration": 27, "best_reward": 299.2511588125516, "batch_reward": -83.46176384131397, "success": 0.0009765625, "effective_samples": 1.0, "failures": 0.9931640625, "mean_reward": 296.5571877867975, "mean_failed": false, "elapsed_s": 141.72244160000264, "best_iteration": 13, "best_success": true, "best_failed": false, "best_minimum_tip_distance_m": 0.03093700697038644}
