{"label": "fold_1: physical cable grid (zero external drag)", "training": ["fig8_002", "fig8_003", "fig8vertical_002", "osc_002", "osc_003", "whip1_002", "whip1_003"], "held_out": ["fig8_001", "fig8vertical_001", "osc_001", "whip1_001"]}
{"label": "fold_1: cable NN 1/24", "update": 1, "loss": 0.00591382347043339, "gradient_norm": 8.945684991754184e-06}
{"label": "fold_1: cable NN 2/24", "update": 2, "loss": 0.004649653798049947, "gradient_norm": 1.3145835953314038e-05}
{"label": "fold_1: cable NN 3/24", "update": 3, "loss": 0.005422067060108576, "gradient_norm": 7.347536187658691e-05}
{"label": "fold_1: cable NN 4/24", "update": 4, "loss": 0.0043682851602683875, "gradient_norm": 1.0397920441059548e-05}
{"label": "fold_1: cable NN 5/24", "update": 5, "loss": 0.005077511614051303, "gradient_norm": 2.6822647837803214e-05}
{"label": "fold_1: cable NN 6/24", "update": 6, "loss": 0.005949263577434017, "gradient_norm": 0.006150507553776206}
{"label": "fold_1: cable NN 7/24", "update": 7, "loss": 0.004413581411228861, "gradient_norm": 3.11450094641767e-05}
{"label": "fold_1: cable NN 8/24", "update": 8, "loss": 0.005380276395451265, "gradient_norm": 9.098392856410448e-05}
{"label": "fold_1: cable NN 9/24", "update": 9, "loss": 0.004670249171152708, "gradient_norm": 1.24628958230361e-05}
{"label": "fold_1: cable NN 10/24", "update": 10, "loss": 0.004401309507105229, "gradient_norm": 4.881875567577987e-05}
{"label": "fold_1: cable NN 11/24", "update": 11, "loss": 0.005416229092175601, "gradient_norm": 4.27691441465653e-06}
{"label": "fold_1: cable NN 12/24", "update": 12, "loss": 0.004643928730067312, "gradient_norm": 4.951562503626771e-06, "selection_objective": 0.03029477706445155}
{"label": "fold_1: cable NN 13/24", "update": 13, "loss": 0.005359100077405454, "gradient_norm": 1.167539357023894e-05}
{"label": "fold_1: cable NN 14/24", "update": 14, "loss": 0.004717355317980647, "gradient_norm": 3.5755553066311924e-06}
{"label": "fold_1: cable NN 15/24", "update": 15, "loss": 0.005035276834098645, "gradient_norm": 3.756952565290495e-05}
{"label": "fold_1: cable NN 16/24", "update": 16, "loss": 0.005285563794179991, "gradient_norm": 3.174425666581426e-05}
{"label": "fold_1: cable NN 17/24", "update": 17, "loss": 0.004729176680733218, "gradient_norm": 0.00011696093099106278}
{"label": "fold_1: cable NN 18/24", "update": 18, "loss": 0.005330677784849218, "gradient_norm": 2.38697109103651e-06}
{"label": "fold_1: cable NN 19/24", "update": 19, "loss": 0.004907691518544664, "gradient_norm": 6.975446252632022e-06}
{"label": "fold_1: cable NN 20/24", "update": 20, "loss": 0.005189700263314123, "gradient_norm": 6.609099449124454e-05}
{"label": "fold_1: cable NN 21/24", "update": 21, "loss": 0.005946471705114652, "gradient_norm": 2.4384940917113418e-05}
{"label": "fold_1: cable NN 22/24", "update": 22, "loss": 0.0060023046117730385, "gradient_norm": 4.2332683060435003e-05}
{"label": "fold_1: cable NN 23/24", "update": 23, "loss": 0.005523637043539982, "gradient_norm": 0.0001106462986496623}
{"label": "fold_1: cable NN 24/24", "update": 24, "loss": 0.0052495474476144345, "gradient_norm": 6.193899660872632e-05, "selection_objective": 0.029951124417265322}
{"label": "fold_1: calibrating NN output layer on two-second predictions"}
{"label": "fold_2: physical cable grid (zero external drag)", "training": ["fig8_001", "fig8_003", "fig8vertical_001", "osc_001", "osc_003", "whip1_001", "whip1_003"], "held_out": ["fig8_002", "fig8vertical_002", "osc_002", "whip1_002"]}
{"label": "fold_2: cable NN 1/24", "update": 1, "loss": 0.005249008142096696, "gradient_norm": 6.038546664351045e-06}
{"label": "fold_2: cable NN 2/24", "update": 2, "loss": 0.004577175527818568, "gradient_norm": 2.159382563142497e-05}
{"label": "fold_2: cable NN 3/24", "update": 3, "loss": 0.004984492948947127, "gradient_norm": 5.6073171533634454e-05}
{"label": "fold_2: cable NN 4/24", "update": 4, "loss": 0.003966344627303393, "gradient_norm": 0.0004308175266700195}
{"label": "fold_2: cable NN 5/24", "update": 5, "loss": 0.004658962281532385, "gradient_norm": 3.1235467832623e-05}
{"label": "fold_2: cable NN 6/24", "update": 6, "loss": 0.005514355113258845, "gradient_norm": 7.989242203547302e-05}
{"label": "fold_2: cable NN 7/24", "update": 7, "loss": 0.004147323526469712, "gradient_norm": 4.248677415218995e-05}
{"label": "fold_2: cable NN 8/24", "update": 8, "loss": 0.005062749937101753, "gradient_norm": 3.18340911605641e-06}
{"label": "fold_2: cable NN 9/24", "update": 9, "loss": 0.004547639444100324, "gradient_norm": 1.2810495007956594e-05}
{"label": "fold_2: cable NN 10/24", "update": 10, "loss": 0.004201155915424035, "gradient_norm": 4.6603057283559136e-05}
{"label": "fold_2: cable NN 11/24", "update": 11, "loss": 0.00518330184444973, "gradient_norm": 1.897978386868018e-05}
{"label": "fold_2: cable NN 12/24", "update": 12, "loss": 0.004433380144258176, "gradient_norm": 2.7152170833478843e-05, "selection_objective": 0.031910092341052826}
{"label": "fold_2: cable NN 13/24", "update": 13, "loss": 0.004514079026747623, "gradient_norm": 1.8750072950256453e-05}
{"label": "fold_2: cable NN 14/24", "update": 14, "loss": 0.0046360321030134285, "gradient_norm": 6.041926982068648e-06}
{"label": "fold_2: cable NN 15/24", "update": 15, "loss": 0.004783578165052882, "gradient_norm": 0.0017120571959921083}
{"label": "fold_2: cable NN 16/24", "update": 16, "loss": 0.004579222886006135, "gradient_norm": 3.7277253803298e-05}
{"label": "fold_2: cable NN 17/24", "update": 17, "loss": 0.005338537258535422, "gradient_norm": 7.961374812579216e-05}
{"label": "fold_2: cable NN 18/24", "update": 18, "loss": 0.005352617952698283, "gradient_norm": 3.467404991758265e-06}
{"label": "fold_2: cable NN 19/24", "update": 19, "loss": 0.005002678557290552, "gradient_norm": 0.00022484362810732455}
{"label": "fold_2: cable NN 20/24", "update": 20, "loss": 0.0047398578905913594, "gradient_norm": 7.502356347606095e-05}
{"label": "fold_2: cable NN 21/24", "update": 21, "loss": 0.005699080688310066, "gradient_norm": 3.0532971196567947e-06}
{"label": "fold_2: cable NN 22/24", "update": 22, "loss": 0.005156923814201702, "gradient_norm": 0.0009738776768603199}
{"label": "fold_2: cable NN 23/24", "update": 23, "loss": 0.005211307225022389, "gradient_norm": 2.045677895732034e-05}
{"label": "fold_2: cable NN 24/24", "update": 24, "loss": 0.004899928557842738, "gradient_norm": 9.46629725880277e-05, "selection_objective": 0.029862714369925554}
{"label": "fold_2: calibrating NN output layer on two-second predictions"}
{"label": "fold_3: physical cable grid (zero external drag)", "training": ["fig8_001", "fig8_002", "fig8vertical_001", "fig8vertical_002", "osc_001", "osc_002", "whip1_001", "whip1_002"], "held_out": ["fig8_003", "osc_003", "whip1_003"]}
{"label": "fold_3: cable NN 1/24", "update": 1, "loss": 0.0050521289204189055, "gradient_norm": 4.193666689770692e-06}
{"label": "fold_3: cable NN 2/24", "update": 2, "loss": 0.005324656158798476, "gradient_norm": 2.1442539755573345e-05}
{"label": "fold_3: cable NN 3/24", "update": 3, "loss": 0.004942076337912928, "gradient_norm": 5.767253228423181e-06}
{"label": "fold_3: cable NN 4/24", "update": 4, "loss": 0.004988313607361928, "gradient_norm": 6.754575767158636e-06}
{"label": "fold_3: cable NN 5/24", "update": 5, "loss": 0.0046805060125993895, "gradient_norm": 1.060504000504703e-05}
{"label": "fold_3: cable NN 6/24", "update": 6, "loss": 0.004745514166299531, "gradient_norm": 4.004204724199231e-06}
{"label": "fold_3: cable NN 7/24", "update": 7, "loss": 0.004695185943574068, "gradient_norm": 4.871760203165748e-06}
{"label": "fold_3: cable NN 8/24", "update": 8, "loss": 0.005399407075636381, "gradient_norm": 8.002024155342486e-06}
{"label": "fold_3: cable NN 9/24", "update": 9, "loss": 0.005018523136930976, "gradient_norm": 2.476309746865081e-06}
{"label": "fold_3: cable NN 10/24", "update": 10, "loss": 0.004411653233470198, "gradient_norm": 7.503139622362255e-06}
{"label": "fold_3: cable NN 11/24", "update": 11, "loss": 0.004983976553091471, "gradient_norm": 2.0974012607944703e-05}
{"label": "fold_3: cable NN 12/24", "update": 12, "loss": 0.004705795109898039, "gradient_norm": 1.1151711969124222e-05, "selection_objective": 0.0236870950474434}
{"label": "fold_3: cable NN 13/24", "update": 13, "loss": 0.004947644104852774, "gradient_norm": 4.298769832383935e-06}
{"label": "fold_3: cable NN 14/24", "update": 14, "loss": 0.004924940346232939, "gradient_norm": 3.18047107067831e-05}
{"label": "fold_3: cable NN 15/24", "update": 15, "loss": 0.0050442198707733865, "gradient_norm": 6.74622396916612e-06}
{"label": "fold_3: cable NN 16/24", "update": 16, "loss": 0.004264625349305917, "gradient_norm": 9.736145644415878e-06}
{"label": "fold_3: cable NN 17/24", "update": 17, "loss": 0.005495449131058287, "gradient_norm": 7.959359720384932e-06}
{"label": "fold_3: cable NN 18/24", "update": 18, "loss": 0.005201638064202377, "gradient_norm": 5.491316797241328e-06}
{"label": "fold_3: cable NN 19/24", "update": 19, "loss": 0.005013296013664396, "gradient_norm": 1.2112568444338218e-05}
{"label": "fold_3: cable NN 20/24", "update": 20, "loss": 0.004829823450509584, "gradient_norm": 1.0204948711212533e-05}
{"label": "fold_3: cable NN 21/24", "update": 21, "loss": 0.005391905732244544, "gradient_norm": 3.047419087978464e-05}
{"label": "fold_3: cable NN 22/24", "update": 22, "loss": 0.004614678682582739, "gradient_norm": 4.7483178757403335e-06}
{"label": "fold_3: cable NN 23/24", "update": 23, "loss": 0.004737927868417271, "gradient_norm": 7.751965797615157e-06}
{"label": "fold_3: cable NN 24/24", "update": 24, "loss": 0.004822742758247145, "gradient_norm": 6.3510197834839295e-06, "selection_objective": 0.021062633929549067}
{"label": "fold_3: calibrating NN output layer on two-second predictions"}
{"label": "Cable physics and NN fits complete; candidates preserved"}
