{"label": "fold_1: fitting effective full-state response and delay"}
{"label": "fold_1: drone NN 20/160", "training_mse": 0.00019401104300440232}
{"label": "fold_1: drone NN 40/160", "training_mse": 0.00018516270690361033}
{"label": "fold_1: drone NN 60/160", "training_mse": 0.00017514436769401173}
{"label": "fold_1: drone NN 80/160", "training_mse": 0.00016166329570207674}
{"label": "fold_1: drone NN 100/160", "training_mse": 0.00015456963339495868}
{"label": "fold_1: drone NN 120/160", "training_mse": 0.00015247908802045048}
{"label": "fold_1: drone NN 140/160", "training_mse": 0.00015166982070583313}
{"label": "fold_1: drone NN 160/160", "training_mse": 0.00015077750420558917}
{"label": "fold_2: fitting effective full-state response and delay"}
{"label": "fold_2: drone NN 20/160", "training_mse": 5.1213361530097125e-05}
{"label": "fold_2: drone NN 40/160", "training_mse": 4.7736034308615456e-05}
{"label": "fold_2: drone NN 60/160", "training_mse": 4.474301380672763e-05}
{"label": "fold_2: drone NN 80/160", "training_mse": 4.283212607159809e-05}
{"label": "fold_2: drone NN 100/160", "training_mse": 4.0988161488911085e-05}
{"label": "fold_2: drone NN 120/160", "training_mse": 3.9540207592139954e-05}
{"label": "fold_2: drone NN 140/160", "training_mse": 3.8652387171843504e-05}
{"label": "fold_2: drone NN 160/160", "training_mse": 3.8192465484955244e-05}
{"label": "fold_3: fitting effective full-state response and delay"}
{"label": "fold_3: drone NN 20/160", "training_mse": 0.00023638234608244147}
{"label": "fold_3: drone NN 40/160", "training_mse": 0.00022547110912782498}
{"label": "fold_3: drone NN 60/160", "training_mse": 0.00021722901025892207}
{"label": "fold_3: drone NN 80/160", "training_mse": 0.0002040797233847162}
{"label": "fold_3: drone NN 100/160", "training_mse": 0.00018811673946115328}
{"label": "fold_3: drone NN 120/160", "training_mse": 0.00018117805925942155}
{"label": "fold_3: drone NN 140/160", "training_mse": 0.00017952308889966528}
{"label": "fold_3: drone NN 160/160", "training_mse": 0.00017756790446334393}
{"label": "final: fitting effective full-state response and delay"}
{"label": "final: drone NN 20/160", "training_mse": 0.0001859640915420921}
{"label": "final: drone NN 40/160", "training_mse": 0.0001768826367347664}
{"label": "final: drone NN 60/160", "training_mse": 0.00016750865960440248}
{"label": "final: drone NN 80/160", "training_mse": 0.00015754699012682623}
{"label": "final: drone NN 100/160", "training_mse": 0.0001487627533993757}
{"label": "final: drone NN 120/160", "training_mse": 0.00014434460456764665}
{"label": "final: drone NN 140/160", "training_mse": 0.00014431778758882042}
{"label": "final: drone NN 160/160", "training_mse": 0.00014412476914996074}
{"label": "Drone response and NN fits complete; candidates preserved"}
{"label": "fold_1: fitting effective full-state response and delay"}
{"label": "fold_1: drone NN 20/160", "training_mse": 0.00024250324213892274}
{"label": "fold_1: drone NN 40/160", "training_mse": 0.00022889463911751357}
{"label": "fold_1: drone NN 60/160", "training_mse": 0.0002121063263347282}
{"label": "fold_1: drone NN 80/160", "training_mse": 0.0001939267279572763}
{"label": "fold_1: drone NN 100/160", "training_mse": 0.0001848790554168559}
{"label": "fold_1: drone NN 120/160", "training_mse": 0.00018103642812529922}
{"label": "fold_1: drone NN 140/160", "training_mse": 0.00017878737116438912}
{"label": "fold_1: drone NN 160/160", "training_mse": 0.00017774591809550266}
{"label": "fold_2: fitting effective full-state response and delay"}
{"label": "fold_2: drone NN 20/160", "training_mse": 5.774449412323649e-05}
{"label": "fold_2: drone NN 40/160", "training_mse": 5.2860494603170586e-05}
{"label": "fold_2: drone NN 60/160", "training_mse": 4.9075048536625186e-05}
{"label": "fold_2: drone NN 80/160", "training_mse": 4.676756914302276e-05}
{"label": "fold_2: drone NN 100/160", "training_mse": 4.510682437851906e-05}
{"label": "fold_2: drone NN 120/160", "training_mse": 4.4116276518949e-05}
{"label": "fold_2: drone NN 140/160", "training_mse": 4.344583215648292e-05}
{"label": "fold_2: drone NN 160/160", "training_mse": 4.296216823617541e-05}
{"label": "fold_3: fitting effective full-state response and delay"}
{"label": "fold_3: drone NN 20/160", "training_mse": 0.00031199464598394543}
{"label": "fold_3: drone NN 40/160", "training_mse": 0.00029595648373192604}
{"label": "fold_3: drone NN 60/160", "training_mse": 0.00028081570157938314}
{"label": "fold_3: drone NN 80/160", "training_mse": 0.0002609795890498365}
{"label": "fold_3: drone NN 100/160", "training_mse": 0.0002378971767336352}
{"label": "fold_3: drone NN 120/160", "training_mse": 0.00022733101089564056}
{"label": "fold_3: drone NN 140/160", "training_mse": 0.0002230731845694958}
{"label": "fold_3: drone NN 160/160", "training_mse": 0.00022025727900302236}
{"label": "final: fitting effective full-state response and delay"}
{"label": "final: drone NN 20/160", "training_mse": 0.00024168401159354653}
{"label": "final: drone NN 40/160", "training_mse": 0.00023016868011249187}
{"label": "final: drone NN 60/160", "training_mse": 0.00021605782969510268}
{"label": "final: drone NN 80/160", "training_mse": 0.00019943194262720483}
{"label": "final: drone NN 100/160", "training_mse": 0.00018666465642717747}
{"label": "final: drone NN 120/160", "training_mse": 0.00018121228478269296}
{"label": "final: drone NN 140/160", "training_mse": 0.00017968086373315663}
{"label": "final: drone NN 160/160", "training_mse": 0.00017949074315120562}
{"label": "Drone response and NN fits complete; candidates preserved"}
