episodes=2048/100000 batch_success=80.371% rolling_5000=80.371% total_success=80.371% endpoint_success=80.615% episodes_per_second=93.62
episodes=4096/100000 batch_success=82.129% rolling_5000=81.250% total_success=81.250% endpoint_success=81.567% episodes_per_second=125.99
episodes=6144/100000 batch_success=81.250% rolling_5000=81.340% total_success=81.250% endpoint_success=81.559% episodes_per_second=142.85
episodes=8192/100000 batch_success=82.031% rolling_5000=81.520% total_success=81.445% endpoint_success=81.738% episodes_per_second=153.06
episodes=10240/100000 batch_success=79.541% rolling_5000=80.940% total_success=81.064% endpoint_success=81.387% episodes_per_second=160.04
validation_episodes=10240 success=467/512
episodes=12288/100000 batch_success=79.150% rolling_5000=79.840% total_success=80.745% endpoint_success=81.038% episodes_per_second=143.35
episodes=14336/100000 batch_success=80.469% rolling_5000=79.660% total_success=80.706% endpoint_success=81.013% episodes_per_second=149.23
episodes=16384/100000 batch_success=80.811% rolling_5000=80.120% total_success=80.719% endpoint_success=81.024% episodes_per_second=154.10
episodes=18432/100000 batch_success=80.566% rolling_5000=80.840% total_success=80.702% endpoint_success=81.011% episodes_per_second=158.01
episodes=20480/100000 batch_success=80.615% rolling_5000=80.320% total_success=80.693% endpoint_success=80.996% episodes_per_second=161.06
validation_episodes=20480 success=467/512
episodes=22528/100000 batch_success=77.295% rolling_5000=79.300% total_success=80.384% endpoint_success=80.700% episodes_per_second=151.44
episodes=24576/100000 batch_success=79.883% rolling_5000=78.920% total_success=80.343% endpoint_success=80.648% episodes_per_second=154.35
episodes=26624/100000 batch_success=78.711% rolling_5000=78.960% total_success=80.217% endpoint_success=80.510% episodes_per_second=156.83
episodes=28672/100000 batch_success=80.176% rolling_5000=79.640% total_success=80.214% endpoint_success=80.493% episodes_per_second=158.95
episodes=30720/100000 batch_success=76.758% rolling_5000=78.700% total_success=79.984% endpoint_success=80.260% episodes_per_second=160.89
validation_episodes=30720 success=472/512
episodes=32768/100000 batch_success=78.662% rolling_5000=77.780% total_success=79.901% endpoint_success=80.170% episodes_per_second=154.33
episodes=34816/100000 batch_success=78.125% rolling_5000=78.420% total_success=79.797% endpoint_success=80.064% episodes_per_second=156.19
episodes=36864/100000 batch_success=79.395% rolling_5000=78.580% total_success=79.774% endpoint_success=80.048% episodes_per_second=158.01
episodes=38912/100000 batch_success=79.785% rolling_5000=79.360% total_success=79.775% endpoint_success=80.047% episodes_per_second=159.63
episodes=40960/100000 batch_success=81.787% rolling_5000=80.480% total_success=79.875% endpoint_success=80.146% episodes_per_second=161.25
validation_episodes=40960 success=469/512
episodes=43008/100000 batch_success=78.857% rolling_5000=80.320% total_success=79.827% endpoint_success=80.094% episodes_per_second=156.24
episodes=45056/100000 batch_success=77.881% rolling_5000=78.960% total_success=79.739% endpoint_success=80.000% episodes_per_second=157.86
episodes=47104/100000 batch_success=78.955% rolling_5000=78.120% total_success=79.704% endpoint_success=79.966% episodes_per_second=159.30
episodes=49152/100000 batch_success=80.615% rolling_5000=79.180% total_success=79.742% endpoint_success=80.007% episodes_per_second=160.62
episodes=51200/100000 batch_success=77.881% rolling_5000=79.120% total_success=79.668% endpoint_success=79.938% episodes_per_second=161.88
validation_episodes=51200 success=460/512
episodes=53248/100000 batch_success=77.100% rolling_5000=77.980% total_success=79.569% endpoint_success=79.836% episodes_per_second=157.72
episodes=55296/100000 batch_success=76.904% rolling_5000=77.180% total_success=79.470% endpoint_success=79.740% episodes_per_second=158.97
episodes=57344/100000 batch_success=76.709% rolling_5000=76.540% total_success=79.372% endpoint_success=79.637% episodes_per_second=160.05
episodes=59392/100000 batch_success=77.490% rolling_5000=77.200% total_success=79.307% endpoint_success=79.571% episodes_per_second=161.19
episodes=61440/100000 batch_success=76.562% rolling_5000=76.700% total_success=79.215% endpoint_success=79.481% episodes_per_second=162.20
validation_episodes=61440 success=470/512
episodes=63488/100000 batch_success=77.832% rolling_5000=77.320% total_success=79.171% endpoint_success=79.437% episodes_per_second=158.60
episodes=65536/100000 batch_success=78.564% rolling_5000=77.720% total_success=79.152% endpoint_success=79.419% episodes_per_second=159.61
episodes=67584/100000 batch_success=79.248% rolling_5000=78.680% total_success=79.155% endpoint_success=79.423% episodes_per_second=160.60
episodes=69632/100000 batch_success=77.979% rolling_5000=78.440% total_success=79.120% endpoint_success=79.387% episodes_per_second=161.55
episodes=71680/100000 batch_success=79.102% rolling_5000=78.620% total_success=79.120% endpoint_success=79.385% episodes_per_second=162.46
validation_episodes=71680 success=471/512
episodes=73728/100000 batch_success=76.367% rolling_5000=77.580% total_success=79.043% endpoint_success=79.306% episodes_per_second=159.36
episodes=75776/100000 batch_success=77.686% rolling_5000=77.380% total_success=79.007% endpoint_success=79.269% episodes_per_second=160.13
episodes=77824/100000 batch_success=78.613% rolling_5000=77.960% total_success=78.996% endpoint_success=79.260% episodes_per_second=160.91
episodes=79872/100000 batch_success=77.979% rolling_5000=78.000% total_success=78.970% endpoint_success=79.237% episodes_per_second=161.61
episodes=81920/100000 batch_success=78.760% rolling_5000=78.240% total_success=78.965% endpoint_success=79.227% episodes_per_second=162.36
validation_episodes=81920 success=468/512
episodes=83968/100000 batch_success=76.562% rolling_5000=77.680% total_success=78.906% endpoint_success=79.168% episodes_per_second=159.61
episodes=86016/100000 batch_success=78.125% rolling_5000=77.480% total_success=78.888% endpoint_success=79.147% episodes_per_second=160.38
episodes=88064/100000 batch_success=78.369% rolling_5000=77.840% total_success=78.876% endpoint_success=79.132% episodes_per_second=161.06
episodes=90112/100000 batch_success=77.148% rolling_5000=77.860% total_success=78.836% endpoint_success=79.092% episodes_per_second=161.74
episodes=92160/100000 batch_success=79.297% rolling_5000=78.120% total_success=78.847% endpoint_success=79.100% episodes_per_second=162.38
validation_episodes=92160 success=463/512
episodes=94208/100000 batch_success=78.271% rolling_5000=78.500% total_success=78.834% endpoint_success=79.088% episodes_per_second=159.91
episodes=96256/100000 batch_success=78.955% rolling_5000=78.760% total_success=78.837% endpoint_success=79.085% episodes_per_second=160.58
episodes=98304/100000 batch_success=78.516% rolling_5000=78.720% total_success=78.830% endpoint_success=79.074% episodes_per_second=161.23
episodes=100352/100000 batch_success=76.758% rolling_5000=77.920% total_success=78.788% endpoint_success=79.035% episodes_per_second=161.86
{
  "status": "COMPLETE",
  "episodes": 100352,
  "requested_episodes": 100000,
  "batch_aligned_overshoot": 352,
  "episodes_remaining": 0,
  "successes": 79065,
  "endpoint_successes": 79313,
  "legacy_scientific_successes": 0,
  "success_rate": 0.7878766741071429,
  "rolling_success_rate": 0.7792,
  "rolling_window_episodes": 5000,
  "episodes_per_second": 161.8546157075321,
  "elapsed_s": 620.0132110000122,
  "early_stopping_reason": null
}
