episodes=2048/1000000 batch_success=83.252% total_success=83.252% endpoint_success=95.801% episodes_per_second=110.69
episodes=4096/1000000 batch_success=78.955% total_success=81.104% endpoint_success=95.605% episodes_per_second=148.75
episodes=6144/1000000 batch_success=60.986% total_success=74.398% endpoint_success=92.594% episodes_per_second=167.30
episodes=8192/1000000 batch_success=65.576% total_success=72.192% endpoint_success=91.858% episodes_per_second=176.84
episodes=10240/1000000 batch_success=68.750% total_success=71.504% endpoint_success=91.631% episodes_per_second=181.82
validation_episodes=10240 success=60/64
episodes=12288/1000000 batch_success=67.676% total_success=70.866% endpoint_success=91.162% episodes_per_second=163.59
episodes=14336/1000000 batch_success=70.117% total_success=70.759% endpoint_success=91.051% episodes_per_second=169.57
episodes=16384/1000000 batch_success=72.461% total_success=70.972% endpoint_success=90.948% episodes_per_second=175.13
episodes=18432/1000000 batch_success=69.189% total_success=70.774% endpoint_success=90.744% episodes_per_second=179.32
episodes=20480/1000000 batch_success=69.238% total_success=70.620% endpoint_success=90.303% episodes_per_second=182.74
validation_episodes=20480 success=64/64
episodes=22528/1000000 batch_success=70.801% total_success=70.637% endpoint_success=90.217% episodes_per_second=172.52
episodes=24576/1000000 batch_success=67.725% total_success=70.394% endpoint_success=89.893% episodes_per_second=175.73
episodes=26624/1000000 batch_success=65.479% total_success=70.016% endpoint_success=89.446% episodes_per_second=178.78
episodes=28672/1000000 batch_success=66.455% total_success=69.761% endpoint_success=89.056% episodes_per_second=181.37
episodes=30720/1000000 batch_success=63.281% total_success=69.329% endpoint_success=88.451% episodes_per_second=184.01
validation_episodes=30720 success=62/64
episodes=32768/1000000 batch_success=64.697% total_success=69.040% endpoint_success=88.062% episodes_per_second=176.32
episodes=34816/1000000 batch_success=59.961% total_success=68.506% endpoint_success=87.563% episodes_per_second=178.20
episodes=36864/1000000 batch_success=65.576% total_success=68.343% endpoint_success=87.408% episodes_per_second=180.12
episodes=38912/1000000 batch_success=63.086% total_success=68.066% endpoint_success=87.073% episodes_per_second=181.71
episodes=40960/1000000 batch_success=69.238% total_success=68.125% endpoint_success=87.026% episodes_per_second=183.47
validation_episodes=40960 success=61/64
episodes=43008/1000000 batch_success=64.893% total_success=67.971% endpoint_success=86.840% episodes_per_second=177.92
episodes=45056/1000000 batch_success=62.842% total_success=67.738% endpoint_success=86.634% episodes_per_second=179.62
episodes=47104/1000000 batch_success=62.646% total_success=67.517% endpoint_success=86.362% episodes_per_second=181.05
episodes=49152/1000000 batch_success=62.109% total_success=67.291% endpoint_success=86.184% episodes_per_second=182.39
episodes=51200/1000000 batch_success=57.129% total_success=66.885% endpoint_success=85.844% episodes_per_second=183.66
validation_episodes=51200 success=54/64
episodes=53248/1000000 batch_success=59.473% total_success=66.600% endpoint_success=85.628% episodes_per_second=179.08
episodes=55296/1000000 batch_success=63.525% total_success=66.486% endpoint_success=85.485% episodes_per_second=180.26
episodes=57344/1000000 batch_success=65.625% total_success=66.455% endpoint_success=85.461% episodes_per_second=181.40
episodes=59392/1000000 batch_success=59.131% total_success=66.203% endpoint_success=85.165% episodes_per_second=182.43
episodes=61440/1000000 batch_success=59.619% total_success=65.983% endpoint_success=84.937% episodes_per_second=183.41
validation_episodes=61440 success=58/64
episodes=63488/1000000 batch_success=60.498% total_success=65.806% endpoint_success=84.682% episodes_per_second=179.40
episodes=65536/1000000 batch_success=65.576% total_success=65.799% endpoint_success=84.558% episodes_per_second=180.49
episodes=67584/1000000 batch_success=64.502% total_success=65.760% endpoint_success=84.433% episodes_per_second=181.53
episodes=69632/1000000 batch_success=66.650% total_success=65.786% endpoint_success=84.402% episodes_per_second=182.47
episodes=71680/1000000 batch_success=67.529% total_success=65.836% endpoint_success=84.385% episodes_per_second=183.19
validation_episodes=71680 success=64/64
episodes=73728/1000000 batch_success=68.701% total_success=65.915% endpoint_success=84.403% episodes_per_second=178.84
episodes=75776/1000000 batch_success=68.652% total_success=65.989% endpoint_success=84.463% episodes_per_second=179.76
episodes=77824/1000000 batch_success=71.094% total_success=66.124% endpoint_success=84.523% episodes_per_second=180.65
episodes=79872/1000000 batch_success=70.215% total_success=66.228% endpoint_success=84.578% episodes_per_second=181.47
episodes=81920/1000000 batch_success=72.021% total_success=66.373% endpoint_success=84.653% episodes_per_second=182.21
validation_episodes=81920 success=61/64
episodes=83968/1000000 batch_success=71.924% total_success=66.509% endpoint_success=84.737% episodes_per_second=179.23
episodes=86016/1000000 batch_success=72.168% total_success=66.643% endpoint_success=84.828% episodes_per_second=179.92
episodes=88064/1000000 batch_success=73.193% total_success=66.796% endpoint_success=84.910% episodes_per_second=180.62
episodes=90112/1000000 batch_success=73.926% total_success=66.958% endpoint_success=85.008% episodes_per_second=181.29
episodes=92160/1000000 batch_success=74.658% total_success=67.129% endpoint_success=85.102% episodes_per_second=182.00
validation_episodes=92160 success=64/64
episodes=94208/1000000 batch_success=75.684% total_success=67.315% endpoint_success=85.207% episodes_per_second=179.50
episodes=96256/1000000 batch_success=79.297% total_success=67.570% endpoint_success=85.331% episodes_per_second=180.16
episodes=98304/1000000 batch_success=75.146% total_success=67.728% endpoint_success=85.451% episodes_per_second=180.83
episodes=100352/1000000 batch_success=79.248% total_success=67.963% endpoint_success=85.603% episodes_per_second=181.47
episodes=102400/1000000 batch_success=78.906% total_success=68.182% endpoint_success=85.727% episodes_per_second=182.13
validation_episodes=102400 success=63/64
episodes=104448/1000000 batch_success=81.006% total_success=68.433% endpoint_success=85.874% episodes_per_second=179.88
episodes=106496/1000000 batch_success=79.541% total_success=68.647% endpoint_success=86.014% episodes_per_second=180.31
episodes=108544/1000000 batch_success=78.711% total_success=68.837% endpoint_success=86.137% episodes_per_second=180.69
episodes=110592/1000000 batch_success=81.250% total_success=69.066% endpoint_success=86.269% episodes_per_second=180.83
episodes=112640/1000000 batch_success=81.348% total_success=69.290% endpoint_success=86.396% episodes_per_second=181.20
validation_episodes=112640 success=64/64
episodes=114688/1000000 batch_success=81.836% total_success=69.514% endpoint_success=86.531% episodes_per_second=179.17
episodes=116736/1000000 batch_success=82.764% total_success=69.746% endpoint_success=86.660% episodes_per_second=179.80
episodes=118784/1000000 batch_success=82.520% total_success=69.966% endpoint_success=86.798% episodes_per_second=180.24
episodes=120832/1000000 batch_success=82.422% total_success=70.178% endpoint_success=86.926% episodes_per_second=180.45
episodes=122880/1000000 batch_success=82.520% total_success=70.383% endpoint_success=87.053% episodes_per_second=180.70
validation_episodes=122880 success=64/64
episodes=124928/1000000 batch_success=83.447% total_success=70.597% endpoint_success=87.187% episodes_per_second=178.73
episodes=126976/1000000 batch_success=82.861% total_success=70.795% endpoint_success=87.311% episodes_per_second=179.30
episodes=129024/1000000 batch_success=84.473% total_success=71.012% endpoint_success=87.436% episodes_per_second=179.83
episodes=131072/1000000 batch_success=82.812% total_success=71.197% endpoint_success=87.557% episodes_per_second=180.26
episodes=133120/1000000 batch_success=83.154% total_success=71.381% endpoint_success=87.677% episodes_per_second=180.72
validation_episodes=133120 success=62/64
episodes=135168/1000000 batch_success=82.520% total_success=71.549% endpoint_success=87.791% episodes_per_second=178.57
episodes=137216/1000000 batch_success=84.570% total_success=71.744% endpoint_success=87.894% episodes_per_second=179.03
episodes=139264/1000000 batch_success=84.668% total_success=71.934% endpoint_success=88.002% episodes_per_second=179.46
episodes=141312/1000000 batch_success=85.352% total_success=72.128% endpoint_success=88.106% episodes_per_second=179.86
episodes=143360/1000000 batch_success=85.010% total_success=72.312% endpoint_success=88.214% episodes_per_second=180.18
validation_episodes=143360 success=64/64
episodes=145408/1000000 batch_success=85.938% total_success=72.504% endpoint_success=88.320% episodes_per_second=178.18
episodes=147456/1000000 batch_success=86.816% total_success=72.703% endpoint_success=88.429% episodes_per_second=178.49
episodes=149504/1000000 batch_success=85.840% total_success=72.883% endpoint_success=88.533% episodes_per_second=178.80
episodes=151552/1000000 batch_success=85.645% total_success=73.055% endpoint_success=88.626% episodes_per_second=179.10
episodes=153600/1000000 batch_success=85.986% total_success=73.228% endpoint_success=88.723% episodes_per_second=179.38
validation_episodes=153600 success=64/64
episodes=155648/1000000 batch_success=87.500% total_success=73.416% endpoint_success=88.827% episodes_per_second=177.66
episodes=157696/1000000 batch_success=85.840% total_success=73.577% endpoint_success=88.917% episodes_per_second=177.96
episodes=159744/1000000 batch_success=86.768% total_success=73.746% endpoint_success=89.006% episodes_per_second=178.22
episodes=161792/1000000 batch_success=87.842% total_success=73.925% endpoint_success=89.103% episodes_per_second=178.49
episodes=163840/1000000 batch_success=88.770% total_success=74.110% endpoint_success=89.200% episodes_per_second=178.73
validation_episodes=163840 success=64/64
episodes=165888/1000000 batch_success=86.572% total_success=74.264% endpoint_success=89.286% episodes_per_second=177.19
episodes=167936/1000000 batch_success=87.061% total_success=74.420% endpoint_success=89.370% episodes_per_second=177.48
episodes=169984/1000000 batch_success=87.256% total_success=74.575% endpoint_success=89.455% episodes_per_second=177.68
episodes=172032/1000000 batch_success=88.232% total_success=74.737% endpoint_success=89.544% episodes_per_second=177.95
episodes=174080/1000000 batch_success=86.328% total_success=74.874% endpoint_success=89.628% episodes_per_second=178.20
validation_episodes=174080 success=64/64
episodes=176128/1000000 batch_success=88.428% total_success=75.031% endpoint_success=89.709% episodes_per_second=176.80
episodes=178176/1000000 batch_success=88.135% total_success=75.182% endpoint_success=89.793% episodes_per_second=177.03
episodes=180224/1000000 batch_success=87.842% total_success=75.326% endpoint_success=89.875% episodes_per_second=177.20
episodes=182272/1000000 batch_success=88.379% total_success=75.472% endpoint_success=89.959% episodes_per_second=177.46
episodes=184320/1000000 batch_success=87.500% total_success=75.606% endpoint_success=90.041% episodes_per_second=177.69
validation_episodes=184320 success=64/64
episodes=186368/1000000 batch_success=87.793% total_success=75.740% endpoint_success=90.124% episodes_per_second=176.33
episodes=188416/1000000 batch_success=87.207% total_success=75.865% endpoint_success=90.200% episodes_per_second=176.58
episodes=190464/1000000 batch_success=86.377% total_success=75.978% endpoint_success=90.273% episodes_per_second=176.81
episodes=192512/1000000 batch_success=86.914% total_success=76.094% endpoint_success=90.344% episodes_per_second=177.03
episodes=194560/1000000 batch_success=87.500% total_success=76.214% endpoint_success=90.417% episodes_per_second=177.27
validation_episodes=194560 success=64/64
episodes=196608/1000000 batch_success=88.379% total_success=76.341% endpoint_success=90.491% episodes_per_second=175.94
episodes=198656/1000000 batch_success=87.061% total_success=76.451% endpoint_success=90.564% episodes_per_second=176.17
episodes=200704/1000000 batch_success=87.695% total_success=76.566% endpoint_success=90.633% episodes_per_second=176.43
episodes=202752/1000000 batch_success=88.428% total_success=76.686% endpoint_success=90.699% episodes_per_second=176.63
episodes=204800/1000000 batch_success=89.307% total_success=76.812% endpoint_success=90.769% episodes_per_second=176.81
validation_episodes=204800 success=64/64
episodes=206848/1000000 batch_success=89.697% total_success=76.940% endpoint_success=90.831% episodes_per_second=175.45
episodes=208896/1000000 batch_success=88.818% total_success=77.056% endpoint_success=90.896% episodes_per_second=175.59
episodes=210944/1000000 batch_success=88.379% total_success=77.166% endpoint_success=90.959% episodes_per_second=175.83
episodes=212992/1000000 batch_success=89.404% total_success=77.284% endpoint_success=91.018% episodes_per_second=176.09
episodes=215040/1000000 batch_success=89.453% total_success=77.400% endpoint_success=91.080% episodes_per_second=176.28
validation_episodes=215040 success=64/64
episodes=217088/1000000 batch_success=88.623% total_success=77.505% endpoint_success=91.137% episodes_per_second=175.09
episodes=219136/1000000 batch_success=89.795% total_success=77.620% endpoint_success=91.196% episodes_per_second=175.33
episodes=221184/1000000 batch_success=89.795% total_success=77.733% endpoint_success=91.256% episodes_per_second=175.47
episodes=223232/1000000 batch_success=90.088% total_success=77.846% endpoint_success=91.319% episodes_per_second=175.67
episodes=225280/1000000 batch_success=89.258% total_success=77.950% endpoint_success=91.375% episodes_per_second=175.87
validation_episodes=225280 success=64/64
episodes=227328/1000000 batch_success=88.184% total_success=78.042% endpoint_success=91.426% episodes_per_second=174.68
episodes=229376/1000000 batch_success=88.916% total_success=78.139% endpoint_success=91.485% episodes_per_second=174.87
episodes=231424/1000000 batch_success=90.430% total_success=78.248% endpoint_success=91.539% episodes_per_second=175.09
episodes=233472/1000000 batch_success=90.967% total_success=78.360% endpoint_success=91.594% episodes_per_second=175.23
episodes=235520/1000000 batch_success=90.869% total_success=78.468% endpoint_success=91.650% episodes_per_second=175.44
validation_episodes=235520 success=64/64
episodes=237568/1000000 batch_success=90.527% total_success=78.572% endpoint_success=91.705% episodes_per_second=174.44
episodes=239616/1000000 batch_success=90.918% total_success=78.678% endpoint_success=91.763% episodes_per_second=174.76
episodes=241664/1000000 batch_success=91.699% total_success=78.788% endpoint_success=91.813% episodes_per_second=175.07
episodes=243712/1000000 batch_success=91.846% total_success=78.898% endpoint_success=91.868% episodes_per_second=175.39
episodes=245760/1000000 batch_success=90.820% total_success=78.997% endpoint_success=91.929% episodes_per_second=175.68
validation_episodes=245760 success=63/64
episodes=247808/1000000 batch_success=91.406% total_success=79.100% endpoint_success=91.980% episodes_per_second=174.65
episodes=249856/1000000 batch_success=88.672% total_success=79.178% endpoint_success=92.023% episodes_per_second=174.92
episodes=251904/1000000 batch_success=90.039% total_success=79.267% endpoint_success=92.074% episodes_per_second=175.11
episodes=253952/1000000 batch_success=90.625% total_success=79.358% endpoint_success=92.122% episodes_per_second=175.32
episodes=256000/1000000 batch_success=90.283% total_success=79.446% endpoint_success=92.169% episodes_per_second=175.60
validation_episodes=256000 success=63/64
episodes=258048/1000000 batch_success=87.793% total_success=79.512% endpoint_success=92.214% episodes_per_second=174.74
episodes=260096/1000000 batch_success=89.014% total_success=79.587% endpoint_success=92.259% episodes_per_second=174.98
episodes=262144/1000000 batch_success=88.574% total_success=79.657% endpoint_success=92.307% episodes_per_second=175.24
episodes=264192/1000000 batch_success=88.770% total_success=79.728% endpoint_success=92.351% episodes_per_second=175.50
episodes=266240/1000000 batch_success=88.086% total_success=79.792% endpoint_success=92.391% episodes_per_second=175.80
validation_episodes=266240 success=64/64
episodes=268288/1000000 batch_success=89.404% total_success=79.865% endpoint_success=92.436% episodes_per_second=174.95
episodes=270336/1000000 batch_success=91.699% total_success=79.955% endpoint_success=92.483% episodes_per_second=175.20
episodes=272384/1000000 batch_success=90.137% total_success=80.031% endpoint_success=92.525% episodes_per_second=175.47
episodes=274432/1000000 batch_success=91.406% total_success=80.116% endpoint_success=92.566% episodes_per_second=175.68
episodes=276480/1000000 batch_success=89.990% total_success=80.190% endpoint_success=92.606% episodes_per_second=175.90
validation_episodes=276480 success=64/64
episodes=278528/1000000 batch_success=90.039% total_success=80.262% endpoint_success=92.645% episodes_per_second=174.97
episodes=280576/1000000 batch_success=91.162% total_success=80.342% endpoint_success=92.687% episodes_per_second=175.11
episodes=282624/1000000 batch_success=90.088% total_success=80.412% endpoint_success=92.728% episodes_per_second=175.35
episodes=284672/1000000 batch_success=94.092% total_success=80.511% endpoint_success=92.768% episodes_per_second=175.58
episodes=286720/1000000 batch_success=95.264% total_success=80.616% endpoint_success=92.806% episodes_per_second=175.80
validation_episodes=286720 success=64/64
episodes=288768/1000000 batch_success=93.750% total_success=80.709% endpoint_success=92.841% episodes_per_second=174.85
episodes=290816/1000000 batch_success=93.799% total_success=80.801% endpoint_success=92.879% episodes_per_second=175.04
episodes=292864/1000000 batch_success=94.385% total_success=80.896% endpoint_success=92.916% episodes_per_second=175.20
episodes=294912/1000000 batch_success=93.994% total_success=80.987% endpoint_success=92.953% episodes_per_second=175.41
episodes=296960/1000000 batch_success=93.896% total_success=81.076% endpoint_success=92.993% episodes_per_second=175.64
validation_episodes=296960 success=64/64
episodes=299008/1000000 batch_success=93.555% total_success=81.162% endpoint_success=93.032% episodes_per_second=174.90
episodes=301056/1000000 batch_success=93.457% total_success=81.245% endpoint_success=93.070% episodes_per_second=175.12
episodes=303104/1000000 batch_success=95.361% total_success=81.341% endpoint_success=93.111% episodes_per_second=175.38
episodes=305152/1000000 batch_success=94.775% total_success=81.431% endpoint_success=93.144% episodes_per_second=175.62
episodes=307200/1000000 batch_success=93.848% total_success=81.514% endpoint_success=93.179% episodes_per_second=175.83
validation_episodes=307200 success=64/64
episodes=309248/1000000 batch_success=94.043% total_success=81.597% endpoint_success=93.214% episodes_per_second=175.10
episodes=311296/1000000 batch_success=94.873% total_success=81.684% endpoint_success=93.248% episodes_per_second=175.34
episodes=313344/1000000 batch_success=95.117% total_success=81.772% endpoint_success=93.280% episodes_per_second=175.60
episodes=315392/1000000 batch_success=94.238% total_success=81.853% endpoint_success=93.310% episodes_per_second=175.79
episodes=317440/1000000 batch_success=93.994% total_success=81.931% endpoint_success=93.341% episodes_per_second=176.04
validation_episodes=317440 success=64/64
episodes=319488/1000000 batch_success=94.727% total_success=82.013% endpoint_success=93.372% episodes_per_second=175.29
episodes=321536/1000000 batch_success=94.482% total_success=82.093% endpoint_success=93.399% episodes_per_second=175.45
episodes=323584/1000000 batch_success=93.018% total_success=82.162% endpoint_success=93.430% episodes_per_second=175.48
episodes=325632/1000000 batch_success=93.994% total_success=82.236% endpoint_success=93.459% episodes_per_second=175.49
episodes=327680/1000000 batch_success=94.629% total_success=82.314% endpoint_success=93.490% episodes_per_second=175.66
validation_episodes=327680 success=64/64
episodes=329728/1000000 batch_success=93.506% total_success=82.383% endpoint_success=93.518% episodes_per_second=174.95
episodes=331776/1000000 batch_success=93.848% total_success=82.454% endpoint_success=93.547% episodes_per_second=175.14
episodes=333824/1000000 batch_success=92.871% total_success=82.518% endpoint_success=93.575% episodes_per_second=175.34
episodes=335872/1000000 batch_success=93.066% total_success=82.582% endpoint_success=93.604% episodes_per_second=175.49
episodes=337920/1000000 batch_success=95.215% total_success=82.659% endpoint_success=93.634% episodes_per_second=175.60
validation_episodes=337920 success=64/64
episodes=339968/1000000 batch_success=93.604% total_success=82.725% endpoint_success=93.663% episodes_per_second=174.87
episodes=342016/1000000 batch_success=93.555% total_success=82.789% endpoint_success=93.690% episodes_per_second=175.02
episodes=344064/1000000 batch_success=93.994% total_success=82.856% endpoint_success=93.722% episodes_per_second=175.19
episodes=346112/1000000 batch_success=92.871% total_success=82.915% endpoint_success=93.751% episodes_per_second=175.33
episodes=348160/1000000 batch_success=92.383% total_success=82.971% endpoint_success=93.780% episodes_per_second=175.46
validation_episodes=348160 success=64/64
episodes=350208/1000000 batch_success=93.457% total_success=83.032% endpoint_success=93.809% episodes_per_second=174.75
episodes=352256/1000000 batch_success=93.018% total_success=83.090% endpoint_success=93.835% episodes_per_second=174.91
episodes=354304/1000000 batch_success=93.994% total_success=83.153% endpoint_success=93.866% episodes_per_second=175.08
episodes=356352/1000000 batch_success=89.160% total_success=83.188% endpoint_success=93.895% episodes_per_second=175.32
episodes=358400/1000000 batch_success=88.721% total_success=83.220% endpoint_success=93.919% episodes_per_second=175.55
validation_episodes=358400 success=63/64
episodes=360448/1000000 batch_success=88.330% total_success=83.249% endpoint_success=93.944% episodes_per_second=174.96
episodes=362496/1000000 batch_success=88.623% total_success=83.279% endpoint_success=93.971% episodes_per_second=175.18
episodes=364544/1000000 batch_success=85.303% total_success=83.290% endpoint_success=93.998% episodes_per_second=175.38
episodes=366592/1000000 batch_success=84.326% total_success=83.296% endpoint_success=94.020% episodes_per_second=175.62
episodes=368640/1000000 batch_success=86.182% total_success=83.312% endpoint_success=94.043% episodes_per_second=175.85
validation_episodes=368640 success=64/64
episodes=370688/1000000 batch_success=86.963% total_success=83.332% endpoint_success=94.069% episodes_per_second=175.28
episodes=372736/1000000 batch_success=89.307% total_success=83.365% endpoint_success=94.096% episodes_per_second=175.47
episodes=374784/1000000 batch_success=89.893% total_success=83.401% endpoint_success=94.122% episodes_per_second=175.65
episodes=376832/1000000 batch_success=88.037% total_success=83.426% endpoint_success=94.148% episodes_per_second=175.83
episodes=378880/1000000 batch_success=89.893% total_success=83.461% endpoint_success=94.174% episodes_per_second=176.00
validation_episodes=378880 success=63/64
episodes=380928/1000000 batch_success=90.674% total_success=83.500% endpoint_success=94.200% episodes_per_second=175.42
episodes=382976/1000000 batch_success=92.236% total_success=83.546% endpoint_success=94.228% episodes_per_second=175.60
episodes=385024/1000000 batch_success=92.432% total_success=83.594% endpoint_success=94.255% episodes_per_second=175.78
episodes=387072/1000000 batch_success=90.381% total_success=83.630% endpoint_success=94.282% episodes_per_second=175.96
episodes=389120/1000000 batch_success=90.527% total_success=83.666% endpoint_success=94.309% episodes_per_second=176.14
validation_episodes=389120 success=63/64
episodes=391168/1000000 batch_success=90.820% total_success=83.703% endpoint_success=94.336% episodes_per_second=175.59
episodes=393216/1000000 batch_success=91.895% total_success=83.746% endpoint_success=94.359% episodes_per_second=175.77
episodes=395264/1000000 batch_success=91.260% total_success=83.785% endpoint_success=94.385% episodes_per_second=175.96
episodes=397312/1000000 batch_success=93.408% total_success=83.835% endpoint_success=94.410% episodes_per_second=176.11
episodes=399360/1000000 batch_success=92.334% total_success=83.878% endpoint_success=94.434% episodes_per_second=176.29
validation_episodes=399360 success=64/64
episodes=401408/1000000 batch_success=92.969% total_success=83.925% endpoint_success=94.458% episodes_per_second=175.73
episodes=403456/1000000 batch_success=91.357% total_success=83.962% endpoint_success=94.481% episodes_per_second=175.90
episodes=405504/1000000 batch_success=92.041% total_success=84.003% endpoint_success=94.502% episodes_per_second=176.07
episodes=407552/1000000 batch_success=90.332% total_success=84.035% endpoint_success=94.522% episodes_per_second=176.28
episodes=409600/1000000 batch_success=93.359% total_success=84.082% endpoint_success=94.540% episodes_per_second=176.44
validation_episodes=409600 success=64/64
episodes=411648/1000000 batch_success=94.141% total_success=84.132% endpoint_success=94.558% episodes_per_second=175.91
episodes=413696/1000000 batch_success=92.578% total_success=84.173% endpoint_success=94.576% episodes_per_second=176.06
episodes=415744/1000000 batch_success=92.529% total_success=84.215% endpoint_success=94.593% episodes_per_second=176.22
episodes=417792/1000000 batch_success=93.262% total_success=84.259% endpoint_success=94.610% episodes_per_second=176.41
episodes=419840/1000000 batch_success=93.018% total_success=84.302% endpoint_success=94.627% episodes_per_second=176.57
validation_episodes=419840 success=64/64
episodes=421888/1000000 batch_success=93.066% total_success=84.344% endpoint_success=94.646% episodes_per_second=176.07
episodes=423936/1000000 batch_success=93.506% total_success=84.388% endpoint_success=94.664% episodes_per_second=176.23
episodes=425984/1000000 batch_success=92.627% total_success=84.428% endpoint_success=94.681% episodes_per_second=176.40
episodes=428032/1000000 batch_success=92.676% total_success=84.468% endpoint_success=94.698% episodes_per_second=176.59
episodes=430080/1000000 batch_success=90.967% total_success=84.498% endpoint_success=94.716% episodes_per_second=176.79
validation_episodes=430080 success=62/64
episodes=432128/1000000 batch_success=87.207% total_success=84.511% endpoint_success=94.727% episodes_per_second=176.30
episodes=434176/1000000 batch_success=85.938% total_success=84.518% endpoint_success=94.740% episodes_per_second=176.49
episodes=436224/1000000 batch_success=89.795% total_success=84.543% endpoint_success=94.758% episodes_per_second=176.68
episodes=438272/1000000 batch_success=91.016% total_success=84.573% endpoint_success=94.776% episodes_per_second=176.83
episodes=440320/1000000 batch_success=90.918% total_success=84.603% endpoint_success=94.794% episodes_per_second=176.99
validation_episodes=440320 success=64/64
episodes=442368/1000000 batch_success=91.748% total_success=84.636% endpoint_success=94.811% episodes_per_second=176.54
episodes=444416/1000000 batch_success=90.771% total_success=84.664% endpoint_success=94.830% episodes_per_second=176.69
episodes=446464/1000000 batch_success=90.186% total_success=84.689% endpoint_success=94.849% episodes_per_second=176.85
episodes=448512/1000000 batch_success=93.164% total_success=84.728% endpoint_success=94.865% episodes_per_second=176.94
episodes=450560/1000000 batch_success=91.846% total_success=84.760% endpoint_success=94.884% episodes_per_second=177.08
validation_episodes=450560 success=64/64
episodes=452608/1000000 batch_success=88.086% total_success=84.775% endpoint_success=94.900% episodes_per_second=176.53
episodes=454656/1000000 batch_success=86.377% total_success=84.783% endpoint_success=94.912% episodes_per_second=176.64
episodes=456704/1000000 batch_success=85.693% total_success=84.787% endpoint_success=94.927% episodes_per_second=176.73
episodes=458752/1000000 batch_success=85.498% total_success=84.790% endpoint_success=94.945% episodes_per_second=176.86
episodes=460800/1000000 batch_success=85.645% total_success=84.794% endpoint_success=94.960% episodes_per_second=176.79
validation_episodes=460800 success=64/64
episodes=462848/1000000 batch_success=84.082% total_success=84.790% endpoint_success=94.976% episodes_per_second=176.18
episodes=464896/1000000 batch_success=89.014% total_success=84.809% endpoint_success=94.993% episodes_per_second=176.30
episodes=466944/1000000 batch_success=87.402% total_success=84.820% endpoint_success=95.007% episodes_per_second=176.40
episodes=468992/1000000 batch_success=88.525% total_success=84.837% endpoint_success=95.024% episodes_per_second=176.55
episodes=471040/1000000 batch_success=90.088% total_success=84.859% endpoint_success=95.038% episodes_per_second=176.69
validation_episodes=471040 success=64/64
episodes=473088/1000000 batch_success=88.232% total_success=84.874% endpoint_success=95.053% episodes_per_second=176.24
episodes=475136/1000000 batch_success=91.992% total_success=84.905% endpoint_success=95.065% episodes_per_second=176.38
episodes=477184/1000000 batch_success=90.479% total_success=84.929% endpoint_success=95.076% episodes_per_second=176.49
episodes=479232/1000000 batch_success=88.281% total_success=84.943% endpoint_success=95.085% episodes_per_second=176.57
episodes=481280/1000000 batch_success=89.600% total_success=84.963% endpoint_success=95.098% episodes_per_second=176.67
validation_episodes=481280 success=63/64
episodes=483328/1000000 batch_success=90.039% total_success=84.984% endpoint_success=95.110% episodes_per_second=176.13
episodes=485376/1000000 batch_success=91.162% total_success=85.010% endpoint_success=95.122% episodes_per_second=176.24
episodes=487424/1000000 batch_success=91.406% total_success=85.037% endpoint_success=95.135% episodes_per_second=176.32
episodes=489472/1000000 batch_success=87.158% total_success=85.046% endpoint_success=95.148% episodes_per_second=176.47
episodes=491520/1000000 batch_success=89.355% total_success=85.064% endpoint_success=95.161% episodes_per_second=176.60
validation_episodes=491520 success=63/64
episodes=493568/1000000 batch_success=88.770% total_success=85.079% endpoint_success=95.172% episodes_per_second=176.07
episodes=495616/1000000 batch_success=91.504% total_success=85.106% endpoint_success=95.183% episodes_per_second=176.21
episodes=497664/1000000 batch_success=90.674% total_success=85.129% endpoint_success=95.193% episodes_per_second=176.35
episodes=499712/1000000 batch_success=90.039% total_success=85.149% endpoint_success=95.200% episodes_per_second=176.47
episodes=501760/1000000 batch_success=89.502% total_success=85.167% endpoint_success=95.209% episodes_per_second=176.63
validation_episodes=501760 success=64/64
episodes=503808/1000000 batch_success=89.600% total_success=85.185% endpoint_success=95.217% episodes_per_second=176.24
episodes=505856/1000000 batch_success=89.648% total_success=85.203% endpoint_success=95.224% episodes_per_second=176.38
episodes=507904/1000000 batch_success=91.211% total_success=85.227% endpoint_success=95.230% episodes_per_second=176.51
episodes=509952/1000000 batch_success=89.111% total_success=85.243% endpoint_success=95.237% episodes_per_second=176.63
episodes=512000/1000000 batch_success=91.064% total_success=85.266% endpoint_success=95.243% episodes_per_second=176.76
validation_episodes=512000 success=64/64
episodes=514048/1000000 batch_success=90.039% total_success=85.285% endpoint_success=95.245% episodes_per_second=176.35
episodes=516096/1000000 batch_success=90.283% total_success=85.305% endpoint_success=95.251% episodes_per_second=176.50
episodes=518144/1000000 batch_success=88.184% total_success=85.316% endpoint_success=95.251% episodes_per_second=176.64
episodes=520192/1000000 batch_success=90.479% total_success=85.337% endpoint_success=95.260% episodes_per_second=176.77
episodes=522240/1000000 batch_success=90.332% total_success=85.356% endpoint_success=95.265% episodes_per_second=176.89
validation_episodes=522240 success=64/64
episodes=524288/1000000 batch_success=91.602% total_success=85.381% endpoint_success=95.273% episodes_per_second=176.43
episodes=526336/1000000 batch_success=91.455% total_success=85.404% endpoint_success=95.282% episodes_per_second=176.56
episodes=528384/1000000 batch_success=91.943% total_success=85.430% endpoint_success=95.290% episodes_per_second=176.69
episodes=530432/1000000 batch_success=91.553% total_success=85.453% endpoint_success=95.298% episodes_per_second=176.73
episodes=532480/1000000 batch_success=91.357% total_success=85.476% endpoint_success=95.303% episodes_per_second=176.86
validation_episodes=532480 success=64/64
episodes=534528/1000000 batch_success=92.969% total_success=85.505% endpoint_success=95.316% episodes_per_second=176.44
episodes=536576/1000000 batch_success=91.406% total_success=85.527% endpoint_success=95.327% episodes_per_second=176.57
episodes=538624/1000000 batch_success=92.041% total_success=85.552% endpoint_success=95.339% episodes_per_second=176.70
episodes=540672/1000000 batch_success=92.480% total_success=85.578% endpoint_success=95.353% episodes_per_second=176.82
episodes=542720/1000000 batch_success=92.871% total_success=85.606% endpoint_success=95.367% episodes_per_second=176.94
validation_episodes=542720 success=64/64
episodes=544768/1000000 batch_success=93.213% total_success=85.634% endpoint_success=95.379% episodes_per_second=176.49
episodes=546816/1000000 batch_success=91.699% total_success=85.657% endpoint_success=95.392% episodes_per_second=176.60
episodes=548864/1000000 batch_success=92.529% total_success=85.683% endpoint_success=95.402% episodes_per_second=176.68
episodes=550912/1000000 batch_success=92.480% total_success=85.708% endpoint_success=95.412% episodes_per_second=176.84
episodes=552960/1000000 batch_success=89.893% total_success=85.723% endpoint_success=95.423% episodes_per_second=176.97
validation_episodes=552960 success=64/64
episodes=555008/1000000 batch_success=91.406% total_success=85.744% endpoint_success=95.433% episodes_per_second=176.59
episodes=557056/1000000 batch_success=92.529% total_success=85.769% endpoint_success=95.443% episodes_per_second=176.72
episodes=559104/1000000 batch_success=91.943% total_success=85.792% endpoint_success=95.452% episodes_per_second=176.84
episodes=561152/1000000 batch_success=92.041% total_success=85.815% endpoint_success=95.461% episodes_per_second=176.99
episodes=563200/1000000 batch_success=92.090% total_success=85.838% endpoint_success=95.470% episodes_per_second=177.14
validation_episodes=563200 success=64/64
episodes=565248/1000000 batch_success=94.873% total_success=85.870% endpoint_success=95.476% episodes_per_second=176.76
episodes=567296/1000000 batch_success=93.945% total_success=85.899% endpoint_success=95.481% episodes_per_second=176.88
episodes=569344/1000000 batch_success=94.092% total_success=85.929% endpoint_success=95.488% episodes_per_second=177.00
episodes=571392/1000000 batch_success=94.287% total_success=85.959% endpoint_success=95.498% episodes_per_second=177.10
episodes=573440/1000000 batch_success=93.555% total_success=85.986% endpoint_success=95.506% episodes_per_second=177.22
validation_episodes=573440 success=64/64
episodes=575488/1000000 batch_success=94.287% total_success=86.016% endpoint_success=95.515% episodes_per_second=176.87
episodes=577536/1000000 batch_success=92.529% total_success=86.039% endpoint_success=95.528% episodes_per_second=177.01
episodes=579584/1000000 batch_success=93.555% total_success=86.065% endpoint_success=95.538% episodes_per_second=177.09
episodes=581632/1000000 batch_success=93.408% total_success=86.091% endpoint_success=95.549% episodes_per_second=177.17
episodes=583680/1000000 batch_success=94.385% total_success=86.120% endpoint_success=95.561% episodes_per_second=177.27
validation_episodes=583680 success=64/64
episodes=585728/1000000 batch_success=94.141% total_success=86.148% endpoint_success=95.572% episodes_per_second=176.89
episodes=587776/1000000 batch_success=94.189% total_success=86.176% endpoint_success=95.583% episodes_per_second=177.01
episodes=589824/1000000 batch_success=91.455% total_success=86.195% endpoint_success=95.594% episodes_per_second=177.13
{
  "status": "STOPPED_BY_USER",
  "episodes": 589824,
  "requested_episodes": 1000000,
  "successes": 508396,
  "endpoint_successes": 563839,
  "legacy_scientific_successes": 0,
  "success_rate": 0.8619452582465278,
  "episodes_per_second": 177.12500766515905,
  "elapsed_s": 3329.9871529999655,
  "latest_durable_checkpoint_episodes": 589824
}
