preparing full model training {}
drone_nominal {'delay_s': 0.0, 'windows': 81}
drone_nominal {'update': 1, 'loss': 2.958139878293291, 'best_loss': 2.958139878293291}
drone_nominal {'update': 2, 'loss': 2.680952384200097, 'best_loss': 2.680952384200097}
drone_nominal {'update': 3, 'loss': 2.654045817511437, 'best_loss': 2.654045817511437}
drone_nominal {'update': 4, 'loss': 2.649899637118468, 'best_loss': 2.649899637118468}
drone_nominal {'update': 5, 'loss': 2.6490494007090435, 'best_loss': 2.6490494007090435}
drone_nominal {'update': 6, 'loss': 2.648858068022119, 'best_loss': 2.648858068022119}
drone_nominal {'update': 7, 'loss': 2.648811982475878, 'best_loss': 2.648811982475878}
drone_nominal {'update': 8, 'loss': 2.6488002060752196, 'best_loss': 2.6488002060752196}
drone_nominal {'update': 9, 'loss': 2.648797047061409, 'best_loss': 2.648797047061409}
drone_nominal {'delay_s': 0.01, 'windows': 81}
drone_nominal {'update': 1, 'loss': 2.5745123830455645, 'best_loss': 2.5745123830455645}
drone_nominal {'update': 2, 'loss': 2.361994395034539, 'best_loss': 2.361994395034539}
drone_nominal {'update': 3, 'loss': 2.3435556588414554, 'best_loss': 2.3435556588414554}
drone_nominal {'update': 4, 'loss': 2.3411153494219006, 'best_loss': 2.3411153494219006}
drone_nominal {'update': 5, 'loss': 2.3407290495287096, 'best_loss': 2.3407290495287096}
drone_nominal {'update': 6, 'loss': 2.3406655959481517, 'best_loss': 2.3406655959481517}
drone_nominal {'update': 7, 'loss': 2.3406549961386154, 'best_loss': 2.3406549961386154}
drone_nominal {'update': 8, 'loss': 2.3406532025856226, 'best_loss': 2.3406532025856226}
drone_nominal {'delay_s': 0.02, 'windows': 81}
drone_nominal {'update': 1, 'loss': 2.140515715052534, 'best_loss': 2.140515715052534}
drone_nominal {'update': 2, 'loss': 2.1006651782452996, 'best_loss': 2.1006651782452996}
drone_nominal {'update': 3, 'loss': 2.096920193010851, 'best_loss': 2.096920193010851}
drone_nominal {'update': 4, 'loss': 2.0965090801519923, 'best_loss': 2.0965090801519923}
drone_nominal {'update': 5, 'loss': 2.096459226605782, 'best_loss': 2.096459226605782}
drone_nominal {'update': 6, 'loss': 2.09645280040307, 'best_loss': 2.09645280040307}
drone_nominal {'update': 7, 'loss': 2.096451944004445, 'best_loss': 2.096451944004445}
drone_nominal {'delay_s': 0.03, 'windows': 81}
drone_nominal {'update': 1, 'loss': 1.9522636199059227, 'best_loss': 1.9522636199059227}
drone_nominal {'update': 2, 'loss': 1.9425904359225081, 'best_loss': 1.9425904359225081}
drone_nominal {'update': 3, 'loss': 1.9416610913430956, 'best_loss': 1.9416610913430956}
drone_nominal {'update': 4, 'loss': 1.9415660496944416, 'best_loss': 1.9415660496944416}
drone_nominal {'update': 5, 'loss': 1.9415551975816738, 'best_loss': 1.9415551975816738}
drone_nominal {'update': 6, 'loss': 1.9415537806728693, 'best_loss': 1.9415537806728693}
drone_nominal {'delay_s': 0.04, 'windows': 81}
drone_nominal {'update': 1, 'loss': 1.8981264116351253, 'best_loss': 1.8981264116351253}
drone_nominal {'update': 2, 'loss': 1.8972702494846805, 'best_loss': 1.8972702494846805}
drone_nominal {'update': 3, 'loss': 1.8971238062113018, 'best_loss': 1.8971238062113018}
drone_nominal {'update': 4, 'loss': 1.8970966956602033, 'best_loss': 1.8970966956602033}
drone_nominal {'update': 5, 'loss': 1.8970914144295559, 'best_loss': 1.8970914144295559}
drone_nominal {'update': 6, 'loss': 1.8970903549661422, 'best_loss': 1.8970903549661422}
drone_nominal {'delay_s': 0.06, 'windows': 81}
drone_nominal {'update': 1, 'loss': 2.1897790019809333, 'best_loss': 2.1897790019809333}
drone_nominal {'update': 2, 'loss': 2.1771496956985406, 'best_loss': 2.1771496956985406}
drone_nominal {'update': 3, 'loss': 2.1752189498797514, 'best_loss': 2.1752189498797514}
drone_nominal {'update': 4, 'loss': 2.1748973080499154, 'best_loss': 2.1748973080499154}
drone_nominal {'update': 5, 'loss': 2.1748446164127357, 'best_loss': 2.1748446164127357}
drone_nominal {'update': 6, 'loss': 2.174835947353984, 'best_loss': 2.174835947353984}
drone_nominal {'update': 7, 'loss': 2.174834474923113, 'best_loss': 2.174834474923113}
drone_nominal {'delay_s': 0.08, 'windows': 81}
drone_nominal {'update': 1, 'loss': 2.9440009056397707, 'best_loss': 2.9440009056397707}
drone_nominal {'update': 2, 'loss': 2.905605550141927, 'best_loss': 2.905605550141927}
drone_nominal {'update': 3, 'loss': 2.897448154228293, 'best_loss': 2.897448154228293}
drone_nominal {'update': 4, 'loss': 2.895588671801657, 'best_loss': 2.895588671801657}
drone_nominal {'update': 5, 'loss': 2.8952177254781706, 'best_loss': 2.8952177254781706}
drone_nominal {'update': 6, 'loss': 2.89515014000597, 'best_loss': 2.89515014000597}
drone_nominal {'update': 7, 'loss': 2.895138294832456, 'best_loss': 2.895138294832456}
drone_nominal {'update': 8, 'loss': 2.8951362298083145, 'best_loss': 2.8951362298083145}
drone_nominal {'delay_s': 0.1, 'windows': 81}
drone_nominal {'update': 1, 'loss': 4.060363707965637, 'best_loss': 4.060363707965637}
drone_nominal {'update': 2, 'loss': 3.931397490657093, 'best_loss': 3.931397490657093}
drone_nominal {'update': 3, 'loss': 3.9090479721418814, 'best_loss': 3.9090479721418814}
drone_nominal {'update': 4, 'loss': 3.9030422914616483, 'best_loss': 3.9030422914616483}
drone_nominal {'update': 5, 'loss': 3.9016136610856527, 'best_loss': 3.9016136610856527}
drone_nominal {'update': 6, 'loss': 3.9013086655396108, 'best_loss': 3.9013086655396108}
drone_nominal {'update': 7, 'loss': 3.9012466261138123, 'best_loss': 3.9012466261138123}
drone_nominal {'update': 8, 'loss': 3.901233871731125, 'best_loss': 3.901233871731125}
drone_nominal {'update': 9, 'loss': 3.9012311367913237, 'best_loss': 3.9012311367913237}
drone_nominal {'delay_s': 0.12, 'windows': 81}
drone_nominal {'update': 1, 'loss': 5.319657939888658, 'best_loss': 5.319657939888658}
drone_nominal {'update': 2, 'loss': 5.13908133368961, 'best_loss': 5.13908133368961}
drone_nominal {'update': 3, 'loss': 5.094366459456497, 'best_loss': 5.094366459456497}
drone_nominal {'update': 4, 'loss': 5.078967523881405, 'best_loss': 5.078967523881405}
drone_nominal {'update': 5, 'loss': 5.0740815712546015, 'best_loss': 5.0740815712546015}
drone_nominal {'update': 6, 'loss': 5.072687777509528, 'best_loss': 5.072687777509528}
drone_nominal {'update': 7, 'loss': 5.07232510656046, 'best_loss': 5.07232510656046}
drone_nominal {'update': 8, 'loss': 5.072233682972225, 'best_loss': 5.072233682972225}
drone_nominal {'update': 9, 'loss': 5.072209604452163, 'best_loss': 5.072209604452163}
drone_nominal {'update': 10, 'loss': 5.072202723053526, 'best_loss': 5.072202723053526}
drone_nominal {'update': 11, 'loss': 5.072200605225277, 'best_loss': 5.072200605225277}
attitude response {'windows': 81}
attitude response {'update': 1, 'loss': 0.8263868721197059, 'best_loss': 0.8263868721197059}
attitude response {'update': 2, 'loss': 0.8261042546468174, 'best_loss': 0.8261042546468174}
attitude response {'update': 3, 'loss': 0.8260832157353335, 'best_loss': 0.8260832157353335}
attitude response {'update': 4, 'loss': 0.8260813660124282, 'best_loss': 0.8260813660124282}
attitude response {'update': 5, 'loss': 0.826081181747236, 'best_loss': 0.826081181747236}
drone_residual graph preparation {'windows': 81}
[W915 03:01:20.000000000 Context.cpp:448] Warning: torch.backends.cuda.preferred_linalg_library is an experimental feature. If you see any error or unexpected behavior when this flag is set please file an issue on GitHub. (function operator ())
drone_residual {'update': 1, 'best_loss': 1.901664694429495, 'stopping': 'practical plateau; no update ceiling'}
drone_residual {'update': 2, 'best_loss': 1.901664694429495, 'stopping': 'practical plateau; no update ceiling'}
drone_residual {'update': 3, 'best_loss': 1.901664694429495, 'stopping': 'practical plateau; no update ceiling'}
drone_residual {'update': 4, 'best_loss': 1.901664694429495, 'stopping': 'practical plateau; no update ceiling'}
drone_residual {'update': 5, 'best_loss': 1.901664694429495, 'stopping': 'practical plateau; no update ceiling'}
drone_residual {'update': 6, 'best_loss': 1.8800327826632302, 'stopping': 'practical plateau; no update ceiling'}
drone_residual {'update': 7, 'best_loss': 1.8800327826632302, 'stopping': 'practical plateau; no update ceiling'}
drone_residual {'update': 8, 'best_loss': 1.8800327826632302, 'stopping': 'practical plateau; no update ceiling'}
drone_residual {'update': 9, 'best_loss': 1.8800327826632302, 'stopping': 'practical plateau; no update ceiling'}
drone_residual {'update': 10, 'best_loss': 1.8800327826632302, 'stopping': 'practical plateau; no update ceiling'}
drone_residual {'update': 11, 'best_loss': 1.873609776314018, 'stopping': 'practical plateau; no update ceiling'}
drone_residual {'update': 12, 'best_loss': 1.873609776314018, 'stopping': 'practical plateau; no update ceiling'}
drone_residual {'update': 13, 'best_loss': 1.873609776314018, 'stopping': 'practical plateau; no update ceiling'}
drone_residual {'update': 14, 'best_loss': 1.873609776314018, 'stopping': 'practical plateau; no update ceiling'}
drone_residual {'update': 15, 'best_loss': 1.873609776314018, 'stopping': 'practical plateau; no update ceiling'}
drone_residual {'update': 16, 'best_loss': 1.8709520563270021, 'stopping': 'practical plateau; no update ceiling'}
drone_residual {'update': 17, 'best_loss': 1.8709520563270021, 'stopping': 'practical plateau; no update ceiling'}
drone_residual {'update': 18, 'best_loss': 1.8709520563270021, 'stopping': 'practical plateau; no update ceiling'}
drone_residual {'update': 19, 'best_loss': 1.8709520563270021, 'stopping': 'practical plateau; no update ceiling'}
drone_residual {'update': 20, 'best_loss': 1.8709520563270021, 'stopping': 'practical plateau; no update ceiling'}
drone_residual {'update': 21, 'best_loss': 1.8684658285804774, 'stopping': 'practical plateau; no update ceiling'}
drone_residual {'update': 22, 'best_loss': 1.8684658285804774, 'stopping': 'practical plateau; no update ceiling'}
drone_residual {'update': 23, 'best_loss': 1.8684658285804774, 'stopping': 'practical plateau; no update ceiling'}
drone_residual {'update': 24, 'best_loss': 1.8684658285804774, 'stopping': 'practical plateau; no update ceiling'}
drone_residual {'update': 25, 'best_loss': 1.8684658285804774, 'stopping': 'practical plateau; no update ceiling'}
drone_residual {'update': 26, 'best_loss': 1.8658872489860168, 'stopping': 'practical plateau; no update ceiling'}
drone_residual {'update': 27, 'best_loss': 1.8658872489860168, 'stopping': 'practical plateau; no update ceiling'}
drone_residual {'update': 28, 'best_loss': 1.8658872489860168, 'stopping': 'practical plateau; no update ceiling'}
drone_residual {'update': 29, 'best_loss': 1.8658872489860168, 'stopping': 'practical plateau; no update ceiling'}
drone_residual {'update': 30, 'best_loss': 1.8658872489860168, 'stopping': 'practical plateau; no update ceiling'}
drone_residual {'update': 31, 'best_loss': 1.8640426747286802, 'stopping': 'practical plateau; no update ceiling'}
drone_residual {'update': 32, 'best_loss': 1.8640426747286802, 'stopping': 'practical plateau; no update ceiling'}
drone_residual {'update': 33, 'best_loss': 1.8640426747286802, 'stopping': 'practical plateau; no update ceiling'}
drone_residual {'update': 34, 'best_loss': 1.8640426747286802, 'stopping': 'practical plateau; no update ceiling'}
drone_residual {'update': 35, 'best_loss': 1.8640426747286802, 'stopping': 'practical plateau; no update ceiling'}
drone_residual {'update': 36, 'best_loss': 1.862338012396461, 'stopping': 'practical plateau; no update ceiling'}
drone_residual {'update': 37, 'best_loss': 1.862338012396461, 'stopping': 'practical plateau; no update ceiling'}
drone_residual {'update': 38, 'best_loss': 1.862338012396461, 'stopping': 'practical plateau; no update ceiling'}
drone_residual {'update': 39, 'best_loss': 1.862338012396461, 'stopping': 'practical plateau; no update ceiling'}
drone_residual {'update': 40, 'best_loss': 1.862338012396461, 'stopping': 'practical plateau; no update ceiling'}
drone_residual {'update': 41, 'best_loss': 1.8606043367123215, 'stopping': 'practical plateau; no update ceiling'}
drone_residual {'update': 42, 'best_loss': 1.8606043367123215, 'stopping': 'practical plateau; no update ceiling'}
drone_residual {'update': 43, 'best_loss': 1.8606043367123215, 'stopping': 'practical plateau; no update ceiling'}
drone_residual {'update': 44, 'best_loss': 1.8606043367123215, 'stopping': 'practical plateau; no update ceiling'}
drone_residual {'update': 45, 'best_loss': 1.8606043367123215, 'stopping': 'practical plateau; no update ceiling'}
drone_residual {'update': 46, 'best_loss': 1.8589836797524653, 'stopping': 'practical plateau; no update ceiling'}
drone_residual {'update': 47, 'best_loss': 1.8589836797524653, 'stopping': 'practical plateau; no update ceiling'}
drone_residual {'update': 48, 'best_loss': 1.8589836797524653, 'stopping': 'practical plateau; no update ceiling'}
drone_residual {'update': 49, 'best_loss': 1.8589836797524653, 'stopping': 'practical plateau; no update ceiling'}
drone_residual {'update': 50, 'best_loss': 1.8589836797524653, 'stopping': 'practical plateau; no update ceiling'}
drone_residual {'update': 51, 'best_loss': 1.8573951372119681, 'stopping': 'practical plateau; no update ceiling'}
drone_residual {'update': 52, 'best_loss': 1.8573951372119681, 'stopping': 'practical plateau; no update ceiling'}
drone_residual {'update': 53, 'best_loss': 1.8573951372119681, 'stopping': 'practical plateau; no update ceiling'}
drone_residual {'update': 54, 'best_loss': 1.8573951372119681, 'stopping': 'practical plateau; no update ceiling'}
drone_residual {'update': 55, 'best_loss': 1.8573951372119681, 'stopping': 'practical plateau; no update ceiling'}
drone_residual {'update': 56, 'best_loss': 1.8558310327706116, 'stopping': 'practical plateau; no update ceiling'}
drone_residual {'update': 57, 'best_loss': 1.8558310327706116, 'stopping': 'practical plateau; no update ceiling'}
drone_residual {'update': 58, 'best_loss': 1.8558310327706116, 'stopping': 'practical plateau; no update ceiling'}
drone_residual {'update': 59, 'best_loss': 1.8558310327706116, 'stopping': 'practical plateau; no update ceiling'}
drone_residual {'update': 60, 'best_loss': 1.8558310327706116, 'stopping': 'practical plateau; no update ceiling'}
drone_residual {'update': 61, 'best_loss': 1.8543071671281917, 'stopping': 'practical plateau; no update ceiling'}
drone_residual {'update': 62, 'best_loss': 1.8543071671281917, 'stopping': 'practical plateau; no update ceiling'}
drone_residual {'update': 63, 'best_loss': 1.8543071671281917, 'stopping': 'practical plateau; no update ceiling'}
drone_residual {'update': 64, 'best_loss': 1.8543071671281917, 'stopping': 'practical plateau; no update ceiling'}
drone_residual {'update': 65, 'best_loss': 1.8543071671281917, 'stopping': 'practical plateau; no update ceiling'}
drone_residual {'update': 66, 'best_loss': 1.85278519889326, 'stopping': 'practical plateau; no update ceiling'}
drone_residual {'update': 67, 'best_loss': 1.85278519889326, 'stopping': 'practical plateau; no update ceiling'}
drone_residual {'update': 68, 'best_loss': 1.85278519889326, 'stopping': 'practical plateau; no update ceiling'}
drone_residual {'update': 69, 'best_loss': 1.85278519889326, 'stopping': 'practical plateau; no update ceiling'}
drone_residual {'update': 70, 'best_loss': 1.85278519889326, 'stopping': 'practical plateau; no update ceiling'}
drone_residual {'update': 71, 'best_loss': 1.8512654258834287, 'stopping': 'practical plateau; no update ceiling'}
drone_residual {'update': 72, 'best_loss': 1.8512654258834287, 'stopping': 'practical plateau; no update ceiling'}
drone_residual {'update': 73, 'best_loss': 1.8512654258834287, 'stopping': 'practical plateau; no update ceiling'}
drone_residual {'update': 74, 'best_loss': 1.8512654258834287, 'stopping': 'practical plateau; no update ceiling'}
drone_residual {'update': 75, 'best_loss': 1.8512654258834287, 'stopping': 'practical plateau; no update ceiling'}
attitude response {'windows': 81}
attitude response {'update': 1, 'loss': 0.8165673976986432, 'best_loss': 0.8165673976986432}
attitude response {'update': 2, 'loss': 0.8165388453408993, 'best_loss': 0.8165388453408993}
attitude response {'update': 3, 'loss': 0.8165369686788682, 'best_loss': 0.8165369686788682}
attitude response {'update': 4, 'loss': 0.8165368394186145, 'best_loss': 0.8165368394186145}
cable_physics {'windows': 144, 'parameters': ['EI', 'Cb', 'external damping']}
cable_physics {'update': 1, 'loss': 0.9204043051911496, 'best_loss': 0.9204043051911496}
cable_physics {'update': 2, 'loss': 0.9184031013006038, 'best_loss': 0.9184031013006038}
cable_physics {'update': 3, 'loss': 0.9183289012687963, 'best_loss': 0.9183289012687963}
cable_physics {'update': 4, 'loss': 0.9182598975249472, 'best_loss': 0.9182598975249472}
cable_physics {'update': 5, 'loss': 0.9182423696582696, 'best_loss': 0.9182423696582696}
cable_physics {'update': 6, 'loss': 0.9182313036534179, 'best_loss': 0.9182313036534179}
cable_physics {'update': 7, 'loss': 0.9182291392030342, 'best_loss': 0.9182291392030342}
cable_residual graph preparation {'windows': 144}
cable_residual {'update': 1, 'best_loss': 0.9221423383417866, 'stopping': 'practical plateau; no update ceiling'}
cable_residual {'update': 2, 'best_loss': 0.9221423383417866, 'stopping': 'practical plateau; no update ceiling'}
cable_residual {'update': 3, 'best_loss': 0.9221423383417866, 'stopping': 'practical plateau; no update ceiling'}
cable_residual {'update': 4, 'best_loss': 0.9221423383417866, 'stopping': 'practical plateau; no update ceiling'}
cable_residual {'update': 5, 'best_loss': 0.9221423383417866, 'stopping': 'practical plateau; no update ceiling'}
cable_residual {'update': 6, 'best_loss': 0.9081732845067411, 'stopping': 'practical plateau; no update ceiling'}
cable_residual {'update': 7, 'best_loss': 0.9081732845067411, 'stopping': 'practical plateau; no update ceiling'}
cable_residual {'update': 8, 'best_loss': 0.9081732845067411, 'stopping': 'practical plateau; no update ceiling'}
cable_residual {'update': 9, 'best_loss': 0.9081732845067411, 'stopping': 'practical plateau; no update ceiling'}
cable_residual {'update': 10, 'best_loss': 0.9081732845067411, 'stopping': 'practical plateau; no update ceiling'}
cable_residual {'update': 11, 'best_loss': 0.9063526562871174, 'stopping': 'practical plateau; no update ceiling'}
cable_residual {'update': 12, 'best_loss': 0.9063526562871174, 'stopping': 'practical plateau; no update ceiling'}
cable_residual {'update': 13, 'best_loss': 0.9063526562871174, 'stopping': 'practical plateau; no update ceiling'}
cable_residual {'update': 14, 'best_loss': 0.9063526562871174, 'stopping': 'practical plateau; no update ceiling'}
cable_residual {'update': 15, 'best_loss': 0.9063526562871174, 'stopping': 'practical plateau; no update ceiling'}
cable_residual {'update': 16, 'best_loss': 0.9045106879343439, 'stopping': 'practical plateau; no update ceiling'}
cable_residual {'update': 17, 'best_loss': 0.9045106879343439, 'stopping': 'practical plateau; no update ceiling'}
cable_residual {'update': 18, 'best_loss': 0.9045106879343439, 'stopping': 'practical plateau; no update ceiling'}
cable_residual {'update': 19, 'best_loss': 0.9045106879343439, 'stopping': 'practical plateau; no update ceiling'}
cable_residual {'update': 20, 'best_loss': 0.9045106879343439, 'stopping': 'practical plateau; no update ceiling'}
cable_residual {'update': 21, 'best_loss': 0.9030054473634327, 'stopping': 'practical plateau; no update ceiling'}
cable_residual {'update': 22, 'best_loss': 0.9030054473634327, 'stopping': 'practical plateau; no update ceiling'}
cable_residual {'update': 23, 'best_loss': 0.9030054473634327, 'stopping': 'practical plateau; no update ceiling'}
cable_residual {'update': 24, 'best_loss': 0.9030054473634327, 'stopping': 'practical plateau; no update ceiling'}
cable_residual {'update': 25, 'best_loss': 0.9030054473634327, 'stopping': 'practical plateau; no update ceiling'}
cable_residual {'update': 26, 'best_loss': 0.8977561287060477, 'stopping': 'practical plateau; no update ceiling'}
cable_residual {'update': 27, 'best_loss': 0.8977561287060477, 'stopping': 'practical plateau; no update ceiling'}
cable_residual {'update': 28, 'best_loss': 0.8977561287060477, 'stopping': 'practical plateau; no update ceiling'}
cable_residual {'update': 29, 'best_loss': 0.8977561287060477, 'stopping': 'practical plateau; no update ceiling'}
cable_residual {'update': 30, 'best_loss': 0.8977561287060477, 'stopping': 'practical plateau; no update ceiling'}
cable_residual {'update': 31, 'best_loss': 0.8977561287060477, 'stopping': 'practical plateau; no update ceiling'}
cable_residual {'update': 32, 'best_loss': 0.8977561287060477, 'stopping': 'practical plateau; no update ceiling'}
cable_residual {'update': 33, 'best_loss': 0.8977561287060477, 'stopping': 'practical plateau; no update ceiling'}
cable_residual {'update': 34, 'best_loss': 0.8977561287060477, 'stopping': 'practical plateau; no update ceiling'}
cable_residual {'update': 35, 'best_loss': 0.8977561287060477, 'stopping': 'practical plateau; no update ceiling'}
cable_residual {'update': 36, 'best_loss': 0.8919270619024013, 'stopping': 'practical plateau; no update ceiling'}
cable_residual {'update': 37, 'best_loss': 0.8919270619024013, 'stopping': 'practical plateau; no update ceiling'}
cable_residual {'update': 38, 'best_loss': 0.8919270619024013, 'stopping': 'practical plateau; no update ceiling'}
cable_residual {'update': 39, 'best_loss': 0.8919270619024013, 'stopping': 'practical plateau; no update ceiling'}
cable_residual {'update': 40, 'best_loss': 0.8919270619024013, 'stopping': 'practical plateau; no update ceiling'}
cable_residual {'update': 41, 'best_loss': 0.8902076952676969, 'stopping': 'practical plateau; no update ceiling'}
cable_residual {'update': 42, 'best_loss': 0.8902076952676969, 'stopping': 'practical plateau; no update ceiling'}
cable_residual {'update': 43, 'best_loss': 0.8902076952676969, 'stopping': 'practical plateau; no update ceiling'}
cable_residual {'update': 44, 'best_loss': 0.8902076952676969, 'stopping': 'practical plateau; no update ceiling'}
cable_residual {'update': 45, 'best_loss': 0.8902076952676969, 'stopping': 'practical plateau; no update ceiling'}
cable_residual {'update': 46, 'best_loss': 0.8863631584963106, 'stopping': 'practical plateau; no update ceiling'}
cable_residual {'update': 47, 'best_loss': 0.8863631584963106, 'stopping': 'practical plateau; no update ceiling'}
cable_residual {'update': 48, 'best_loss': 0.8863631584963106, 'stopping': 'practical plateau; no update ceiling'}
cable_residual {'update': 49, 'best_loss': 0.8863631584963106, 'stopping': 'practical plateau; no update ceiling'}
cable_residual {'update': 50, 'best_loss': 0.8863631584963106, 'stopping': 'practical plateau; no update ceiling'}
cable_residual {'update': 51, 'best_loss': 0.8848073228939223, 'stopping': 'practical plateau; no update ceiling'}
cable_residual {'update': 52, 'best_loss': 0.8848073228939223, 'stopping': 'practical plateau; no update ceiling'}
cable_residual {'update': 53, 'best_loss': 0.8848073228939223, 'stopping': 'practical plateau; no update ceiling'}
cable_residual {'update': 54, 'best_loss': 0.8848073228939223, 'stopping': 'practical plateau; no update ceiling'}
cable_residual {'update': 55, 'best_loss': 0.8848073228939223, 'stopping': 'practical plateau; no update ceiling'}
cable_residual {'update': 56, 'best_loss': 0.8844156002058295, 'stopping': 'practical plateau; no update ceiling'}
cable_residual {'update': 57, 'best_loss': 0.8844156002058295, 'stopping': 'practical plateau; no update ceiling'}
cable_residual {'update': 58, 'best_loss': 0.8844156002058295, 'stopping': 'practical plateau; no update ceiling'}
cable_residual {'update': 59, 'best_loss': 0.8844156002058295, 'stopping': 'practical plateau; no update ceiling'}
cable_residual {'update': 60, 'best_loss': 0.8844156002058295, 'stopping': 'practical plateau; no update ceiling'}
cable_residual {'update': 61, 'best_loss': 0.8802068445493624, 'stopping': 'practical plateau; no update ceiling'}
cable_residual {'update': 62, 'best_loss': 0.8802068445493624, 'stopping': 'practical plateau; no update ceiling'}
cable_residual {'update': 63, 'best_loss': 0.8802068445493624, 'stopping': 'practical plateau; no update ceiling'}
cable_residual {'update': 64, 'best_loss': 0.8802068445493624, 'stopping': 'practical plateau; no update ceiling'}
cable_residual {'update': 65, 'best_loss': 0.8802068445493624, 'stopping': 'practical plateau; no update ceiling'}
cable_residual {'update': 66, 'best_loss': 0.8787846591870816, 'stopping': 'practical plateau; no update ceiling'}
cable_residual {'update': 67, 'best_loss': 0.8787846591870816, 'stopping': 'practical plateau; no update ceiling'}
cable_residual {'update': 68, 'best_loss': 0.8787846591870816, 'stopping': 'practical plateau; no update ceiling'}
cable_residual {'update': 69, 'best_loss': 0.8787846591870816, 'stopping': 'practical plateau; no update ceiling'}
cable_residual {'update': 70, 'best_loss': 0.8787846591870816, 'stopping': 'practical plateau; no update ceiling'}
cable_residual {'update': 71, 'best_loss': 0.8765688090947695, 'stopping': 'practical plateau; no update ceiling'}
cable_residual {'update': 72, 'best_loss': 0.8765688090947695, 'stopping': 'practical plateau; no update ceiling'}
cable_residual {'update': 73, 'best_loss': 0.8765688090947695, 'stopping': 'practical plateau; no update ceiling'}
cable_residual {'update': 74, 'best_loss': 0.8765688090947695, 'stopping': 'practical plateau; no update ceiling'}
cable_residual {'update': 75, 'best_loss': 0.8765688090947695, 'stopping': 'practical plateau; no update ceiling'}
cable_residual {'update': 76, 'best_loss': 0.8750327948562439, 'stopping': 'practical plateau; no update ceiling'}
cable_residual {'update': 77, 'best_loss': 0.8750327948562439, 'stopping': 'practical plateau; no update ceiling'}
cable_residual {'update': 78, 'best_loss': 0.8750327948562439, 'stopping': 'practical plateau; no update ceiling'}
cable_residual {'update': 79, 'best_loss': 0.8750327948562439, 'stopping': 'practical plateau; no update ceiling'}
cable_residual {'update': 80, 'best_loss': 0.8750327948562439, 'stopping': 'practical plateau; no update ceiling'}
cable_residual {'update': 81, 'best_loss': 0.8726527376780417, 'stopping': 'practical plateau; no update ceiling'}
cable_residual {'update': 82, 'best_loss': 0.8726527376780417, 'stopping': 'practical plateau; no update ceiling'}
cable_residual {'update': 83, 'best_loss': 0.8726527376780417, 'stopping': 'practical plateau; no update ceiling'}
cable_residual {'update': 84, 'best_loss': 0.8726527376780417, 'stopping': 'practical plateau; no update ceiling'}
cable_residual {'update': 85, 'best_loss': 0.8726527376780417, 'stopping': 'practical plateau; no update ceiling'}
cable_residual {'update': 86, 'best_loss': 0.8707074692275281, 'stopping': 'practical plateau; no update ceiling'}
cable_residual {'update': 87, 'best_loss': 0.8707074692275281, 'stopping': 'practical plateau; no update ceiling'}
cable_residual {'update': 88, 'best_loss': 0.8707074692275281, 'stopping': 'practical plateau; no update ceiling'}
cable_residual {'update': 89, 'best_loss': 0.8707074692275281, 'stopping': 'practical plateau; no update ceiling'}
cable_residual {'update': 90, 'best_loss': 0.8707074692275281, 'stopping': 'practical plateau; no update ceiling'}
cable_residual {'update': 91, 'best_loss': 0.8707074692275281, 'stopping': 'practical plateau; no update ceiling'}
cable_residual {'update': 92, 'best_loss': 0.8707074692275281, 'stopping': 'practical plateau; no update ceiling'}
cable_residual {'update': 93, 'best_loss': 0.8707074692275281, 'stopping': 'practical plateau; no update ceiling'}
cable_residual {'update': 94, 'best_loss': 0.8707074692275281, 'stopping': 'practical plateau; no update ceiling'}
cable_residual {'update': 95, 'best_loss': 0.8707074692275281, 'stopping': 'practical plateau; no update ceiling'}
cable_residual {'update': 96, 'best_loss': 0.8676321904247967, 'stopping': 'practical plateau; no update ceiling'}
cable_residual {'update': 97, 'best_loss': 0.8676321904247967, 'stopping': 'practical plateau; no update ceiling'}
cable_residual {'update': 98, 'best_loss': 0.8676321904247967, 'stopping': 'practical plateau; no update ceiling'}
cable_residual {'update': 99, 'best_loss': 0.8676321904247967, 'stopping': 'practical plateau; no update ceiling'}
cable_residual {'update': 100, 'best_loss': 0.8676321904247967, 'stopping': 'practical plateau; no update ceiling'}
cable_residual {'update': 101, 'best_loss': 0.8676321904247967, 'stopping': 'practical plateau; no update ceiling'}
cable_residual {'update': 102, 'best_loss': 0.8676321904247967, 'stopping': 'practical plateau; no update ceiling'}
cable_residual {'update': 103, 'best_loss': 0.8676321904247967, 'stopping': 'practical plateau; no update ceiling'}
cable_residual {'update': 104, 'best_loss': 0.8676321904247967, 'stopping': 'practical plateau; no update ceiling'}
cable_residual {'update': 105, 'best_loss': 0.8676321904247967, 'stopping': 'practical plateau; no update ceiling'}
cable_residual {'update': 106, 'best_loss': 0.8655132317640326, 'stopping': 'practical plateau; no update ceiling'}
cable_residual {'update': 107, 'best_loss': 0.8655132317640326, 'stopping': 'practical plateau; no update ceiling'}
cable_residual {'update': 108, 'best_loss': 0.8655132317640326, 'stopping': 'practical plateau; no update ceiling'}
cable_residual {'update': 109, 'best_loss': 0.8655132317640326, 'stopping': 'practical plateau; no update ceiling'}
cable_residual {'update': 110, 'best_loss': 0.8655132317640326, 'stopping': 'practical plateau; no update ceiling'}
cable_residual {'update': 111, 'best_loss': 0.8643044190236414, 'stopping': 'practical plateau; no update ceiling'}
cable_residual {'update': 112, 'best_loss': 0.8643044190236414, 'stopping': 'practical plateau; no update ceiling'}
cable_residual {'update': 113, 'best_loss': 0.8643044190236414, 'stopping': 'practical plateau; no update ceiling'}
cable_residual {'update': 114, 'best_loss': 0.8643044190236414, 'stopping': 'practical plateau; no update ceiling'}
cable_residual {'update': 115, 'best_loss': 0.8643044190236414, 'stopping': 'practical plateau; no update ceiling'}
cable_residual {'update': 116, 'best_loss': 0.8611574457025346, 'stopping': 'practical plateau; no update ceiling'}
cable_residual {'update': 117, 'best_loss': 0.8611574457025346, 'stopping': 'practical plateau; no update ceiling'}
cable_residual {'update': 118, 'best_loss': 0.8611574457025346, 'stopping': 'practical plateau; no update ceiling'}
cable_residual {'update': 119, 'best_loss': 0.8611574457025346, 'stopping': 'practical plateau; no update ceiling'}
cable_residual {'update': 120, 'best_loss': 0.8611574457025346, 'stopping': 'practical plateau; no update ceiling'}
cable_residual {'update': 121, 'best_loss': 0.8611574457025346, 'stopping': 'practical plateau; no update ceiling'}
cable_residual {'update': 122, 'best_loss': 0.8611574457025346, 'stopping': 'practical plateau; no update ceiling'}
cable_residual {'update': 123, 'best_loss': 0.8611574457025346, 'stopping': 'practical plateau; no update ceiling'}
cable_residual {'update': 124, 'best_loss': 0.8611574457025346, 'stopping': 'practical plateau; no update ceiling'}
cable_residual {'update': 125, 'best_loss': 0.8611574457025346, 'stopping': 'practical plateau; no update ceiling'}
cable_residual {'update': 126, 'best_loss': 0.8611574457025346, 'stopping': 'practical plateau; no update ceiling'}
cable_residual {'update': 127, 'best_loss': 0.8611574457025346, 'stopping': 'practical plateau; no update ceiling'}
cable_residual {'update': 128, 'best_loss': 0.8611574457025346, 'stopping': 'practical plateau; no update ceiling'}
cable_residual {'update': 129, 'best_loss': 0.8611574457025346, 'stopping': 'practical plateau; no update ceiling'}
cable_residual {'update': 130, 'best_loss': 0.8611574457025346, 'stopping': 'practical plateau; no update ceiling'}
cable_residual {'update': 131, 'best_loss': 0.8606232421921128, 'stopping': 'practical plateau; no update ceiling'}
cable_residual {'update': 132, 'best_loss': 0.8606232421921128, 'stopping': 'practical plateau; no update ceiling'}
cable_residual {'update': 133, 'best_loss': 0.8606232421921128, 'stopping': 'practical plateau; no update ceiling'}
cable_residual {'update': 134, 'best_loss': 0.8606232421921128, 'stopping': 'practical plateau; no update ceiling'}
cable_residual {'update': 135, 'best_loss': 0.8606232421921128, 'stopping': 'practical plateau; no update ceiling'}
cable_residual {'update': 136, 'best_loss': 0.85545237223994, 'stopping': 'practical plateau; no update ceiling'}
cable_residual {'update': 137, 'best_loss': 0.85545237223994, 'stopping': 'practical plateau; no update ceiling'}
cable_residual {'update': 138, 'best_loss': 0.85545237223994, 'stopping': 'practical plateau; no update ceiling'}
cable_residual {'update': 139, 'best_loss': 0.85545237223994, 'stopping': 'practical plateau; no update ceiling'}
cable_residual {'update': 140, 'best_loss': 0.85545237223994, 'stopping': 'practical plateau; no update ceiling'}
cable_residual {'update': 141, 'best_loss': 0.85545237223994, 'stopping': 'practical plateau; no update ceiling'}
cable_residual {'update': 142, 'best_loss': 0.85545237223994, 'stopping': 'practical plateau; no update ceiling'}
cable_residual {'update': 143, 'best_loss': 0.85545237223994, 'stopping': 'practical plateau; no update ceiling'}
cable_residual {'update': 144, 'best_loss': 0.85545237223994, 'stopping': 'practical plateau; no update ceiling'}
cable_residual {'update': 145, 'best_loss': 0.85545237223994, 'stopping': 'practical plateau; no update ceiling'}
cable_residual {'update': 146, 'best_loss': 0.8538697894692887, 'stopping': 'practical plateau; no update ceiling'}
cable_residual {'update': 147, 'best_loss': 0.8538697894692887, 'stopping': 'practical plateau; no update ceiling'}
cable_residual {'update': 148, 'best_loss': 0.8538697894692887, 'stopping': 'practical plateau; no update ceiling'}
cable_residual {'update': 149, 'best_loss': 0.8538697894692887, 'stopping': 'practical plateau; no update ceiling'}
cable_residual {'update': 150, 'best_loss': 0.8538697894692887, 'stopping': 'practical plateau; no update ceiling'}
cable_residual {'update': 151, 'best_loss': 0.8532889061157737, 'stopping': 'practical plateau; no update ceiling'}
cable_residual {'update': 152, 'best_loss': 0.8532889061157737, 'stopping': 'practical plateau; no update ceiling'}
cable_residual {'update': 153, 'best_loss': 0.8532889061157737, 'stopping': 'practical plateau; no update ceiling'}
cable_residual {'update': 154, 'best_loss': 0.8532889061157737, 'stopping': 'practical plateau; no update ceiling'}
cable_residual {'update': 155, 'best_loss': 0.8532889061157737, 'stopping': 'practical plateau; no update ceiling'}
cable_residual {'update': 156, 'best_loss': 0.8532889061157737, 'stopping': 'practical plateau; no update ceiling'}
cable_residual {'update': 157, 'best_loss': 0.8532889061157737, 'stopping': 'practical plateau; no update ceiling'}
cable_residual {'update': 158, 'best_loss': 0.8532889061157737, 'stopping': 'practical plateau; no update ceiling'}
cable_residual {'update': 159, 'best_loss': 0.8532889061157737, 'stopping': 'practical plateau; no update ceiling'}
cable_residual {'update': 160, 'best_loss': 0.8532889061157737, 'stopping': 'practical plateau; no update ceiling'}
cable_residual {'update': 161, 'best_loss': 0.8511878381032514, 'stopping': 'practical plateau; no update ceiling'}
cable_residual {'update': 162, 'best_loss': 0.8511878381032514, 'stopping': 'practical plateau; no update ceiling'}
cable_residual {'update': 163, 'best_loss': 0.8511878381032514, 'stopping': 'practical plateau; no update ceiling'}
cable_residual {'update': 164, 'best_loss': 0.8511878381032514, 'stopping': 'practical plateau; no update ceiling'}
cable_residual {'update': 165, 'best_loss': 0.8511878381032514, 'stopping': 'practical plateau; no update ceiling'}
cable_residual {'update': 166, 'best_loss': 0.850831252708234, 'stopping': 'practical plateau; no update ceiling'}
cable_residual {'update': 167, 'best_loss': 0.850831252708234, 'stopping': 'practical plateau; no update ceiling'}
cable_residual {'update': 168, 'best_loss': 0.850831252708234, 'stopping': 'practical plateau; no update ceiling'}
cable_residual {'update': 169, 'best_loss': 0.850831252708234, 'stopping': 'practical plateau; no update ceiling'}
cable_residual {'update': 170, 'best_loss': 0.850831252708234, 'stopping': 'practical plateau; no update ceiling'}
cable_residual {'update': 171, 'best_loss': 0.8481537350533107, 'stopping': 'practical plateau; no update ceiling'}
cable_residual {'update': 172, 'best_loss': 0.8481537350533107, 'stopping': 'practical plateau; no update ceiling'}
cable_residual {'update': 173, 'best_loss': 0.8481537350533107, 'stopping': 'practical plateau; no update ceiling'}
cable_residual {'update': 174, 'best_loss': 0.8481537350533107, 'stopping': 'practical plateau; no update ceiling'}
cable_residual {'update': 175, 'best_loss': 0.8481537350533107, 'stopping': 'practical plateau; no update ceiling'}
cable_residual {'update': 176, 'best_loss': 0.8469190568034481, 'stopping': 'practical plateau; no update ceiling'}
cable_residual {'update': 177, 'best_loss': 0.8469190568034481, 'stopping': 'practical plateau; no update ceiling'}
cable_residual {'update': 178, 'best_loss': 0.8469190568034481, 'stopping': 'practical plateau; no update ceiling'}
cable_residual {'update': 179, 'best_loss': 0.8469190568034481, 'stopping': 'practical plateau; no update ceiling'}
cable_residual {'update': 180, 'best_loss': 0.8469190568034481, 'stopping': 'practical plateau; no update ceiling'}
cable_residual {'update': 181, 'best_loss': 0.8464746840203549, 'stopping': 'practical plateau; no update ceiling'}
cable_residual {'update': 182, 'best_loss': 0.8464746840203549, 'stopping': 'practical plateau; no update ceiling'}
cable_residual {'update': 183, 'best_loss': 0.8464746840203549, 'stopping': 'practical plateau; no update ceiling'}
cable_residual {'update': 184, 'best_loss': 0.8464746840203549, 'stopping': 'practical plateau; no update ceiling'}
cable_residual {'update': 185, 'best_loss': 0.8464746840203549, 'stopping': 'practical plateau; no update ceiling'}
cable_residual {'update': 186, 'best_loss': 0.8428447786802524, 'stopping': 'practical plateau; no update ceiling'}
cable_residual {'update': 187, 'best_loss': 0.8428447786802524, 'stopping': 'practical plateau; no update ceiling'}
cable_residual {'update': 188, 'best_loss': 0.8428447786802524, 'stopping': 'practical plateau; no update ceiling'}
cable_residual {'update': 189, 'best_loss': 0.8428447786802524, 'stopping': 'practical plateau; no update ceiling'}
cable_residual {'update': 190, 'best_loss': 0.8428447786802524, 'stopping': 'practical plateau; no update ceiling'}
cable_residual {'update': 191, 'best_loss': 0.8428447786802524, 'stopping': 'practical plateau; no update ceiling'}
cable_residual {'update': 192, 'best_loss': 0.8428447786802524, 'stopping': 'practical plateau; no update ceiling'}
cable_residual {'update': 193, 'best_loss': 0.8428447786802524, 'stopping': 'practical plateau; no update ceiling'}
cable_residual {'update': 194, 'best_loss': 0.8428447786802524, 'stopping': 'practical plateau; no update ceiling'}
cable_residual {'update': 195, 'best_loss': 0.8428447786802524, 'stopping': 'practical plateau; no update ceiling'}
cable_residual {'update': 196, 'best_loss': 0.8400745466674222, 'stopping': 'practical plateau; no update ceiling'}
cable_residual {'update': 197, 'best_loss': 0.8400745466674222, 'stopping': 'practical plateau; no update ceiling'}
cable_residual {'update': 198, 'best_loss': 0.8400745466674222, 'stopping': 'practical plateau; no update ceiling'}
cable_residual {'update': 199, 'best_loss': 0.8400745466674222, 'stopping': 'practical plateau; no update ceiling'}
cable_residual {'update': 200, 'best_loss': 0.8400745466674222, 'stopping': 'practical plateau; no update ceiling'}
cable_residual {'update': 201, 'best_loss': 0.8383438523832324, 'stopping': 'practical plateau; no update ceiling'}
cable_residual {'update': 202, 'best_loss': 0.8383438523832324, 'stopping': 'practical plateau; no update ceiling'}
cable_residual {'update': 203, 'best_loss': 0.8383438523832324, 'stopping': 'practical plateau; no update ceiling'}
cable_residual {'update': 204, 'best_loss': 0.8383438523832324, 'stopping': 'practical plateau; no update ceiling'}
cable_residual {'update': 205, 'best_loss': 0.8383438523832324, 'stopping': 'practical plateau; no update ceiling'}
cable_residual {'update': 206, 'best_loss': 0.8370908603436155, 'stopping': 'practical plateau; no update ceiling'}
cable_residual {'update': 207, 'best_loss': 0.8370908603436155, 'stopping': 'practical plateau; no update ceiling'}
cable_residual {'update': 208, 'best_loss': 0.8370908603436155, 'stopping': 'practical plateau; no update ceiling'}
cable_residual {'update': 209, 'best_loss': 0.8370908603436155, 'stopping': 'practical plateau; no update ceiling'}
cable_residual {'update': 210, 'best_loss': 0.8370908603436155, 'stopping': 'practical plateau; no update ceiling'}
cable_residual {'update': 211, 'best_loss': 0.8361205730220457, 'stopping': 'practical plateau; no update ceiling'}
cable_residual {'update': 212, 'best_loss': 0.8361205730220457, 'stopping': 'practical plateau; no update ceiling'}
cable_residual {'update': 213, 'best_loss': 0.8361205730220457, 'stopping': 'practical plateau; no update ceiling'}
cable_residual {'update': 214, 'best_loss': 0.8361205730220457, 'stopping': 'practical plateau; no update ceiling'}
cable_residual {'update': 215, 'best_loss': 0.8361205730220457, 'stopping': 'practical plateau; no update ceiling'}
cable_residual {'update': 216, 'best_loss': 0.8359371790897369, 'stopping': 'practical plateau; no update ceiling'}
cable_residual {'update': 217, 'best_loss': 0.8359371790897369, 'stopping': 'practical plateau; no update ceiling'}
cable_residual {'update': 218, 'best_loss': 0.8359371790897369, 'stopping': 'practical plateau; no update ceiling'}
cable_residual {'update': 219, 'best_loss': 0.8359371790897369, 'stopping': 'practical plateau; no update ceiling'}
cable_residual {'update': 220, 'best_loss': 0.8359371790897369, 'stopping': 'practical plateau; no update ceiling'}
cable_residual {'update': 221, 'best_loss': 0.832845254329165, 'stopping': 'practical plateau; no update ceiling'}
cable_residual {'update': 222, 'best_loss': 0.832845254329165, 'stopping': 'practical plateau; no update ceiling'}
cable_residual {'update': 223, 'best_loss': 0.832845254329165, 'stopping': 'practical plateau; no update ceiling'}
cable_residual {'update': 224, 'best_loss': 0.832845254329165, 'stopping': 'practical plateau; no update ceiling'}
cable_residual {'update': 225, 'best_loss': 0.832845254329165, 'stopping': 'practical plateau; no update ceiling'}
cable_residual {'update': 226, 'best_loss': 0.832845254329165, 'stopping': 'practical plateau; no update ceiling'}
cable_residual {'update': 227, 'best_loss': 0.832845254329165, 'stopping': 'practical plateau; no update ceiling'}
cable_residual {'update': 228, 'best_loss': 0.832845254329165, 'stopping': 'practical plateau; no update ceiling'}
cable_residual {'update': 229, 'best_loss': 0.832845254329165, 'stopping': 'practical plateau; no update ceiling'}
cable_residual {'update': 230, 'best_loss': 0.832845254329165, 'stopping': 'practical plateau; no update ceiling'}
cable_residual {'update': 231, 'best_loss': 0.8315925319345481, 'stopping': 'practical plateau; no update ceiling'}
cable_residual {'update': 232, 'best_loss': 0.8315925319345481, 'stopping': 'practical plateau; no update ceiling'}
cable_residual {'update': 233, 'best_loss': 0.8315925319345481, 'stopping': 'practical plateau; no update ceiling'}
cable_residual {'update': 234, 'best_loss': 0.8315925319345481, 'stopping': 'practical plateau; no update ceiling'}
cable_residual {'update': 235, 'best_loss': 0.8315925319345481, 'stopping': 'practical plateau; no update ceiling'}
cable_residual {'update': 236, 'best_loss': 0.8305680190727769, 'stopping': 'practical plateau; no update ceiling'}
cable_residual {'update': 237, 'best_loss': 0.8305680190727769, 'stopping': 'practical plateau; no update ceiling'}
cable_residual {'update': 238, 'best_loss': 0.8305680190727769, 'stopping': 'practical plateau; no update ceiling'}
cable_residual {'update': 239, 'best_loss': 0.8305680190727769, 'stopping': 'practical plateau; no update ceiling'}
cable_residual {'update': 240, 'best_loss': 0.8305680190727769, 'stopping': 'practical plateau; no update ceiling'}
cable_residual {'update': 241, 'best_loss': 0.8288434018522505, 'stopping': 'practical plateau; no update ceiling'}
cable_residual {'update': 242, 'best_loss': 0.8288434018522505, 'stopping': 'practical plateau; no update ceiling'}
cable_residual {'update': 243, 'best_loss': 0.8288434018522505, 'stopping': 'practical plateau; no update ceiling'}
cable_residual {'update': 244, 'best_loss': 0.8288434018522505, 'stopping': 'practical plateau; no update ceiling'}
cable_residual {'update': 245, 'best_loss': 0.8288434018522505, 'stopping': 'practical plateau; no update ceiling'}
cable_residual {'update': 246, 'best_loss': 0.8274712844386864, 'stopping': 'practical plateau; no update ceiling'}
cable_residual {'update': 247, 'best_loss': 0.8274712844386864, 'stopping': 'practical plateau; no update ceiling'}
cable_residual {'update': 248, 'best_loss': 0.8274712844386864, 'stopping': 'practical plateau; no update ceiling'}
cable_residual {'update': 249, 'best_loss': 0.8274712844386864, 'stopping': 'practical plateau; no update ceiling'}
cable_residual {'update': 250, 'best_loss': 0.8274712844386864, 'stopping': 'practical plateau; no update ceiling'}
cable_residual {'update': 251, 'best_loss': 0.8258998836002978, 'stopping': 'practical plateau; no update ceiling'}
cable_residual {'update': 252, 'best_loss': 0.8258998836002978, 'stopping': 'practical plateau; no update ceiling'}
cable_residual {'update': 253, 'best_loss': 0.8258998836002978, 'stopping': 'practical plateau; no update ceiling'}
cable_residual {'update': 254, 'best_loss': 0.8258998836002978, 'stopping': 'practical plateau; no update ceiling'}
cable_residual {'update': 255, 'best_loss': 0.8258998836002978, 'stopping': 'practical plateau; no update ceiling'}
cable_residual {'update': 256, 'best_loss': 0.8244219593215664, 'stopping': 'practical plateau; no update ceiling'}
cable_residual {'update': 257, 'best_loss': 0.8244219593215664, 'stopping': 'practical plateau; no update ceiling'}
cable_residual {'update': 258, 'best_loss': 0.8244219593215664, 'stopping': 'practical plateau; no update ceiling'}
cable_residual {'update': 259, 'best_loss': 0.8244219593215664, 'stopping': 'practical plateau; no update ceiling'}
cable_residual {'update': 260, 'best_loss': 0.8244219593215664, 'stopping': 'practical plateau; no update ceiling'}
cable_residual {'update': 261, 'best_loss': 0.8232841547799947, 'stopping': 'practical plateau; no update ceiling'}
cable_residual {'update': 262, 'best_loss': 0.8232841547799947, 'stopping': 'practical plateau; no update ceiling'}
cable_residual {'update': 263, 'best_loss': 0.8232841547799947, 'stopping': 'practical plateau; no update ceiling'}
cable_residual {'update': 264, 'best_loss': 0.8232841547799947, 'stopping': 'practical plateau; no update ceiling'}
cable_residual {'update': 265, 'best_loss': 0.8232841547799947, 'stopping': 'practical plateau; no update ceiling'}
cable_residual {'update': 266, 'best_loss': 0.822292636161844, 'stopping': 'practical plateau; no update ceiling'}
cable_residual {'update': 267, 'best_loss': 0.822292636161844, 'stopping': 'practical plateau; no update ceiling'}
cable_residual {'update': 268, 'best_loss': 0.822292636161844, 'stopping': 'practical plateau; no update ceiling'}
cable_residual {'update': 269, 'best_loss': 0.822292636161844, 'stopping': 'practical plateau; no update ceiling'}
cable_residual {'update': 270, 'best_loss': 0.822292636161844, 'stopping': 'practical plateau; no update ceiling'}
cable_residual {'update': 271, 'best_loss': 0.8218504662741326, 'stopping': 'practical plateau; no update ceiling'}
cable_residual {'update': 272, 'best_loss': 0.8218504662741326, 'stopping': 'practical plateau; no update ceiling'}
cable_residual {'update': 273, 'best_loss': 0.8218504662741326, 'stopping': 'practical plateau; no update ceiling'}
cable_residual {'update': 274, 'best_loss': 0.8218504662741326, 'stopping': 'practical plateau; no update ceiling'}
cable_residual {'update': 275, 'best_loss': 0.8218504662741326, 'stopping': 'practical plateau; no update ceiling'}
cable_residual {'update': 276, 'best_loss': 0.8218504662741326, 'stopping': 'practical plateau; no update ceiling'}
cable_residual {'update': 277, 'best_loss': 0.8218504662741326, 'stopping': 'practical plateau; no update ceiling'}
cable_residual {'update': 278, 'best_loss': 0.8218504662741326, 'stopping': 'practical plateau; no update ceiling'}
cable_residual {'update': 279, 'best_loss': 0.8218504662741326, 'stopping': 'practical plateau; no update ceiling'}
cable_residual {'update': 280, 'best_loss': 0.8218504662741326, 'stopping': 'practical plateau; no update ceiling'}
cable_residual {'update': 281, 'best_loss': 0.8209576248233041, 'stopping': 'practical plateau; no update ceiling'}
cable_residual {'update': 282, 'best_loss': 0.8209576248233041, 'stopping': 'practical plateau; no update ceiling'}
cable_residual {'update': 283, 'best_loss': 0.8209576248233041, 'stopping': 'practical plateau; no update ceiling'}
cable_residual {'update': 284, 'best_loss': 0.8209576248233041, 'stopping': 'practical plateau; no update ceiling'}
cable_residual {'update': 285, 'best_loss': 0.8209576248233041, 'stopping': 'practical plateau; no update ceiling'}
cable_residual {'update': 286, 'best_loss': 0.8209576248233041, 'stopping': 'practical plateau; no update ceiling'}
cable_residual {'update': 287, 'best_loss': 0.8209576248233041, 'stopping': 'practical plateau; no update ceiling'}
cable_residual {'update': 288, 'best_loss': 0.8209576248233041, 'stopping': 'practical plateau; no update ceiling'}
cable_residual {'update': 289, 'best_loss': 0.8209576248233041, 'stopping': 'practical plateau; no update ceiling'}
cable_residual {'update': 290, 'best_loss': 0.8209576248233041, 'stopping': 'practical plateau; no update ceiling'}
