[
  {
    "trial_id": "whip1_001",
    "status": "processed \u2014 review required",
    "alignment": {
      "offset_s": 1.175202478119055,
      "rms_m": 0.011101311481103717,
      "half_offsets_s": [
        1.1847537487055375,
        1.175194447350474
      ],
      "method": "measured XYZ constant-offset least squares; no spatial fit",
      "clock_verified": false,
      "includes_logging_latency": true
    },
    "tracking_frames": 1484,
    "missing_cable_samples_per_marker": [
      0,
      1,
      0,
      0,
      0,
      0,
      0,
      0,
      2,
      0
    ],
    "missing_drone_positions": 0,
    "logged_position_update_hz": 10.00012874769029,
    "candidate_motion_intervals": [
      {
        "start_s": 18.810239553451538,
        "end_s": 19.480232000350952,
        "reviewed": false,
        "source": "Exact supplied controller sequence matched in logged order"
      }
    ],
    "reference_comparison": {
      "prefix_matches": true,
      "recorded_distinct_samples": 20,
      "reference_samples": 25,
      "absent_tail_times_s": [
        0.6666666666666666,
        0.7,
        0.7333333333333333,
        0.7666666666666667,
        0.8
      ],
      "method": "All CSV row P/V/A values matched to supplied controller and log, including zero V/A rows"
    },
    "execution_phases": {
      "schema": "legacy_whip_phases_v1",
      "csv_start_s": 18.810239553451538,
      "csv_end_s": 19.480232000350952,
      "csv_duration_observed_s": 0.6699924468994141,
      "csv_samples_observed": 20,
      "intervals": [
        {
          "phase": "unobserved_command",
          "start_s": 5.078315734863281e-05,
          "end_s": 8.810265064239502,
          "samples": 881,
          "end_is_log_boundary": false
        },
        {
          "phase": "pre_maneuver_fullstate_hold",
          "start_s": 8.810265064239502,
          "end_s": 18.810239553451538,
          "samples": 1000,
          "end_is_log_boundary": false
        },
        {
          "phase": "csv_maneuver",
          "start_s": 18.810239553451538,
          "end_s": 19.480232000350952,
          "samples": 67,
          "end_is_log_boundary": false
        },
        {
          "phase": "post_maneuver_fullstate_hold",
          "start_s": 19.480232000350952,
          "end_s": 21.080195903778076,
          "samples": 160,
          "end_is_log_boundary": false
        },
        {
          "phase": "unobserved_command",
          "start_s": 21.080195903778076,
          "end_s": 33.22022342681885,
          "samples": 1215,
          "end_is_log_boundary": true
        }
      ],
      "csv_events": [
        {
          "csv_row": 0,
          "csv_time_s": 0.0,
          "first_observed_s": 18.810239553451538,
          "previous_logger_row_s": 18.800230741500854,
          "callback_time_estimate_s": 18.80992555618286,
          "next_value_observed_s": 18.850231885910034
        },
        {
          "csv_row": 1,
          "csv_time_s": 0.03333333333333333,
          "first_observed_s": 18.850231885910034,
          "previous_logger_row_s": 18.840212106704712,
          "callback_time_estimate_s": 18.843247652053833,
          "next_value_observed_s": 18.880199193954468
        },
        {
          "csv_row": 2,
          "csv_time_s": 0.06666666666666667,
          "first_observed_s": 18.880199193954468,
          "previous_logger_row_s": 18.870208740234375,
          "callback_time_estimate_s": 18.876620054244995,
          "next_value_observed_s": 18.910250663757324
        },
        {
          "csv_row": 3,
          "csv_time_s": 0.1,
          "first_observed_s": 18.910250663757324,
          "previous_logger_row_s": 18.90022039413452,
          "callback_time_estimate_s": 18.910003185272217,
          "next_value_observed_s": 18.95020890235901
        },
        {
          "csv_row": 4,
          "csv_time_s": 0.13333333333333333,
          "first_observed_s": 18.95020890235901,
          "previous_logger_row_s": 18.940202713012695,
          "callback_time_estimate_s": 18.943283081054688,
          "next_value_observed_s": 18.980229377746582
        },
        {
          "csv_row": 5,
          "csv_time_s": 0.16666666666666666,
          "first_observed_s": 18.980229377746582,
          "previous_logger_row_s": 18.970255374908447,
          "callback_time_estimate_s": 18.976659059524536,
          "next_value_observed_s": 19.010227918624878
        },
        {
          "csv_row": 6,
          "csv_time_s": 0.2,
          "first_observed_s": 19.010227918624878,
          "previous_logger_row_s": 19.00021767616272,
          "callback_time_estimate_s": 19.009981155395508,
          "next_value_observed_s": 19.050198078155518
        },
        {
          "csv_row": 7,
          "csv_time_s": 0.23333333333333334,
          "first_observed_s": 19.050198078155518,
          "previous_logger_row_s": 19.04024910926819,
          "callback_time_estimate_s": 19.043338298797607,
          "next_value_observed_s": 19.08019232749939
        },
        {
          "csv_row": 8,
          "csv_time_s": 0.26666666666666666,
          "first_observed_s": 19.08019232749939,
          "previous_logger_row_s": 19.07024598121643,
          "callback_time_estimate_s": 19.076545476913452,
          "next_value_observed_s": 19.110235929489136
        },
        {
          "csv_row": 9,
          "csv_time_s": 0.3,
          "first_observed_s": 19.110235929489136,
          "previous_logger_row_s": 19.100220441818237,
          "callback_time_estimate_s": 19.109992504119873,
          "next_value_observed_s": 19.150225162506104
        },
        {
          "csv_row": 10,
          "csv_time_s": 0.3333333333333333,
          "first_observed_s": 19.150225162506104,
          "previous_logger_row_s": 19.140249729156494,
          "callback_time_estimate_s": 19.143205404281616,
          "next_value_observed_s": 19.180235385894775
        },
        {
          "csv_row": 11,
          "csv_time_s": 0.36666666666666664,
          "first_observed_s": 19.180235385894775,
          "previous_logger_row_s": 19.17019510269165,
          "callback_time_estimate_s": 19.176594257354736,
          "next_value_observed_s": 19.210203886032104
        },
        {
          "csv_row": 12,
          "csv_time_s": 0.4,
          "first_observed_s": 19.210203886032104,
          "previous_logger_row_s": 19.20022201538086,
          "callback_time_estimate_s": 19.20995593070984,
          "next_value_observed_s": 19.250211000442505
        },
        {
          "csv_row": 13,
          "csv_time_s": 0.43333333333333335,
          "first_observed_s": 19.250211000442505,
          "previous_logger_row_s": 19.240198373794556,
          "callback_time_estimate_s": 19.24322748184204,
          "next_value_observed_s": 19.280246019363403
        },
        {
          "csv_row": 14,
          "csv_time_s": 0.4666666666666667,
          "first_observed_s": 19.280246019363403,
          "previous_logger_row_s": 19.27024555206299,
          "callback_time_estimate_s": 19.276574850082397,
          "next_value_observed_s": 19.31021475791931
        },
        {
          "csv_row": 15,
          "csv_time_s": 0.5,
          "first_observed_s": 19.31021475791931,
          "previous_logger_row_s": 19.30024790763855,
          "callback_time_estimate_s": 19.309972047805786,
          "next_value_observed_s": 19.350197076797485
        },
        {
          "csv_row": 16,
          "csv_time_s": 0.5333333333333333,
          "first_observed_s": 19.350197076797485,
          "previous_logger_row_s": 19.340242862701416,
          "callback_time_estimate_s": 19.343252658843994,
          "next_value_observed_s": 19.38020157814026
        },
        {
          "csv_row": 17,
          "csv_time_s": 0.5666666666666667,
          "first_observed_s": 19.38020157814026,
          "previous_logger_row_s": 19.37019443511963,
          "callback_time_estimate_s": 19.37654423713684,
          "next_value_observed_s": 19.410226583480835
        },
        {
          "csv_row": 18,
          "csv_time_s": 0.6,
          "first_observed_s": 19.410226583480835,
          "previous_logger_row_s": 19.40021824836731,
          "callback_time_estimate_s": 19.409773111343384,
          "next_value_observed_s": 19.45022416114807
        },
        {
          "csv_row": 19,
          "csv_time_s": 0.6333333333333333,
          "first_observed_s": 19.45022416114807,
          "previous_logger_row_s": 19.440197467803955,
          "callback_time_estimate_s": 19.443283319473267,
          "next_value_observed_s": 19.480232000350952
        }
      ],
      "pre_hold_target_m": [
        0.0,
        0.0,
        1.502255342821949
      ],
      "post_hold_targets_m": [
        [
          0.5919625759124756,
          0.0037631981540471315,
          2.321573257446289
        ]
      ],
      "post_last_callback_estimate_s": 20.976306200027466,
      "post_callback_coverage_s": 1.4960741996765137,
      "source_post_hold_duration_s": 5,
      "source_behavior": "Hold cf.get_position() sampled at sequence end; no return-to-start path",
      "timing": "First observed logger row; callback estimate = row time - cmd_age is diagnostic only. Not radio/onboard actuation time.",
      "unknown": "No fresh FullState observation; may include takeoff, landing, intervention or cache expiry. No command imputed.",
      "phase_meaning": "Command source/target, not proof that the drone is stationary or settled",
      "cache_tail": "A fresh cached value can outlive publishing by up to 100 ms. Phase end is an observation limit, not a verified mode-switch time.",
      "warnings": [
        "Observed post-hold callback coverage differs from supplied RECOVERY_TIME; do not infer the missing interval or installed script revision."
      ],
      "tracking_coverage_controller_s": [
        7.415202478119055,
        22.245202478119054
      ],
      "tracking_phase_counts": {
        "csv_maneuver": 67,
        "post_maneuver_fullstate_hold": 160,
        "pre_maneuver_fullstate_hold": 1000,
        "unobserved_command": 257
      },
      "tracking_boundary_uncertain_frames": 4,
      "tracking_covers_complete_csv": true,
      "boundary_uncertainty": "Previous-to-first logger-row bracket around phase transitions only; excludes unknown clock/measurement latency."
    },
    "geometry": {
      "offset_tracking_m": [
        0.0066549972854827175,
        -0.01287427254333901,
        -0.055
      ],
      "measurement": "55 mm vertical; lateral terms from preserved active calibration",
      "convention": "p_attachment = p_cf7 + R_tracking_to_world @ offset_tracking_m"
    },
    "training_ready": false,
    "role": "unassigned",
    "outcome": "unreviewed",
    "required_review": [
      "time alignment",
      "marker direction and attachment offset",
      "contact/intervention interval",
      "outcome and dataset split"
    ],
    "conventions": {
      "position": "source global meters; no frame transform",
      "quaternion": "source OptiTrack XYZW; mapping to body frame unverified",
      "cable": "c1..c10 numerically ordered; physical endpoint mapping unverified",
      "velocity": "offline centered difference; NaN at gaps and endpoints; not controller velocity",
      "reference": "Original kinematic full-state commands, not forces; causal hold with 100 ms age limit; no retrospective position offset",
      "attachment": "Derived measured attachment uses archived geometry and measured orientation; commands remain at cf_7 origin"
    },
    "output_files": {
      "controller_phases.csv": "b07afbff70cb02e8c73668b002bef369f13496376b4c36ce4c9305ebf9a0398b",
      "dataset.npz": "012bdf6478d3f1d35e5f1ad6a6b3b76b3186265709b2536e24a526293c1c8d65",
      "execution_phases.json": "8bb34e0d49c7d9f8d3a0ed27bccec12788904ddcd4a243895d2f368b26ab4bad",
      "fullstate_aligned.csv": "9902a688dea7d39a534f80a156c704b5c7de44b96076880747a415b406b04e70",
      "phases.csv": "7207a28a2476db985055ef0bf47bcdb61d6b9d898acaba952ffd2cf737235d36",
      "tracking.csv": "5275dc4cda142b0ac25eded26e37aec1ce1c2031feede65f1221c44ba21a39be"
    }
  },
  {
    "trial_id": "whip1_002",
    "status": "processed \u2014 review required",
    "alignment": {
      "offset_s": -0.534629137678685,
      "rms_m": 0.011325276146963653,
      "half_offsets_s": [
        -0.534891837928839,
        -0.5345234191163467
      ],
      "method": "measured XYZ constant-offset least squares; no spatial fit",
      "clock_verified": false,
      "includes_logging_latency": true
    },
    "tracking_frames": 1484,
    "missing_cable_samples_per_marker": [
      0,
      0,
      0,
      1,
      1,
      1,
      1,
      0,
      0,
      0
    ],
    "missing_drone_positions": 0,
    "logged_position_update_hz": 10.000152590218967,
    "candidate_motion_intervals": [
      {
        "start_s": 18.860148429870605,
        "end_s": 19.530173540115356,
        "reviewed": false,
        "source": "Exact supplied controller sequence matched in logged order"
      }
    ],
    "reference_comparison": {
      "prefix_matches": true,
      "recorded_distinct_samples": 20,
      "reference_samples": 25,
      "absent_tail_times_s": [
        0.6666666666666666,
        0.7,
        0.7333333333333333,
        0.7666666666666667,
        0.8
      ],
      "method": "All CSV row P/V/A values matched to supplied controller and log, including zero V/A rows"
    },
    "execution_phases": {
      "schema": "legacy_whip_phases_v1",
      "csv_start_s": 18.860148429870605,
      "csv_end_s": 19.530173540115356,
      "csv_duration_observed_s": 0.670025110244751,
      "csv_samples_observed": 20,
      "intervals": [
        {
          "phase": "unobserved_command",
          "start_s": 4.0531158447265625e-05,
          "end_s": 8.860209703445435,
          "samples": 886,
          "end_is_log_boundary": false
        },
        {
          "phase": "pre_maneuver_fullstate_hold",
          "start_s": 8.860209703445435,
          "end_s": 18.860148429870605,
          "samples": 1000,
          "end_is_log_boundary": false
        },
        {
          "phase": "csv_maneuver",
          "start_s": 18.860148429870605,
          "end_s": 19.530173540115356,
          "samples": 67,
          "end_is_log_boundary": false
        },
        {
          "phase": "post_maneuver_fullstate_hold",
          "start_s": 19.530173540115356,
          "end_s": 21.130210638046265,
          "samples": 160,
          "end_is_log_boundary": false
        },
        {
          "phase": "unobserved_command",
          "start_s": 21.130210638046265,
          "end_s": 29.390170097351074,
          "samples": 827,
          "end_is_log_boundary": true
        }
      ],
      "csv_events": [
        {
          "csv_row": 0,
          "csv_time_s": 0.0,
          "first_observed_s": 18.860148429870605,
          "previous_logger_row_s": 18.850165843963623,
          "callback_time_estimate_s": 18.856013774871826,
          "next_value_observed_s": 18.890180349349976
        },
        {
          "csv_row": 1,
          "csv_time_s": 0.03333333333333333,
          "first_observed_s": 18.890180349349976,
          "previous_logger_row_s": 18.880175828933716,
          "callback_time_estimate_s": 18.889370918273926,
          "next_value_observed_s": 18.93018388748169
        },
        {
          "csv_row": 2,
          "csv_time_s": 0.06666666666666667,
          "first_observed_s": 18.93018388748169,
          "previous_logger_row_s": 18.920166730880737,
          "callback_time_estimate_s": 18.922733545303345,
          "next_value_observed_s": 18.960214614868164
        },
        {
          "csv_row": 3,
          "csv_time_s": 0.1,
          "first_observed_s": 18.960214614868164,
          "previous_logger_row_s": 18.950178146362305,
          "callback_time_estimate_s": 18.956047296524048,
          "next_value_observed_s": 18.99018955230713
        },
        {
          "csv_row": 4,
          "csv_time_s": 0.13333333333333333,
          "first_observed_s": 18.99018955230713,
          "previous_logger_row_s": 18.980200052261353,
          "callback_time_estimate_s": 18.989434242248535,
          "next_value_observed_s": 19.030184745788574
        },
        {
          "csv_row": 5,
          "csv_time_s": 0.16666666666666666,
          "first_observed_s": 19.030184745788574,
          "previous_logger_row_s": 19.020206689834595,
          "callback_time_estimate_s": 19.022727251052856,
          "next_value_observed_s": 19.060168266296387
        },
        {
          "csv_row": 6,
          "csv_time_s": 0.2,
          "first_observed_s": 19.060168266296387,
          "previous_logger_row_s": 19.050175666809082,
          "callback_time_estimate_s": 19.05604124069214,
          "next_value_observed_s": 19.090202808380127
        },
        {
          "csv_row": 7,
          "csv_time_s": 0.23333333333333334,
          "first_observed_s": 19.090202808380127,
          "previous_logger_row_s": 19.080204248428345,
          "callback_time_estimate_s": 19.089366912841797,
          "next_value_observed_s": 19.13015651702881
        },
        {
          "csv_row": 8,
          "csv_time_s": 0.26666666666666666,
          "first_observed_s": 19.13015651702881,
          "previous_logger_row_s": 19.12020707130432,
          "callback_time_estimate_s": 19.122732162475586,
          "next_value_observed_s": 19.160176038742065
        },
        {
          "csv_row": 9,
          "csv_time_s": 0.3,
          "first_observed_s": 19.160176038742065,
          "previous_logger_row_s": 19.150188207626343,
          "callback_time_estimate_s": 19.15605664253235,
          "next_value_observed_s": 19.190176963806152
        },
        {
          "csv_row": 10,
          "csv_time_s": 0.3333333333333333,
          "first_observed_s": 19.190176963806152,
          "previous_logger_row_s": 19.180172204971313,
          "callback_time_estimate_s": 19.189438104629517,
          "next_value_observed_s": 19.23016047477722
        },
        {
          "csv_row": 11,
          "csv_time_s": 0.36666666666666664,
          "first_observed_s": 19.23016047477722,
          "previous_logger_row_s": 19.220155477523804,
          "callback_time_estimate_s": 19.222718477249146,
          "next_value_observed_s": 19.260194540023804
        },
        {
          "csv_row": 12,
          "csv_time_s": 0.4,
          "first_observed_s": 19.260194540023804,
          "previous_logger_row_s": 19.25016164779663,
          "callback_time_estimate_s": 19.256060123443604,
          "next_value_observed_s": 19.290173530578613
        },
        {
          "csv_row": 13,
          "csv_time_s": 0.43333333333333335,
          "first_observed_s": 19.290173530578613,
          "previous_logger_row_s": 19.280169248580933,
          "callback_time_estimate_s": 19.28935718536377,
          "next_value_observed_s": 19.330162525177002
        },
        {
          "csv_row": 14,
          "csv_time_s": 0.4666666666666667,
          "first_observed_s": 19.330162525177002,
          "previous_logger_row_s": 19.32017946243286,
          "callback_time_estimate_s": 19.322739601135254,
          "next_value_observed_s": 19.360164880752563
        },
        {
          "csv_row": 15,
          "csv_time_s": 0.5,
          "first_observed_s": 19.360164880752563,
          "previous_logger_row_s": 19.3501980304718,
          "callback_time_estimate_s": 19.3561110496521,
          "next_value_observed_s": 19.390177965164185
        },
        {
          "csv_row": 16,
          "csv_time_s": 0.5333333333333333,
          "first_observed_s": 19.390177965164185,
          "previous_logger_row_s": 19.38017201423645,
          "callback_time_estimate_s": 19.38947892189026,
          "next_value_observed_s": 19.430156230926514
        },
        {
          "csv_row": 17,
          "csv_time_s": 0.5666666666666667,
          "first_observed_s": 19.430156230926514,
          "previous_logger_row_s": 19.42015314102173,
          "callback_time_estimate_s": 19.422759532928467,
          "next_value_observed_s": 19.46017837524414
        },
        {
          "csv_row": 18,
          "csv_time_s": 0.6,
          "first_observed_s": 19.46017837524414,
          "previous_logger_row_s": 19.450157642364502,
          "callback_time_estimate_s": 19.456144094467163,
          "next_value_observed_s": 19.490167379379272
        },
        {
          "csv_row": 19,
          "csv_time_s": 0.6333333333333333,
          "first_observed_s": 19.490167379379272,
          "previous_logger_row_s": 19.48017978668213,
          "callback_time_estimate_s": 19.489410161972046,
          "next_value_observed_s": 19.530173540115356
        }
      ],
      "pre_hold_target_m": [
        0.0,
        0.0,
        1.502255342821949
      ],
      "post_hold_targets_m": [
        [
          0.5955275893211365,
          0.005468718241900206,
          2.188166856765747
        ]
      ],
      "post_last_callback_estimate_s": 21.02278232574463,
      "post_callback_coverage_s": 1.4926087856292725,
      "source_post_hold_duration_s": 5,
      "source_behavior": "Hold cf.get_position() sampled at sequence end; no return-to-start path",
      "timing": "First observed logger row; callback estimate = row time - cmd_age is diagnostic only. Not radio/onboard actuation time.",
      "unknown": "No fresh FullState observation; may include takeoff, landing, intervention or cache expiry. No command imputed.",
      "phase_meaning": "Command source/target, not proof that the drone is stationary or settled",
      "cache_tail": "A fresh cached value can outlive publishing by up to 100 ms. Phase end is an observation limit, not a verified mode-switch time.",
      "warnings": [
        "Observed post-hold callback coverage differs from supplied RECOVERY_TIME; do not infer the missing interval or installed script revision."
      ],
      "tracking_coverage_controller_s": [
        5.705370862321315,
        20.535370862321315
      ],
      "tracking_phase_counts": {
        "csv_maneuver": 67,
        "post_maneuver_fullstate_hold": 101,
        "pre_maneuver_fullstate_hold": 1000,
        "unobserved_command": 316
      },
      "tracking_boundary_uncertain_frames": 3,
      "tracking_covers_complete_csv": true,
      "boundary_uncertainty": "Previous-to-first logger-row bracket around phase transitions only; excludes unknown clock/measurement latency."
    },
    "geometry": {
      "offset_tracking_m": [
        0.0066549972854827175,
        -0.01287427254333901,
        -0.055
      ],
      "measurement": "55 mm vertical; lateral terms from preserved active calibration",
      "convention": "p_attachment = p_cf7 + R_tracking_to_world @ offset_tracking_m"
    },
    "training_ready": false,
    "role": "unassigned",
    "outcome": "unreviewed",
    "required_review": [
      "time alignment",
      "marker direction and attachment offset",
      "contact/intervention interval",
      "outcome and dataset split"
    ],
    "conventions": {
      "position": "source global meters; no frame transform",
      "quaternion": "source OptiTrack XYZW; mapping to body frame unverified",
      "cable": "c1..c10 numerically ordered; physical endpoint mapping unverified",
      "velocity": "offline centered difference; NaN at gaps and endpoints; not controller velocity",
      "reference": "Original kinematic full-state commands, not forces; causal hold with 100 ms age limit; no retrospective position offset",
      "attachment": "Derived measured attachment uses archived geometry and measured orientation; commands remain at cf_7 origin"
    },
    "output_files": {
      "controller_phases.csv": "1c401459413afd514140935b7e439ca4a2e3c9041cdc31c5c1cf7369bb703f00",
      "dataset.npz": "1cf6dfcc327d8680efd6b8254ace05a1af7b608c6a062fc04dc59d46e1901ba3",
      "execution_phases.json": "7bd84b84254a2c8d927b18d0e380d0343af9a7919b10feb7c42e87f36ff26d61",
      "fullstate_aligned.csv": "f230239150c2c2f0f88099aa43b42ab815d9cfd45ab41ce755c08cd020f0207d",
      "phases.csv": "8205b5c53020fc6a2efc7598f7ce4ebaff8e7488c77c5ca11aa4dc88550b6fe3",
      "tracking.csv": "c509414eb27f00b3d0acffc73caf99243de83aad8ddd67820d25bde70abadd15"
    }
  },
  {
    "trial_id": "whip1_003",
    "status": "processed \u2014 review required",
    "alignment": {
      "offset_s": 0.03552421910808016,
      "rms_m": 0.009649033586761755,
      "half_offsets_s": [
        0.035103929511559974,
        0.03552762680634337
      ],
      "method": "measured XYZ constant-offset least squares; no spatial fit",
      "clock_verified": false,
      "includes_logging_latency": true
    },
    "tracking_frames": 1484,
    "missing_cable_samples_per_marker": [
      0,
      0,
      0,
      1,
      0,
      1,
      0,
      0,
      0,
      1
    ],
    "missing_drone_positions": 0,
    "logged_position_update_hz": 10.000188354225156,
    "candidate_motion_intervals": [
      {
        "start_s": 16.640151977539062,
        "end_s": 17.300195455551147,
        "reviewed": false,
        "source": "Exact supplied controller sequence matched in logged order"
      }
    ],
    "reference_comparison": {
      "prefix_matches": true,
      "recorded_distinct_samples": 20,
      "reference_samples": 25,
      "absent_tail_times_s": [
        0.6666666666666666,
        0.7,
        0.7333333333333333,
        0.7666666666666667,
        0.8
      ],
      "method": "All CSV row P/V/A values matched to supplied controller and log, including zero V/A rows"
    },
    "execution_phases": {
      "schema": "legacy_whip_phases_v1",
      "csv_start_s": 16.640151977539062,
      "csv_end_s": 17.300195455551147,
      "csv_duration_observed_s": 0.660043478012085,
      "csv_samples_observed": 20,
      "intervals": [
        {
          "phase": "unobserved_command",
          "start_s": 3.3855438232421875e-05,
          "end_s": 6.640172958374023,
          "samples": 664,
          "end_is_log_boundary": false
        },
        {
          "phase": "pre_maneuver_fullstate_hold",
          "start_s": 6.640172958374023,
          "end_s": 16.640151977539062,
          "samples": 1000,
          "end_is_log_boundary": false
        },
        {
          "phase": "csv_maneuver",
          "start_s": 16.640151977539062,
          "end_s": 17.300195455551147,
          "samples": 66,
          "end_is_log_boundary": false
        },
        {
          "phase": "post_maneuver_fullstate_hold",
          "start_s": 17.300195455551147,
          "end_s": 22.400160551071167,
          "samples": 510,
          "end_is_log_boundary": false
        },
        {
          "phase": "unobserved_command",
          "start_s": 22.400160551071167,
          "end_s": 29.290188789367676,
          "samples": 690,
          "end_is_log_boundary": true
        }
      ],
      "csv_events": [
        {
          "csv_row": 0,
          "csv_time_s": 0.0,
          "first_observed_s": 16.640151977539062,
          "previous_logger_row_s": 16.63017773628235,
          "callback_time_estimate_s": 16.63312077522278,
          "next_value_observed_s": 16.67018985748291
        },
        {
          "csv_row": 1,
          "csv_time_s": 0.03333333333333333,
          "first_observed_s": 16.67018985748291,
          "previous_logger_row_s": 16.660157203674316,
          "callback_time_estimate_s": 16.66642928123474,
          "next_value_observed_s": 16.700164079666138
        },
        {
          "csv_row": 2,
          "csv_time_s": 0.06666666666666667,
          "first_observed_s": 16.700164079666138,
          "previous_logger_row_s": 16.69015383720398,
          "callback_time_estimate_s": 16.699795246124268,
          "next_value_observed_s": 16.740158319473267
        },
        {
          "csv_row": 3,
          "csv_time_s": 0.1,
          "first_observed_s": 16.740158319473267,
          "previous_logger_row_s": 16.73015785217285,
          "callback_time_estimate_s": 16.733051776885986,
          "next_value_observed_s": 16.770155906677246
        },
        {
          "csv_row": 4,
          "csv_time_s": 0.13333333333333333,
          "first_observed_s": 16.770155906677246,
          "previous_logger_row_s": 16.760194778442383,
          "callback_time_estimate_s": 16.766377925872803,
          "next_value_observed_s": 16.80017638206482
        },
        {
          "csv_row": 5,
          "csv_time_s": 0.16666666666666666,
          "first_observed_s": 16.80017638206482,
          "previous_logger_row_s": 16.79020643234253,
          "callback_time_estimate_s": 16.79972529411316,
          "next_value_observed_s": 16.840161323547363
        },
        {
          "csv_row": 6,
          "csv_time_s": 0.2,
          "first_observed_s": 16.840161323547363,
          "previous_logger_row_s": 16.830193758010864,
          "callback_time_estimate_s": 16.83306884765625,
          "next_value_observed_s": 16.870179414749146
        },
        {
          "csv_row": 7,
          "csv_time_s": 0.23333333333333334,
          "first_observed_s": 16.870179414749146,
          "previous_logger_row_s": 16.860158920288086,
          "callback_time_estimate_s": 16.866387128829956,
          "next_value_observed_s": 16.90014910697937
        },
        {
          "csv_row": 8,
          "csv_time_s": 0.26666666666666666,
          "first_observed_s": 16.90014910697937,
          "previous_logger_row_s": 16.89014506340027,
          "callback_time_estimate_s": 16.899719715118408,
          "next_value_observed_s": 16.94015645980835
        },
        {
          "csv_row": 9,
          "csv_time_s": 0.3,
          "first_observed_s": 16.94015645980835,
          "previous_logger_row_s": 16.93016004562378,
          "callback_time_estimate_s": 16.933074712753296,
          "next_value_observed_s": 16.970139503479004
        },
        {
          "csv_row": 10,
          "csv_time_s": 0.3333333333333333,
          "first_observed_s": 16.970139503479004,
          "previous_logger_row_s": 16.960187435150146,
          "callback_time_estimate_s": 16.966416597366333,
          "next_value_observed_s": 17.000194311141968
        },
        {
          "csv_row": 11,
          "csv_time_s": 0.36666666666666664,
          "first_observed_s": 17.000194311141968,
          "previous_logger_row_s": 16.990187883377075,
          "callback_time_estimate_s": 16.999764919281006,
          "next_value_observed_s": 17.04017972946167
        },
        {
          "csv_row": 12,
          "csv_time_s": 0.4,
          "first_observed_s": 17.04017972946167,
          "previous_logger_row_s": 17.030158758163452,
          "callback_time_estimate_s": 17.033112287521362,
          "next_value_observed_s": 17.070207118988037
        },
        {
          "csv_row": 13,
          "csv_time_s": 0.43333333333333335,
          "first_observed_s": 17.070207118988037,
          "previous_logger_row_s": 17.060161352157593,
          "callback_time_estimate_s": 17.066444873809814,
          "next_value_observed_s": 17.100202798843384
        },
        {
          "csv_row": 14,
          "csv_time_s": 0.4666666666666667,
          "first_observed_s": 17.100202798843384,
          "previous_logger_row_s": 17.090200901031494,
          "callback_time_estimate_s": 17.099833250045776,
          "next_value_observed_s": 17.140167713165283
        },
        {
          "csv_row": 15,
          "csv_time_s": 0.5,
          "first_observed_s": 17.140167713165283,
          "previous_logger_row_s": 17.130197286605835,
          "callback_time_estimate_s": 17.133047342300415,
          "next_value_observed_s": 17.170175075531006
        },
        {
          "csv_row": 16,
          "csv_time_s": 0.5333333333333333,
          "first_observed_s": 17.170175075531006,
          "previous_logger_row_s": 17.160151958465576,
          "callback_time_estimate_s": 17.166409015655518,
          "next_value_observed_s": 17.20016360282898
        },
        {
          "csv_row": 17,
          "csv_time_s": 0.5666666666666667,
          "first_observed_s": 17.20016360282898,
          "previous_logger_row_s": 17.190190315246582,
          "callback_time_estimate_s": 17.199723720550537,
          "next_value_observed_s": 17.240168809890747
        },
        {
          "csv_row": 18,
          "csv_time_s": 0.6,
          "first_observed_s": 17.240168809890747,
          "previous_logger_row_s": 17.230200052261353,
          "callback_time_estimate_s": 17.23307514190674,
          "next_value_observed_s": 17.270151138305664
        },
        {
          "csv_row": 19,
          "csv_time_s": 0.6333333333333333,
          "first_observed_s": 17.270151138305664,
          "previous_logger_row_s": 17.26018714904785,
          "callback_time_estimate_s": 17.266380786895752,
          "next_value_observed_s": 17.300195455551147
        }
      ],
      "pre_hold_target_m": [
        0.0,
        0.0,
        1.502255342821949
      ],
      "post_hold_targets_m": [
        [
          0.5791568160057068,
          0.015507432632148266,
          2.243943691253662
        ]
      ],
      "post_last_callback_estimate_s": 22.29961323738098,
      "post_callback_coverage_s": 4.999417781829834,
      "source_post_hold_duration_s": 5,
      "source_behavior": "Hold cf.get_position() sampled at sequence end; no return-to-start path",
      "timing": "First observed logger row; callback estimate = row time - cmd_age is diagnostic only. Not radio/onboard actuation time.",
      "unknown": "No fresh FullState observation; may include takeoff, landing, intervention or cache expiry. No command imputed.",
      "phase_meaning": "Command source/target, not proof that the drone is stationary or settled",
      "cache_tail": "A fresh cached value can outlive publishing by up to 100 ms. Phase end is an observation limit, not a verified mode-switch time.",
      "warnings": [],
      "tracking_coverage_controller_s": [
        6.27552421910808,
        21.10552421910808
      ],
      "tracking_phase_counts": {
        "csv_maneuver": 66,
        "post_maneuver_fullstate_hold": 381,
        "pre_maneuver_fullstate_hold": 1000,
        "unobserved_command": 37
      },
      "tracking_boundary_uncertain_frames": 3,
      "tracking_covers_complete_csv": true,
      "boundary_uncertainty": "Previous-to-first logger-row bracket around phase transitions only; excludes unknown clock/measurement latency."
    },
    "geometry": {
      "offset_tracking_m": [
        0.0066549972854827175,
        -0.01287427254333901,
        -0.055
      ],
      "measurement": "55 mm vertical; lateral terms from preserved active calibration",
      "convention": "p_attachment = p_cf7 + R_tracking_to_world @ offset_tracking_m"
    },
    "training_ready": false,
    "role": "unassigned",
    "outcome": "unreviewed",
    "required_review": [
      "time alignment",
      "marker direction and attachment offset",
      "contact/intervention interval",
      "outcome and dataset split"
    ],
    "conventions": {
      "position": "source global meters; no frame transform",
      "quaternion": "source OptiTrack XYZW; mapping to body frame unverified",
      "cable": "c1..c10 numerically ordered; physical endpoint mapping unverified",
      "velocity": "offline centered difference; NaN at gaps and endpoints; not controller velocity",
      "reference": "Original kinematic full-state commands, not forces; causal hold with 100 ms age limit; no retrospective position offset",
      "attachment": "Derived measured attachment uses archived geometry and measured orientation; commands remain at cf_7 origin"
    },
    "output_files": {
      "controller_phases.csv": "fa881f0ca0e855f48c69cf5529661bd8ddcd05cb4c75de6cc81b892330f83d4b",
      "dataset.npz": "45b5e7e4f36cf90ad776d92653c43822b352e8ead3cc6dd6da1ef347c7b68e3c",
      "execution_phases.json": "9d52946fc92807dbe3bb23f00871aa6fa32b2ad708b5ee71e1a049ff61264631",
      "fullstate_aligned.csv": "549c74f595fc2d0cb11e9667906a998bcab2b7f0156637bd08ae4210f489500e",
      "phases.csv": "b8fbf88879b30e48a93b2a4d402663f4356de928c14d059803b096bf154aacac",
      "tracking.csv": "6c6215b98027c8d7c2befa4c2c716edf5ad193ef62753f325a58776005da571a"
    }
  }
]
