[W909 13:35:01.000000000 Context.cpp:448] Warning: torch.backends.cuda.preferred_linalg_library is an experimental feature. If you see any error or unexpected behavior when this flag is set please file an issue on GitHub. (function operator ())
{"stage": "Initializing MPPI proposal", "command_step": 0, "maneuver_time_s": 0.0}
{"stage": "MPPI lookahead optimization", "iteration": 1, "window_iteration": 1, "command_step": 0, "maneuver_time_s": 0.0, "lookahead_s": 2.0}
{"stage": "MPPI lookahead optimization", "iteration": 2, "window_iteration": 2, "command_step": 0, "maneuver_time_s": 0.0, "lookahead_s": 2.0}
{"stage": "MPPI lookahead optimization", "iteration": 3, "window_iteration": 3, "command_step": 0, "maneuver_time_s": 0.0, "lookahead_s": 2.0}
{"stage": "MPPI lookahead optimization", "iteration": 4, "window_iteration": 4, "command_step": 0, "maneuver_time_s": 0.0, "lookahead_s": 2.0}
{"stage": "MPPI lookahead optimization", "iteration": 5, "window_iteration": 5, "command_step": 0, "maneuver_time_s": 0.0, "lookahead_s": 2.0}
{"stage": "MPPI lookahead optimization", "iteration": 6, "window_iteration": 6, "command_step": 0, "maneuver_time_s": 0.0, "lookahead_s": 2.0}
{"stage": "MPPI lookahead optimization", "iteration": 7, "window_iteration": 7, "command_step": 0, "maneuver_time_s": 0.0, "lookahead_s": 2.0}
{"stage": "MPPI lookahead optimization", "iteration": 8, "window_iteration": 8, "command_step": 0, "maneuver_time_s": 0.0, "lookahead_s": 2.0}
{"stage": "MPPI lookahead optimization", "iteration": 9, "window_iteration": 9, "command_step": 0, "maneuver_time_s": 0.0, "lookahead_s": 2.0}
{"stage": "MPPI lookahead optimization", "iteration": 10, "window_iteration": 10, "command_step": 0, "maneuver_time_s": 0.0, "lookahead_s": 2.0}
{"stage": "MPPI lookahead optimization", "iteration": 11, "window_iteration": 11, "command_step": 0, "maneuver_time_s": 0.0, "lookahead_s": 2.0}
{"stage": "MPPI lookahead optimization", "iteration": 12, "window_iteration": 12, "command_step": 0, "maneuver_time_s": 0.0, "lookahead_s": 2.0}
{"stage": "MPPI lookahead optimization", "iteration": 13, "window_iteration": 13, "command_step": 0, "maneuver_time_s": 0.0, "lookahead_s": 2.0}
{"stage": "MPPI lookahead optimization", "iteration": 14, "window_iteration": 14, "command_step": 0, "maneuver_time_s": 0.0, "lookahead_s": 2.0}
{"stage": "MPPI lookahead optimization", "iteration": 15, "window_iteration": 15, "command_step": 0, "maneuver_time_s": 0.0, "lookahead_s": 2.0}
{"stage": "MPPI lookahead optimization", "iteration": 16, "window_iteration": 16, "command_step": 0, "maneuver_time_s": 0.0, "lookahead_s": 2.0}
{"stage": "MPPI lookahead optimization", "iteration": 17, "window_iteration": 17, "command_step": 0, "maneuver_time_s": 0.0, "lookahead_s": 2.0}
{"stage": "MPPI lookahead optimization", "iteration": 18, "window_iteration": 18, "command_step": 0, "maneuver_time_s": 0.0, "lookahead_s": 2.0}
{"stage": "MPPI lookahead optimization", "iteration": 19, "window_iteration": 19, "command_step": 0, "maneuver_time_s": 0.0, "lookahead_s": 2.0}
{"stage": "MPPI lookahead optimization", "iteration": 20, "window_iteration": 20, "command_step": 0, "maneuver_time_s": 0.0, "lookahead_s": 2.0}
{"stage": "MPPI lookahead optimization", "iteration": 21, "window_iteration": 21, "command_step": 0, "maneuver_time_s": 0.0, "lookahead_s": 2.0}
{"stage": "MPPI lookahead optimization", "iteration": 22, "window_iteration": 22, "command_step": 0, "maneuver_time_s": 0.0, "lookahead_s": 2.0}
{"stage": "MPPI lookahead optimization", "iteration": 23, "window_iteration": 23, "command_step": 0, "maneuver_time_s": 0.0, "lookahead_s": 2.0}
{"stage": "MPPI lookahead optimization", "iteration": 24, "window_iteration": 24, "command_step": 0, "maneuver_time_s": 0.0, "lookahead_s": 2.0}
{"stage": "MPPI lookahead optimization", "iteration": 25, "window_iteration": 25, "command_step": 0, "maneuver_time_s": 0.0, "lookahead_s": 2.0}
{"stage": "MPPI lookahead optimization", "iteration": 26, "window_iteration": 26, "command_step": 0, "maneuver_time_s": 0.0, "lookahead_s": 2.0}
{"stage": "MPPI lookahead optimization", "iteration": 27, "window_iteration": 27, "command_step": 0, "maneuver_time_s": 0.0, "lookahead_s": 2.0}
{"stage": "MPPI lookahead optimization", "iteration": 28, "window_iteration": 28, "command_step": 0, "maneuver_time_s": 0.0, "lookahead_s": 2.0}
{"stage": "Committing next 30 Hz command", "iteration": 28, "command_step": 0}
{"stage": "MPPI command committed", "iteration": 28, "command_step": 1, "time_s": 0.03333333333333333, "iterations": 28, "stop_reason": "reward_plateau", "actual_reward": -0.33109918201489974, "actual_success": false, "actual_failed": false, "actual_minimum_tip_distance_m": 1.3090152012878358, "lookahead_score": 360.97591349021053, "predicted_hit": true, "predicted_failed": false, "predicted_distance_m": 0.028249749016883614}
{"stage": "MPPI lookahead optimization", "iteration": 29, "window_iteration": 1, "command_step": 1, "maneuver_time_s": 0.03333333333333333, "lookahead_s": 2.0}
{"stage": "MPPI lookahead optimization", "iteration": 30, "window_iteration": 2, "command_step": 1, "maneuver_time_s": 0.03333333333333333, "lookahead_s": 2.0}
{"stage": "MPPI lookahead optimization", "iteration": 31, "window_iteration": 3, "command_step": 1, "maneuver_time_s": 0.03333333333333333, "lookahead_s": 2.0}
{"stage": "MPPI lookahead optimization", "iteration": 32, "window_iteration": 4, "command_step": 1, "maneuver_time_s": 0.03333333333333333, "lookahead_s": 2.0}
{"stage": "Committing next 30 Hz command", "iteration": 32, "command_step": 1}
{"stage": "MPPI command committed", "iteration": 32, "command_step": 2, "time_s": 0.06666666666666667, "iterations": 4, "stop_reason": "reward_plateau", "actual_reward": -0.6581346611143593, "actual_success": false, "actual_failed": false, "actual_minimum_tip_distance_m": 1.3088749092753398, "lookahead_score": 361.3070126722254, "predicted_hit": true, "predicted_failed": false, "predicted_distance_m": 0.028249749016883614}
{"stage": "MPPI lookahead optimization", "iteration": 33, "window_iteration": 1, "command_step": 2, "maneuver_time_s": 0.06666666666666667, "lookahead_s": 2.0}
{"stage": "MPPI lookahead optimization", "iteration": 34, "window_iteration": 2, "command_step": 2, "maneuver_time_s": 0.06666666666666667, "lookahead_s": 2.0}
{"stage": "MPPI lookahead optimization", "iteration": 35, "window_iteration": 3, "command_step": 2, "maneuver_time_s": 0.06666666666666667, "lookahead_s": 2.0}
{"stage": "MPPI lookahead optimization", "iteration": 36, "window_iteration": 4, "command_step": 2, "maneuver_time_s": 0.06666666666666667, "lookahead_s": 2.0}
{"stage": "Committing next 30 Hz command", "iteration": 36, "command_step": 2}
{"stage": "MPPI command committed", "iteration": 36, "command_step": 3, "time_s": 0.1, "iterations": 4, "stop_reason": "reward_plateau", "actual_reward": -0.9571061280511356, "actual_success": false, "actual_failed": false, "actual_minimum_tip_distance_m": 1.3081226200094551, "lookahead_score": 361.63404815132486, "predicted_hit": true, "predicted_failed": false, "predicted_distance_m": 0.028249749016883614}
{"stage": "MPPI lookahead optimization", "iteration": 37, "window_iteration": 1, "command_step": 3, "maneuver_time_s": 0.1, "lookahead_s": 2.0}
{"stage": "MPPI lookahead optimization", "iteration": 38, "window_iteration": 2, "command_step": 3, "maneuver_time_s": 0.1, "lookahead_s": 2.0}
{"stage": "MPPI lookahead optimization", "iteration": 39, "window_iteration": 3, "command_step": 3, "maneuver_time_s": 0.1, "lookahead_s": 2.0}
{"stage": "MPPI lookahead optimization", "iteration": 40, "window_iteration": 4, "command_step": 3, "maneuver_time_s": 0.1, "lookahead_s": 2.0}
{"stage": "Committing next 30 Hz command", "iteration": 40, "command_step": 3}
{"stage": "MPPI command committed", "iteration": 40, "command_step": 4, "time_s": 0.13333333333333333, "iterations": 4, "stop_reason": "reward_plateau", "actual_reward": -1.153338790854859, "actual_success": false, "actual_failed": false, "actual_minimum_tip_distance_m": 1.305129176249688, "lookahead_score": 361.9330196182598, "predicted_hit": true, "predicted_failed": false, "predicted_distance_m": 0.02824974901690511}
{"stage": "MPPI lookahead optimization", "iteration": 41, "window_iteration": 1, "command_step": 4, "maneuver_time_s": 0.13333333333333333, "lookahead_s": 2.0}
{"stage": "MPPI lookahead optimization", "iteration": 42, "window_iteration": 2, "command_step": 4, "maneuver_time_s": 0.13333333333333333, "lookahead_s": 2.0}
{"stage": "MPPI lookahead optimization", "iteration": 43, "window_iteration": 3, "command_step": 4, "maneuver_time_s": 0.13333333333333333, "lookahead_s": 2.0}
{"stage": "MPPI lookahead optimization", "iteration": 44, "window_iteration": 4, "command_step": 4, "maneuver_time_s": 0.13333333333333333, "lookahead_s": 2.0}
{"stage": "Committing next 30 Hz command", "iteration": 44, "command_step": 4}
{"stage": "MPPI command committed", "iteration": 44, "command_step": 5, "time_s": 0.16666666666666666, "iterations": 4, "stop_reason": "reward_plateau", "actual_reward": -1.1773057693501063, "actual_success": false, "actual_failed": false, "actual_minimum_tip_distance_m": 1.2983775154362498, "lookahead_score": 362.6174260156408, "predicted_hit": true, "predicted_failed": false, "predicted_distance_m": 0.01973871240865469}
{"stage": "MPPI lookahead optimization", "iteration": 45, "window_iteration": 1, "command_step": 5, "maneuver_time_s": 0.16666666666666666, "lookahead_s": 2.0}
{"stage": "MPPI lookahead optimization", "iteration": 46, "window_iteration": 2, "command_step": 5, "maneuver_time_s": 0.16666666666666666, "lookahead_s": 2.0}
{"stage": "MPPI lookahead optimization", "iteration": 47, "window_iteration": 3, "command_step": 5, "maneuver_time_s": 0.16666666666666666, "lookahead_s": 2.0}
{"stage": "MPPI lookahead optimization", "iteration": 48, "window_iteration": 4, "command_step": 5, "maneuver_time_s": 0.16666666666666666, "lookahead_s": 2.0}
{"stage": "Committing next 30 Hz command", "iteration": 48, "command_step": 5}
{"stage": "MPPI command committed", "iteration": 48, "command_step": 6, "time_s": 0.2, "iterations": 4, "stop_reason": "reward_plateau", "actual_reward": -0.7966699175784557, "actual_success": false, "actual_failed": false, "actual_minimum_tip_distance_m": 1.286498095347254, "lookahead_score": 362.6709438403725, "predicted_hit": true, "predicted_failed": false, "predicted_distance_m": 0.020694333945083344}
{"stage": "MPPI lookahead optimization", "iteration": 49, "window_iteration": 1, "command_step": 6, "maneuver_time_s": 0.2, "lookahead_s": 2.0}
{"stage": "MPPI lookahead optimization", "iteration": 50, "window_iteration": 2, "command_step": 6, "maneuver_time_s": 0.2, "lookahead_s": 2.0}
{"stage": "MPPI lookahead optimization", "iteration": 51, "window_iteration": 3, "command_step": 6, "maneuver_time_s": 0.2, "lookahead_s": 2.0}
{"stage": "MPPI lookahead optimization", "iteration": 52, "window_iteration": 4, "command_step": 6, "maneuver_time_s": 0.2, "lookahead_s": 2.0}
{"stage": "Committing next 30 Hz command", "iteration": 52, "command_step": 6}
{"stage": "MPPI command committed", "iteration": 52, "command_step": 7, "time_s": 0.23333333333333334, "iterations": 4, "stop_reason": "reward_plateau", "actual_reward": 0.08496628847901189, "actual_success": false, "actual_failed": false, "actual_minimum_tip_distance_m": 1.2684421429831738, "lookahead_score": 362.53870438046795, "predicted_hit": true, "predicted_failed": false, "predicted_distance_m": 0.021214491632260375}
{"stage": "MPPI lookahead optimization", "iteration": 53, "window_iteration": 1, "command_step": 7, "maneuver_time_s": 0.23333333333333334, "lookahead_s": 2.0}
{"stage": "MPPI lookahead optimization", "iteration": 54, "window_iteration": 2, "command_step": 7, "maneuver_time_s": 0.23333333333333334, "lookahead_s": 2.0}
{"stage": "MPPI lookahead optimization", "iteration": 55, "window_iteration": 3, "command_step": 7, "maneuver_time_s": 0.23333333333333334, "lookahead_s": 2.0}
{"stage": "MPPI lookahead optimization", "iteration": 56, "window_iteration": 4, "command_step": 7, "maneuver_time_s": 0.23333333333333334, "lookahead_s": 2.0}
{"stage": "Committing next 30 Hz command", "iteration": 56, "command_step": 7}
{"stage": "MPPI command committed", "iteration": 56, "command_step": 8, "time_s": 0.26666666666666666, "iterations": 4, "stop_reason": "reward_plateau", "actual_reward": 1.4789553938333047, "actual_success": false, "actual_failed": false, "actual_minimum_tip_distance_m": 1.243497647430639, "lookahead_score": 361.6570681745164, "predicted_hit": true, "predicted_failed": false, "predicted_distance_m": 0.021214491630745166}
{"stage": "MPPI lookahead optimization", "iteration": 57, "window_iteration": 1, "command_step": 8, "maneuver_time_s": 0.26666666666666666, "lookahead_s": 2.0}
{"stage": "MPPI lookahead optimization", "iteration": 58, "window_iteration": 2, "command_step": 8, "maneuver_time_s": 0.26666666666666666, "lookahead_s": 2.0}
{"stage": "MPPI lookahead optimization", "iteration": 59, "window_iteration": 3, "command_step": 8, "maneuver_time_s": 0.26666666666666666, "lookahead_s": 2.0}
{"stage": "MPPI lookahead optimization", "iteration": 60, "window_iteration": 4, "command_step": 8, "maneuver_time_s": 0.26666666666666666, "lookahead_s": 2.0}
{"stage": "Committing next 30 Hz command", "iteration": 60, "command_step": 8}
{"stage": "MPPI command committed", "iteration": 60, "command_step": 9, "time_s": 0.3, "iterations": 4, "stop_reason": "reward_plateau", "actual_reward": 3.4018491468263496, "actual_success": false, "actual_failed": false, "actual_minimum_tip_distance_m": 1.2118783681484706, "lookahead_score": 360.3174379081919, "predicted_hit": true, "predicted_failed": false, "predicted_distance_m": 0.023261699991287063}
{"stage": "MPPI lookahead optimization", "iteration": 61, "window_iteration": 1, "command_step": 9, "maneuver_time_s": 0.3, "lookahead_s": 2.0}
{"stage": "MPPI lookahead optimization", "iteration": 62, "window_iteration": 2, "command_step": 9, "maneuver_time_s": 0.3, "lookahead_s": 2.0}
{"stage": "MPPI lookahead optimization", "iteration": 63, "window_iteration": 3, "command_step": 9, "maneuver_time_s": 0.3, "lookahead_s": 2.0}
{"stage": "MPPI lookahead optimization", "iteration": 64, "window_iteration": 4, "command_step": 9, "maneuver_time_s": 0.3, "lookahead_s": 2.0}
{"stage": "Committing next 30 Hz command", "iteration": 64, "command_step": 9}
{"stage": "MPPI command committed", "iteration": 64, "command_step": 10, "time_s": 0.3333333333333333, "iterations": 4, "stop_reason": "reward_plateau", "actual_reward": 5.738242683786966, "actual_success": false, "actual_failed": false, "actual_minimum_tip_distance_m": 1.1761242452233573, "lookahead_score": 358.41762518001013, "predicted_hit": true, "predicted_failed": false, "predicted_distance_m": 0.019777374401753867}
{"stage": "MPPI lookahead optimization", "iteration": 65, "window_iteration": 1, "command_step": 10, "maneuver_time_s": 0.3333333333333333, "lookahead_s": 2.0}
{"stage": "MPPI lookahead optimization", "iteration": 66, "window_iteration": 2, "command_step": 10, "maneuver_time_s": 0.3333333333333333, "lookahead_s": 2.0}
{"stage": "MPPI lookahead optimization", "iteration": 67, "window_iteration": 3, "command_step": 10, "maneuver_time_s": 0.3333333333333333, "lookahead_s": 2.0}
{"stage": "MPPI lookahead optimization", "iteration": 68, "window_iteration": 4, "command_step": 10, "maneuver_time_s": 0.3333333333333333, "lookahead_s": 2.0}
{"stage": "Committing next 30 Hz command", "iteration": 68, "command_step": 10}
{"stage": "MPPI command committed", "iteration": 68, "command_step": 11, "time_s": 0.36666666666666664, "iterations": 4, "stop_reason": "reward_plateau", "actual_reward": 8.379530150159463, "actual_success": false, "actual_failed": false, "actual_minimum_tip_distance_m": 1.139064089111229, "lookahead_score": 356.12421932364765, "predicted_hit": true, "predicted_failed": false, "predicted_distance_m": 0.018252064126167956}
{"stage": "MPPI lookahead optimization", "iteration": 69, "window_iteration": 1, "command_step": 11, "maneuver_time_s": 0.36666666666666664, "lookahead_s": 2.0}
{"stage": "MPPI lookahead optimization", "iteration": 70, "window_iteration": 2, "command_step": 11, "maneuver_time_s": 0.36666666666666664, "lookahead_s": 2.0}
{"stage": "MPPI lookahead optimization", "iteration": 71, "window_iteration": 3, "command_step": 11, "maneuver_time_s": 0.36666666666666664, "lookahead_s": 2.0}
{"stage": "MPPI lookahead optimization", "iteration": 72, "window_iteration": 4, "command_step": 11, "maneuver_time_s": 0.36666666666666664, "lookahead_s": 2.0}
{"stage": "Committing next 30 Hz command", "iteration": 72, "command_step": 11}
{"stage": "MPPI command committed", "iteration": 72, "command_step": 12, "time_s": 0.4, "iterations": 4, "stop_reason": "reward_plateau", "actual_reward": 11.235560559023874, "actual_success": false, "actual_failed": false, "actual_minimum_tip_distance_m": 1.1036333954066135, "lookahead_score": 353.66846111813646, "predicted_hit": true, "predicted_failed": false, "predicted_distance_m": 0.019329709560293368}
{"stage": "MPPI lookahead optimization", "iteration": 73, "window_iteration": 1, "command_step": 12, "maneuver_time_s": 0.4, "lookahead_s": 2.0}
{"stage": "MPPI lookahead optimization", "iteration": 74, "window_iteration": 2, "command_step": 12, "maneuver_time_s": 0.4, "lookahead_s": 2.0}
{"stage": "MPPI lookahead optimization", "iteration": 75, "window_iteration": 3, "command_step": 12, "maneuver_time_s": 0.4, "lookahead_s": 2.0}
{"stage": "MPPI lookahead optimization", "iteration": 76, "window_iteration": 4, "command_step": 12, "maneuver_time_s": 0.4, "lookahead_s": 2.0}
{"stage": "Committing next 30 Hz command", "iteration": 76, "command_step": 12}
{"stage": "MPPI command committed", "iteration": 76, "command_step": 13, "time_s": 0.43333333333333335, "iterations": 4, "stop_reason": "reward_plateau", "actual_reward": 14.207044817655772, "actual_success": false, "actual_failed": false, "actual_minimum_tip_distance_m": 1.072891289184898, "lookahead_score": 350.8949282210562, "predicted_hit": true, "predicted_failed": false, "predicted_distance_m": 0.013302351165574733}
{"stage": "MPPI lookahead optimization", "iteration": 77, "window_iteration": 1, "command_step": 13, "maneuver_time_s": 0.43333333333333335, "lookahead_s": 2.0}
{"stage": "MPPI lookahead optimization", "iteration": 78, "window_iteration": 2, "command_step": 13, "maneuver_time_s": 0.43333333333333335, "lookahead_s": 2.0}
{"stage": "MPPI lookahead optimization", "iteration": 79, "window_iteration": 3, "command_step": 13, "maneuver_time_s": 0.43333333333333335, "lookahead_s": 2.0}
{"stage": "MPPI lookahead optimization", "iteration": 80, "window_iteration": 4, "command_step": 13, "maneuver_time_s": 0.43333333333333335, "lookahead_s": 2.0}
{"stage": "Committing next 30 Hz command", "iteration": 80, "command_step": 13}
{"stage": "MPPI command committed", "iteration": 80, "command_step": 14, "time_s": 0.4666666666666667, "iterations": 4, "stop_reason": "reward_plateau", "actual_reward": 17.238978563425405, "actual_success": false, "actual_failed": false, "actual_minimum_tip_distance_m": 1.0482619640984157, "lookahead_score": 347.92344396237445, "predicted_hit": true, "predicted_failed": false, "predicted_distance_m": 0.013302351166390232}
{"stage": "MPPI lookahead optimization", "iteration": 81, "window_iteration": 1, "command_step": 14, "maneuver_time_s": 0.4666666666666667, "lookahead_s": 2.0}
{"stage": "MPPI lookahead optimization", "iteration": 82, "window_iteration": 2, "command_step": 14, "maneuver_time_s": 0.4666666666666667, "lookahead_s": 2.0}
{"stage": "MPPI lookahead optimization", "iteration": 83, "window_iteration": 3, "command_step": 14, "maneuver_time_s": 0.4666666666666667, "lookahead_s": 2.0}
{"stage": "MPPI lookahead optimization", "iteration": 84, "window_iteration": 4, "command_step": 14, "maneuver_time_s": 0.4666666666666667, "lookahead_s": 2.0}
{"stage": "Committing next 30 Hz command", "iteration": 84, "command_step": 14}
{"stage": "MPPI command committed", "iteration": 84, "command_step": 15, "time_s": 0.5, "iterations": 4, "stop_reason": "reward_plateau", "actual_reward": 20.298992769240925, "actual_success": false, "actual_failed": false, "actual_minimum_tip_distance_m": 1.030152021384969, "lookahead_score": 344.8915102167103, "predicted_hit": true, "predicted_failed": false, "predicted_distance_m": 0.013302351164670342}
{"stage": "MPPI lookahead optimization", "iteration": 85, "window_iteration": 1, "command_step": 15, "maneuver_time_s": 0.5, "lookahead_s": 2.0}
{"stage": "MPPI lookahead optimization", "iteration": 86, "window_iteration": 2, "command_step": 15, "maneuver_time_s": 0.5, "lookahead_s": 2.0}
{"stage": "MPPI lookahead optimization", "iteration": 87, "window_iteration": 3, "command_step": 15, "maneuver_time_s": 0.5, "lookahead_s": 2.0}
{"stage": "MPPI lookahead optimization", "iteration": 88, "window_iteration": 4, "command_step": 15, "maneuver_time_s": 0.5, "lookahead_s": 2.0}
{"stage": "Committing next 30 Hz command", "iteration": 88, "command_step": 15}
{"stage": "MPPI command committed", "iteration": 88, "command_step": 16, "time_s": 0.5333333333333333, "iterations": 4, "stop_reason": "reward_plateau", "actual_reward": 23.361288802373952, "actual_success": false, "actual_failed": false, "actual_minimum_tip_distance_m": 1.018224013898067, "lookahead_score": 341.8487251024171, "predicted_hit": true, "predicted_failed": false, "predicted_distance_m": 0.01829145005450828}
{"stage": "MPPI lookahead optimization", "iteration": 89, "window_iteration": 1, "command_step": 16, "maneuver_time_s": 0.5333333333333333, "lookahead_s": 2.0}
{"stage": "MPPI lookahead optimization", "iteration": 90, "window_iteration": 2, "command_step": 16, "maneuver_time_s": 0.5333333333333333, "lookahead_s": 2.0}
{"stage": "MPPI lookahead optimization", "iteration": 91, "window_iteration": 3, "command_step": 16, "maneuver_time_s": 0.5333333333333333, "lookahead_s": 2.0}
{"stage": "MPPI lookahead optimization", "iteration": 92, "window_iteration": 4, "command_step": 16, "maneuver_time_s": 0.5333333333333333, "lookahead_s": 2.0}
{"stage": "Committing next 30 Hz command", "iteration": 92, "command_step": 16}
{"stage": "MPPI command committed", "iteration": 92, "command_step": 17, "time_s": 0.5666666666666667, "iterations": 4, "stop_reason": "reward_plateau", "actual_reward": 26.408503114590218, "actual_success": false, "actual_failed": false, "actual_minimum_tip_distance_m": 1.0115617849940455, "lookahead_score": 339.0947152382575, "predicted_hit": true, "predicted_failed": false, "predicted_distance_m": 0.016288803657168307}
{"stage": "MPPI lookahead optimization", "iteration": 93, "window_iteration": 1, "command_step": 17, "maneuver_time_s": 0.5666666666666667, "lookahead_s": 2.0}
{"stage": "MPPI lookahead optimization", "iteration": 94, "window_iteration": 2, "command_step": 17, "maneuver_time_s": 0.5666666666666667, "lookahead_s": 2.0}
{"stage": "MPPI lookahead optimization", "iteration": 95, "window_iteration": 3, "command_step": 17, "maneuver_time_s": 0.5666666666666667, "lookahead_s": 2.0}
{"stage": "MPPI lookahead optimization", "iteration": 96, "window_iteration": 4, "command_step": 17, "maneuver_time_s": 0.5666666666666667, "lookahead_s": 2.0}
{"stage": "Committing next 30 Hz command", "iteration": 96, "command_step": 17}
{"stage": "MPPI command committed", "iteration": 96, "command_step": 18, "time_s": 0.6, "iterations": 4, "stop_reason": "reward_plateau", "actual_reward": 27.33142944348242, "actual_success": false, "actual_failed": false, "actual_minimum_tip_distance_m": 1.008848149315505, "lookahead_score": 336.0964416449178, "predicted_hit": true, "predicted_failed": false, "predicted_distance_m": 0.017034151565376947}
{"stage": "MPPI lookahead optimization", "iteration": 97, "window_iteration": 1, "command_step": 18, "maneuver_time_s": 0.6, "lookahead_s": 2.0}
{"stage": "MPPI lookahead optimization", "iteration": 98, "window_iteration": 2, "command_step": 18, "maneuver_time_s": 0.6, "lookahead_s": 2.0}
{"stage": "MPPI lookahead optimization", "iteration": 99, "window_iteration": 3, "command_step": 18, "maneuver_time_s": 0.6, "lookahead_s": 2.0}
{"stage": "MPPI lookahead optimization", "iteration": 100, "window_iteration": 4, "command_step": 18, "maneuver_time_s": 0.6, "lookahead_s": 2.0}
{"stage": "Committing next 30 Hz command", "iteration": 100, "command_step": 18}
{"stage": "MPPI command committed", "iteration": 100, "command_step": 19, "time_s": 0.6333333333333333, "iterations": 4, "stop_reason": "reward_plateau", "actual_reward": 26.901098943889902, "actual_success": false, "actual_failed": false, "actual_minimum_tip_distance_m": 1.0085052744842122, "lookahead_score": 335.3249438628522, "predicted_hit": true, "predicted_failed": false, "predicted_distance_m": 0.0156481005523194}
{"stage": "MPPI lookahead optimization", "iteration": 101, "window_iteration": 1, "command_step": 19, "maneuver_time_s": 0.6333333333333333, "lookahead_s": 2.0}
{"stage": "MPPI lookahead optimization", "iteration": 102, "window_iteration": 2, "command_step": 19, "maneuver_time_s": 0.6333333333333333, "lookahead_s": 2.0}
{"stage": "MPPI lookahead optimization", "iteration": 103, "window_iteration": 3, "command_step": 19, "maneuver_time_s": 0.6333333333333333, "lookahead_s": 2.0}
{"stage": "MPPI lookahead optimization", "iteration": 104, "window_iteration": 4, "command_step": 19, "maneuver_time_s": 0.6333333333333333, "lookahead_s": 2.0}
{"stage": "Committing next 30 Hz command", "iteration": 104, "command_step": 19}
{"stage": "MPPI command committed", "iteration": 104, "command_step": 20, "time_s": 0.6666666666666666, "iterations": 4, "stop_reason": "reward_plateau", "actual_reward": 26.443880883178295, "actual_success": false, "actual_failed": false, "actual_minimum_tip_distance_m": 1.0085052744842122, "lookahead_score": 335.92028216015206, "predicted_hit": true, "predicted_failed": false, "predicted_distance_m": 0.014577524380669865}
{"stage": "MPPI lookahead optimization", "iteration": 105, "window_iteration": 1, "command_step": 20, "maneuver_time_s": 0.6666666666666666, "lookahead_s": 2.0}
{"stage": "MPPI lookahead optimization", "iteration": 106, "window_iteration": 2, "command_step": 20, "maneuver_time_s": 0.6666666666666666, "lookahead_s": 2.0}
{"stage": "MPPI lookahead optimization", "iteration": 107, "window_iteration": 3, "command_step": 20, "maneuver_time_s": 0.6666666666666666, "lookahead_s": 2.0}
{"stage": "MPPI lookahead optimization", "iteration": 108, "window_iteration": 4, "command_step": 20, "maneuver_time_s": 0.6666666666666666, "lookahead_s": 2.0}
{"stage": "Committing next 30 Hz command", "iteration": 108, "command_step": 20}
{"stage": "MPPI command committed", "iteration": 108, "command_step": 21, "time_s": 0.7, "iterations": 4, "stop_reason": "reward_plateau", "actual_reward": 25.97787020330269, "actual_success": false, "actual_failed": false, "actual_minimum_tip_distance_m": 1.0085052744842122, "lookahead_score": 336.41786101467375, "predicted_hit": true, "predicted_failed": false, "predicted_distance_m": 0.013560291966962386}
{"stage": "MPPI lookahead optimization", "iteration": 109, "window_iteration": 1, "command_step": 21, "maneuver_time_s": 0.7, "lookahead_s": 2.0}
{"stage": "MPPI lookahead optimization", "iteration": 110, "window_iteration": 2, "command_step": 21, "maneuver_time_s": 0.7, "lookahead_s": 2.0}
{"stage": "MPPI lookahead optimization", "iteration": 111, "window_iteration": 3, "command_step": 21, "maneuver_time_s": 0.7, "lookahead_s": 2.0}
{"stage": "MPPI lookahead optimization", "iteration": 112, "window_iteration": 4, "command_step": 21, "maneuver_time_s": 0.7, "lookahead_s": 2.0}
{"stage": "Committing next 30 Hz command", "iteration": 112, "command_step": 21}
{"stage": "MPPI command committed", "iteration": 112, "command_step": 22, "time_s": 0.7333333333333333, "iterations": 4, "stop_reason": "reward_plateau", "actual_reward": 25.505106607420828, "actual_success": false, "actual_failed": false, "actual_minimum_tip_distance_m": 1.0085052744842122, "lookahead_score": 336.8838716946437, "predicted_hit": true, "predicted_failed": false, "predicted_distance_m": 0.013560291965433357}
{"stage": "MPPI lookahead optimization", "iteration": 113, "window_iteration": 1, "command_step": 22, "maneuver_time_s": 0.7333333333333333, "lookahead_s": 2.0}
{"stage": "MPPI lookahead optimization", "iteration": 114, "window_iteration": 2, "command_step": 22, "maneuver_time_s": 0.7333333333333333, "lookahead_s": 2.0}
{"stage": "MPPI lookahead optimization", "iteration": 115, "window_iteration": 3, "command_step": 22, "maneuver_time_s": 0.7333333333333333, "lookahead_s": 2.0}
{"stage": "MPPI lookahead optimization", "iteration": 116, "window_iteration": 4, "command_step": 22, "maneuver_time_s": 0.7333333333333333, "lookahead_s": 2.0}
{"stage": "Committing next 30 Hz command", "iteration": 116, "command_step": 22}
{"stage": "MPPI command committed", "iteration": 116, "command_step": 23, "time_s": 0.7666666666666667, "iterations": 4, "stop_reason": "reward_plateau", "actual_reward": 25.02719899494756, "actual_success": false, "actual_failed": false, "actual_minimum_tip_distance_m": 1.0085052744842122, "lookahead_score": 337.43006262987205, "predicted_hit": true, "predicted_failed": false, "predicted_distance_m": 0.013593452089290352}
{"stage": "MPPI lookahead optimization", "iteration": 117, "window_iteration": 1, "command_step": 23, "maneuver_time_s": 0.7666666666666667, "lookahead_s": 2.0}
{"stage": "MPPI lookahead optimization", "iteration": 118, "window_iteration": 2, "command_step": 23, "maneuver_time_s": 0.7666666666666667, "lookahead_s": 2.0}
{"stage": "MPPI lookahead optimization", "iteration": 119, "window_iteration": 3, "command_step": 23, "maneuver_time_s": 0.7666666666666667, "lookahead_s": 2.0}
{"stage": "MPPI lookahead optimization", "iteration": 120, "window_iteration": 4, "command_step": 23, "maneuver_time_s": 0.7666666666666667, "lookahead_s": 2.0}
{"stage": "Committing next 30 Hz command", "iteration": 120, "command_step": 23}
{"stage": "MPPI command committed", "iteration": 120, "command_step": 24, "time_s": 0.8, "iterations": 4, "stop_reason": "reward_plateau", "actual_reward": 24.63809787344914, "actual_success": false, "actual_failed": false, "actual_minimum_tip_distance_m": 1.006485066115536, "lookahead_score": 337.90797024238213, "predicted_hit": true, "predicted_failed": false, "predicted_distance_m": 0.01359345208869505}
{"stage": "MPPI lookahead optimization", "iteration": 121, "window_iteration": 1, "command_step": 24, "maneuver_time_s": 0.8, "lookahead_s": 2.0}
{"stage": "MPPI lookahead optimization", "iteration": 122, "window_iteration": 2, "command_step": 24, "maneuver_time_s": 0.8, "lookahead_s": 2.0}
{"stage": "MPPI lookahead optimization", "iteration": 123, "window_iteration": 3, "command_step": 24, "maneuver_time_s": 0.8, "lookahead_s": 2.0}
{"stage": "MPPI lookahead optimization", "iteration": 124, "window_iteration": 4, "command_step": 24, "maneuver_time_s": 0.8, "lookahead_s": 2.0}
{"stage": "Committing next 30 Hz command", "iteration": 124, "command_step": 24}
{"stage": "MPPI command committed", "iteration": 124, "command_step": 25, "time_s": 0.8333333333333334, "iterations": 4, "stop_reason": "reward_plateau", "actual_reward": 24.478142772589976, "actual_success": false, "actual_failed": false, "actual_minimum_tip_distance_m": 0.9993982567855587, "lookahead_score": 338.35315243083784, "predicted_hit": true, "predicted_failed": false, "predicted_distance_m": 0.013452553864154181}
{"stage": "MPPI lookahead optimization", "iteration": 125, "window_iteration": 1, "command_step": 25, "maneuver_time_s": 0.8333333333333334, "lookahead_s": 2.0}
{"stage": "MPPI lookahead optimization", "iteration": 126, "window_iteration": 2, "command_step": 25, "maneuver_time_s": 0.8333333333333334, "lookahead_s": 2.0}
{"stage": "MPPI lookahead optimization", "iteration": 127, "window_iteration": 3, "command_step": 25, "maneuver_time_s": 0.8333333333333334, "lookahead_s": 2.0}
{"stage": "MPPI lookahead optimization", "iteration": 128, "window_iteration": 4, "command_step": 25, "maneuver_time_s": 0.8333333333333334, "lookahead_s": 2.0}
{"stage": "Committing next 30 Hz command", "iteration": 128, "command_step": 25}
{"stage": "MPPI command committed", "iteration": 128, "command_step": 26, "time_s": 0.8666666666666667, "iterations": 4, "stop_reason": "reward_plateau", "actual_reward": 24.518879548392892, "actual_success": false, "actual_failed": false, "actual_minimum_tip_distance_m": 0.9878758292893338, "lookahead_score": 338.58458869076725, "predicted_hit": true, "predicted_failed": false, "predicted_distance_m": 0.01344848988631015}
{"stage": "MPPI lookahead optimization", "iteration": 129, "window_iteration": 1, "command_step": 26, "maneuver_time_s": 0.8666666666666667, "lookahead_s": 2.0}
{"stage": "MPPI lookahead optimization", "iteration": 130, "window_iteration": 2, "command_step": 26, "maneuver_time_s": 0.8666666666666667, "lookahead_s": 2.0}
{"stage": "MPPI lookahead optimization", "iteration": 131, "window_iteration": 3, "command_step": 26, "maneuver_time_s": 0.8666666666666667, "lookahead_s": 2.0}
{"stage": "MPPI lookahead optimization", "iteration": 132, "window_iteration": 4, "command_step": 26, "maneuver_time_s": 0.8666666666666667, "lookahead_s": 2.0}
{"stage": "Committing next 30 Hz command", "iteration": 132, "command_step": 26}
{"stage": "MPPI command committed", "iteration": 132, "command_step": 27, "time_s": 0.9, "iterations": 4, "stop_reason": "reward_plateau", "actual_reward": 24.7961675298341, "actual_success": false, "actual_failed": false, "actual_minimum_tip_distance_m": 0.9711375027410027, "lookahead_score": 338.56631916989664, "predicted_hit": true, "predicted_failed": false, "predicted_distance_m": 0.013754250054627859}
{"stage": "MPPI lookahead optimization", "iteration": 133, "window_iteration": 1, "command_step": 27, "maneuver_time_s": 0.9, "lookahead_s": 2.0}
{"stage": "MPPI lookahead optimization", "iteration": 134, "window_iteration": 2, "command_step": 27, "maneuver_time_s": 0.9, "lookahead_s": 2.0}
{"stage": "MPPI lookahead optimization", "iteration": 135, "window_iteration": 3, "command_step": 27, "maneuver_time_s": 0.9, "lookahead_s": 2.0}
{"stage": "MPPI lookahead optimization", "iteration": 136, "window_iteration": 4, "command_step": 27, "maneuver_time_s": 0.9, "lookahead_s": 2.0}
{"stage": "Committing next 30 Hz command", "iteration": 136, "command_step": 27}
{"stage": "MPPI command committed", "iteration": 136, "command_step": 28, "time_s": 0.9333333333333333, "iterations": 4, "stop_reason": "reward_plateau", "actual_reward": 25.3221656355958, "actual_success": false, "actual_failed": false, "actual_minimum_tip_distance_m": 0.9489196713888025, "lookahead_score": 338.296107692242, "predicted_hit": true, "predicted_failed": false, "predicted_distance_m": 0.013790073168723544}
{"stage": "MPPI lookahead optimization", "iteration": 137, "window_iteration": 1, "command_step": 28, "maneuver_time_s": 0.9333333333333333, "lookahead_s": 2.0}
{"stage": "MPPI lookahead optimization", "iteration": 138, "window_iteration": 2, "command_step": 28, "maneuver_time_s": 0.9333333333333333, "lookahead_s": 2.0}
{"stage": "MPPI lookahead optimization", "iteration": 139, "window_iteration": 3, "command_step": 28, "maneuver_time_s": 0.9333333333333333, "lookahead_s": 2.0}
{"stage": "MPPI lookahead optimization", "iteration": 140, "window_iteration": 4, "command_step": 28, "maneuver_time_s": 0.9333333333333333, "lookahead_s": 2.0}
{"stage": "Committing next 30 Hz command", "iteration": 140, "command_step": 28}
{"stage": "MPPI command committed", "iteration": 140, "command_step": 29, "time_s": 0.9666666666666667, "iterations": 4, "stop_reason": "reward_plateau", "actual_reward": 26.161340770011314, "actual_success": false, "actual_failed": false, "actual_minimum_tip_distance_m": 0.9198198905866752, "lookahead_score": 337.79278679213735, "predicted_hit": true, "predicted_failed": false, "predicted_distance_m": 0.013625776281238152}
{"stage": "MPPI lookahead optimization", "iteration": 141, "window_iteration": 1, "command_step": 29, "maneuver_time_s": 0.9666666666666667, "lookahead_s": 2.0}
{"stage": "MPPI lookahead optimization", "iteration": 142, "window_iteration": 2, "command_step": 29, "maneuver_time_s": 0.9666666666666667, "lookahead_s": 2.0}
{"stage": "MPPI lookahead optimization", "iteration": 143, "window_iteration": 3, "command_step": 29, "maneuver_time_s": 0.9666666666666667, "lookahead_s": 2.0}
{"stage": "MPPI lookahead optimization", "iteration": 144, "window_iteration": 4, "command_step": 29, "maneuver_time_s": 0.9666666666666667, "lookahead_s": 2.0}
{"stage": "Committing next 30 Hz command", "iteration": 144, "command_step": 29}
{"stage": "MPPI command committed", "iteration": 144, "command_step": 30, "time_s": 1.0, "iterations": 4, "stop_reason": "reward_plateau", "actual_reward": 27.430086164707966, "actual_success": false, "actual_failed": false, "actual_minimum_tip_distance_m": 0.8813121771369961, "lookahead_score": 336.97045062644554, "predicted_hit": true, "predicted_failed": false, "predicted_distance_m": 0.013550129148266057}
{"stage": "MPPI lookahead optimization", "iteration": 145, "window_iteration": 1, "command_step": 30, "maneuver_time_s": 1.0, "lookahead_s": 2.0}
{"stage": "MPPI lookahead optimization", "iteration": 146, "window_iteration": 2, "command_step": 30, "maneuver_time_s": 1.0, "lookahead_s": 2.0}
{"stage": "MPPI lookahead optimization", "iteration": 147, "window_iteration": 3, "command_step": 30, "maneuver_time_s": 1.0, "lookahead_s": 2.0}
{"stage": "MPPI lookahead optimization", "iteration": 148, "window_iteration": 4, "command_step": 30, "maneuver_time_s": 1.0, "lookahead_s": 2.0}
{"stage": "Committing next 30 Hz command", "iteration": 148, "command_step": 30}
{"stage": "MPPI command committed", "iteration": 148, "command_step": 31, "time_s": 1.0333333333333334, "iterations": 4, "stop_reason": "reward_plateau", "actual_reward": 29.232852433871017, "actual_success": false, "actual_failed": false, "actual_minimum_tip_distance_m": 0.8311341761631034, "lookahead_score": 335.7100927644359, "predicted_hit": true, "predicted_failed": false, "predicted_distance_m": 0.013530432931168464}
{"stage": "MPPI lookahead optimization", "iteration": 149, "window_iteration": 1, "command_step": 31, "maneuver_time_s": 1.0333333333333334, "lookahead_s": 2.0}
{"stage": "MPPI lookahead optimization", "iteration": 150, "window_iteration": 2, "command_step": 31, "maneuver_time_s": 1.0333333333333334, "lookahead_s": 2.0}
{"stage": "MPPI lookahead optimization", "iteration": 151, "window_iteration": 3, "command_step": 31, "maneuver_time_s": 1.0333333333333334, "lookahead_s": 2.0}
{"stage": "MPPI lookahead optimization", "iteration": 152, "window_iteration": 4, "command_step": 31, "maneuver_time_s": 1.0333333333333334, "lookahead_s": 2.0}
{"stage": "Committing next 30 Hz command", "iteration": 152, "command_step": 31}
{"stage": "MPPI command committed", "iteration": 152, "command_step": 32, "time_s": 1.0666666666666667, "iterations": 4, "stop_reason": "reward_plateau", "actual_reward": 32.78778055853417, "actual_success": false, "actual_failed": false, "actual_minimum_tip_distance_m": 0.7667640728240256, "lookahead_score": 333.9126695695191, "predicted_hit": true, "predicted_failed": false, "predicted_distance_m": 0.01355056469667907}
{"stage": "MPPI lookahead optimization", "iteration": 153, "window_iteration": 1, "command_step": 32, "maneuver_time_s": 1.0666666666666667, "lookahead_s": 2.0}
{"stage": "MPPI lookahead optimization", "iteration": 154, "window_iteration": 2, "command_step": 32, "maneuver_time_s": 1.0666666666666667, "lookahead_s": 2.0}
{"stage": "MPPI lookahead optimization", "iteration": 155, "window_iteration": 3, "command_step": 32, "maneuver_time_s": 1.0666666666666667, "lookahead_s": 2.0}
{"stage": "MPPI lookahead optimization", "iteration": 156, "window_iteration": 4, "command_step": 32, "maneuver_time_s": 1.0666666666666667, "lookahead_s": 2.0}
{"stage": "Committing next 30 Hz command", "iteration": 156, "command_step": 32}
{"stage": "MPPI command committed", "iteration": 156, "command_step": 33, "time_s": 1.1, "iterations": 4, "stop_reason": "reward_plateau", "actual_reward": 39.071052947044556, "actual_success": false, "actual_failed": false, "actual_minimum_tip_distance_m": 0.6860337704600896, "lookahead_score": 330.3645368686223, "predicted_hit": true, "predicted_failed": false, "predicted_distance_m": 0.013509828405148154}
{"stage": "MPPI lookahead optimization", "iteration": 157, "window_iteration": 1, "command_step": 33, "maneuver_time_s": 1.1, "lookahead_s": 2.0}
{"stage": "MPPI lookahead optimization", "iteration": 158, "window_iteration": 2, "command_step": 33, "maneuver_time_s": 1.1, "lookahead_s": 2.0}
{"stage": "MPPI lookahead optimization", "iteration": 159, "window_iteration": 3, "command_step": 33, "maneuver_time_s": 1.1, "lookahead_s": 2.0}
{"stage": "MPPI lookahead optimization", "iteration": 160, "window_iteration": 4, "command_step": 33, "maneuver_time_s": 1.1, "lookahead_s": 2.0}
{"stage": "Committing next 30 Hz command", "iteration": 160, "command_step": 33}
{"stage": "MPPI command committed", "iteration": 160, "command_step": 34, "time_s": 1.1333333333333333, "iterations": 4, "stop_reason": "reward_plateau", "actual_reward": 47.8514317168632, "actual_success": false, "actual_failed": false, "actual_minimum_tip_distance_m": 0.5894344939434979, "lookahead_score": 324.0878873917977, "predicted_hit": true, "predicted_failed": false, "predicted_distance_m": 0.013485146211220581}
{"stage": "MPPI lookahead optimization", "iteration": 161, "window_iteration": 1, "command_step": 34, "maneuver_time_s": 1.1333333333333333, "lookahead_s": 2.0}
{"stage": "MPPI lookahead optimization", "iteration": 162, "window_iteration": 2, "command_step": 34, "maneuver_time_s": 1.1333333333333333, "lookahead_s": 2.0}
{"stage": "MPPI lookahead optimization", "iteration": 163, "window_iteration": 3, "command_step": 34, "maneuver_time_s": 1.1333333333333333, "lookahead_s": 2.0}
{"stage": "MPPI lookahead optimization", "iteration": 164, "window_iteration": 4, "command_step": 34, "maneuver_time_s": 1.1333333333333333, "lookahead_s": 2.0}
{"stage": "Committing next 30 Hz command", "iteration": 164, "command_step": 34}
{"stage": "MPPI command committed", "iteration": 164, "command_step": 35, "time_s": 1.1666666666666667, "iterations": 4, "stop_reason": "reward_plateau", "actual_reward": 58.56215750834918, "actual_success": false, "actual_failed": false, "actual_minimum_tip_distance_m": 0.48181847503577563, "lookahead_score": 315.31047035193495, "predicted_hit": true, "predicted_failed": false, "predicted_distance_m": 0.013481876685585642}
{"stage": "MPPI lookahead optimization", "iteration": 165, "window_iteration": 1, "command_step": 35, "maneuver_time_s": 1.1666666666666667, "lookahead_s": 2.0}
{"stage": "MPPI lookahead optimization", "iteration": 166, "window_iteration": 2, "command_step": 35, "maneuver_time_s": 1.1666666666666667, "lookahead_s": 2.0}
{"stage": "MPPI lookahead optimization", "iteration": 167, "window_iteration": 3, "command_step": 35, "maneuver_time_s": 1.1666666666666667, "lookahead_s": 2.0}
{"stage": "MPPI lookahead optimization", "iteration": 168, "window_iteration": 4, "command_step": 35, "maneuver_time_s": 1.1666666666666667, "lookahead_s": 2.0}
{"stage": "Committing next 30 Hz command", "iteration": 168, "command_step": 35}
{"stage": "MPPI command committed", "iteration": 168, "command_step": 36, "time_s": 1.2, "iterations": 4, "stop_reason": "reward_plateau", "actual_reward": 70.8985549778391, "actual_success": false, "actual_failed": false, "actual_minimum_tip_distance_m": 0.36174575657944685, "lookahead_score": 304.6027074389158, "predicted_hit": true, "predicted_failed": false, "predicted_distance_m": 0.013472346050176248}
{"stage": "MPPI lookahead optimization", "iteration": 169, "window_iteration": 1, "command_step": 36, "maneuver_time_s": 1.2, "lookahead_s": 2.0}
{"stage": "MPPI lookahead optimization", "iteration": 170, "window_iteration": 2, "command_step": 36, "maneuver_time_s": 1.2, "lookahead_s": 2.0}
{"stage": "MPPI lookahead optimization", "iteration": 171, "window_iteration": 3, "command_step": 36, "maneuver_time_s": 1.2, "lookahead_s": 2.0}
{"stage": "MPPI lookahead optimization", "iteration": 172, "window_iteration": 4, "command_step": 36, "maneuver_time_s": 1.2, "lookahead_s": 2.0}
{"stage": "Committing next 30 Hz command", "iteration": 172, "command_step": 36}
{"stage": "MPPI command committed", "iteration": 172, "command_step": 37, "time_s": 1.2333333333333334, "iterations": 4, "stop_reason": "reward_plateau", "actual_reward": 84.79390346775648, "actual_success": false, "actual_failed": false, "actual_minimum_tip_distance_m": 0.22054800670951746, "lookahead_score": 292.2674424861652, "predicted_hit": true, "predicted_failed": false, "predicted_distance_m": 0.013472346050098815}
{"stage": "MPPI lookahead optimization", "iteration": 173, "window_iteration": 1, "command_step": 37, "maneuver_time_s": 1.2333333333333334, "lookahead_s": 2.0}
{"stage": "MPPI lookahead optimization", "iteration": 174, "window_iteration": 2, "command_step": 37, "maneuver_time_s": 1.2333333333333334, "lookahead_s": 2.0}
{"stage": "MPPI lookahead optimization", "iteration": 175, "window_iteration": 3, "command_step": 37, "maneuver_time_s": 1.2333333333333334, "lookahead_s": 2.0}
{"stage": "MPPI lookahead optimization", "iteration": 176, "window_iteration": 4, "command_step": 37, "maneuver_time_s": 1.2333333333333334, "lookahead_s": 2.0}
{"stage": "Committing next 30 Hz command", "iteration": 176, "command_step": 37}
{"stage": "MPPI command committed", "iteration": 176, "command_step": 38, "time_s": 1.2666666666666666, "iterations": 4, "stop_reason": "reward_plateau", "actual_reward": 100.06669890770642, "actual_success": false, "actual_failed": false, "actual_minimum_tip_distance_m": 0.05000025349602512, "lookahead_score": 278.3729223111467, "predicted_hit": true, "predicted_failed": false, "predicted_distance_m": 0.013472346050141902}
{"stage": "MPPI lookahead optimization", "iteration": 177, "window_iteration": 1, "command_step": 38, "maneuver_time_s": 1.2666666666666666, "lookahead_s": 2.0}
{"stage": "MPPI lookahead optimization", "iteration": 178, "window_iteration": 2, "command_step": 38, "maneuver_time_s": 1.2666666666666666, "lookahead_s": 2.0}
{"stage": "MPPI lookahead optimization", "iteration": 179, "window_iteration": 3, "command_step": 38, "maneuver_time_s": 1.2666666666666666, "lookahead_s": 2.0}
{"stage": "MPPI lookahead optimization", "iteration": 180, "window_iteration": 4, "command_step": 38, "maneuver_time_s": 1.2666666666666666, "lookahead_s": 2.0}
{"stage": "Committing next 30 Hz command", "iteration": 180, "command_step": 38}
{"stage": "MPPI command committed", "iteration": 180, "command_step": 39, "time_s": 1.3, "iterations": 4, "stop_reason": "reward_plateau", "actual_reward": 363.19189663015413, "actual_success": true, "actual_failed": false, "actual_minimum_tip_distance_m": 0.013472346050116593, "lookahead_score": 263.1002793490463, "predicted_hit": true, "predicted_failed": false, "predicted_distance_m": 0.013472346050116595}
