preparing full model training {}
drone_nominal {'delay_s': 0.0, 'windows': 80}
drone_nominal {'update': 1, 'loss': 3.33586862715714, 'best_loss': 3.33586862715714}
drone_nominal {'update': 2, 'loss': 3.2317398414712986, 'best_loss': 3.2317398414712986}
drone_nominal {'update': 3, 'loss': 3.214957374102069, 'best_loss': 3.214957374102069}
drone_nominal {'update': 4, 'loss': 3.2114192627264107, 'best_loss': 3.2114192627264107}
drone_nominal {'update': 5, 'loss': 3.210539475535614, 'best_loss': 3.210539475535614}
drone_nominal {'update': 6, 'loss': 3.2103057591668502, 'best_loss': 3.2103057591668502}
drone_nominal {'update': 7, 'loss': 3.2102419209864426, 'best_loss': 3.2102419209864426}
drone_nominal {'update': 8, 'loss': 3.2102241314548765, 'best_loss': 3.2102241314548765}
drone_nominal {'update': 9, 'loss': 3.210219074565701, 'best_loss': 3.210219074565701}
drone_nominal {'delay_s': 0.01, 'windows': 80}
drone_nominal {'update': 1, 'loss': 3.1144604796148943, 'best_loss': 3.1144604796148943}
drone_nominal {'update': 2, 'loss': 2.9465390902218984, 'best_loss': 2.9465390902218984}
drone_nominal {'update': 3, 'loss': 2.9189876190847706, 'best_loss': 2.9189876190847706}
drone_nominal {'update': 4, 'loss': 2.913949377690418, 'best_loss': 2.913949377690418}
drone_nominal {'update': 5, 'loss': 2.912900137920969, 'best_loss': 2.912900137920969}
drone_nominal {'update': 6, 'loss': 2.9126738781168324, 'best_loss': 2.9126738781168324}
drone_nominal {'update': 7, 'loss': 2.9126244359704327, 'best_loss': 2.9126244359704327}
drone_nominal {'update': 8, 'loss': 2.912613520742202, 'best_loss': 2.912613520742202}
drone_nominal {'update': 9, 'loss': 2.9126110866405113, 'best_loss': 2.9126110866405113}
drone_nominal {'delay_s': 0.02, 'windows': 80}
drone_nominal {'update': 1, 'loss': 2.8007335477959643, 'best_loss': 2.8007335477959643}
drone_nominal {'update': 2, 'loss': 2.686998046500272, 'best_loss': 2.686998046500272}
drone_nominal {'update': 3, 'loss': 2.669187964457272, 'best_loss': 2.669187964457272}
drone_nominal {'update': 4, 'loss': 2.666196689366036, 'best_loss': 2.666196689366036}
drone_nominal {'update': 5, 'loss': 2.6656389732356827, 'best_loss': 2.6656389732356827}
drone_nominal {'update': 6, 'loss': 2.6655295302987128, 'best_loss': 2.6655295302987128}
drone_nominal {'update': 7, 'loss': 2.665507520554188, 'best_loss': 2.665507520554188}
drone_nominal {'update': 8, 'loss': 2.6655030267518174, 'best_loss': 2.6655030267518174}
drone_nominal {'update': 9, 'loss': 2.66550209933906, 'best_loss': 2.66550209933906}
drone_nominal {'delay_s': 0.03, 'windows': 80}
drone_nominal {'update': 1, 'loss': 2.537648221605626, 'best_loss': 2.537648221605626}
drone_nominal {'update': 2, 'loss': 2.498493761467213, 'best_loss': 2.498493761467213}
drone_nominal {'update': 3, 'loss': 2.492698910174255, 'best_loss': 2.492698910174255}
drone_nominal {'update': 4, 'loss': 2.4918116083069766, 'best_loss': 2.4918116083069766}
drone_nominal {'update': 5, 'loss': 2.491664419074924, 'best_loss': 2.491664419074924}
drone_nominal {'update': 6, 'loss': 2.491638497408931, 'best_loss': 2.491638497408931}
drone_nominal {'update': 7, 'loss': 2.4916337669228756, 'best_loss': 2.4916337669228756}
drone_nominal {'update': 8, 'loss': 2.491632884415379, 'best_loss': 2.491632884415379}
drone_nominal {'delay_s': 0.04, 'windows': 80}
drone_nominal {'update': 1, 'loss': 2.424422345236136, 'best_loss': 2.424422345236136}
drone_nominal {'update': 2, 'loss': 2.4146753798462077, 'best_loss': 2.4146753798462077}
drone_nominal {'update': 3, 'loss': 2.413335686220693, 'best_loss': 2.413335686220693}
drone_nominal {'update': 4, 'loss': 2.4131492898229636, 'best_loss': 2.4131492898229636}
drone_nominal {'update': 5, 'loss': 2.413121958066828, 'best_loss': 2.413121958066828}
drone_nominal {'update': 6, 'loss': 2.413117714276854, 'best_loss': 2.413117714276854}
drone_nominal {'update': 7, 'loss': 2.4131170232863135, 'best_loss': 2.4131170232863135}
drone_nominal {'delay_s': 0.06, 'windows': 80}
drone_nominal {'update': 1, 'loss': 2.604068974346963, 'best_loss': 2.604068974346963}
drone_nominal {'update': 2, 'loss': 2.5957599490789773, 'best_loss': 2.5957599490789773}
drone_nominal {'update': 3, 'loss': 2.594932992320681, 'best_loss': 2.594932992320681}
drone_nominal {'update': 4, 'loss': 2.5948455638158325, 'best_loss': 2.5948455638158325}
drone_nominal {'update': 5, 'loss': 2.5948353012384824, 'best_loss': 2.5948353012384824}
drone_nominal {'update': 6, 'loss': 2.5948339542092347, 'best_loss': 2.5948339542092347}
drone_nominal {'delay_s': 0.08, 'windows': 80}
drone_nominal {'update': 1, 'loss': 3.240385542779813, 'best_loss': 3.240385542779813}
drone_nominal {'update': 2, 'loss': 3.215940410251167, 'best_loss': 3.215940410251167}
drone_nominal {'update': 3, 'loss': 3.211400159008983, 'best_loss': 3.211400159008983}
drone_nominal {'update': 4, 'loss': 3.2105866047511866, 'best_loss': 3.2105866047511866}
drone_nominal {'update': 5, 'loss': 3.2104476712664765, 'best_loss': 3.2104476712664765}
drone_nominal {'update': 6, 'loss': 3.2104237411693433, 'best_loss': 3.2104237411693433}
drone_nominal {'update': 7, 'loss': 3.2104194509434594, 'best_loss': 3.2104194509434594}
drone_nominal {'update': 8, 'loss': 3.210418648251496, 'best_loss': 3.210418648251496}
drone_nominal {'delay_s': 0.1, 'windows': 80}
drone_nominal {'update': 1, 'loss': 4.211760142449044, 'best_loss': 4.211760142449044}
drone_nominal {'update': 2, 'loss': 4.152731640567944, 'best_loss': 4.152731640567944}
drone_nominal {'update': 3, 'loss': 4.137724262352119, 'best_loss': 4.137724262352119}
drone_nominal {'update': 4, 'loss': 4.1341242294838825, 'best_loss': 4.1341242294838825}
drone_nominal {'update': 5, 'loss': 4.1333521625073475, 'best_loss': 4.1333521625073475}
drone_nominal {'update': 6, 'loss': 4.133190394519926, 'best_loss': 4.133190394519926}
drone_nominal {'update': 7, 'loss': 4.1331540139412475, 'best_loss': 4.1331540139412475}
drone_nominal {'update': 8, 'loss': 4.133145078785493, 'best_loss': 4.133145078785493}
drone_nominal {'update': 9, 'loss': 4.133142747850539, 'best_loss': 4.133142747850539}
drone_nominal {'delay_s': 0.12, 'windows': 80}
drone_nominal {'update': 1, 'loss': 5.410095425377693, 'best_loss': 5.410095425377693}
drone_nominal {'update': 2, 'loss': 5.292963463780006, 'best_loss': 5.292963463780006}
drone_nominal {'update': 3, 'loss': 5.257534907810074, 'best_loss': 5.257534907810074}
drone_nominal {'update': 4, 'loss': 5.246493801104395, 'best_loss': 5.246493801104395}
drone_nominal {'update': 5, 'loss': 5.243425920103489, 'best_loss': 5.243425920103489}
drone_nominal {'update': 6, 'loss': 5.242666210241245, 'best_loss': 5.242666210241245}
drone_nominal {'update': 7, 'loss': 5.242483424344055, 'best_loss': 5.242483424344055}
drone_nominal {'update': 8, 'loss': 5.2424361575056455, 'best_loss': 5.2424361575056455}
drone_nominal {'update': 9, 'loss': 5.242422755480192, 'best_loss': 5.242422755480192}
attitude response {'windows': 80}
attitude response {'update': 1, 'loss': 0.8940636359550405, 'best_loss': 0.8940636359550405}
attitude response {'update': 2, 'loss': 0.8937175612233498, 'best_loss': 0.8937175612233498}
attitude response {'update': 3, 'loss': 0.8936842150620833, 'best_loss': 0.8936842150620833}
attitude response {'update': 4, 'loss': 0.8936808638248456, 'best_loss': 0.8936808638248456}
attitude response {'update': 5, 'loss': 0.8936805228320146, 'best_loss': 0.8936805228320146}
drone_residual graph preparation {'windows': 80}
[W915 00:20:24.000000000 Context.cpp:448] Warning: torch.backends.cuda.preferred_linalg_library is an experimental feature. If you see any error or unexpected behavior when this flag is set please file an issue on GitHub. (function operator ())
drone_residual {'update': 1, 'best_loss': 2.4168473369300454, 'stopping': 'practical plateau; no update ceiling'}
drone_residual {'update': 2, 'best_loss': 2.4168473369300454, 'stopping': 'practical plateau; no update ceiling'}
drone_residual {'update': 3, 'best_loss': 2.4168473369300454, 'stopping': 'practical plateau; no update ceiling'}
drone_residual {'update': 4, 'best_loss': 2.4168473369300454, 'stopping': 'practical plateau; no update ceiling'}
drone_residual {'update': 5, 'best_loss': 2.4168473369300454, 'stopping': 'practical plateau; no update ceiling'}
drone_residual {'update': 6, 'best_loss': 2.407207561056158, 'stopping': 'practical plateau; no update ceiling'}
drone_residual {'update': 7, 'best_loss': 2.407207561056158, 'stopping': 'practical plateau; no update ceiling'}
drone_residual {'update': 8, 'best_loss': 2.407207561056158, 'stopping': 'practical plateau; no update ceiling'}
drone_residual {'update': 9, 'best_loss': 2.407207561056158, 'stopping': 'practical plateau; no update ceiling'}
drone_residual {'update': 10, 'best_loss': 2.407207561056158, 'stopping': 'practical plateau; no update ceiling'}
drone_residual {'update': 11, 'best_loss': 2.3988507969190205, 'stopping': 'practical plateau; no update ceiling'}
drone_residual {'update': 12, 'best_loss': 2.3988507969190205, 'stopping': 'practical plateau; no update ceiling'}
drone_residual {'update': 13, 'best_loss': 2.3988507969190205, 'stopping': 'practical plateau; no update ceiling'}
drone_residual {'update': 14, 'best_loss': 2.3988507969190205, 'stopping': 'practical plateau; no update ceiling'}
drone_residual {'update': 15, 'best_loss': 2.3988507969190205, 'stopping': 'practical plateau; no update ceiling'}
drone_residual {'update': 16, 'best_loss': 2.395106529961675, 'stopping': 'practical plateau; no update ceiling'}
drone_residual {'update': 17, 'best_loss': 2.395106529961675, 'stopping': 'practical plateau; no update ceiling'}
drone_residual {'update': 18, 'best_loss': 2.395106529961675, 'stopping': 'practical plateau; no update ceiling'}
drone_residual {'update': 19, 'best_loss': 2.395106529961675, 'stopping': 'practical plateau; no update ceiling'}
drone_residual {'update': 20, 'best_loss': 2.395106529961675, 'stopping': 'practical plateau; no update ceiling'}
drone_residual {'update': 21, 'best_loss': 2.3925354338064726, 'stopping': 'practical plateau; no update ceiling'}
drone_residual {'update': 22, 'best_loss': 2.3925354338064726, 'stopping': 'practical plateau; no update ceiling'}
drone_residual {'update': 23, 'best_loss': 2.3925354338064726, 'stopping': 'practical plateau; no update ceiling'}
drone_residual {'update': 24, 'best_loss': 2.3925354338064726, 'stopping': 'practical plateau; no update ceiling'}
drone_residual {'update': 25, 'best_loss': 2.3925354338064726, 'stopping': 'practical plateau; no update ceiling'}
drone_residual {'update': 26, 'best_loss': 2.3896716574634325, 'stopping': 'practical plateau; no update ceiling'}
drone_residual {'update': 27, 'best_loss': 2.3896716574634325, 'stopping': 'practical plateau; no update ceiling'}
drone_residual {'update': 28, 'best_loss': 2.3896716574634325, 'stopping': 'practical plateau; no update ceiling'}
drone_residual {'update': 29, 'best_loss': 2.3896716574634325, 'stopping': 'practical plateau; no update ceiling'}
drone_residual {'update': 30, 'best_loss': 2.3896716574634325, 'stopping': 'practical plateau; no update ceiling'}
drone_residual {'update': 31, 'best_loss': 2.386936907623268, 'stopping': 'practical plateau; no update ceiling'}
drone_residual {'update': 32, 'best_loss': 2.386936907623268, 'stopping': 'practical plateau; no update ceiling'}
drone_residual {'update': 33, 'best_loss': 2.386936907623268, 'stopping': 'practical plateau; no update ceiling'}
drone_residual {'update': 34, 'best_loss': 2.386936907623268, 'stopping': 'practical plateau; no update ceiling'}
drone_residual {'update': 35, 'best_loss': 2.386936907623268, 'stopping': 'practical plateau; no update ceiling'}
drone_residual {'update': 36, 'best_loss': 2.384687673833954, 'stopping': 'practical plateau; no update ceiling'}
drone_residual {'update': 37, 'best_loss': 2.384687673833954, 'stopping': 'practical plateau; no update ceiling'}
drone_residual {'update': 38, 'best_loss': 2.384687673833954, 'stopping': 'practical plateau; no update ceiling'}
drone_residual {'update': 39, 'best_loss': 2.384687673833954, 'stopping': 'practical plateau; no update ceiling'}
drone_residual {'update': 40, 'best_loss': 2.384687673833954, 'stopping': 'practical plateau; no update ceiling'}
drone_residual {'update': 41, 'best_loss': 2.3825305003081807, 'stopping': 'practical plateau; no update ceiling'}
drone_residual {'update': 42, 'best_loss': 2.3825305003081807, 'stopping': 'practical plateau; no update ceiling'}
drone_residual {'update': 43, 'best_loss': 2.3825305003081807, 'stopping': 'practical plateau; no update ceiling'}
drone_residual {'update': 44, 'best_loss': 2.3825305003081807, 'stopping': 'practical plateau; no update ceiling'}
drone_residual {'update': 45, 'best_loss': 2.3825305003081807, 'stopping': 'practical plateau; no update ceiling'}
drone_residual {'update': 46, 'best_loss': 2.38053306503899, 'stopping': 'practical plateau; no update ceiling'}
drone_residual {'update': 47, 'best_loss': 2.38053306503899, 'stopping': 'practical plateau; no update ceiling'}
drone_residual {'update': 48, 'best_loss': 2.38053306503899, 'stopping': 'practical plateau; no update ceiling'}
drone_residual {'update': 49, 'best_loss': 2.38053306503899, 'stopping': 'practical plateau; no update ceiling'}
drone_residual {'update': 50, 'best_loss': 2.38053306503899, 'stopping': 'practical plateau; no update ceiling'}
drone_residual {'update': 51, 'best_loss': 2.3786227668278257, 'stopping': 'practical plateau; no update ceiling'}
drone_residual {'update': 52, 'best_loss': 2.3786227668278257, 'stopping': 'practical plateau; no update ceiling'}
drone_residual {'update': 53, 'best_loss': 2.3786227668278257, 'stopping': 'practical plateau; no update ceiling'}
drone_residual {'update': 54, 'best_loss': 2.3786227668278257, 'stopping': 'practical plateau; no update ceiling'}
drone_residual {'update': 55, 'best_loss': 2.3786227668278257, 'stopping': 'practical plateau; no update ceiling'}
drone_residual {'update': 56, 'best_loss': 2.3768081951273468, 'stopping': 'practical plateau; no update ceiling'}
drone_residual {'update': 57, 'best_loss': 2.3768081951273468, 'stopping': 'practical plateau; no update ceiling'}
drone_residual {'update': 58, 'best_loss': 2.3768081951273468, 'stopping': 'practical plateau; no update ceiling'}
drone_residual {'update': 59, 'best_loss': 2.3768081951273468, 'stopping': 'practical plateau; no update ceiling'}
drone_residual {'update': 60, 'best_loss': 2.3768081951273468, 'stopping': 'practical plateau; no update ceiling'}
drone_residual {'update': 61, 'best_loss': 2.375052494579565, 'stopping': 'practical plateau; no update ceiling'}
drone_residual {'update': 62, 'best_loss': 2.375052494579565, 'stopping': 'practical plateau; no update ceiling'}
drone_residual {'update': 63, 'best_loss': 2.375052494579565, 'stopping': 'practical plateau; no update ceiling'}
drone_residual {'update': 64, 'best_loss': 2.375052494579565, 'stopping': 'practical plateau; no update ceiling'}
drone_residual {'update': 65, 'best_loss': 2.375052494579565, 'stopping': 'practical plateau; no update ceiling'}
attitude response {'windows': 80}
attitude response {'update': 1, 'loss': 0.8836769258794238, 'best_loss': 0.8836769258794238}
attitude response {'update': 2, 'loss': 0.8836639580241897, 'best_loss': 0.8836639580241897}
attitude response {'update': 3, 'loss': 0.8836631519748331, 'best_loss': 0.8836631519748331}
cable_physics {'windows': 143, 'parameters': ['EI', 'Cb', 'external damping']}
cable_physics {'update': 1, 'loss': 1.5668589743183412, 'best_loss': 1.5668589743183412}
cable_physics {'update': 2, 'loss': 1.5635749099340785, 'best_loss': 1.5635749099340785}
cable_physics {'update': 3, 'loss': 1.5617127469837115, 'best_loss': 1.5617127469837115}
cable_physics {'update': 4, 'loss': 1.5617003000500174, 'best_loss': 1.5617003000500174}
cable_physics {'update': 5, 'loss': 1.5616465140208022, 'best_loss': 1.5616465140208022}
cable_residual graph preparation {'windows': 143}
cable_residual {'update': 1, 'best_loss': 1.5645188929215141, 'stopping': 'practical plateau; no update ceiling'}
cable_residual {'update': 2, 'best_loss': 1.5645188929215141, 'stopping': 'practical plateau; no update ceiling'}
cable_residual {'update': 3, 'best_loss': 1.5645188929215141, 'stopping': 'practical plateau; no update ceiling'}
cable_residual {'update': 4, 'best_loss': 1.5645188929215141, 'stopping': 'practical plateau; no update ceiling'}
cable_residual {'update': 5, 'best_loss': 1.5645188929215141, 'stopping': 'practical plateau; no update ceiling'}
cable_residual {'update': 6, 'best_loss': 1.5457502604571942, 'stopping': 'practical plateau; no update ceiling'}
cable_residual {'update': 7, 'best_loss': 1.5457502604571942, 'stopping': 'practical plateau; no update ceiling'}
cable_residual {'update': 8, 'best_loss': 1.5457502604571942, 'stopping': 'practical plateau; no update ceiling'}
cable_residual {'update': 9, 'best_loss': 1.5457502604571942, 'stopping': 'practical plateau; no update ceiling'}
cable_residual {'update': 10, 'best_loss': 1.5457502604571942, 'stopping': 'practical plateau; no update ceiling'}
cable_residual {'update': 11, 'best_loss': 1.5168051762200967, 'stopping': 'practical plateau; no update ceiling'}
cable_residual {'update': 12, 'best_loss': 1.5168051762200967, 'stopping': 'practical plateau; no update ceiling'}
cable_residual {'update': 13, 'best_loss': 1.5168051762200967, 'stopping': 'practical plateau; no update ceiling'}
cable_residual {'update': 14, 'best_loss': 1.5168051762200967, 'stopping': 'practical plateau; no update ceiling'}
cable_residual {'update': 15, 'best_loss': 1.5168051762200967, 'stopping': 'practical plateau; no update ceiling'}
cable_residual {'update': 16, 'best_loss': 1.4723576995863956, 'stopping': 'practical plateau; no update ceiling'}
cable_residual {'update': 17, 'best_loss': 1.4723576995863956, 'stopping': 'practical plateau; no update ceiling'}
cable_residual {'update': 18, 'best_loss': 1.4723576995863956, 'stopping': 'practical plateau; no update ceiling'}
cable_residual {'update': 19, 'best_loss': 1.4723576995863956, 'stopping': 'practical plateau; no update ceiling'}
cable_residual {'update': 20, 'best_loss': 1.4723576995863956, 'stopping': 'practical plateau; no update ceiling'}
cable_residual {'update': 21, 'best_loss': 1.4296276460269894, 'stopping': 'practical plateau; no update ceiling'}
cable_residual {'update': 22, 'best_loss': 1.4296276460269894, 'stopping': 'practical plateau; no update ceiling'}
cable_residual {'update': 23, 'best_loss': 1.4296276460269894, 'stopping': 'practical plateau; no update ceiling'}
cable_residual {'update': 24, 'best_loss': 1.4296276460269894, 'stopping': 'practical plateau; no update ceiling'}
cable_residual {'update': 25, 'best_loss': 1.4296276460269894, 'stopping': 'practical plateau; no update ceiling'}
cable_residual {'update': 26, 'best_loss': 1.3902739119990521, 'stopping': 'practical plateau; no update ceiling'}
cable_residual {'update': 27, 'best_loss': 1.3902739119990521, 'stopping': 'practical plateau; no update ceiling'}
cable_residual {'update': 28, 'best_loss': 1.3902739119990521, 'stopping': 'practical plateau; no update ceiling'}
cable_residual {'update': 29, 'best_loss': 1.3902739119990521, 'stopping': 'practical plateau; no update ceiling'}
cable_residual {'update': 30, 'best_loss': 1.3902739119990521, 'stopping': 'practical plateau; no update ceiling'}
cable_residual {'update': 31, 'best_loss': 1.3589728049747045, 'stopping': 'practical plateau; no update ceiling'}
cable_residual {'update': 32, 'best_loss': 1.3589728049747045, 'stopping': 'practical plateau; no update ceiling'}
cable_residual {'update': 33, 'best_loss': 1.3589728049747045, 'stopping': 'practical plateau; no update ceiling'}
cable_residual {'update': 34, 'best_loss': 1.3589728049747045, 'stopping': 'practical plateau; no update ceiling'}
cable_residual {'update': 35, 'best_loss': 1.3589728049747045, 'stopping': 'practical plateau; no update ceiling'}
cable_residual {'update': 36, 'best_loss': 1.3479532977479012, 'stopping': 'practical plateau; no update ceiling'}
cable_residual {'update': 37, 'best_loss': 1.3479532977479012, 'stopping': 'practical plateau; no update ceiling'}
cable_residual {'update': 38, 'best_loss': 1.3479532977479012, 'stopping': 'practical plateau; no update ceiling'}
cable_residual {'update': 39, 'best_loss': 1.3479532977479012, 'stopping': 'practical plateau; no update ceiling'}
cable_residual {'update': 40, 'best_loss': 1.3479532977479012, 'stopping': 'practical plateau; no update ceiling'}
cable_residual {'update': 41, 'best_loss': 1.3327172122808273, 'stopping': 'practical plateau; no update ceiling'}
cable_residual {'update': 42, 'best_loss': 1.3327172122808273, 'stopping': 'practical plateau; no update ceiling'}
cable_residual {'update': 43, 'best_loss': 1.3327172122808273, 'stopping': 'practical plateau; no update ceiling'}
cable_residual {'update': 44, 'best_loss': 1.3327172122808273, 'stopping': 'practical plateau; no update ceiling'}
cable_residual {'update': 45, 'best_loss': 1.3327172122808273, 'stopping': 'practical plateau; no update ceiling'}
cable_residual {'update': 46, 'best_loss': 1.3072059648146708, 'stopping': 'practical plateau; no update ceiling'}
cable_residual {'update': 47, 'best_loss': 1.3072059648146708, 'stopping': 'practical plateau; no update ceiling'}
cable_residual {'update': 48, 'best_loss': 1.3072059648146708, 'stopping': 'practical plateau; no update ceiling'}
cable_residual {'update': 49, 'best_loss': 1.3072059648146708, 'stopping': 'practical plateau; no update ceiling'}
cable_residual {'update': 50, 'best_loss': 1.3072059648146708, 'stopping': 'practical plateau; no update ceiling'}
cable_residual {'update': 51, 'best_loss': 1.3072059648146708, 'stopping': 'practical plateau; no update ceiling'}
cable_residual {'update': 52, 'best_loss': 1.3072059648146708, 'stopping': 'practical plateau; no update ceiling'}
cable_residual {'update': 53, 'best_loss': 1.3072059648146708, 'stopping': 'practical plateau; no update ceiling'}
cable_residual {'update': 54, 'best_loss': 1.3072059648146708, 'stopping': 'practical plateau; no update ceiling'}
cable_residual {'update': 55, 'best_loss': 1.3072059648146708, 'stopping': 'practical plateau; no update ceiling'}
cable_residual {'update': 56, 'best_loss': 1.300573004158218, 'stopping': 'practical plateau; no update ceiling'}
cable_residual {'update': 57, 'best_loss': 1.300573004158218, 'stopping': 'practical plateau; no update ceiling'}
cable_residual {'update': 58, 'best_loss': 1.300573004158218, 'stopping': 'practical plateau; no update ceiling'}
cable_residual {'update': 59, 'best_loss': 1.300573004158218, 'stopping': 'practical plateau; no update ceiling'}
cable_residual {'update': 60, 'best_loss': 1.300573004158218, 'stopping': 'practical plateau; no update ceiling'}
cable_residual {'update': 61, 'best_loss': 1.2843906949865518, 'stopping': 'practical plateau; no update ceiling'}
cable_residual {'update': 62, 'best_loss': 1.2843906949865518, 'stopping': 'practical plateau; no update ceiling'}
cable_residual {'update': 63, 'best_loss': 1.2843906949865518, 'stopping': 'practical plateau; no update ceiling'}
cable_residual {'update': 64, 'best_loss': 1.2843906949865518, 'stopping': 'practical plateau; no update ceiling'}
cable_residual {'update': 65, 'best_loss': 1.2843906949865518, 'stopping': 'practical plateau; no update ceiling'}
cable_residual {'update': 66, 'best_loss': 1.279381454111058, 'stopping': 'practical plateau; no update ceiling'}
cable_residual {'update': 67, 'best_loss': 1.279381454111058, 'stopping': 'practical plateau; no update ceiling'}
cable_residual {'update': 68, 'best_loss': 1.279381454111058, 'stopping': 'practical plateau; no update ceiling'}
cable_residual {'update': 69, 'best_loss': 1.279381454111058, 'stopping': 'practical plateau; no update ceiling'}
cable_residual {'update': 70, 'best_loss': 1.279381454111058, 'stopping': 'practical plateau; no update ceiling'}
cable_residual {'update': 71, 'best_loss': 1.279381454111058, 'stopping': 'practical plateau; no update ceiling'}
cable_residual {'update': 72, 'best_loss': 1.279381454111058, 'stopping': 'practical plateau; no update ceiling'}
cable_residual {'update': 73, 'best_loss': 1.279381454111058, 'stopping': 'practical plateau; no update ceiling'}
cable_residual {'update': 74, 'best_loss': 1.279381454111058, 'stopping': 'practical plateau; no update ceiling'}
cable_residual {'update': 75, 'best_loss': 1.279381454111058, 'stopping': 'practical plateau; no update ceiling'}
cable_residual {'update': 76, 'best_loss': 1.2650705031098313, 'stopping': 'practical plateau; no update ceiling'}
cable_residual {'update': 77, 'best_loss': 1.2650705031098313, 'stopping': 'practical plateau; no update ceiling'}
cable_residual {'update': 78, 'best_loss': 1.2650705031098313, 'stopping': 'practical plateau; no update ceiling'}
cable_residual {'update': 79, 'best_loss': 1.2650705031098313, 'stopping': 'practical plateau; no update ceiling'}
cable_residual {'update': 80, 'best_loss': 1.2650705031098313, 'stopping': 'practical plateau; no update ceiling'}
cable_residual {'update': 81, 'best_loss': 1.2604311855868067, 'stopping': 'practical plateau; no update ceiling'}
cable_residual {'update': 82, 'best_loss': 1.2604311855868067, 'stopping': 'practical plateau; no update ceiling'}
cable_residual {'update': 83, 'best_loss': 1.2604311855868067, 'stopping': 'practical plateau; no update ceiling'}
cable_residual {'update': 84, 'best_loss': 1.2604311855868067, 'stopping': 'practical plateau; no update ceiling'}
cable_residual {'update': 85, 'best_loss': 1.2604311855868067, 'stopping': 'practical plateau; no update ceiling'}
cable_residual {'update': 86, 'best_loss': 1.2604311855868067, 'stopping': 'practical plateau; no update ceiling'}
cable_residual {'update': 87, 'best_loss': 1.2604311855868067, 'stopping': 'practical plateau; no update ceiling'}
cable_residual {'update': 88, 'best_loss': 1.2604311855868067, 'stopping': 'practical plateau; no update ceiling'}
cable_residual {'update': 89, 'best_loss': 1.2604311855868067, 'stopping': 'practical plateau; no update ceiling'}
cable_residual {'update': 90, 'best_loss': 1.2604311855868067, 'stopping': 'practical plateau; no update ceiling'}
cable_residual {'update': 91, 'best_loss': 1.2495689718523149, 'stopping': 'practical plateau; no update ceiling'}
cable_residual {'update': 92, 'best_loss': 1.2495689718523149, 'stopping': 'practical plateau; no update ceiling'}
cable_residual {'update': 93, 'best_loss': 1.2495689718523149, 'stopping': 'practical plateau; no update ceiling'}
cable_residual {'update': 94, 'best_loss': 1.2495689718523149, 'stopping': 'practical plateau; no update ceiling'}
cable_residual {'update': 95, 'best_loss': 1.2495689718523149, 'stopping': 'practical plateau; no update ceiling'}
cable_residual {'update': 96, 'best_loss': 1.2457699305696976, 'stopping': 'practical plateau; no update ceiling'}
cable_residual {'update': 97, 'best_loss': 1.2457699305696976, 'stopping': 'practical plateau; no update ceiling'}
cable_residual {'update': 98, 'best_loss': 1.2457699305696976, 'stopping': 'practical plateau; no update ceiling'}
cable_residual {'update': 99, 'best_loss': 1.2457699305696976, 'stopping': 'practical plateau; no update ceiling'}
cable_residual {'update': 100, 'best_loss': 1.2457699305696976, 'stopping': 'practical plateau; no update ceiling'}
cable_residual {'update': 101, 'best_loss': 1.2401591982081892, 'stopping': 'practical plateau; no update ceiling'}
cable_residual {'update': 102, 'best_loss': 1.2401591982081892, 'stopping': 'practical plateau; no update ceiling'}
cable_residual {'update': 103, 'best_loss': 1.2401591982081892, 'stopping': 'practical plateau; no update ceiling'}
cable_residual {'update': 104, 'best_loss': 1.2401591982081892, 'stopping': 'practical plateau; no update ceiling'}
cable_residual {'update': 105, 'best_loss': 1.2401591982081892, 'stopping': 'practical plateau; no update ceiling'}
cable_residual {'update': 106, 'best_loss': 1.2401591982081892, 'stopping': 'practical plateau; no update ceiling'}
cable_residual {'update': 107, 'best_loss': 1.2401591982081892, 'stopping': 'practical plateau; no update ceiling'}
cable_residual {'update': 108, 'best_loss': 1.2401591982081892, 'stopping': 'practical plateau; no update ceiling'}
cable_residual {'update': 109, 'best_loss': 1.2401591982081892, 'stopping': 'practical plateau; no update ceiling'}
cable_residual {'update': 110, 'best_loss': 1.2401591982081892, 'stopping': 'practical plateau; no update ceiling'}
cable_residual {'update': 111, 'best_loss': 1.2401591982081892, 'stopping': 'practical plateau; no update ceiling'}
cable_residual {'update': 112, 'best_loss': 1.2401591982081892, 'stopping': 'practical plateau; no update ceiling'}
cable_residual {'update': 113, 'best_loss': 1.2401591982081892, 'stopping': 'practical plateau; no update ceiling'}
cable_residual {'update': 114, 'best_loss': 1.2401591982081892, 'stopping': 'practical plateau; no update ceiling'}
cable_residual {'update': 115, 'best_loss': 1.2401591982081892, 'stopping': 'practical plateau; no update ceiling'}
cable_residual {'update': 116, 'best_loss': 1.2358272581740153, 'stopping': 'practical plateau; no update ceiling'}
cable_residual {'update': 117, 'best_loss': 1.2358272581740153, 'stopping': 'practical plateau; no update ceiling'}
cable_residual {'update': 118, 'best_loss': 1.2358272581740153, 'stopping': 'practical plateau; no update ceiling'}
cable_residual {'update': 119, 'best_loss': 1.2358272581740153, 'stopping': 'practical plateau; no update ceiling'}
cable_residual {'update': 120, 'best_loss': 1.2358272581740153, 'stopping': 'practical plateau; no update ceiling'}
cable_residual {'update': 121, 'best_loss': 1.226146807434376, 'stopping': 'practical plateau; no update ceiling'}
cable_residual {'update': 122, 'best_loss': 1.226146807434376, 'stopping': 'practical plateau; no update ceiling'}
cable_residual {'update': 123, 'best_loss': 1.226146807434376, 'stopping': 'practical plateau; no update ceiling'}
cable_residual {'update': 124, 'best_loss': 1.226146807434376, 'stopping': 'practical plateau; no update ceiling'}
cable_residual {'update': 125, 'best_loss': 1.226146807434376, 'stopping': 'practical plateau; no update ceiling'}
cable_residual {'update': 126, 'best_loss': 1.2241148262850097, 'stopping': 'practical plateau; no update ceiling'}
cable_residual {'update': 127, 'best_loss': 1.2241148262850097, 'stopping': 'practical plateau; no update ceiling'}
cable_residual {'update': 128, 'best_loss': 1.2241148262850097, 'stopping': 'practical plateau; no update ceiling'}
cable_residual {'update': 129, 'best_loss': 1.2241148262850097, 'stopping': 'practical plateau; no update ceiling'}
cable_residual {'update': 130, 'best_loss': 1.2241148262850097, 'stopping': 'practical plateau; no update ceiling'}
cable_residual {'update': 131, 'best_loss': 1.2159697887175285, 'stopping': 'practical plateau; no update ceiling'}
cable_residual {'update': 132, 'best_loss': 1.2159697887175285, 'stopping': 'practical plateau; no update ceiling'}
cable_residual {'update': 133, 'best_loss': 1.2159697887175285, 'stopping': 'practical plateau; no update ceiling'}
cable_residual {'update': 134, 'best_loss': 1.2159697887175285, 'stopping': 'practical plateau; no update ceiling'}
cable_residual {'update': 135, 'best_loss': 1.2159697887175285, 'stopping': 'practical plateau; no update ceiling'}
cable_residual {'update': 136, 'best_loss': 1.212538380845046, 'stopping': 'practical plateau; no update ceiling'}
cable_residual {'update': 137, 'best_loss': 1.212538380845046, 'stopping': 'practical plateau; no update ceiling'}
cable_residual {'update': 138, 'best_loss': 1.212538380845046, 'stopping': 'practical plateau; no update ceiling'}
cable_residual {'update': 139, 'best_loss': 1.212538380845046, 'stopping': 'practical plateau; no update ceiling'}
cable_residual {'update': 140, 'best_loss': 1.212538380845046, 'stopping': 'practical plateau; no update ceiling'}
cable_residual {'update': 141, 'best_loss': 1.2065181317185474, 'stopping': 'practical plateau; no update ceiling'}
cable_residual {'update': 142, 'best_loss': 1.2065181317185474, 'stopping': 'practical plateau; no update ceiling'}
cable_residual {'update': 143, 'best_loss': 1.2065181317185474, 'stopping': 'practical plateau; no update ceiling'}
cable_residual {'update': 144, 'best_loss': 1.2065181317185474, 'stopping': 'practical plateau; no update ceiling'}
cable_residual {'update': 145, 'best_loss': 1.2065181317185474, 'stopping': 'practical plateau; no update ceiling'}
cable_residual {'update': 146, 'best_loss': 1.2035557781853994, 'stopping': 'practical plateau; no update ceiling'}
cable_residual {'update': 147, 'best_loss': 1.2035557781853994, 'stopping': 'practical plateau; no update ceiling'}
cable_residual {'update': 148, 'best_loss': 1.2035557781853994, 'stopping': 'practical plateau; no update ceiling'}
cable_residual {'update': 149, 'best_loss': 1.2035557781853994, 'stopping': 'practical plateau; no update ceiling'}
cable_residual {'update': 150, 'best_loss': 1.2035557781853994, 'stopping': 'practical plateau; no update ceiling'}
cable_residual {'update': 151, 'best_loss': 1.196836329131411, 'stopping': 'practical plateau; no update ceiling'}
cable_residual {'update': 152, 'best_loss': 1.196836329131411, 'stopping': 'practical plateau; no update ceiling'}
cable_residual {'update': 153, 'best_loss': 1.196836329131411, 'stopping': 'practical plateau; no update ceiling'}
cable_residual {'update': 154, 'best_loss': 1.196836329131411, 'stopping': 'practical plateau; no update ceiling'}
cable_residual {'update': 155, 'best_loss': 1.196836329131411, 'stopping': 'practical plateau; no update ceiling'}
cable_residual {'update': 156, 'best_loss': 1.1912034486670458, 'stopping': 'practical plateau; no update ceiling'}
cable_residual {'update': 157, 'best_loss': 1.1912034486670458, 'stopping': 'practical plateau; no update ceiling'}
cable_residual {'update': 158, 'best_loss': 1.1912034486670458, 'stopping': 'practical plateau; no update ceiling'}
cable_residual {'update': 159, 'best_loss': 1.1912034486670458, 'stopping': 'practical plateau; no update ceiling'}
cable_residual {'update': 160, 'best_loss': 1.1912034486670458, 'stopping': 'practical plateau; no update ceiling'}
cable_residual {'update': 161, 'best_loss': 1.1842615438264634, 'stopping': 'practical plateau; no update ceiling'}
cable_residual {'update': 162, 'best_loss': 1.1842615438264634, 'stopping': 'practical plateau; no update ceiling'}
cable_residual {'update': 163, 'best_loss': 1.1842615438264634, 'stopping': 'practical plateau; no update ceiling'}
cable_residual {'update': 164, 'best_loss': 1.1842615438264634, 'stopping': 'practical plateau; no update ceiling'}
cable_residual {'update': 165, 'best_loss': 1.1842615438264634, 'stopping': 'practical plateau; no update ceiling'}
cable_residual {'update': 166, 'best_loss': 1.177819072349132, 'stopping': 'practical plateau; no update ceiling'}
cable_residual {'update': 167, 'best_loss': 1.177819072349132, 'stopping': 'practical plateau; no update ceiling'}
cable_residual {'update': 168, 'best_loss': 1.177819072349132, 'stopping': 'practical plateau; no update ceiling'}
cable_residual {'update': 169, 'best_loss': 1.177819072349132, 'stopping': 'practical plateau; no update ceiling'}
cable_residual {'update': 170, 'best_loss': 1.177819072349132, 'stopping': 'practical plateau; no update ceiling'}
cable_residual {'update': 171, 'best_loss': 1.171186898437654, 'stopping': 'practical plateau; no update ceiling'}
cable_residual {'update': 172, 'best_loss': 1.171186898437654, 'stopping': 'practical plateau; no update ceiling'}
cable_residual {'update': 173, 'best_loss': 1.171186898437654, 'stopping': 'practical plateau; no update ceiling'}
cable_residual {'update': 174, 'best_loss': 1.171186898437654, 'stopping': 'practical plateau; no update ceiling'}
cable_residual {'update': 175, 'best_loss': 1.171186898437654, 'stopping': 'practical plateau; no update ceiling'}
cable_residual {'update': 176, 'best_loss': 1.1706088609908307, 'stopping': 'practical plateau; no update ceiling'}
cable_residual {'update': 177, 'best_loss': 1.1706088609908307, 'stopping': 'practical plateau; no update ceiling'}
cable_residual {'update': 178, 'best_loss': 1.1706088609908307, 'stopping': 'practical plateau; no update ceiling'}
cable_residual {'update': 179, 'best_loss': 1.1706088609908307, 'stopping': 'practical plateau; no update ceiling'}
cable_residual {'update': 180, 'best_loss': 1.1706088609908307, 'stopping': 'practical plateau; no update ceiling'}
cable_residual {'update': 181, 'best_loss': 1.164668178988658, 'stopping': 'practical plateau; no update ceiling'}
cable_residual {'update': 182, 'best_loss': 1.164668178988658, 'stopping': 'practical plateau; no update ceiling'}
cable_residual {'update': 183, 'best_loss': 1.164668178988658, 'stopping': 'practical plateau; no update ceiling'}
cable_residual {'update': 184, 'best_loss': 1.164668178988658, 'stopping': 'practical plateau; no update ceiling'}
cable_residual {'update': 185, 'best_loss': 1.164668178988658, 'stopping': 'practical plateau; no update ceiling'}
cable_residual {'update': 186, 'best_loss': 1.1592830521285171, 'stopping': 'practical plateau; no update ceiling'}
cable_residual {'update': 187, 'best_loss': 1.1592830521285171, 'stopping': 'practical plateau; no update ceiling'}
cable_residual {'update': 188, 'best_loss': 1.1592830521285171, 'stopping': 'practical plateau; no update ceiling'}
cable_residual {'update': 189, 'best_loss': 1.1592830521285171, 'stopping': 'practical plateau; no update ceiling'}
cable_residual {'update': 190, 'best_loss': 1.1592830521285171, 'stopping': 'practical plateau; no update ceiling'}
cable_residual {'update': 191, 'best_loss': 1.153605206058685, 'stopping': 'practical plateau; no update ceiling'}
cable_residual {'update': 192, 'best_loss': 1.153605206058685, 'stopping': 'practical plateau; no update ceiling'}
cable_residual {'update': 193, 'best_loss': 1.153605206058685, 'stopping': 'practical plateau; no update ceiling'}
cable_residual {'update': 194, 'best_loss': 1.153605206058685, 'stopping': 'practical plateau; no update ceiling'}
cable_residual {'update': 195, 'best_loss': 1.153605206058685, 'stopping': 'practical plateau; no update ceiling'}
cable_residual {'update': 196, 'best_loss': 1.151157588070874, 'stopping': 'practical plateau; no update ceiling'}
cable_residual {'update': 197, 'best_loss': 1.151157588070874, 'stopping': 'practical plateau; no update ceiling'}
cable_residual {'update': 198, 'best_loss': 1.151157588070874, 'stopping': 'practical plateau; no update ceiling'}
cable_residual {'update': 199, 'best_loss': 1.151157588070874, 'stopping': 'practical plateau; no update ceiling'}
cable_residual {'update': 200, 'best_loss': 1.151157588070874, 'stopping': 'practical plateau; no update ceiling'}
cable_residual {'update': 201, 'best_loss': 1.1481861051044098, 'stopping': 'practical plateau; no update ceiling'}
cable_residual {'update': 202, 'best_loss': 1.1481861051044098, 'stopping': 'practical plateau; no update ceiling'}
cable_residual {'update': 203, 'best_loss': 1.1481861051044098, 'stopping': 'practical plateau; no update ceiling'}
cable_residual {'update': 204, 'best_loss': 1.1481861051044098, 'stopping': 'practical plateau; no update ceiling'}
cable_residual {'update': 205, 'best_loss': 1.1481861051044098, 'stopping': 'practical plateau; no update ceiling'}
cable_residual {'update': 206, 'best_loss': 1.1481861051044098, 'stopping': 'practical plateau; no update ceiling'}
cable_residual {'update': 207, 'best_loss': 1.1481861051044098, 'stopping': 'practical plateau; no update ceiling'}
cable_residual {'update': 208, 'best_loss': 1.1481861051044098, 'stopping': 'practical plateau; no update ceiling'}
cable_residual {'update': 209, 'best_loss': 1.1481861051044098, 'stopping': 'practical plateau; no update ceiling'}
cable_residual {'update': 210, 'best_loss': 1.1481861051044098, 'stopping': 'practical plateau; no update ceiling'}
cable_residual {'update': 211, 'best_loss': 1.1471218679279735, 'stopping': 'practical plateau; no update ceiling'}
cable_residual {'update': 212, 'best_loss': 1.1471218679279735, 'stopping': 'practical plateau; no update ceiling'}
cable_residual {'update': 213, 'best_loss': 1.1471218679279735, 'stopping': 'practical plateau; no update ceiling'}
cable_residual {'update': 214, 'best_loss': 1.1471218679279735, 'stopping': 'practical plateau; no update ceiling'}
cable_residual {'update': 215, 'best_loss': 1.1471218679279735, 'stopping': 'practical plateau; no update ceiling'}
cable_residual {'update': 216, 'best_loss': 1.1453590707009982, 'stopping': 'practical plateau; no update ceiling'}
cable_residual {'update': 217, 'best_loss': 1.1453590707009982, 'stopping': 'practical plateau; no update ceiling'}
cable_residual {'update': 218, 'best_loss': 1.1453590707009982, 'stopping': 'practical plateau; no update ceiling'}
cable_residual {'update': 219, 'best_loss': 1.1453590707009982, 'stopping': 'practical plateau; no update ceiling'}
cable_residual {'update': 220, 'best_loss': 1.1453590707009982, 'stopping': 'practical plateau; no update ceiling'}
cable_residual {'update': 221, 'best_loss': 1.1434710933248886, 'stopping': 'practical plateau; no update ceiling'}
cable_residual {'update': 222, 'best_loss': 1.1434710933248886, 'stopping': 'practical plateau; no update ceiling'}
cable_residual {'update': 223, 'best_loss': 1.1434710933248886, 'stopping': 'practical plateau; no update ceiling'}
cable_residual {'update': 224, 'best_loss': 1.1434710933248886, 'stopping': 'practical plateau; no update ceiling'}
cable_residual {'update': 225, 'best_loss': 1.1434710933248886, 'stopping': 'practical plateau; no update ceiling'}
cable_residual {'update': 226, 'best_loss': 1.1376249992488074, 'stopping': 'practical plateau; no update ceiling'}
cable_residual {'update': 227, 'best_loss': 1.1376249992488074, 'stopping': 'practical plateau; no update ceiling'}
cable_residual {'update': 228, 'best_loss': 1.1376249992488074, 'stopping': 'practical plateau; no update ceiling'}
cable_residual {'update': 229, 'best_loss': 1.1376249992488074, 'stopping': 'practical plateau; no update ceiling'}
cable_residual {'update': 230, 'best_loss': 1.1376249992488074, 'stopping': 'practical plateau; no update ceiling'}
cable_residual {'update': 231, 'best_loss': 1.1370295782252697, 'stopping': 'practical plateau; no update ceiling'}
cable_residual {'update': 232, 'best_loss': 1.1370295782252697, 'stopping': 'practical plateau; no update ceiling'}
cable_residual {'update': 233, 'best_loss': 1.1370295782252697, 'stopping': 'practical plateau; no update ceiling'}
cable_residual {'update': 234, 'best_loss': 1.1370295782252697, 'stopping': 'practical plateau; no update ceiling'}
cable_residual {'update': 235, 'best_loss': 1.1370295782252697, 'stopping': 'practical plateau; no update ceiling'}
cable_residual {'update': 236, 'best_loss': 1.131974298778308, 'stopping': 'practical plateau; no update ceiling'}
cable_residual {'update': 237, 'best_loss': 1.131974298778308, 'stopping': 'practical plateau; no update ceiling'}
cable_residual {'update': 238, 'best_loss': 1.131974298778308, 'stopping': 'practical plateau; no update ceiling'}
cable_residual {'update': 239, 'best_loss': 1.131974298778308, 'stopping': 'practical plateau; no update ceiling'}
cable_residual {'update': 240, 'best_loss': 1.131974298778308, 'stopping': 'practical plateau; no update ceiling'}
cable_residual {'update': 241, 'best_loss': 1.1315813113823154, 'stopping': 'practical plateau; no update ceiling'}
cable_residual {'update': 242, 'best_loss': 1.1315813113823154, 'stopping': 'practical plateau; no update ceiling'}
cable_residual {'update': 243, 'best_loss': 1.1315813113823154, 'stopping': 'practical plateau; no update ceiling'}
cable_residual {'update': 244, 'best_loss': 1.1315813113823154, 'stopping': 'practical plateau; no update ceiling'}
cable_residual {'update': 245, 'best_loss': 1.1315813113823154, 'stopping': 'practical plateau; no update ceiling'}
cable_residual {'update': 246, 'best_loss': 1.1268316162265977, 'stopping': 'practical plateau; no update ceiling'}
cable_residual {'update': 247, 'best_loss': 1.1268316162265977, 'stopping': 'practical plateau; no update ceiling'}
cable_residual {'update': 248, 'best_loss': 1.1268316162265977, 'stopping': 'practical plateau; no update ceiling'}
cable_residual {'update': 249, 'best_loss': 1.1268316162265977, 'stopping': 'practical plateau; no update ceiling'}
cable_residual {'update': 250, 'best_loss': 1.1268316162265977, 'stopping': 'practical plateau; no update ceiling'}
cable_residual {'update': 251, 'best_loss': 1.1268316162265977, 'stopping': 'practical plateau; no update ceiling'}
cable_residual {'update': 252, 'best_loss': 1.1268316162265977, 'stopping': 'practical plateau; no update ceiling'}
cable_residual {'update': 253, 'best_loss': 1.1268316162265977, 'stopping': 'practical plateau; no update ceiling'}
cable_residual {'update': 254, 'best_loss': 1.1268316162265977, 'stopping': 'practical plateau; no update ceiling'}
cable_residual {'update': 255, 'best_loss': 1.1268316162265977, 'stopping': 'practical plateau; no update ceiling'}
cable_residual {'update': 256, 'best_loss': 1.120604578767287, 'stopping': 'practical plateau; no update ceiling'}
cable_residual {'update': 257, 'best_loss': 1.120604578767287, 'stopping': 'practical plateau; no update ceiling'}
cable_residual {'update': 258, 'best_loss': 1.120604578767287, 'stopping': 'practical plateau; no update ceiling'}
