JOB C:\Users\wts28\Documents\PHD\particle_filter_cable_project\runs\reference_tracking\M1-2cm-brake-1p3s-correction
[W914 22:17:20.000000000 Context.cpp:448] Warning: torch.backends.cuda.preferred_linalg_library is an experimental feature. If you see any error or unexpected behavior when this flag is set please file an issue on GitHub. (function operator ())
Checking unchanged M0 command under the frozen candidate model {}
Local command correction {'iteration': 1, 'best_cost_m2': 0.015054288861931055, 'rollouts': 1}
Local command correction {'iteration': 2, 'best_cost_m2': 0.0015869386180069542, 'rollouts': 100}
Local command correction {'iteration': 3, 'best_cost_m2': 0.00033444691118009423, 'rollouts': 199}
Local command correction {'iteration': 4, 'best_cost_m2': 0.00029604516214542723, 'rollouts': 298}
Local command correction {'iteration': 5, 'best_cost_m2': 0.00029446787619938494, 'rollouts': 397}
Local command correction {'iteration': 6, 'best_cost_m2': 0.0002881829981058177, 'rollouts': 496}
Local command correction {'iteration': 7, 'best_cost_m2': 0.0002874845080935405, 'rollouts': 794}
Local command correction {'iteration': 8, 'best_cost_m2': 0.000287434555761512, 'rollouts': 896}
Local command correction {'iteration': 9, 'best_cost_m2': 0.0002872962871785822, 'rollouts': 998}
Local command correction {'iteration': 10, 'best_cost_m2': 0.00028643117096524513, 'rollouts': 1100}
Local command correction {'iteration': 11, 'best_cost_m2': 0.0002857072113493466, 'rollouts': 1202}
Local command correction {'iteration': 12, 'best_cost_m2': 0.0002812435984234544, 'rollouts': 1305}
Checking independent complete replay {}
{
  "export": "C:\\Users\\wts28\\Documents\\PHD\\particle_filter_cable_project\\exports\\M1_MPPI_2cm_brake_1p3s",
  "rehearsal": "C:\\Users\\wts28\\Documents\\PHD\\particle_filter_cable_project\\runs\\rehearsals_pva\\M1-MPPI-2cm-brake-1p3s",
  "schema": "pva_fullstate_30hz_v1",
  "planner": "Local fixed-reference command correction",
  "planner_mode": "open_loop",
  "command_contract": "position_spline_pva_30hz_v1",
  "objective_schema": "fixed_tip_reference_v1",
  "job": "C:\\Users\\wts28\\Documents\\PHD\\particle_filter_cable_project\\runs\\reference_tracking\\M1-2cm-brake-1p3s-correction",
  "checkpoint": null,
  "initial_tracking_origin_m": [
    0.0,
    0.0,
    1.4
  ],
  "target_position_m": [
    1.25,
    0.0,
    1.25
  ],
  "whip_end_s": 1.1333333333333333,
  "total_duration_s": 8.4,
  "predicted_hit_time_s": null,
  "predicted_valid_hit": false,
  "strike_time_s": 1.1138000791100293,
  "strike_distance_m": 0.025848570993807673,
  "minimum_tip_distance_m": 0.026605806653778086,
  "original_reference_tip_rmse_m": 0.12029959398922162,
  "corrected_reference_tip_rmse_m": 0.01280728410769392,
  "corrected_reference_quadrotor_rmse_m": 0.023136297875284654,
  "maximum_reference_quadrotor_deviation_m": 0.0421623836904156,
  "baseline_cost_m2": 0.015054288861931055,
  "corrected_cost_m2": 0.0002812435984234544,
  "reference_sha256": "749032795283254b06df80a156bf8daeb55db26e435315750a2ab96d80ed8ac8",
  "recovery": {
    "schema": "brake_return_hold_v1",
    "settings": {
      "braking_downward_acceleration_m_s2": 3.5,
      "braking_horizontal_acceleration_m_s2": 8.0,
      "braking_tilt_deg": 60.0,
      "hold_s": 3.0,
      "maximum_brake_s": 6.0,
      "maximum_return_s": 12.0,
      "minimum_brake_s": 1.3,
      "minimum_return_s": 2.0,
      "return_speed_m_s": 1.0,
      "schema": "brake_return_hold_v1"
    },
    "brake_end_s": 1.3,
    "return_s": 2.966666666666667,
    "return_end_s": 4.266666666666667,
    "total_duration_s": 7.266666666666667,
    "hold_s": 3.0,
    "hover_position_m": [
      0.0,
      0.0,
      1.4
    ],
    "braking_position_m": [
      -1.3111303538729535,
      -0.07725243845033203,
      2.266369841958632
    ],
    "brake_coefficients_normalized": [
      [
        0.5609839879502838,
        -0.12065575591873236,
        2.072464793796379
      ],
      [
        -3.139936695501668,
        -0.12530762431018927,
        0.8561336054073825
      ],
      [
        -1.8128759644344201,
        0.6363427777409699,
        -1.4049705272486317
      ],
      [
        5.5571046480808945,
        -0.7231494126777707,
        1.0171604309241264
      ],
      [
        -2.476406329968044,
        0.2555175767153903,
        -0.2744184609206246
      ]
    ],
    "return_coefficients_normalized": [
      [
        -1.3111303538729535,
        -0.07725243845033203,
        2.266369841958632
      ],
      [
        0.0,
        0.0,
        0.0
      ],
      [
        0.0,
        0.0,
        0.0
      ],
      [
        13.11130353872951,
        0.772524384503319,
        -8.6636984195863
      ],
      [
        -19.666955308094266,
        -1.1587865767549783,
        12.995547629379455
      ],
      [
        7.866782123237707,
        0.46351463070199134,
        -5.198219051751782
      ]
    ],
    "brake_metrics": {
      "peak_height_m": 2.2665843071274745,
      "minimum_height_m": 2.072464793796379,
      "peak_speed_m_s": 2.6158393269262574,
      "minimum_vz_m_s": -0.0013328298630176372,
      "minimum_az_m_s2": -1.6626870144954218,
      "peak_horizontal_acceleration_m_s2": 3.390717985582801,
      "peak_specific_force_m_s2": 10.200589063514022,
      "minimum_specific_vertical_m_s2": 8.143962985504578,
      "peak_absolute_jerk_m_s3": [
        15.176435088067986,
        1.9749187419511263,
        2.777861896014911
      ]
    },
    "return_metrics": {
      "peak_height_m": 2.266369841958632,
      "minimum_height_m": 1.4000000000000044,
      "peak_speed_m_s": 0.9944321684489589,
      "minimum_vz_m_s": -0.5475652091030663,
      "minimum_az_m_s2": -0.5683360375272434,
      "peak_horizontal_acceleration_m_s2": 0.8615892836182848,
      "peak_specific_force_m_s2": 10.410699850275728,
      "minimum_specific_vertical_m_s2": 9.238313962472755,
      "peak_absolute_jerk_m_s3": [
        3.0129426588604327,
        0.17752404756739326,
        1.9908948393092183
      ]
    },
    "stationary_braking_waypoint": true,
    "phase_description": "Smooth braking, rest-to-rest return, final hold",
    "vehicle_limits_verified": false
  },
  "recovery_prediction_complete": true,
  "prediction_valid_through_s": 8.4,
  "reference_feasible": true,
  "predicted_attitude_checked": true,
  "maximum_predicted_tilt_limit_deg": 60.0,
  "minimum_predicted_cable_height_m": 0.39228933799195215,
  "standard_fast_cable_max_difference_m": 1.0936227421536049e-06,
  "standard_fast_pose_max_difference_m": 0.0,
  "independent_cost_difference_m2": 0.0,
  "csv_sha256": "96d45cc4d1ebcceaeee9c67fb65ff74288a6368567df05d43a7b8f0c3ea2e468",
  "iterations": 12,
  "optimization": {
    "optimizer": "Bounded finite-difference Gauss-Newton",
    "active_coordinates": 24,
    "active_controls": [
      0,
      1,
      2,
      3,
      4,
      5,
      6,
      7
    ],
    "iterations": 12,
    "rollout_count": 1705,
    "stop_reason": "Iteration budget reached",
    "optimization_elapsed_s": 169.27160859998548,
    "baseline_strike": {
      "time_s": 1.1138000791100293,
      "reference_error_m": 0.10643378435100467,
      "target_distance_m": 0.08898905095069973
    },
    "final_strike": {
      "time_s": 1.1138000791100293,
      "reference_error_m": 0.010496895540896844,
      "target_distance_m": 0.025848570993807673
    },
    "strike_guard": "reference",
    "maximum_jacobian_relative_difference": 0.028856232787165353
  },
  "elapsed_s": 200.53314299997874,
  "command_semantics": "Desired tracked-origin P/V/A, 30 Hz zero-order hold, kinematic acceleration, zero yaw",
  "evidence": "Simulation-only command correction toward the original M0 physical motion; Physical improvement has not been established.",
  "recovery_empirically_validated": false,
  "success_meaning": "No binary hit claim; fixed-time tracking objective"
}
