episodes=2048/400000 batch_success=83.301% rolling_5000=83.301% total_success=83.301% endpoint_success=83.594% episodes_per_second=94.24
episodes=4096/400000 batch_success=82.959% rolling_5000=83.130% total_success=83.130% endpoint_success=83.545% episodes_per_second=128.04
episodes=6144/400000 batch_success=84.326% rolling_5000=83.780% total_success=83.529% endpoint_success=84.001% episodes_per_second=145.33
episodes=8192/400000 batch_success=83.838% rolling_5000=83.880% total_success=83.606% endpoint_success=84.070% episodes_per_second=155.22
episodes=10240/400000 batch_success=80.469% rolling_5000=82.360% total_success=82.979% endpoint_success=83.506% episodes_per_second=161.79
validation_episodes=10240 success=473/512
episodes=12288/400000 batch_success=81.104% rolling_5000=81.440% total_success=82.666% endpoint_success=83.179% episodes_per_second=144.40
episodes=14336/400000 batch_success=78.418% rolling_5000=80.000% total_success=82.059% endpoint_success=82.547% episodes_per_second=150.42
episodes=16384/400000 batch_success=74.561% rolling_5000=77.400% total_success=81.122% endpoint_success=81.659% episodes_per_second=155.38
episodes=18432/400000 batch_success=71.338% rolling_5000=74.300% total_success=80.035% endpoint_success=80.583% episodes_per_second=159.54
episodes=20480/400000 batch_success=67.139% rolling_5000=70.080% total_success=78.745% endpoint_success=79.282% episodes_per_second=162.95
validation_episodes=20480 success=403/512
episodes=22528/400000 batch_success=59.961% rolling_5000=64.780% total_success=77.037% endpoint_success=77.592% episodes_per_second=153.50
episodes=24576/400000 batch_success=55.029% rolling_5000=59.460% total_success=75.203% endpoint_success=75.753% episodes_per_second=156.52
episodes=26624/400000 batch_success=48.389% rolling_5000=53.280% total_success=73.141% endpoint_success=73.697% episodes_per_second=159.19
episodes=28672/400000 batch_success=44.482% rolling_5000=48.400% total_success=71.094% endpoint_success=71.652% episodes_per_second=161.80
episodes=30720/400000 batch_success=40.381% rolling_5000=43.700% total_success=69.046% endpoint_success=69.619% episodes_per_second=164.03
validation_episodes=30720 success=182/512
episodes=32768/400000 batch_success=39.697% rolling_5000=40.860% total_success=67.212% endpoint_success=67.767% episodes_per_second=157.57
episodes=34816/400000 batch_success=39.062% rolling_5000=40.040% total_success=65.556% endpoint_success=66.131% episodes_per_second=159.50
episodes=36864/400000 batch_success=37.061% rolling_5000=38.240% total_success=63.973% endpoint_success=64.535% episodes_per_second=161.33
episodes=38912/400000 batch_success=32.373% rolling_5000=35.340% total_success=62.310% endpoint_success=62.878% episodes_per_second=163.07
episodes=40960/400000 batch_success=31.592% rolling_5000=33.100% total_success=60.774% endpoint_success=61.370% episodes_per_second=164.71
validation_episodes=40960 success=124/512
episodes=43008/400000 batch_success=27.832% rolling_5000=30.500% total_success=59.205% endpoint_success=59.810% episodes_per_second=159.55
episodes=45056/400000 batch_success=20.996% rolling_5000=25.640% total_success=57.468% endpoint_success=58.066% episodes_per_second=161.04
episodes=47104/400000 batch_success=23.535% rolling_5000=23.360% total_success=55.993% endpoint_success=56.592% episodes_per_second=162.51
episodes=49152/400000 batch_success=30.859% rolling_5000=26.120% total_success=54.946% endpoint_success=55.544% episodes_per_second=163.72
episodes=51200/400000 batch_success=30.762% rolling_5000=29.560% total_success=53.979% endpoint_success=54.566% episodes_per_second=164.88
validation_episodes=51200 success=114/512
episodes=53248/400000 batch_success=28.076% rolling_5000=29.980% total_success=52.982% endpoint_success=53.555% episodes_per_second=160.54
episodes=55296/400000 batch_success=23.828% rolling_5000=26.620% total_success=51.902% endpoint_success=52.463% episodes_per_second=161.68
episodes=57344/400000 batch_success=22.803% rolling_5000=24.120% total_success=50.863% endpoint_success=51.406% episodes_per_second=162.85
episodes=59392/400000 batch_success=21.191% rolling_5000=22.300% total_success=49.840% endpoint_success=50.370% episodes_per_second=163.81
episodes=61440/400000 batch_success=21.973% rolling_5000=21.540% total_success=48.911% endpoint_success=49.432% episodes_per_second=164.66
validation_episodes=61440 success=58/512
episodes=63488/400000 batch_success=18.506% rolling_5000=20.380% total_success=47.930% endpoint_success=48.444% episodes_per_second=160.92
episodes=65536/400000 batch_success=16.309% rolling_5000=18.360% total_success=46.942% endpoint_success=47.444% episodes_per_second=161.91
episodes=67584/400000 batch_success=11.621% rolling_5000=14.440% total_success=45.872% endpoint_success=46.363% episodes_per_second=162.89
episodes=69632/400000 batch_success=11.865% rolling_5000=12.720% total_success=44.872% endpoint_success=45.350% episodes_per_second=163.84
episodes=71680/400000 batch_success=12.012% rolling_5000=11.740% total_success=43.933% endpoint_success=44.402% episodes_per_second=164.72
validation_episodes=71680 success=41/512
episodes=73728/400000 batch_success=12.598% rolling_5000=12.220% total_success=43.062% endpoint_success=43.522% episodes_per_second=161.36
episodes=75776/400000 batch_success=10.254% rolling_5000=11.640% total_success=42.176% endpoint_success=42.626% episodes_per_second=162.12
episodes=77824/400000 batch_success=8.350% rolling_5000=9.940% total_success=41.285% endpoint_success=41.725% episodes_per_second=162.54
episodes=79872/400000 batch_success=7.422% rolling_5000=8.180% total_success=40.417% endpoint_success=40.848% episodes_per_second=163.14
episodes=81920/400000 batch_success=5.664% rolling_5000=7.080% total_success=39.548% endpoint_success=39.969% episodes_per_second=163.92
validation_episodes=81920 success=15/512
episodes=83968/400000 batch_success=5.322% rolling_5000=5.660% total_success=38.714% endpoint_success=39.124% episodes_per_second=161.32
episodes=86016/400000 batch_success=5.469% rolling_5000=5.380% total_success=37.922% endpoint_success=38.323% episodes_per_second=161.88
episodes=88064/400000 batch_success=5.078% rolling_5000=5.340% total_success=37.158% endpoint_success=37.552% episodes_per_second=162.46
{
  "status": "STOPPED_BY_USER",
  "episodes": 88064,
  "requested_episodes": 400000,
  "successes": 32723,
  "endpoint_successes": 33070,
  "legacy_scientific_successes": 0,
  "success_rate": 0.37158203125,
  "rolling_success_rate": 0.0534,
  "rolling_window_episodes": 5000,
  "episodes_per_second": 162.45441630936924,
  "elapsed_s": 542.0843704999425,
  "latest_durable_checkpoint_episodes": 88064
}
