episodes=2048/2000000 batch_success=0.000% total_success=0.000% endpoint_success=0.049% episodes_per_second=153.36
episodes=4096/2000000 batch_success=0.049% total_success=0.024% endpoint_success=0.049% episodes_per_second=207.19
episodes=6144/2000000 batch_success=0.000% total_success=0.016% endpoint_success=0.033% episodes_per_second=235.14
episodes=8192/2000000 batch_success=0.098% total_success=0.037% endpoint_success=0.049% episodes_per_second=251.80
episodes=10240/2000000 batch_success=0.000% total_success=0.029% endpoint_success=0.039% episodes_per_second=261.59
validation_episodes=10240 success=0/10
episodes=12288/2000000 batch_success=0.000% total_success=0.024% endpoint_success=0.033% episodes_per_second=231.00
episodes=14336/2000000 batch_success=0.000% total_success=0.021% endpoint_success=0.028% episodes_per_second=240.63
episodes=16384/2000000 batch_success=0.000% total_success=0.018% endpoint_success=0.024% episodes_per_second=248.42
episodes=18432/2000000 batch_success=0.146% total_success=0.033% endpoint_success=0.038% episodes_per_second=254.85
episodes=20480/2000000 batch_success=0.098% total_success=0.039% endpoint_success=0.049% episodes_per_second=260.07
validation_episodes=20480 success=0/10
episodes=22528/2000000 batch_success=0.049% total_success=0.040% endpoint_success=0.049% episodes_per_second=245.46
episodes=24576/2000000 batch_success=0.000% total_success=0.037% endpoint_success=0.045% episodes_per_second=250.16
episodes=26624/2000000 batch_success=0.000% total_success=0.034% endpoint_success=0.041% episodes_per_second=254.52
episodes=28672/2000000 batch_success=0.000% total_success=0.031% endpoint_success=0.038% episodes_per_second=258.08
episodes=30720/2000000 batch_success=0.000% total_success=0.029% endpoint_success=0.036% episodes_per_second=261.55
validation_episodes=30720 success=0/10
episodes=32768/2000000 batch_success=0.000% total_success=0.027% endpoint_success=0.034% episodes_per_second=251.78
episodes=34816/2000000 batch_success=0.000% total_success=0.026% endpoint_success=0.032% episodes_per_second=255.05
episodes=36864/2000000 batch_success=0.000% total_success=0.024% endpoint_success=0.030% episodes_per_second=257.98
episodes=38912/2000000 batch_success=0.000% total_success=0.023% endpoint_success=0.028% episodes_per_second=260.79
episodes=40960/2000000 batch_success=0.000% total_success=0.022% endpoint_success=0.027% episodes_per_second=263.41
validation_episodes=40960 success=0/10
episodes=43008/2000000 batch_success=0.000% total_success=0.021% endpoint_success=0.026% episodes_per_second=255.32
episodes=45056/2000000 batch_success=0.000% total_success=0.020% endpoint_success=0.024% episodes_per_second=257.27
episodes=47104/2000000 batch_success=0.000% total_success=0.019% endpoint_success=0.023% episodes_per_second=259.21
episodes=49152/2000000 batch_success=0.000% total_success=0.018% endpoint_success=0.022% episodes_per_second=260.99
episodes=51200/2000000 batch_success=0.000% total_success=0.018% endpoint_success=0.021% episodes_per_second=262.77
validation_episodes=51200 success=0/10
episodes=53248/2000000 batch_success=0.000% total_success=0.017% endpoint_success=0.021% episodes_per_second=256.67
episodes=55296/2000000 batch_success=0.000% total_success=0.016% endpoint_success=0.020% episodes_per_second=258.62
episodes=57344/2000000 batch_success=0.000% total_success=0.016% endpoint_success=0.019% episodes_per_second=260.44
episodes=59392/2000000 batch_success=0.000% total_success=0.015% endpoint_success=0.019% episodes_per_second=262.20
episodes=61440/2000000 batch_success=0.000% total_success=0.015% endpoint_success=0.018% episodes_per_second=263.74
validation_episodes=61440 success=0/10
episodes=63488/2000000 batch_success=0.000% total_success=0.014% endpoint_success=0.017% episodes_per_second=258.44
episodes=65536/2000000 batch_success=0.000% total_success=0.014% endpoint_success=0.017% episodes_per_second=259.99
episodes=67584/2000000 batch_success=0.000% total_success=0.013% endpoint_success=0.016% episodes_per_second=261.36
episodes=69632/2000000 batch_success=0.000% total_success=0.013% endpoint_success=0.016% episodes_per_second=262.81
episodes=71680/2000000 batch_success=0.000% total_success=0.013% endpoint_success=0.015% episodes_per_second=264.20
validation_episodes=71680 success=0/10
episodes=73728/2000000 batch_success=0.000% total_success=0.012% endpoint_success=0.015% episodes_per_second=259.57
episodes=75776/2000000 batch_success=0.000% total_success=0.012% endpoint_success=0.015% episodes_per_second=260.86
episodes=77824/2000000 batch_success=0.000% total_success=0.012% endpoint_success=0.014% episodes_per_second=262.00
episodes=79872/2000000 batch_success=0.000% total_success=0.011% endpoint_success=0.014% episodes_per_second=263.21
episodes=81920/2000000 batch_success=0.000% total_success=0.011% endpoint_success=0.013% episodes_per_second=264.28
validation_episodes=81920 success=0/10
episodes=83968/2000000 batch_success=0.000% total_success=0.011% endpoint_success=0.013% episodes_per_second=260.26
episodes=86016/2000000 batch_success=0.000% total_success=0.010% endpoint_success=0.013% episodes_per_second=261.47
episodes=88064/2000000 batch_success=0.000% total_success=0.010% endpoint_success=0.012% episodes_per_second=262.64
episodes=90112/2000000 batch_success=0.000% total_success=0.010% endpoint_success=0.012% episodes_per_second=263.83
episodes=92160/2000000 batch_success=0.000% total_success=0.010% endpoint_success=0.012% episodes_per_second=264.86
validation_episodes=92160 success=0/10
episodes=94208/2000000 batch_success=0.000% total_success=0.010% endpoint_success=0.012% episodes_per_second=261.27
episodes=96256/2000000 batch_success=0.000% total_success=0.009% endpoint_success=0.011% episodes_per_second=262.22
episodes=98304/2000000 batch_success=0.000% total_success=0.009% endpoint_success=0.011% episodes_per_second=263.15
episodes=100352/2000000 batch_success=0.000% total_success=0.009% endpoint_success=0.011% episodes_per_second=264.00
episodes=102400/2000000 batch_success=0.000% total_success=0.009% endpoint_success=0.011% episodes_per_second=264.84
validation_episodes=102400 success=0/10
episodes=104448/2000000 batch_success=0.000% total_success=0.009% endpoint_success=0.011% episodes_per_second=261.51
episodes=106496/2000000 batch_success=0.000% total_success=0.008% endpoint_success=0.010% episodes_per_second=262.50
episodes=108544/2000000 batch_success=0.000% total_success=0.008% endpoint_success=0.010% episodes_per_second=263.42
episodes=110592/2000000 batch_success=0.000% total_success=0.008% endpoint_success=0.010% episodes_per_second=264.34
episodes=112640/2000000 batch_success=0.000% total_success=0.008% endpoint_success=0.010% episodes_per_second=265.12
validation_episodes=112640 success=0/10
episodes=114688/2000000 batch_success=0.000% total_success=0.008% endpoint_success=0.010% episodes_per_second=262.17
episodes=116736/2000000 batch_success=0.000% total_success=0.008% endpoint_success=0.009% episodes_per_second=263.01
episodes=118784/2000000 batch_success=0.000% total_success=0.008% endpoint_success=0.009% episodes_per_second=263.86
episodes=120832/2000000 batch_success=0.000% total_success=0.007% endpoint_success=0.009% episodes_per_second=264.70
episodes=122880/2000000 batch_success=0.000% total_success=0.007% endpoint_success=0.009% episodes_per_second=265.48
validation_episodes=122880 success=0/10
episodes=124928/2000000 batch_success=0.000% total_success=0.007% endpoint_success=0.009% episodes_per_second=262.71
episodes=126976/2000000 batch_success=0.000% total_success=0.007% endpoint_success=0.009% episodes_per_second=263.48
episodes=129024/2000000 batch_success=0.000% total_success=0.007% endpoint_success=0.009% episodes_per_second=264.22
episodes=131072/2000000 batch_success=0.000% total_success=0.007% endpoint_success=0.008% episodes_per_second=264.95
episodes=133120/2000000 batch_success=0.000% total_success=0.007% endpoint_success=0.008% episodes_per_second=265.67
validation_episodes=133120 success=0/10
episodes=135168/2000000 batch_success=0.000% total_success=0.007% endpoint_success=0.008% episodes_per_second=263.13
episodes=137216/2000000 batch_success=0.000% total_success=0.007% endpoint_success=0.008% episodes_per_second=263.76
episodes=139264/2000000 batch_success=0.000% total_success=0.006% endpoint_success=0.008% episodes_per_second=264.50
episodes=141312/2000000 batch_success=0.000% total_success=0.006% endpoint_success=0.008% episodes_per_second=265.17
episodes=143360/2000000 batch_success=0.000% total_success=0.006% endpoint_success=0.008% episodes_per_second=265.86
validation_episodes=143360 success=0/10
episodes=145408/2000000 batch_success=0.000% total_success=0.006% endpoint_success=0.008% episodes_per_second=263.32
episodes=147456/2000000 batch_success=0.000% total_success=0.006% endpoint_success=0.007% episodes_per_second=263.86
episodes=149504/2000000 batch_success=0.000% total_success=0.006% endpoint_success=0.007% episodes_per_second=264.42
episodes=151552/2000000 batch_success=0.000% total_success=0.006% endpoint_success=0.007% episodes_per_second=264.97
episodes=153600/2000000 batch_success=0.000% total_success=0.006% endpoint_success=0.007% episodes_per_second=265.55
validation_episodes=153600 success=0/10
episodes=155648/2000000 batch_success=0.000% total_success=0.006% endpoint_success=0.007% episodes_per_second=263.31
episodes=157696/2000000 batch_success=0.000% total_success=0.006% endpoint_success=0.007% episodes_per_second=263.96
episodes=159744/2000000 batch_success=0.000% total_success=0.006% endpoint_success=0.007% episodes_per_second=264.62
episodes=161792/2000000 batch_success=0.000% total_success=0.006% endpoint_success=0.007% episodes_per_second=265.22
episodes=163840/2000000 batch_success=0.000% total_success=0.005% endpoint_success=0.007% episodes_per_second=265.81
validation_episodes=163840 success=0/10
episodes=165888/2000000 batch_success=0.000% total_success=0.005% endpoint_success=0.007% episodes_per_second=263.75
episodes=167936/2000000 batch_success=0.000% total_success=0.005% endpoint_success=0.007% episodes_per_second=264.33
episodes=169984/2000000 batch_success=0.000% total_success=0.005% endpoint_success=0.006% episodes_per_second=264.93
episodes=172032/2000000 batch_success=0.000% total_success=0.005% endpoint_success=0.006% episodes_per_second=265.44
episodes=174080/2000000 batch_success=0.000% total_success=0.005% endpoint_success=0.006% episodes_per_second=265.94
validation_episodes=174080 success=0/10
episodes=176128/2000000 batch_success=0.000% total_success=0.005% endpoint_success=0.006% episodes_per_second=263.81
episodes=178176/2000000 batch_success=0.000% total_success=0.005% endpoint_success=0.006% episodes_per_second=264.24
episodes=180224/2000000 batch_success=0.000% total_success=0.005% endpoint_success=0.006% episodes_per_second=264.74
episodes=182272/2000000 batch_success=0.000% total_success=0.005% endpoint_success=0.006% episodes_per_second=265.19
episodes=184320/2000000 batch_success=0.000% total_success=0.005% endpoint_success=0.006% episodes_per_second=265.70
validation_episodes=184320 success=0/10
episodes=186368/2000000 batch_success=0.000% total_success=0.005% endpoint_success=0.006% episodes_per_second=263.73
episodes=188416/2000000 batch_success=0.000% total_success=0.005% endpoint_success=0.006% episodes_per_second=263.83
episodes=190464/2000000 batch_success=0.000% total_success=0.005% endpoint_success=0.006% episodes_per_second=264.32
episodes=192512/2000000 batch_success=0.000% total_success=0.005% endpoint_success=0.006% episodes_per_second=264.78
episodes=194560/2000000 batch_success=0.000% total_success=0.005% endpoint_success=0.006% episodes_per_second=265.32
validation_episodes=194560 success=0/10
episodes=196608/2000000 batch_success=0.000% total_success=0.005% endpoint_success=0.006% episodes_per_second=263.40
{
  "status": "STOPPED_BY_USER",
  "episodes": 196608,
  "requested_episodes": 2000000,
  "successes": 9,
  "endpoint_successes": 11,
  "legacy_scientific_successes": 0,
  "success_rate": 4.57763671875e-05,
  "episodes_per_second": 263.3975630870545,
  "elapsed_s": 746.4305959999328,
  "latest_durable_checkpoint_episodes": 196608
}
