episodes=2048/100000 batch_success=80.371% rolling_5000=80.371% total_success=80.371% endpoint_success=80.615% episodes_per_second=89.27
episodes=4096/100000 batch_success=82.373% rolling_5000=81.372% total_success=81.372% endpoint_success=81.592% episodes_per_second=120.56
episodes=6144/100000 batch_success=81.738% rolling_5000=81.640% total_success=81.494% endpoint_success=81.738% episodes_per_second=137.48
episodes=8192/100000 batch_success=82.080% rolling_5000=81.980% total_success=81.641% endpoint_success=81.873% episodes_per_second=147.31
episodes=10240/100000 batch_success=81.445% rolling_5000=81.700% total_success=81.602% endpoint_success=81.836% episodes_per_second=154.03
validation_episodes=10240 success=480/512
episodes=12288/100000 batch_success=81.543% rolling_5000=81.540% total_success=81.592% endpoint_success=81.803% episodes_per_second=138.46
episodes=14336/100000 batch_success=80.518% rolling_5000=81.260% total_success=81.438% endpoint_success=81.655% episodes_per_second=144.24
episodes=16384/100000 batch_success=83.008% rolling_5000=81.560% total_success=81.635% endpoint_success=81.854% episodes_per_second=149.06
episodes=18432/100000 batch_success=82.324% rolling_5000=82.580% total_success=81.711% endpoint_success=81.934% episodes_per_second=153.00
episodes=20480/100000 batch_success=81.934% rolling_5000=82.420% total_success=81.733% endpoint_success=81.948% episodes_per_second=155.90
validation_episodes=20480 success=473/512
episodes=22528/100000 batch_success=80.078% rolling_5000=81.260% total_success=81.583% endpoint_success=81.814% episodes_per_second=146.53
episodes=24576/100000 batch_success=81.592% rolling_5000=81.120% total_success=81.584% endpoint_success=81.820% episodes_per_second=149.51
episodes=26624/100000 batch_success=80.859% rolling_5000=81.060% total_success=81.528% endpoint_success=81.757% episodes_per_second=152.24
episodes=28672/100000 batch_success=80.859% rolling_5000=81.000% total_success=81.480% endpoint_success=81.721% episodes_per_second=154.70
episodes=30720/100000 batch_success=79.980% rolling_5000=80.680% total_success=81.380% endpoint_success=81.624% episodes_per_second=156.98
validation_episodes=30720 success=467/512
episodes=32768/100000 batch_success=81.250% rolling_5000=80.420% total_success=81.372% endpoint_success=81.616% episodes_per_second=150.38
episodes=34816/100000 batch_success=79.736% rolling_5000=80.400% total_success=81.276% endpoint_success=81.509% episodes_per_second=152.25
episodes=36864/100000 batch_success=80.078% rolling_5000=80.160% total_success=81.209% endpoint_success=81.437% episodes_per_second=153.84
episodes=38912/100000 batch_success=80.566% rolling_5000=80.100% total_success=81.175% endpoint_success=81.399% episodes_per_second=154.43
episodes=40960/100000 batch_success=81.543% rolling_5000=80.980% total_success=81.194% endpoint_success=81.421% episodes_per_second=156.02
validation_episodes=40960 success=464/512
episodes=43008/100000 batch_success=80.469% rolling_5000=81.000% total_success=81.159% endpoint_success=81.383% episodes_per_second=150.85
episodes=45056/100000 batch_success=81.348% rolling_5000=80.940% total_success=81.168% endpoint_success=81.390% episodes_per_second=152.34
episodes=47104/100000 batch_success=80.713% rolling_5000=80.720% total_success=81.148% endpoint_success=81.365% episodes_per_second=153.74
episodes=49152/100000 batch_success=80.469% rolling_5000=80.540% total_success=81.120% endpoint_success=81.342% episodes_per_second=155.02
episodes=51200/100000 batch_success=79.248% rolling_5000=79.940% total_success=81.045% endpoint_success=81.271% episodes_per_second=156.27
validation_episodes=51200 success=464/512
episodes=53248/100000 batch_success=78.662% rolling_5000=79.320% total_success=80.953% endpoint_success=81.186% episodes_per_second=152.19
episodes=55296/100000 batch_success=80.664% rolling_5000=79.520% total_success=80.943% endpoint_success=81.176% episodes_per_second=153.42
episodes=57344/100000 batch_success=79.883% rolling_5000=79.800% total_success=80.905% endpoint_success=81.135% episodes_per_second=154.49
episodes=59392/100000 batch_success=79.688% rolling_5000=79.960% total_success=80.863% endpoint_success=81.098% episodes_per_second=155.55
episodes=61440/100000 batch_success=79.785% rolling_5000=79.520% total_success=80.827% endpoint_success=81.063% episodes_per_second=156.45
validation_episodes=61440 success=469/512
episodes=63488/100000 batch_success=81.494% rolling_5000=80.520% total_success=80.848% endpoint_success=81.092% episodes_per_second=152.79
episodes=65536/100000 batch_success=80.078% rolling_5000=80.680% total_success=80.824% endpoint_success=81.067% episodes_per_second=153.69
episodes=67584/100000 batch_success=81.348% rolling_5000=80.760% total_success=80.840% endpoint_success=81.081% episodes_per_second=154.57
episodes=69632/100000 batch_success=79.980% rolling_5000=80.480% total_success=80.815% endpoint_success=81.055% episodes_per_second=155.51
episodes=71680/100000 batch_success=82.129% rolling_5000=81.160% total_success=80.852% endpoint_success=81.088% episodes_per_second=156.38
validation_episodes=71680 success=471/512
episodes=73728/100000 batch_success=79.004% rolling_5000=80.340% total_success=80.801% endpoint_success=81.044% episodes_per_second=153.28
episodes=75776/100000 batch_success=80.078% rolling_5000=79.960% total_success=80.782% endpoint_success=81.019% episodes_per_second=154.02
episodes=77824/100000 batch_success=80.908% rolling_5000=80.180% total_success=80.785% endpoint_success=81.017% episodes_per_second=154.77
episodes=79872/100000 batch_success=80.615% rolling_5000=80.760% total_success=80.780% endpoint_success=81.013% episodes_per_second=155.54
episodes=81920/100000 batch_success=79.492% rolling_5000=80.240% total_success=80.748% endpoint_success=80.981% episodes_per_second=156.31
validation_episodes=81920 success=471/512
episodes=83968/100000 batch_success=80.566% rolling_5000=80.160% total_success=80.744% endpoint_success=80.978% episodes_per_second=153.74
episodes=86016/100000 batch_success=79.395% rolling_5000=79.860% total_success=80.712% endpoint_success=80.950% episodes_per_second=154.49
episodes=88064/100000 batch_success=81.104% rolling_5000=80.200% total_success=80.721% endpoint_success=80.960% episodes_per_second=155.17
episodes=90112/100000 batch_success=78.564% rolling_5000=79.640% total_success=80.672% endpoint_success=80.910% episodes_per_second=155.83
episodes=92160/100000 batch_success=79.980% rolling_5000=79.580% total_success=80.656% endpoint_success=80.896% episodes_per_second=156.43
validation_episodes=92160 success=471/512
episodes=94208/100000 batch_success=80.713% rolling_5000=80.020% total_success=80.658% endpoint_success=80.900% episodes_per_second=154.12
episodes=96256/100000 batch_success=78.955% rolling_5000=79.660% total_success=80.621% endpoint_success=80.868% episodes_per_second=154.77
episodes=98304/100000 batch_success=78.027% rolling_5000=78.880% total_success=80.567% endpoint_success=80.816% episodes_per_second=155.40
episodes=100352/100000 batch_success=78.711% rolling_5000=78.400% total_success=80.530% endpoint_success=80.781% episodes_per_second=156.01
{
  "status": "COMPLETE",
  "episodes": 100352,
  "requested_episodes": 100000,
  "batch_aligned_overshoot": 352,
  "episodes_remaining": 0,
  "successes": 80813,
  "endpoint_successes": 81065,
  "legacy_scientific_successes": 0,
  "success_rate": 0.8052953603316326,
  "rolling_success_rate": 0.784,
  "rolling_window_episodes": 5000,
  "episodes_per_second": 156.01372410530803,
  "elapsed_s": 643.2254635000136,
  "early_stopping_reason": null
}
