episodes=2048/1000000 batch_success=83.057% total_success=83.057% endpoint_success=94.971% episodes_per_second=110.75
episodes=4096/1000000 batch_success=75.781% total_success=79.419% endpoint_success=93.652% episodes_per_second=148.35
episodes=6144/1000000 batch_success=64.355% total_success=74.398% endpoint_success=88.070% episodes_per_second=162.50
episodes=8192/1000000 batch_success=74.805% total_success=74.500% endpoint_success=88.318% episodes_per_second=175.19
episodes=10240/1000000 batch_success=75.684% total_success=74.736% endpoint_success=88.242% episodes_per_second=182.59
validation_episodes=10240 success=62/64
episodes=12288/1000000 batch_success=77.051% total_success=75.122% endpoint_success=88.599% episodes_per_second=165.11
episodes=14336/1000000 batch_success=79.541% total_success=75.753% endpoint_success=89.035% episodes_per_second=169.19
episodes=16384/1000000 batch_success=77.832% total_success=76.013% endpoint_success=89.612% episodes_per_second=173.83
episodes=18432/1000000 batch_success=76.953% total_success=76.118% endpoint_success=89.996% episodes_per_second=178.54
episodes=20480/1000000 batch_success=74.561% total_success=75.962% endpoint_success=90.239% episodes_per_second=182.47
validation_episodes=20480 success=64/64
episodes=22528/1000000 batch_success=78.613% total_success=76.203% endpoint_success=90.567% episodes_per_second=172.08
episodes=24576/1000000 batch_success=78.809% total_success=76.420% endpoint_success=90.845% episodes_per_second=175.66
episodes=26624/1000000 batch_success=73.682% total_success=76.209% endpoint_success=90.847% episodes_per_second=178.57
episodes=28672/1000000 batch_success=71.973% total_success=75.907% endpoint_success=90.771% episodes_per_second=181.45
episodes=30720/1000000 batch_success=72.363% total_success=75.671% endpoint_success=90.791% episodes_per_second=183.95
validation_episodes=30720 success=64/64
episodes=32768/1000000 batch_success=72.168% total_success=75.452% endpoint_success=90.857% episodes_per_second=176.32
episodes=34816/1000000 batch_success=70.020% total_success=75.132% endpoint_success=90.832% episodes_per_second=178.57
episodes=36864/1000000 batch_success=69.580% total_success=74.824% endpoint_success=90.742% episodes_per_second=180.59
episodes=38912/1000000 batch_success=70.752% total_success=74.609% endpoint_success=90.741% episodes_per_second=182.45
episodes=40960/1000000 batch_success=67.969% total_success=74.277% endpoint_success=90.562% episodes_per_second=184.36
validation_episodes=40960 success=60/64
episodes=43008/1000000 batch_success=69.238% total_success=74.037% endpoint_success=90.523% episodes_per_second=177.55
episodes=45056/1000000 batch_success=71.143% total_success=73.906% endpoint_success=90.507% episodes_per_second=179.04
episodes=47104/1000000 batch_success=71.729% total_success=73.811% endpoint_success=90.485% episodes_per_second=177.98
episodes=49152/1000000 batch_success=70.703% total_success=73.682% endpoint_success=90.395% episodes_per_second=178.54
episodes=51200/1000000 batch_success=66.260% total_success=73.385% endpoint_success=90.293% episodes_per_second=179.91
validation_episodes=51200 success=57/64
episodes=53248/1000000 batch_success=65.771% total_success=73.092% endpoint_success=90.178% episodes_per_second=175.75
episodes=55296/1000000 batch_success=73.291% total_success=73.099% endpoint_success=90.166% episodes_per_second=177.00
episodes=57344/1000000 batch_success=72.705% total_success=73.085% endpoint_success=90.112% episodes_per_second=178.10
episodes=59392/1000000 batch_success=70.703% total_success=73.003% endpoint_success=90.098% episodes_per_second=179.09
episodes=61440/1000000 batch_success=73.145% total_success=73.008% endpoint_success=90.104% episodes_per_second=180.11
validation_episodes=61440 success=63/64
episodes=63488/1000000 batch_success=76.514% total_success=73.121% endpoint_success=90.129% episodes_per_second=176.44
episodes=65536/1000000 batch_success=74.902% total_success=73.177% endpoint_success=90.089% episodes_per_second=177.40
episodes=67584/1000000 batch_success=75.781% total_success=73.256% endpoint_success=90.113% episodes_per_second=178.45
episodes=69632/1000000 batch_success=77.979% total_success=73.394% endpoint_success=90.108% episodes_per_second=179.46
episodes=71680/1000000 batch_success=77.783% total_success=73.520% endpoint_success=90.145% episodes_per_second=180.26
validation_episodes=71680 success=63/64
episodes=73728/1000000 batch_success=76.953% total_success=73.615% endpoint_success=90.190% episodes_per_second=177.01
episodes=75776/1000000 batch_success=79.639% total_success=73.778% endpoint_success=90.249% episodes_per_second=177.94
episodes=77824/1000000 batch_success=80.225% total_success=73.948% endpoint_success=90.300% episodes_per_second=178.88
episodes=79872/1000000 batch_success=78.564% total_success=74.066% endpoint_success=90.367% episodes_per_second=179.73
episodes=81920/1000000 batch_success=77.539% total_success=74.153% endpoint_success=90.415% episodes_per_second=180.55
validation_episodes=81920 success=63/64
episodes=83968/1000000 batch_success=77.588% total_success=74.237% endpoint_success=90.469% episodes_per_second=177.27
episodes=86016/1000000 batch_success=78.906% total_success=74.348% endpoint_success=90.549% episodes_per_second=177.64
episodes=88064/1000000 batch_success=77.539% total_success=74.422% endpoint_success=90.617% episodes_per_second=178.31
episodes=90112/1000000 batch_success=78.857% total_success=74.523% endpoint_success=90.667% episodes_per_second=178.90
episodes=92160/1000000 batch_success=78.320% total_success=74.607% endpoint_success=90.722% episodes_per_second=179.36
validation_episodes=92160 success=62/64
episodes=94208/1000000 batch_success=77.930% total_success=74.679% endpoint_success=90.765% episodes_per_second=177.06
episodes=96256/1000000 batch_success=78.662% total_success=74.764% endpoint_success=90.818% episodes_per_second=177.82
episodes=98304/1000000 batch_success=79.541% total_success=74.864% endpoint_success=90.869% episodes_per_second=178.51
episodes=100352/1000000 batch_success=79.248% total_success=74.953% endpoint_success=90.950% episodes_per_second=179.21
episodes=102400/1000000 batch_success=78.516% total_success=75.024% endpoint_success=91.030% episodes_per_second=179.89
validation_episodes=102400 success=64/64
episodes=104448/1000000 batch_success=78.564% total_success=75.094% endpoint_success=91.078% episodes_per_second=177.75
episodes=106496/1000000 batch_success=79.150% total_success=75.172% endpoint_success=91.141% episodes_per_second=178.32
episodes=108544/1000000 batch_success=80.127% total_success=75.265% endpoint_success=91.203% episodes_per_second=178.89
episodes=110592/1000000 batch_success=80.469% total_success=75.362% endpoint_success=91.277% episodes_per_second=179.43
episodes=112640/1000000 batch_success=78.906% total_success=75.426% endpoint_success=91.311% episodes_per_second=180.02
validation_episodes=112640 success=64/64
episodes=114688/1000000 batch_success=79.297% total_success=75.495% endpoint_success=91.364% episodes_per_second=178.08
episodes=116736/1000000 batch_success=81.836% total_success=75.606% endpoint_success=91.427% episodes_per_second=178.59
episodes=118784/1000000 batch_success=82.178% total_success=75.720% endpoint_success=91.485% episodes_per_second=179.18
episodes=120832/1000000 batch_success=80.908% total_success=75.808% endpoint_success=91.542% episodes_per_second=179.76
episodes=122880/1000000 batch_success=81.543% total_success=75.903% endpoint_success=91.589% episodes_per_second=180.32
validation_episodes=122880 success=64/64
episodes=124928/1000000 batch_success=81.445% total_success=75.994% endpoint_success=91.642% episodes_per_second=178.48
episodes=126976/1000000 batch_success=81.836% total_success=76.088% endpoint_success=91.697% episodes_per_second=179.04
episodes=129024/1000000 batch_success=81.885% total_success=76.180% endpoint_success=91.748% episodes_per_second=179.56
episodes=131072/1000000 batch_success=81.348% total_success=76.261% endpoint_success=91.798% episodes_per_second=180.08
episodes=133120/1000000 batch_success=82.812% total_success=76.362% endpoint_success=91.848% episodes_per_second=180.52
validation_episodes=133120 success=63/64
episodes=135168/1000000 batch_success=83.057% total_success=76.463% endpoint_success=91.880% episodes_per_second=178.36
episodes=137216/1000000 batch_success=85.107% total_success=76.592% endpoint_success=91.930% episodes_per_second=178.85
episodes=139264/1000000 batch_success=83.691% total_success=76.697% endpoint_success=91.976% episodes_per_second=179.30
episodes=141312/1000000 batch_success=83.057% total_success=76.789% endpoint_success=92.020% episodes_per_second=179.74
episodes=143360/1000000 batch_success=83.301% total_success=76.882% endpoint_success=92.079% episodes_per_second=180.14
validation_episodes=143360 success=64/64
episodes=145408/1000000 batch_success=84.912% total_success=76.995% endpoint_success=92.131% episodes_per_second=178.27
episodes=147456/1000000 batch_success=81.836% total_success=77.062% endpoint_success=92.176% episodes_per_second=178.54
episodes=149504/1000000 batch_success=81.934% total_success=77.129% endpoint_success=92.214% episodes_per_second=179.02
episodes=151552/1000000 batch_success=84.180% total_success=77.224% endpoint_success=92.267% episodes_per_second=179.48
episodes=153600/1000000 batch_success=83.984% total_success=77.314% endpoint_success=92.310% episodes_per_second=179.94
validation_episodes=153600 success=64/64
episodes=155648/1000000 batch_success=82.861% total_success=77.387% endpoint_success=92.353% episodes_per_second=178.44
episodes=157696/1000000 batch_success=83.057% total_success=77.461% endpoint_success=92.391% episodes_per_second=178.88
episodes=159744/1000000 batch_success=84.375% total_success=77.550% endpoint_success=92.427% episodes_per_second=179.30
episodes=161792/1000000 batch_success=83.496% total_success=77.625% endpoint_success=92.469% episodes_per_second=179.73
episodes=163840/1000000 batch_success=82.910% total_success=77.691% endpoint_success=92.518% episodes_per_second=180.10
validation_episodes=163840 success=64/64
episodes=165888/1000000 batch_success=85.303% total_success=77.785% endpoint_success=92.561% episodes_per_second=178.68
episodes=167936/1000000 batch_success=84.766% total_success=77.870% endpoint_success=92.607% episodes_per_second=179.08
episodes=169984/1000000 batch_success=83.447% total_success=77.937% endpoint_success=92.643% episodes_per_second=179.49
episodes=172032/1000000 batch_success=83.203% total_success=78.000% endpoint_success=92.678% episodes_per_second=179.89
episodes=174080/1000000 batch_success=83.643% total_success=78.066% endpoint_success=92.714% episodes_per_second=180.17
validation_episodes=174080 success=64/64
episodes=176128/1000000 batch_success=83.789% total_success=78.133% endpoint_success=92.753% episodes_per_second=178.50
episodes=178176/1000000 batch_success=83.350% total_success=78.193% endpoint_success=92.787% episodes_per_second=178.71
episodes=180224/1000000 batch_success=84.961% total_success=78.270% endpoint_success=92.829% episodes_per_second=179.02
episodes=182272/1000000 batch_success=84.961% total_success=78.345% endpoint_success=92.864% episodes_per_second=179.35
episodes=184320/1000000 batch_success=85.889% total_success=78.429% endpoint_success=92.905% episodes_per_second=179.72
validation_episodes=184320 success=64/64
episodes=186368/1000000 batch_success=83.398% total_success=78.483% endpoint_success=92.934% episodes_per_second=178.52
episodes=188416/1000000 batch_success=85.742% total_success=78.562% endpoint_success=92.964% episodes_per_second=178.88
episodes=190464/1000000 batch_success=84.717% total_success=78.629% endpoint_success=92.988% episodes_per_second=179.26
episodes=192512/1000000 batch_success=84.570% total_success=78.692% endpoint_success=93.010% episodes_per_second=179.62
episodes=194560/1000000 batch_success=86.475% total_success=78.774% endpoint_success=93.055% episodes_per_second=179.97
validation_episodes=194560 success=62/64
episodes=196608/1000000 batch_success=85.547% total_success=78.844% endpoint_success=93.080% episodes_per_second=178.75
episodes=198656/1000000 batch_success=86.865% total_success=78.927% endpoint_success=93.119% episodes_per_second=179.10
episodes=200704/1000000 batch_success=86.768% total_success=79.007% endpoint_success=93.155% episodes_per_second=179.42
episodes=202752/1000000 batch_success=85.938% total_success=79.077% endpoint_success=93.184% episodes_per_second=179.72
episodes=204800/1000000 batch_success=85.400% total_success=79.140% endpoint_success=93.209% episodes_per_second=180.02
validation_episodes=204800 success=64/64
episodes=206848/1000000 batch_success=85.742% total_success=79.206% endpoint_success=93.237% episodes_per_second=178.89
episodes=208896/1000000 batch_success=85.107% total_success=79.263% endpoint_success=93.271% episodes_per_second=179.23
episodes=210944/1000000 batch_success=86.914% total_success=79.338% endpoint_success=93.311% episodes_per_second=179.55
episodes=212992/1000000 batch_success=84.570% total_success=79.388% endpoint_success=93.346% episodes_per_second=179.87
episodes=215040/1000000 batch_success=85.547% total_success=79.447% endpoint_success=93.373% episodes_per_second=180.15
validation_episodes=215040 success=64/64
episodes=217088/1000000 batch_success=85.107% total_success=79.500% endpoint_success=93.397% episodes_per_second=179.05
episodes=219136/1000000 batch_success=85.107% total_success=79.552% endpoint_success=93.425% episodes_per_second=179.30
episodes=221184/1000000 batch_success=85.010% total_success=79.603% endpoint_success=93.452% episodes_per_second=179.62
episodes=223232/1000000 batch_success=85.352% total_success=79.656% endpoint_success=93.488% episodes_per_second=179.93
episodes=225280/1000000 batch_success=85.059% total_success=79.705% endpoint_success=93.515% episodes_per_second=180.24
validation_episodes=225280 success=64/64
episodes=227328/1000000 batch_success=82.373% total_success=79.729% endpoint_success=93.534% episodes_per_second=179.22
episodes=229376/1000000 batch_success=85.693% total_success=79.782% endpoint_success=93.560% episodes_per_second=179.48
episodes=231424/1000000 batch_success=85.742% total_success=79.835% endpoint_success=93.588% episodes_per_second=179.77
episodes=233472/1000000 batch_success=86.426% total_success=79.893% endpoint_success=93.621% episodes_per_second=180.05
episodes=235520/1000000 batch_success=85.986% total_success=79.946% endpoint_success=93.651% episodes_per_second=180.32
validation_episodes=235520 success=61/64
episodes=237568/1000000 batch_success=86.182% total_success=79.999% endpoint_success=93.680% episodes_per_second=179.37
episodes=239616/1000000 batch_success=87.109% total_success=80.060% endpoint_success=93.711% episodes_per_second=179.65
episodes=241664/1000000 batch_success=88.135% total_success=80.129% endpoint_success=93.739% episodes_per_second=179.93
episodes=243712/1000000 batch_success=86.963% total_success=80.186% endpoint_success=93.766% episodes_per_second=180.20
episodes=245760/1000000 batch_success=87.207% total_success=80.245% endpoint_success=93.792% episodes_per_second=180.48
validation_episodes=245760 success=64/64
episodes=247808/1000000 batch_success=86.377% total_success=80.295% endpoint_success=93.823% episodes_per_second=179.58
episodes=249856/1000000 batch_success=85.254% total_success=80.336% endpoint_success=93.850% episodes_per_second=179.87
episodes=251904/1000000 batch_success=87.256% total_success=80.392% endpoint_success=93.881% episodes_per_second=180.12
episodes=253952/1000000 batch_success=86.230% total_success=80.439% endpoint_success=93.908% episodes_per_second=180.37
episodes=256000/1000000 batch_success=87.402% total_success=80.495% endpoint_success=93.936% episodes_per_second=180.61
validation_episodes=256000 success=63/64
episodes=258048/1000000 batch_success=86.328% total_success=80.541% endpoint_success=93.962% episodes_per_second=179.72
episodes=260096/1000000 batch_success=88.721% total_success=80.606% endpoint_success=93.986% episodes_per_second=179.99
episodes=262144/1000000 batch_success=85.840% total_success=80.647% endpoint_success=94.015% episodes_per_second=180.25
episodes=264192/1000000 batch_success=85.205% total_success=80.682% endpoint_success=94.041% episodes_per_second=180.44
episodes=266240/1000000 batch_success=86.426% total_success=80.726% endpoint_success=94.068% episodes_per_second=180.68
validation_episodes=266240 success=63/64
episodes=268288/1000000 batch_success=85.400% total_success=80.762% endpoint_success=94.096% episodes_per_second=179.82
episodes=270336/1000000 batch_success=86.719% total_success=80.807% endpoint_success=94.121% episodes_per_second=179.91
episodes=272384/1000000 batch_success=87.500% total_success=80.857% endpoint_success=94.147% episodes_per_second=180.12
episodes=274432/1000000 batch_success=87.402% total_success=80.906% endpoint_success=94.175% episodes_per_second=180.31
episodes=276480/1000000 batch_success=87.695% total_success=80.956% endpoint_success=94.202% episodes_per_second=180.50
validation_episodes=276480 success=64/64
{
  "status": "STOPPED_BY_USER",
  "episodes": 276480,
  "requested_episodes": 1000000,
  "successes": 223828,
  "endpoint_successes": 260450,
  "legacy_scientific_successes": 0,
  "success_rate": 0.8095630787037037,
  "episodes_per_second": 179.37932100446034,
  "elapsed_s": 1541.3147872999543,
  "latest_durable_checkpoint_episodes": 276480
}
