episodes=2048/2000000 batch_success=0.049% total_success=0.049% endpoint_success=0.049% episodes_per_second=109.85
episodes=4096/2000000 batch_success=0.000% total_success=0.024% endpoint_success=0.024% episodes_per_second=146.55
episodes=6144/2000000 batch_success=0.049% total_success=0.033% endpoint_success=0.033% episodes_per_second=164.80
episodes=8192/2000000 batch_success=0.000% total_success=0.024% endpoint_success=0.024% episodes_per_second=177.22
episodes=10240/2000000 batch_success=0.049% total_success=0.029% endpoint_success=0.029% episodes_per_second=185.69
validation_episodes=10240 success=0/256
episodes=12288/2000000 batch_success=0.000% total_success=0.024% endpoint_success=0.024% episodes_per_second=167.08
episodes=14336/2000000 batch_success=0.000% total_success=0.021% endpoint_success=0.021% episodes_per_second=173.27
episodes=16384/2000000 batch_success=0.000% total_success=0.018% endpoint_success=0.018% episodes_per_second=178.47
episodes=18432/2000000 batch_success=0.000% total_success=0.016% endpoint_success=0.016% episodes_per_second=182.72
episodes=20480/2000000 batch_success=0.098% total_success=0.024% endpoint_success=0.024% episodes_per_second=186.28
validation_episodes=20480 success=0/256
episodes=22528/2000000 batch_success=0.000% total_success=0.022% endpoint_success=0.022% episodes_per_second=175.43
episodes=24576/2000000 batch_success=0.000% total_success=0.020% endpoint_success=0.020% episodes_per_second=178.76
episodes=26624/2000000 batch_success=0.146% total_success=0.030% endpoint_success=0.030% episodes_per_second=181.82
episodes=28672/2000000 batch_success=0.000% total_success=0.028% endpoint_success=0.028% episodes_per_second=184.45
episodes=30720/2000000 batch_success=0.049% total_success=0.029% endpoint_success=0.029% episodes_per_second=186.67
validation_episodes=30720 success=0/256
episodes=32768/2000000 batch_success=0.049% total_success=0.031% endpoint_success=0.031% episodes_per_second=178.66
episodes=34816/2000000 batch_success=0.049% total_success=0.032% endpoint_success=0.032% episodes_per_second=180.63
episodes=36864/2000000 batch_success=0.000% total_success=0.030% endpoint_success=0.030% episodes_per_second=182.65
episodes=38912/2000000 batch_success=0.000% total_success=0.028% endpoint_success=0.028% episodes_per_second=184.42
episodes=40960/2000000 batch_success=0.000% total_success=0.027% endpoint_success=0.027% episodes_per_second=186.19
validation_episodes=40960 success=0/256
episodes=43008/2000000 batch_success=0.000% total_success=0.026% endpoint_success=0.026% episodes_per_second=180.27
episodes=45056/2000000 batch_success=0.000% total_success=0.024% endpoint_success=0.024% episodes_per_second=181.96
episodes=47104/2000000 batch_success=0.000% total_success=0.023% endpoint_success=0.023% episodes_per_second=183.53
episodes=49152/2000000 batch_success=0.000% total_success=0.022% endpoint_success=0.022% episodes_per_second=184.96
episodes=51200/2000000 batch_success=0.000% total_success=0.021% endpoint_success=0.021% episodes_per_second=186.33
validation_episodes=51200 success=0/256
episodes=53248/2000000 batch_success=0.000% total_success=0.021% endpoint_success=0.021% episodes_per_second=181.66
episodes=55296/2000000 batch_success=0.000% total_success=0.020% endpoint_success=0.020% episodes_per_second=182.97
episodes=57344/2000000 batch_success=0.000% total_success=0.019% endpoint_success=0.019% episodes_per_second=184.19
episodes=59392/2000000 batch_success=0.000% total_success=0.019% endpoint_success=0.019% episodes_per_second=185.35
episodes=61440/2000000 batch_success=0.000% total_success=0.018% endpoint_success=0.018% episodes_per_second=186.51
validation_episodes=61440 success=0/256
episodes=63488/2000000 batch_success=0.000% total_success=0.017% endpoint_success=0.017% episodes_per_second=182.63
episodes=65536/2000000 batch_success=0.000% total_success=0.017% endpoint_success=0.017% episodes_per_second=183.85
episodes=67584/2000000 batch_success=0.000% total_success=0.016% endpoint_success=0.016% episodes_per_second=184.81
episodes=69632/2000000 batch_success=0.000% total_success=0.016% endpoint_success=0.016% episodes_per_second=185.74
episodes=71680/2000000 batch_success=0.000% total_success=0.015% endpoint_success=0.015% episodes_per_second=186.69
validation_episodes=71680 success=0/256
episodes=73728/2000000 batch_success=0.000% total_success=0.015% endpoint_success=0.015% episodes_per_second=183.39
episodes=75776/2000000 batch_success=0.000% total_success=0.015% endpoint_success=0.015% episodes_per_second=184.39
episodes=77824/2000000 batch_success=0.000% total_success=0.014% endpoint_success=0.014% episodes_per_second=185.37
episodes=79872/2000000 batch_success=0.000% total_success=0.014% endpoint_success=0.014% episodes_per_second=186.25
episodes=81920/2000000 batch_success=0.000% total_success=0.013% endpoint_success=0.013% episodes_per_second=187.01
validation_episodes=81920 success=0/256
episodes=83968/2000000 batch_success=0.000% total_success=0.013% endpoint_success=0.013% episodes_per_second=184.01
episodes=86016/2000000 batch_success=0.000% total_success=0.013% endpoint_success=0.013% episodes_per_second=184.81
episodes=88064/2000000 batch_success=0.000% total_success=0.012% endpoint_success=0.012% episodes_per_second=185.65
episodes=90112/2000000 batch_success=0.000% total_success=0.012% endpoint_success=0.012% episodes_per_second=186.39
episodes=92160/2000000 batch_success=0.000% total_success=0.012% endpoint_success=0.012% episodes_per_second=187.14
validation_episodes=92160 success=0/256
episodes=94208/2000000 batch_success=0.000% total_success=0.012% endpoint_success=0.012% episodes_per_second=184.39
episodes=96256/2000000 batch_success=0.000% total_success=0.011% endpoint_success=0.011% episodes_per_second=185.10
episodes=98304/2000000 batch_success=0.000% total_success=0.011% endpoint_success=0.011% episodes_per_second=185.86
episodes=100352/2000000 batch_success=0.000% total_success=0.011% endpoint_success=0.011% episodes_per_second=186.51
episodes=102400/2000000 batch_success=0.000% total_success=0.011% endpoint_success=0.011% episodes_per_second=187.14
validation_episodes=102400 success=0/256
episodes=104448/2000000 batch_success=0.000% total_success=0.011% endpoint_success=0.011% episodes_per_second=184.62
episodes=106496/2000000 batch_success=0.000% total_success=0.010% endpoint_success=0.010% episodes_per_second=185.23
episodes=108544/2000000 batch_success=0.000% total_success=0.010% endpoint_success=0.010% episodes_per_second=185.84
episodes=110592/2000000 batch_success=0.000% total_success=0.010% endpoint_success=0.010% episodes_per_second=186.48
episodes=112640/2000000 batch_success=0.000% total_success=0.010% endpoint_success=0.010% episodes_per_second=187.12
validation_episodes=112640 success=0/256
episodes=114688/2000000 batch_success=0.000% total_success=0.010% endpoint_success=0.010% episodes_per_second=184.90
episodes=116736/2000000 batch_success=0.000% total_success=0.009% endpoint_success=0.009% episodes_per_second=185.53
episodes=118784/2000000 batch_success=0.000% total_success=0.009% endpoint_success=0.009% episodes_per_second=186.12
episodes=120832/2000000 batch_success=0.000% total_success=0.009% endpoint_success=0.009% episodes_per_second=186.68
episodes=122880/2000000 batch_success=0.000% total_success=0.009% endpoint_success=0.009% episodes_per_second=187.24
validation_episodes=122880 success=0/256
episodes=124928/2000000 batch_success=0.000% total_success=0.009% endpoint_success=0.009% episodes_per_second=185.15
episodes=126976/2000000 batch_success=0.000% total_success=0.009% endpoint_success=0.009% episodes_per_second=185.70
episodes=129024/2000000 batch_success=0.000% total_success=0.009% endpoint_success=0.009% episodes_per_second=186.23
episodes=131072/2000000 batch_success=0.000% total_success=0.008% endpoint_success=0.008% episodes_per_second=186.71
episodes=133120/2000000 batch_success=0.000% total_success=0.008% endpoint_success=0.008% episodes_per_second=187.17
validation_episodes=133120 success=0/256
episodes=135168/2000000 batch_success=0.000% total_success=0.008% endpoint_success=0.008% episodes_per_second=185.33
episodes=137216/2000000 batch_success=0.000% total_success=0.008% endpoint_success=0.008% episodes_per_second=185.86
episodes=139264/2000000 batch_success=0.000% total_success=0.008% endpoint_success=0.008% episodes_per_second=186.37
episodes=141312/2000000 batch_success=0.000% total_success=0.008% endpoint_success=0.008% episodes_per_second=186.86
episodes=143360/2000000 batch_success=0.000% total_success=0.008% endpoint_success=0.008% episodes_per_second=187.32
validation_episodes=143360 success=0/256
episodes=145408/2000000 batch_success=0.000% total_success=0.008% endpoint_success=0.008% episodes_per_second=185.54
episodes=147456/2000000 batch_success=0.000% total_success=0.007% endpoint_success=0.007% episodes_per_second=186.06
episodes=149504/2000000 batch_success=0.000% total_success=0.007% endpoint_success=0.007% episodes_per_second=186.52
episodes=151552/2000000 batch_success=0.000% total_success=0.007% endpoint_success=0.007% episodes_per_second=186.96
episodes=153600/2000000 batch_success=0.000% total_success=0.007% endpoint_success=0.007% episodes_per_second=187.38
validation_episodes=153600 success=0/256
episodes=155648/2000000 batch_success=0.000% total_success=0.007% endpoint_success=0.007% episodes_per_second=185.66
episodes=157696/2000000 batch_success=0.000% total_success=0.007% endpoint_success=0.007% episodes_per_second=186.07
episodes=159744/2000000 batch_success=0.000% total_success=0.007% endpoint_success=0.007% episodes_per_second=186.46
episodes=161792/2000000 batch_success=0.000% total_success=0.007% endpoint_success=0.007% episodes_per_second=186.87
episodes=163840/2000000 batch_success=0.000% total_success=0.007% endpoint_success=0.007% episodes_per_second=187.26
validation_episodes=163840 success=0/256
episodes=165888/2000000 batch_success=0.000% total_success=0.007% endpoint_success=0.007% episodes_per_second=185.76
episodes=167936/2000000 batch_success=0.000% total_success=0.007% endpoint_success=0.007% episodes_per_second=186.19
episodes=169984/2000000 batch_success=0.000% total_success=0.006% endpoint_success=0.006% episodes_per_second=186.57
episodes=172032/2000000 batch_success=0.000% total_success=0.006% endpoint_success=0.006% episodes_per_second=187.01
episodes=174080/2000000 batch_success=0.000% total_success=0.006% endpoint_success=0.006% episodes_per_second=187.43
validation_episodes=174080 success=0/256
episodes=176128/2000000 batch_success=0.000% total_success=0.006% endpoint_success=0.006% episodes_per_second=186.00
episodes=178176/2000000 batch_success=0.000% total_success=0.006% endpoint_success=0.006% episodes_per_second=186.37
episodes=180224/2000000 batch_success=0.000% total_success=0.006% endpoint_success=0.006% episodes_per_second=186.68
episodes=182272/2000000 batch_success=0.000% total_success=0.006% endpoint_success=0.006% episodes_per_second=187.00
episodes=184320/2000000 batch_success=0.000% total_success=0.006% endpoint_success=0.006% episodes_per_second=187.38
validation_episodes=184320 success=0/256
episodes=186368/2000000 batch_success=0.000% total_success=0.006% endpoint_success=0.006% episodes_per_second=185.93
episodes=188416/2000000 batch_success=0.000% total_success=0.006% endpoint_success=0.006% episodes_per_second=186.30
episodes=190464/2000000 batch_success=0.000% total_success=0.006% endpoint_success=0.006% episodes_per_second=186.68
episodes=192512/2000000 batch_success=0.000% total_success=0.006% endpoint_success=0.006% episodes_per_second=187.04
episodes=194560/2000000 batch_success=0.000% total_success=0.006% endpoint_success=0.006% episodes_per_second=187.45
validation_episodes=194560 success=0/256
episodes=196608/2000000 batch_success=0.000% total_success=0.006% endpoint_success=0.006% episodes_per_second=186.14
episodes=198656/2000000 batch_success=0.000% total_success=0.006% endpoint_success=0.006% episodes_per_second=186.46
episodes=200704/2000000 batch_success=0.000% total_success=0.005% endpoint_success=0.005% episodes_per_second=186.85
episodes=202752/2000000 batch_success=0.000% total_success=0.005% endpoint_success=0.005% episodes_per_second=187.13
episodes=204800/2000000 batch_success=0.000% total_success=0.005% endpoint_success=0.005% episodes_per_second=187.50
validation_episodes=204800 success=0/256
episodes=206848/2000000 batch_success=0.000% total_success=0.005% endpoint_success=0.005% episodes_per_second=186.07
episodes=208896/2000000 batch_success=0.000% total_success=0.005% endpoint_success=0.005% episodes_per_second=186.30
episodes=210944/2000000 batch_success=0.000% total_success=0.005% endpoint_success=0.005% episodes_per_second=186.65
episodes=212992/2000000 batch_success=0.000% total_success=0.005% endpoint_success=0.005% episodes_per_second=186.92
episodes=215040/2000000 batch_success=0.000% total_success=0.005% endpoint_success=0.005% episodes_per_second=187.10
validation_episodes=215040 success=0/256
episodes=217088/2000000 batch_success=0.000% total_success=0.005% endpoint_success=0.005% episodes_per_second=185.76
episodes=219136/2000000 batch_success=0.000% total_success=0.005% endpoint_success=0.005% episodes_per_second=186.07
episodes=221184/2000000 batch_success=0.000% total_success=0.005% endpoint_success=0.005% episodes_per_second=186.36
episodes=223232/2000000 batch_success=0.000% total_success=0.005% endpoint_success=0.005% episodes_per_second=186.67
episodes=225280/2000000 batch_success=0.000% total_success=0.005% endpoint_success=0.005% episodes_per_second=187.04
validation_episodes=225280 success=0/256
episodes=227328/2000000 batch_success=0.000% total_success=0.005% endpoint_success=0.005% episodes_per_second=185.68
{
  "status": "STOPPED_BY_USER",
  "episodes": 227328,
  "requested_episodes": 2000000,
  "successes": 11,
  "endpoint_successes": 11,
  "legacy_scientific_successes": 0,
  "success_rate": 4.838823198198198e-05,
  "episodes_per_second": 185.67787647234798,
  "elapsed_s": 1224.3138725999743,
  "latest_durable_checkpoint_episodes": 227328
}
