{"stage": "Initializing MPPI proposal", "command_step": 0, "maneuver_time_s": 0.0}
{"stage": "MPPI lookahead optimization", "iteration": 1, "window_iteration": 1, "command_step": 0, "maneuver_time_s": 0.0, "lookahead_s": 2.0}
{"stage": "MPPI lookahead optimization", "iteration": 2, "window_iteration": 2, "command_step": 0, "maneuver_time_s": 0.0, "lookahead_s": 2.0}
{"stage": "MPPI lookahead optimization", "iteration": 3, "window_iteration": 3, "command_step": 0, "maneuver_time_s": 0.0, "lookahead_s": 2.0}
{"stage": "MPPI lookahead optimization", "iteration": 4, "window_iteration": 4, "command_step": 0, "maneuver_time_s": 0.0, "lookahead_s": 2.0}
{"stage": "MPPI lookahead optimization", "iteration": 5, "window_iteration": 5, "command_step": 0, "maneuver_time_s": 0.0, "lookahead_s": 2.0}
{"stage": "MPPI lookahead optimization", "iteration": 6, "window_iteration": 6, "command_step": 0, "maneuver_time_s": 0.0, "lookahead_s": 2.0}
{"stage": "MPPI lookahead optimization", "iteration": 7, "window_iteration": 7, "command_step": 0, "maneuver_time_s": 0.0, "lookahead_s": 2.0}
{"stage": "MPPI lookahead optimization", "iteration": 8, "window_iteration": 8, "command_step": 0, "maneuver_time_s": 0.0, "lookahead_s": 2.0}
{"stage": "MPPI lookahead optimization", "iteration": 9, "window_iteration": 9, "command_step": 0, "maneuver_time_s": 0.0, "lookahead_s": 2.0}
{"stage": "MPPI lookahead optimization", "iteration": 10, "window_iteration": 10, "command_step": 0, "maneuver_time_s": 0.0, "lookahead_s": 2.0}
{"stage": "MPPI lookahead optimization", "iteration": 11, "window_iteration": 11, "command_step": 0, "maneuver_time_s": 0.0, "lookahead_s": 2.0}
{"stage": "MPPI lookahead optimization", "iteration": 12, "window_iteration": 12, "command_step": 0, "maneuver_time_s": 0.0, "lookahead_s": 2.0}
{"stage": "MPPI lookahead optimization", "iteration": 13, "window_iteration": 13, "command_step": 0, "maneuver_time_s": 0.0, "lookahead_s": 2.0}
{"stage": "MPPI lookahead optimization", "iteration": 14, "window_iteration": 14, "command_step": 0, "maneuver_time_s": 0.0, "lookahead_s": 2.0}
{"stage": "MPPI lookahead optimization", "iteration": 15, "window_iteration": 15, "command_step": 0, "maneuver_time_s": 0.0, "lookahead_s": 2.0}
{"stage": "MPPI lookahead optimization", "iteration": 16, "window_iteration": 16, "command_step": 0, "maneuver_time_s": 0.0, "lookahead_s": 2.0}
{"stage": "MPPI lookahead optimization", "iteration": 17, "window_iteration": 17, "command_step": 0, "maneuver_time_s": 0.0, "lookahead_s": 2.0}
{"stage": "MPPI lookahead optimization", "iteration": 18, "window_iteration": 18, "command_step": 0, "maneuver_time_s": 0.0, "lookahead_s": 2.0}
{"stage": "MPPI lookahead optimization", "iteration": 19, "window_iteration": 19, "command_step": 0, "maneuver_time_s": 0.0, "lookahead_s": 2.0}
{"stage": "MPPI lookahead optimization", "iteration": 20, "window_iteration": 20, "command_step": 0, "maneuver_time_s": 0.0, "lookahead_s": 2.0}
{"stage": "MPPI lookahead optimization", "iteration": 21, "window_iteration": 21, "command_step": 0, "maneuver_time_s": 0.0, "lookahead_s": 2.0}
{"stage": "MPPI lookahead optimization", "iteration": 22, "window_iteration": 22, "command_step": 0, "maneuver_time_s": 0.0, "lookahead_s": 2.0}
{"stage": "MPPI lookahead optimization", "iteration": 23, "window_iteration": 23, "command_step": 0, "maneuver_time_s": 0.0, "lookahead_s": 2.0}
{"stage": "MPPI lookahead optimization", "iteration": 24, "window_iteration": 24, "command_step": 0, "maneuver_time_s": 0.0, "lookahead_s": 2.0}
{"stage": "MPPI lookahead optimization", "iteration": 25, "window_iteration": 25, "command_step": 0, "maneuver_time_s": 0.0, "lookahead_s": 2.0}
{"stage": "MPPI lookahead optimization", "iteration": 26, "window_iteration": 26, "command_step": 0, "maneuver_time_s": 0.0, "lookahead_s": 2.0}
{"stage": "MPPI lookahead optimization", "iteration": 27, "window_iteration": 27, "command_step": 0, "maneuver_time_s": 0.0, "lookahead_s": 2.0}
{"stage": "MPPI lookahead optimization", "iteration": 28, "window_iteration": 28, "command_step": 0, "maneuver_time_s": 0.0, "lookahead_s": 2.0}
{"stage": "MPPI lookahead optimization", "iteration": 29, "window_iteration": 29, "command_step": 0, "maneuver_time_s": 0.0, "lookahead_s": 2.0}
{"stage": "MPPI lookahead optimization", "iteration": 30, "window_iteration": 30, "command_step": 0, "maneuver_time_s": 0.0, "lookahead_s": 2.0}
{"stage": "MPPI lookahead optimization", "iteration": 31, "window_iteration": 31, "command_step": 0, "maneuver_time_s": 0.0, "lookahead_s": 2.0}
{"stage": "MPPI lookahead optimization", "iteration": 32, "window_iteration": 32, "command_step": 0, "maneuver_time_s": 0.0, "lookahead_s": 2.0}
{"stage": "MPPI lookahead optimization", "iteration": 33, "window_iteration": 33, "command_step": 0, "maneuver_time_s": 0.0, "lookahead_s": 2.0}
{"stage": "MPPI lookahead optimization", "iteration": 34, "window_iteration": 34, "command_step": 0, "maneuver_time_s": 0.0, "lookahead_s": 2.0}
{"stage": "MPPI lookahead optimization", "iteration": 35, "window_iteration": 35, "command_step": 0, "maneuver_time_s": 0.0, "lookahead_s": 2.0}
{"stage": "MPPI lookahead optimization", "iteration": 36, "window_iteration": 36, "command_step": 0, "maneuver_time_s": 0.0, "lookahead_s": 2.0}
{"stage": "MPPI lookahead optimization", "iteration": 37, "window_iteration": 37, "command_step": 0, "maneuver_time_s": 0.0, "lookahead_s": 2.0}
{"stage": "MPPI lookahead optimization", "iteration": 38, "window_iteration": 38, "command_step": 0, "maneuver_time_s": 0.0, "lookahead_s": 2.0}
{"stage": "MPPI lookahead optimization", "iteration": 39, "window_iteration": 39, "command_step": 0, "maneuver_time_s": 0.0, "lookahead_s": 2.0}
{"stage": "MPPI lookahead optimization", "iteration": 40, "window_iteration": 40, "command_step": 0, "maneuver_time_s": 0.0, "lookahead_s": 2.0}
{"stage": "MPPI lookahead optimization", "iteration": 41, "window_iteration": 41, "command_step": 0, "maneuver_time_s": 0.0, "lookahead_s": 2.0}
{"stage": "MPPI lookahead optimization", "iteration": 42, "window_iteration": 42, "command_step": 0, "maneuver_time_s": 0.0, "lookahead_s": 2.0}
{"stage": "MPPI lookahead optimization", "iteration": 43, "window_iteration": 43, "command_step": 0, "maneuver_time_s": 0.0, "lookahead_s": 2.0}
{"stage": "MPPI lookahead optimization", "iteration": 44, "window_iteration": 44, "command_step": 0, "maneuver_time_s": 0.0, "lookahead_s": 2.0}
{"stage": "MPPI lookahead optimization", "iteration": 45, "window_iteration": 45, "command_step": 0, "maneuver_time_s": 0.0, "lookahead_s": 2.0}
{"stage": "MPPI lookahead optimization", "iteration": 46, "window_iteration": 46, "command_step": 0, "maneuver_time_s": 0.0, "lookahead_s": 2.0}
{"stage": "MPPI lookahead optimization", "iteration": 47, "window_iteration": 47, "command_step": 0, "maneuver_time_s": 0.0, "lookahead_s": 2.0}
{"stage": "MPPI lookahead optimization", "iteration": 48, "window_iteration": 48, "command_step": 0, "maneuver_time_s": 0.0, "lookahead_s": 2.0}
{"stage": "MPPI lookahead optimization", "iteration": 49, "window_iteration": 49, "command_step": 0, "maneuver_time_s": 0.0, "lookahead_s": 2.0}
{"stage": "MPPI lookahead optimization", "iteration": 50, "window_iteration": 50, "command_step": 0, "maneuver_time_s": 0.0, "lookahead_s": 2.0}
{"stage": "MPPI lookahead optimization", "iteration": 51, "window_iteration": 51, "command_step": 0, "maneuver_time_s": 0.0, "lookahead_s": 2.0}
{"stage": "MPPI lookahead optimization", "iteration": 52, "window_iteration": 52, "command_step": 0, "maneuver_time_s": 0.0, "lookahead_s": 2.0}
{"stage": "MPPI lookahead optimization", "iteration": 53, "window_iteration": 53, "command_step": 0, "maneuver_time_s": 0.0, "lookahead_s": 2.0}
{"stage": "MPPI lookahead optimization", "iteration": 54, "window_iteration": 54, "command_step": 0, "maneuver_time_s": 0.0, "lookahead_s": 2.0}
{"stage": "MPPI lookahead optimization", "iteration": 55, "window_iteration": 55, "command_step": 0, "maneuver_time_s": 0.0, "lookahead_s": 2.0}
{"stage": "MPPI lookahead optimization", "iteration": 56, "window_iteration": 56, "command_step": 0, "maneuver_time_s": 0.0, "lookahead_s": 2.0}
{"stage": "MPPI lookahead optimization", "iteration": 57, "window_iteration": 57, "command_step": 0, "maneuver_time_s": 0.0, "lookahead_s": 2.0}
{"stage": "MPPI lookahead optimization", "iteration": 58, "window_iteration": 58, "command_step": 0, "maneuver_time_s": 0.0, "lookahead_s": 2.0}
{"stage": "MPPI lookahead optimization", "iteration": 59, "window_iteration": 59, "command_step": 0, "maneuver_time_s": 0.0, "lookahead_s": 2.0}
{"stage": "MPPI lookahead optimization", "iteration": 60, "window_iteration": 60, "command_step": 0, "maneuver_time_s": 0.0, "lookahead_s": 2.0}
{"stage": "MPPI lookahead optimization", "iteration": 61, "window_iteration": 61, "command_step": 0, "maneuver_time_s": 0.0, "lookahead_s": 2.0}
{"stage": "MPPI lookahead optimization", "iteration": 62, "window_iteration": 62, "command_step": 0, "maneuver_time_s": 0.0, "lookahead_s": 2.0}
{"stage": "MPPI lookahead optimization", "iteration": 63, "window_iteration": 63, "command_step": 0, "maneuver_time_s": 0.0, "lookahead_s": 2.0}
{"stage": "MPPI lookahead optimization", "iteration": 64, "window_iteration": 64, "command_step": 0, "maneuver_time_s": 0.0, "lookahead_s": 2.0}
{"stage": "MPPI lookahead optimization", "iteration": 65, "window_iteration": 65, "command_step": 0, "maneuver_time_s": 0.0, "lookahead_s": 2.0}
{"stage": "MPPI lookahead optimization", "iteration": 66, "window_iteration": 66, "command_step": 0, "maneuver_time_s": 0.0, "lookahead_s": 2.0}
{"stage": "MPPI lookahead optimization", "iteration": 67, "window_iteration": 67, "command_step": 0, "maneuver_time_s": 0.0, "lookahead_s": 2.0}
{"stage": "MPPI lookahead optimization", "iteration": 68, "window_iteration": 68, "command_step": 0, "maneuver_time_s": 0.0, "lookahead_s": 2.0}
{"stage": "MPPI lookahead optimization", "iteration": 69, "window_iteration": 69, "command_step": 0, "maneuver_time_s": 0.0, "lookahead_s": 2.0}
{"stage": "MPPI lookahead optimization", "iteration": 70, "window_iteration": 70, "command_step": 0, "maneuver_time_s": 0.0, "lookahead_s": 2.0}
{"stage": "MPPI lookahead optimization", "iteration": 71, "window_iteration": 71, "command_step": 0, "maneuver_time_s": 0.0, "lookahead_s": 2.0}
{"stage": "MPPI lookahead optimization", "iteration": 72, "window_iteration": 72, "command_step": 0, "maneuver_time_s": 0.0, "lookahead_s": 2.0}
{"stage": "MPPI lookahead optimization", "iteration": 73, "window_iteration": 73, "command_step": 0, "maneuver_time_s": 0.0, "lookahead_s": 2.0}
{"stage": "MPPI lookahead optimization", "iteration": 74, "window_iteration": 74, "command_step": 0, "maneuver_time_s": 0.0, "lookahead_s": 2.0}
{"stage": "MPPI lookahead optimization", "iteration": 75, "window_iteration": 75, "command_step": 0, "maneuver_time_s": 0.0, "lookahead_s": 2.0}
{"stage": "MPPI lookahead optimization", "iteration": 76, "window_iteration": 76, "command_step": 0, "maneuver_time_s": 0.0, "lookahead_s": 2.0}
{"stage": "MPPI lookahead optimization", "iteration": 77, "window_iteration": 77, "command_step": 0, "maneuver_time_s": 0.0, "lookahead_s": 2.0}
{"stage": "MPPI lookahead optimization", "iteration": 78, "window_iteration": 78, "command_step": 0, "maneuver_time_s": 0.0, "lookahead_s": 2.0}
{"stage": "MPPI lookahead optimization", "iteration": 79, "window_iteration": 79, "command_step": 0, "maneuver_time_s": 0.0, "lookahead_s": 2.0}
{"stage": "MPPI lookahead optimization", "iteration": 80, "window_iteration": 80, "command_step": 0, "maneuver_time_s": 0.0, "lookahead_s": 2.0}
{"stage": "MPPI lookahead optimization", "iteration": 81, "window_iteration": 81, "command_step": 0, "maneuver_time_s": 0.0, "lookahead_s": 2.0}
{"stage": "MPPI lookahead optimization", "iteration": 82, "window_iteration": 82, "command_step": 0, "maneuver_time_s": 0.0, "lookahead_s": 2.0}
{"stage": "MPPI lookahead optimization", "iteration": 83, "window_iteration": 83, "command_step": 0, "maneuver_time_s": 0.0, "lookahead_s": 2.0}
{"stage": "MPPI lookahead optimization", "iteration": 84, "window_iteration": 84, "command_step": 0, "maneuver_time_s": 0.0, "lookahead_s": 2.0}
{"stage": "MPPI lookahead optimization", "iteration": 85, "window_iteration": 85, "command_step": 0, "maneuver_time_s": 0.0, "lookahead_s": 2.0}
{"stage": "MPPI lookahead optimization", "iteration": 86, "window_iteration": 86, "command_step": 0, "maneuver_time_s": 0.0, "lookahead_s": 2.0}
{"stage": "MPPI lookahead optimization", "iteration": 87, "window_iteration": 87, "command_step": 0, "maneuver_time_s": 0.0, "lookahead_s": 2.0}
{"stage": "MPPI lookahead optimization", "iteration": 88, "window_iteration": 88, "command_step": 0, "maneuver_time_s": 0.0, "lookahead_s": 2.0}
{"stage": "MPPI lookahead optimization", "iteration": 89, "window_iteration": 89, "command_step": 0, "maneuver_time_s": 0.0, "lookahead_s": 2.0}
{"stage": "MPPI lookahead optimization", "iteration": 90, "window_iteration": 90, "command_step": 0, "maneuver_time_s": 0.0, "lookahead_s": 2.0}
{"stage": "MPPI lookahead optimization", "iteration": 91, "window_iteration": 91, "command_step": 0, "maneuver_time_s": 0.0, "lookahead_s": 2.0}
{"stage": "MPPI lookahead optimization", "iteration": 92, "window_iteration": 92, "command_step": 0, "maneuver_time_s": 0.0, "lookahead_s": 2.0}
{"stage": "MPPI lookahead optimization", "iteration": 93, "window_iteration": 93, "command_step": 0, "maneuver_time_s": 0.0, "lookahead_s": 2.0}
{"stage": "MPPI lookahead optimization", "iteration": 94, "window_iteration": 94, "command_step": 0, "maneuver_time_s": 0.0, "lookahead_s": 2.0}
{"stage": "MPPI lookahead optimization", "iteration": 95, "window_iteration": 95, "command_step": 0, "maneuver_time_s": 0.0, "lookahead_s": 2.0}
{"stage": "MPPI lookahead optimization", "iteration": 96, "window_iteration": 96, "command_step": 0, "maneuver_time_s": 0.0, "lookahead_s": 2.0}
{"stage": "MPPI lookahead optimization", "iteration": 97, "window_iteration": 97, "command_step": 0, "maneuver_time_s": 0.0, "lookahead_s": 2.0}
{"stage": "MPPI lookahead optimization", "iteration": 98, "window_iteration": 98, "command_step": 0, "maneuver_time_s": 0.0, "lookahead_s": 2.0}
{"stage": "MPPI lookahead optimization", "iteration": 99, "window_iteration": 99, "command_step": 0, "maneuver_time_s": 0.0, "lookahead_s": 2.0}
{"stage": "MPPI lookahead optimization", "iteration": 100, "window_iteration": 100, "command_step": 0, "maneuver_time_s": 0.0, "lookahead_s": 2.0}
{"stage": "MPPI lookahead optimization", "iteration": 101, "window_iteration": 101, "command_step": 0, "maneuver_time_s": 0.0, "lookahead_s": 2.0}
{"stage": "MPPI lookahead optimization", "iteration": 102, "window_iteration": 102, "command_step": 0, "maneuver_time_s": 0.0, "lookahead_s": 2.0}
{"stage": "MPPI lookahead optimization", "iteration": 103, "window_iteration": 103, "command_step": 0, "maneuver_time_s": 0.0, "lookahead_s": 2.0}
{"stage": "MPPI lookahead optimization", "iteration": 104, "window_iteration": 104, "command_step": 0, "maneuver_time_s": 0.0, "lookahead_s": 2.0}
{"stage": "MPPI lookahead optimization", "iteration": 105, "window_iteration": 105, "command_step": 0, "maneuver_time_s": 0.0, "lookahead_s": 2.0}
{"stage": "MPPI lookahead optimization", "iteration": 106, "window_iteration": 106, "command_step": 0, "maneuver_time_s": 0.0, "lookahead_s": 2.0}
{"stage": "MPPI lookahead optimization", "iteration": 107, "window_iteration": 107, "command_step": 0, "maneuver_time_s": 0.0, "lookahead_s": 2.0}
{"stage": "MPPI lookahead optimization", "iteration": 108, "window_iteration": 108, "command_step": 0, "maneuver_time_s": 0.0, "lookahead_s": 2.0}
{"stage": "MPPI lookahead optimization", "iteration": 109, "window_iteration": 109, "command_step": 0, "maneuver_time_s": 0.0, "lookahead_s": 2.0}
{"stage": "MPPI lookahead optimization", "iteration": 110, "window_iteration": 110, "command_step": 0, "maneuver_time_s": 0.0, "lookahead_s": 2.0}
{"stage": "Committing next 30 Hz command", "iteration": 110, "command_step": 0}
{"stage": "MPPI command committed", "iteration": 110, "command_step": 1, "time_s": 0.03333333333333333, "iterations": 110, "stop_reason": "reward_plateau", "actual_reward": -0.16671149198865703, "actual_success": false, "actual_failed": false, "actual_minimum_tip_distance_m": 1.4533852870690152, "lookahead_score": 128.90384993741125, "predicted_hit": false, "predicted_failed": false, "predicted_distance_m": 0.7002575705449001}
{"stage": "MPPI lookahead optimization", "iteration": 111, "window_iteration": 1, "command_step": 1, "maneuver_time_s": 0.03333333333333333, "lookahead_s": 2.0}
{"stage": "MPPI lookahead optimization", "iteration": 112, "window_iteration": 2, "command_step": 1, "maneuver_time_s": 0.03333333333333333, "lookahead_s": 2.0}
{"stage": "MPPI lookahead optimization", "iteration": 113, "window_iteration": 3, "command_step": 1, "maneuver_time_s": 0.03333333333333333, "lookahead_s": 2.0}
{"stage": "MPPI lookahead optimization", "iteration": 114, "window_iteration": 4, "command_step": 1, "maneuver_time_s": 0.03333333333333333, "lookahead_s": 2.0}
{"stage": "MPPI lookahead optimization", "iteration": 115, "window_iteration": 5, "command_step": 1, "maneuver_time_s": 0.03333333333333333, "lookahead_s": 2.0}
{"stage": "MPPI lookahead optimization", "iteration": 116, "window_iteration": 6, "command_step": 1, "maneuver_time_s": 0.03333333333333333, "lookahead_s": 2.0}
{"stage": "Committing next 30 Hz command", "iteration": 116, "command_step": 1}
{"stage": "MPPI command committed", "iteration": 116, "command_step": 2, "time_s": 0.06666666666666667, "iterations": 6, "stop_reason": "reward_plateau", "actual_reward": -0.32953296788775005, "actual_success": false, "actual_failed": false, "actual_minimum_tip_distance_m": 1.4533587763250078, "lookahead_score": 129.97231504774055, "predicted_hit": false, "predicted_failed": false, "predicted_distance_m": 0.7121395477571623}
{"stage": "MPPI lookahead optimization", "iteration": 117, "window_iteration": 1, "command_step": 2, "maneuver_time_s": 0.06666666666666667, "lookahead_s": 2.0}
{"stage": "MPPI lookahead optimization", "iteration": 118, "window_iteration": 2, "command_step": 2, "maneuver_time_s": 0.06666666666666667, "lookahead_s": 2.0}
{"stage": "MPPI lookahead optimization", "iteration": 119, "window_iteration": 3, "command_step": 2, "maneuver_time_s": 0.06666666666666667, "lookahead_s": 2.0}
{"stage": "MPPI lookahead optimization", "iteration": 120, "window_iteration": 4, "command_step": 2, "maneuver_time_s": 0.06666666666666667, "lookahead_s": 2.0}
{"stage": "MPPI lookahead optimization", "iteration": 121, "window_iteration": 5, "command_step": 2, "maneuver_time_s": 0.06666666666666667, "lookahead_s": 2.0}
{"stage": "Committing next 30 Hz command", "iteration": 121, "command_step": 2}
{"stage": "MPPI command committed", "iteration": 121, "command_step": 3, "time_s": 0.1, "iterations": 5, "stop_reason": "reward_plateau", "actual_reward": -0.4481494333540067, "actual_success": false, "actual_failed": false, "actual_minimum_tip_distance_m": 1.4530527224972345, "lookahead_score": 130.02518708182913, "predicted_hit": false, "predicted_failed": false, "predicted_distance_m": 0.7136944988990918}
{"stage": "MPPI lookahead optimization", "iteration": 122, "window_iteration": 1, "command_step": 3, "maneuver_time_s": 0.1, "lookahead_s": 2.0}
{"stage": "MPPI lookahead optimization", "iteration": 123, "window_iteration": 2, "command_step": 3, "maneuver_time_s": 0.1, "lookahead_s": 2.0}
{"stage": "MPPI lookahead optimization", "iteration": 124, "window_iteration": 3, "command_step": 3, "maneuver_time_s": 0.1, "lookahead_s": 2.0}
{"stage": "MPPI lookahead optimization", "iteration": 125, "window_iteration": 4, "command_step": 3, "maneuver_time_s": 0.1, "lookahead_s": 2.0}
{"stage": "MPPI lookahead optimization", "iteration": 126, "window_iteration": 5, "command_step": 3, "maneuver_time_s": 0.1, "lookahead_s": 2.0}
{"stage": "Committing next 30 Hz command", "iteration": 126, "command_step": 3}
{"stage": "MPPI command committed", "iteration": 126, "command_step": 4, "time_s": 0.13333333333333333, "iterations": 5, "stop_reason": "reward_plateau", "actual_reward": -0.46752135793013777, "actual_success": false, "actual_failed": false, "actual_minimum_tip_distance_m": 1.4522675815812414, "lookahead_score": 129.95070975136883, "predicted_hit": false, "predicted_failed": false, "predicted_distance_m": 0.7136944988991262}
{"stage": "MPPI lookahead optimization", "iteration": 127, "window_iteration": 1, "command_step": 4, "maneuver_time_s": 0.13333333333333333, "lookahead_s": 2.0}
{"stage": "MPPI lookahead optimization", "iteration": 128, "window_iteration": 2, "command_step": 4, "maneuver_time_s": 0.13333333333333333, "lookahead_s": 2.0}
{"stage": "MPPI lookahead optimization", "iteration": 129, "window_iteration": 3, "command_step": 4, "maneuver_time_s": 0.13333333333333333, "lookahead_s": 2.0}
{"stage": "MPPI lookahead optimization", "iteration": 130, "window_iteration": 4, "command_step": 4, "maneuver_time_s": 0.13333333333333333, "lookahead_s": 2.0}
{"stage": "MPPI lookahead optimization", "iteration": 131, "window_iteration": 5, "command_step": 4, "maneuver_time_s": 0.13333333333333333, "lookahead_s": 2.0}
{"stage": "Committing next 30 Hz command", "iteration": 131, "command_step": 4}
{"stage": "MPPI command committed", "iteration": 131, "command_step": 5, "time_s": 0.16666666666666666, "iterations": 5, "stop_reason": "reward_plateau", "actual_reward": -0.32790384819615964, "actual_success": false, "actual_failed": false, "actual_minimum_tip_distance_m": 1.4507116683877745, "lookahead_score": 130.32983766871084, "predicted_hit": false, "predicted_failed": false, "predicted_distance_m": 0.7249068569379683}
{"stage": "MPPI lookahead optimization", "iteration": 132, "window_iteration": 1, "command_step": 5, "maneuver_time_s": 0.16666666666666666, "lookahead_s": 2.0}
{"stage": "MPPI lookahead optimization", "iteration": 133, "window_iteration": 2, "command_step": 5, "maneuver_time_s": 0.16666666666666666, "lookahead_s": 2.0}
{"stage": "MPPI lookahead optimization", "iteration": 134, "window_iteration": 3, "command_step": 5, "maneuver_time_s": 0.16666666666666666, "lookahead_s": 2.0}
{"stage": "MPPI lookahead optimization", "iteration": 135, "window_iteration": 4, "command_step": 5, "maneuver_time_s": 0.16666666666666666, "lookahead_s": 2.0}
{"stage": "MPPI lookahead optimization", "iteration": 136, "window_iteration": 5, "command_step": 5, "maneuver_time_s": 0.16666666666666666, "lookahead_s": 2.0}
{"stage": "Committing next 30 Hz command", "iteration": 136, "command_step": 5}
{"stage": "MPPI command committed", "iteration": 136, "command_step": 6, "time_s": 0.2, "iterations": 5, "stop_reason": "reward_plateau", "actual_reward": 0.040812513285435115, "actual_success": false, "actual_failed": false, "actual_minimum_tip_distance_m": 1.4481742561818653, "lookahead_score": 130.509705941828, "predicted_hit": false, "predicted_failed": false, "predicted_distance_m": 0.7197284785822254}
{"stage": "MPPI lookahead optimization", "iteration": 137, "window_iteration": 1, "command_step": 6, "maneuver_time_s": 0.2, "lookahead_s": 2.0}
{"stage": "MPPI lookahead optimization", "iteration": 138, "window_iteration": 2, "command_step": 6, "maneuver_time_s": 0.2, "lookahead_s": 2.0}
{"stage": "MPPI lookahead optimization", "iteration": 139, "window_iteration": 3, "command_step": 6, "maneuver_time_s": 0.2, "lookahead_s": 2.0}
{"stage": "MPPI lookahead optimization", "iteration": 140, "window_iteration": 4, "command_step": 6, "maneuver_time_s": 0.2, "lookahead_s": 2.0}
{"stage": "MPPI lookahead optimization", "iteration": 141, "window_iteration": 5, "command_step": 6, "maneuver_time_s": 0.2, "lookahead_s": 2.0}
{"stage": "MPPI lookahead optimization", "iteration": 142, "window_iteration": 6, "command_step": 6, "maneuver_time_s": 0.2, "lookahead_s": 2.0}
{"stage": "Committing next 30 Hz command", "iteration": 142, "command_step": 6}
{"stage": "MPPI command committed", "iteration": 142, "command_step": 7, "time_s": 0.23333333333333334, "iterations": 6, "stop_reason": "reward_plateau", "actual_reward": 0.7067458086523937, "actual_success": false, "actual_failed": false, "actual_minimum_tip_distance_m": 1.444576922232256, "lookahead_score": 130.14290975353612, "predicted_hit": false, "predicted_failed": false, "predicted_distance_m": 0.7266836602977136}
{"stage": "MPPI lookahead optimization", "iteration": 143, "window_iteration": 1, "command_step": 7, "maneuver_time_s": 0.23333333333333334, "lookahead_s": 2.0}
{"stage": "MPPI lookahead optimization", "iteration": 144, "window_iteration": 2, "command_step": 7, "maneuver_time_s": 0.23333333333333334, "lookahead_s": 2.0}
{"stage": "MPPI lookahead optimization", "iteration": 145, "window_iteration": 3, "command_step": 7, "maneuver_time_s": 0.23333333333333334, "lookahead_s": 2.0}
{"stage": "MPPI lookahead optimization", "iteration": 146, "window_iteration": 4, "command_step": 7, "maneuver_time_s": 0.23333333333333334, "lookahead_s": 2.0}
{"stage": "MPPI lookahead optimization", "iteration": 147, "window_iteration": 5, "command_step": 7, "maneuver_time_s": 0.23333333333333334, "lookahead_s": 2.0}
{"stage": "Committing next 30 Hz command", "iteration": 147, "command_step": 7}
{"stage": "MPPI command committed", "iteration": 147, "command_step": 8, "time_s": 0.26666666666666666, "iterations": 5, "stop_reason": "reward_plateau", "actual_reward": 1.7240314890790804, "actual_success": false, "actual_failed": false, "actual_minimum_tip_distance_m": 1.439608060088474, "lookahead_score": 129.4798726511891, "predicted_hit": false, "predicted_failed": false, "predicted_distance_m": 0.72177966474907}
{"stage": "MPPI lookahead optimization", "iteration": 148, "window_iteration": 1, "command_step": 8, "maneuver_time_s": 0.26666666666666666, "lookahead_s": 2.0}
{"stage": "MPPI lookahead optimization", "iteration": 149, "window_iteration": 2, "command_step": 8, "maneuver_time_s": 0.26666666666666666, "lookahead_s": 2.0}
{"stage": "MPPI lookahead optimization", "iteration": 150, "window_iteration": 3, "command_step": 8, "maneuver_time_s": 0.26666666666666666, "lookahead_s": 2.0}
{"stage": "MPPI lookahead optimization", "iteration": 151, "window_iteration": 4, "command_step": 8, "maneuver_time_s": 0.26666666666666666, "lookahead_s": 2.0}
{"stage": "MPPI lookahead optimization", "iteration": 152, "window_iteration": 5, "command_step": 8, "maneuver_time_s": 0.26666666666666666, "lookahead_s": 2.0}
{"stage": "Committing next 30 Hz command", "iteration": 152, "command_step": 8}
{"stage": "MPPI command committed", "iteration": 152, "command_step": 9, "time_s": 0.3, "iterations": 5, "stop_reason": "reward_plateau", "actual_reward": 3.105245743570439, "actual_success": false, "actual_failed": false, "actual_minimum_tip_distance_m": 1.4329344358118086, "lookahead_score": 127.99697829719513, "predicted_hit": false, "predicted_failed": false, "predicted_distance_m": 0.7245633417163978}
{"stage": "MPPI lookahead optimization", "iteration": 153, "window_iteration": 1, "command_step": 9, "maneuver_time_s": 0.3, "lookahead_s": 2.0}
{"stage": "MPPI lookahead optimization", "iteration": 154, "window_iteration": 2, "command_step": 9, "maneuver_time_s": 0.3, "lookahead_s": 2.0}
{"stage": "MPPI lookahead optimization", "iteration": 155, "window_iteration": 3, "command_step": 9, "maneuver_time_s": 0.3, "lookahead_s": 2.0}
{"stage": "MPPI lookahead optimization", "iteration": 156, "window_iteration": 4, "command_step": 9, "maneuver_time_s": 0.3, "lookahead_s": 2.0}
{"stage": "MPPI lookahead optimization", "iteration": 157, "window_iteration": 5, "command_step": 9, "maneuver_time_s": 0.3, "lookahead_s": 2.0}
{"stage": "Committing next 30 Hz command", "iteration": 157, "command_step": 9}
{"stage": "MPPI command committed", "iteration": 157, "command_step": 10, "time_s": 0.3333333333333333, "iterations": 5, "stop_reason": "reward_plateau", "actual_reward": 4.795226370670374, "actual_success": false, "actual_failed": false, "actual_minimum_tip_distance_m": 1.4244289387949807, "lookahead_score": 126.04245119982573, "predicted_hit": false, "predicted_failed": false, "predicted_distance_m": 0.7279134689367031}
{"stage": "MPPI lookahead optimization", "iteration": 158, "window_iteration": 1, "command_step": 10, "maneuver_time_s": 0.3333333333333333, "lookahead_s": 2.0}
{"stage": "MPPI lookahead optimization", "iteration": 159, "window_iteration": 2, "command_step": 10, "maneuver_time_s": 0.3333333333333333, "lookahead_s": 2.0}
{"stage": "MPPI lookahead optimization", "iteration": 160, "window_iteration": 3, "command_step": 10, "maneuver_time_s": 0.3333333333333333, "lookahead_s": 2.0}
{"stage": "MPPI lookahead optimization", "iteration": 161, "window_iteration": 4, "command_step": 10, "maneuver_time_s": 0.3333333333333333, "lookahead_s": 2.0}
{"stage": "MPPI lookahead optimization", "iteration": 162, "window_iteration": 5, "command_step": 10, "maneuver_time_s": 0.3333333333333333, "lookahead_s": 2.0}
{"stage": "Committing next 30 Hz command", "iteration": 162, "command_step": 10}
{"stage": "MPPI command committed", "iteration": 162, "command_step": 11, "time_s": 0.36666666666666664, "iterations": 5, "stop_reason": "reward_plateau", "actual_reward": 6.733742745801934, "actual_success": false, "actual_failed": false, "actual_minimum_tip_distance_m": 1.4142434924832752, "lookahead_score": 123.97688396149852, "predicted_hit": false, "predicted_failed": false, "predicted_distance_m": 0.7292341595468783}
{"stage": "MPPI lookahead optimization", "iteration": 163, "window_iteration": 1, "command_step": 11, "maneuver_time_s": 0.36666666666666664, "lookahead_s": 2.0}
{"stage": "MPPI lookahead optimization", "iteration": 164, "window_iteration": 2, "command_step": 11, "maneuver_time_s": 0.36666666666666664, "lookahead_s": 2.0}
{"stage": "MPPI lookahead optimization", "iteration": 165, "window_iteration": 3, "command_step": 11, "maneuver_time_s": 0.36666666666666664, "lookahead_s": 2.0}
{"stage": "MPPI lookahead optimization", "iteration": 166, "window_iteration": 4, "command_step": 11, "maneuver_time_s": 0.36666666666666664, "lookahead_s": 2.0}
{"stage": "MPPI lookahead optimization", "iteration": 167, "window_iteration": 5, "command_step": 11, "maneuver_time_s": 0.36666666666666664, "lookahead_s": 2.0}
{"stage": "Committing next 30 Hz command", "iteration": 167, "command_step": 11}
{"stage": "MPPI command committed", "iteration": 167, "command_step": 12, "time_s": 0.4, "iterations": 5, "stop_reason": "reward_plateau", "actual_reward": 8.880182127471429, "actual_success": false, "actual_failed": false, "actual_minimum_tip_distance_m": 1.4029181008831397, "lookahead_score": 121.57577475355806, "predicted_hit": false, "predicted_failed": false, "predicted_distance_m": 0.7299587385856063}
{"stage": "MPPI lookahead optimization", "iteration": 168, "window_iteration": 1, "command_step": 12, "maneuver_time_s": 0.4, "lookahead_s": 2.0}
{"stage": "MPPI lookahead optimization", "iteration": 169, "window_iteration": 2, "command_step": 12, "maneuver_time_s": 0.4, "lookahead_s": 2.0}
{"stage": "MPPI lookahead optimization", "iteration": 170, "window_iteration": 3, "command_step": 12, "maneuver_time_s": 0.4, "lookahead_s": 2.0}
{"stage": "MPPI lookahead optimization", "iteration": 171, "window_iteration": 4, "command_step": 12, "maneuver_time_s": 0.4, "lookahead_s": 2.0}
{"stage": "MPPI lookahead optimization", "iteration": 172, "window_iteration": 5, "command_step": 12, "maneuver_time_s": 0.4, "lookahead_s": 2.0}
{"stage": "Committing next 30 Hz command", "iteration": 172, "command_step": 12}
{"stage": "MPPI command committed", "iteration": 172, "command_step": 13, "time_s": 0.43333333333333335, "iterations": 5, "stop_reason": "reward_plateau", "actual_reward": 11.19608177572694, "actual_success": false, "actual_failed": false, "actual_minimum_tip_distance_m": 1.3906940650381916, "lookahead_score": 119.06253777657963, "predicted_hit": false, "predicted_failed": false, "predicted_distance_m": 0.7271207493445564}
{"stage": "MPPI lookahead optimization", "iteration": 173, "window_iteration": 1, "command_step": 13, "maneuver_time_s": 0.43333333333333335, "lookahead_s": 2.0}
{"stage": "MPPI lookahead optimization", "iteration": 174, "window_iteration": 2, "command_step": 13, "maneuver_time_s": 0.43333333333333335, "lookahead_s": 2.0}
{"stage": "MPPI lookahead optimization", "iteration": 175, "window_iteration": 3, "command_step": 13, "maneuver_time_s": 0.43333333333333335, "lookahead_s": 2.0}
{"stage": "MPPI lookahead optimization", "iteration": 176, "window_iteration": 4, "command_step": 13, "maneuver_time_s": 0.43333333333333335, "lookahead_s": 2.0}
{"stage": "MPPI lookahead optimization", "iteration": 177, "window_iteration": 5, "command_step": 13, "maneuver_time_s": 0.43333333333333335, "lookahead_s": 2.0}
{"stage": "Committing next 30 Hz command", "iteration": 177, "command_step": 13}
{"stage": "MPPI command committed", "iteration": 177, "command_step": 14, "time_s": 0.4666666666666667, "iterations": 5, "stop_reason": "reward_plateau", "actual_reward": 13.550203827859448, "actual_success": false, "actual_failed": false, "actual_minimum_tip_distance_m": 1.3777653720283427, "lookahead_score": 116.39793024647719, "predicted_hit": false, "predicted_failed": false, "predicted_distance_m": 0.7264324995275114}
{"stage": "MPPI lookahead optimization", "iteration": 178, "window_iteration": 1, "command_step": 14, "maneuver_time_s": 0.4666666666666667, "lookahead_s": 2.0}
{"stage": "MPPI lookahead optimization", "iteration": 179, "window_iteration": 2, "command_step": 14, "maneuver_time_s": 0.4666666666666667, "lookahead_s": 2.0}
{"stage": "MPPI lookahead optimization", "iteration": 180, "window_iteration": 3, "command_step": 14, "maneuver_time_s": 0.4666666666666667, "lookahead_s": 2.0}
{"stage": "MPPI lookahead optimization", "iteration": 181, "window_iteration": 4, "command_step": 14, "maneuver_time_s": 0.4666666666666667, "lookahead_s": 2.0}
{"stage": "MPPI lookahead optimization", "iteration": 182, "window_iteration": 5, "command_step": 14, "maneuver_time_s": 0.4666666666666667, "lookahead_s": 2.0}
{"stage": "Committing next 30 Hz command", "iteration": 182, "command_step": 14}
{"stage": "MPPI command committed", "iteration": 182, "command_step": 15, "time_s": 0.5, "iterations": 5, "stop_reason": "reward_plateau", "actual_reward": 15.797531530049978, "actual_success": false, "actual_failed": false, "actual_minimum_tip_distance_m": 1.3641595506690978, "lookahead_score": 113.73022492570149, "predicted_hit": false, "predicted_failed": false, "predicted_distance_m": 0.7298017525025864}
{"stage": "MPPI lookahead optimization", "iteration": 183, "window_iteration": 1, "command_step": 15, "maneuver_time_s": 0.5, "lookahead_s": 2.0}
{"stage": "MPPI lookahead optimization", "iteration": 184, "window_iteration": 2, "command_step": 15, "maneuver_time_s": 0.5, "lookahead_s": 2.0}
{"stage": "MPPI lookahead optimization", "iteration": 185, "window_iteration": 3, "command_step": 15, "maneuver_time_s": 0.5, "lookahead_s": 2.0}
{"stage": "MPPI lookahead optimization", "iteration": 186, "window_iteration": 4, "command_step": 15, "maneuver_time_s": 0.5, "lookahead_s": 2.0}
{"stage": "MPPI lookahead optimization", "iteration": 187, "window_iteration": 5, "command_step": 15, "maneuver_time_s": 0.5, "lookahead_s": 2.0}
{"stage": "Committing next 30 Hz command", "iteration": 187, "command_step": 15}
{"stage": "MPPI command committed", "iteration": 187, "command_step": 16, "time_s": 0.5333333333333333, "iterations": 5, "stop_reason": "reward_plateau", "actual_reward": 16.253114493827105, "actual_success": false, "actual_failed": false, "actual_minimum_tip_distance_m": 1.3497716987421342, "lookahead_score": 111.24311449100686, "predicted_hit": false, "predicted_failed": false, "predicted_distance_m": 0.730699690527348}
{"stage": "MPPI lookahead optimization", "iteration": 188, "window_iteration": 1, "command_step": 16, "maneuver_time_s": 0.5333333333333333, "lookahead_s": 2.0}
{"stage": "MPPI lookahead optimization", "iteration": 189, "window_iteration": 2, "command_step": 16, "maneuver_time_s": 0.5333333333333333, "lookahead_s": 2.0}
{"stage": "MPPI lookahead optimization", "iteration": 190, "window_iteration": 3, "command_step": 16, "maneuver_time_s": 0.5333333333333333, "lookahead_s": 2.0}
{"stage": "MPPI lookahead optimization", "iteration": 191, "window_iteration": 4, "command_step": 16, "maneuver_time_s": 0.5333333333333333, "lookahead_s": 2.0}
{"stage": "MPPI lookahead optimization", "iteration": 192, "window_iteration": 5, "command_step": 16, "maneuver_time_s": 0.5333333333333333, "lookahead_s": 2.0}
{"stage": "Committing next 30 Hz command", "iteration": 192, "command_step": 16}
{"stage": "MPPI command committed", "iteration": 192, "command_step": 17, "time_s": 0.5666666666666667, "iterations": 5, "stop_reason": "reward_plateau", "actual_reward": 15.252226647274918, "actual_success": false, "actual_failed": false, "actual_minimum_tip_distance_m": 1.3345079943155722, "lookahead_score": 110.29622658845753, "predicted_hit": false, "predicted_failed": false, "predicted_distance_m": 0.7306996905278318}
{"stage": "MPPI lookahead optimization", "iteration": 193, "window_iteration": 1, "command_step": 17, "maneuver_time_s": 0.5666666666666667, "lookahead_s": 2.0}
{"stage": "MPPI lookahead optimization", "iteration": 194, "window_iteration": 2, "command_step": 17, "maneuver_time_s": 0.5666666666666667, "lookahead_s": 2.0}
{"stage": "MPPI lookahead optimization", "iteration": 195, "window_iteration": 3, "command_step": 17, "maneuver_time_s": 0.5666666666666667, "lookahead_s": 2.0}
{"stage": "MPPI lookahead optimization", "iteration": 196, "window_iteration": 4, "command_step": 17, "maneuver_time_s": 0.5666666666666667, "lookahead_s": 2.0}
{"stage": "MPPI lookahead optimization", "iteration": 197, "window_iteration": 5, "command_step": 17, "maneuver_time_s": 0.5666666666666667, "lookahead_s": 2.0}
{"stage": "Committing next 30 Hz command", "iteration": 197, "command_step": 17}
{"stage": "MPPI command committed", "iteration": 197, "command_step": 18, "time_s": 0.6, "iterations": 5, "stop_reason": "reward_plateau", "actual_reward": 14.035666000915409, "actual_success": false, "actual_failed": false, "actual_minimum_tip_distance_m": 1.318221844875686, "lookahead_score": 110.71721389981668, "predicted_hit": false, "predicted_failed": false, "predicted_distance_m": 0.731891757298803}
{"stage": "MPPI lookahead optimization", "iteration": 198, "window_iteration": 1, "command_step": 18, "maneuver_time_s": 0.6, "lookahead_s": 2.0}
{"stage": "MPPI lookahead optimization", "iteration": 199, "window_iteration": 2, "command_step": 18, "maneuver_time_s": 0.6, "lookahead_s": 2.0}
{"stage": "MPPI lookahead optimization", "iteration": 200, "window_iteration": 3, "command_step": 18, "maneuver_time_s": 0.6, "lookahead_s": 2.0}
{"stage": "MPPI lookahead optimization", "iteration": 201, "window_iteration": 4, "command_step": 18, "maneuver_time_s": 0.6, "lookahead_s": 2.0}
{"stage": "MPPI lookahead optimization", "iteration": 202, "window_iteration": 5, "command_step": 18, "maneuver_time_s": 0.6, "lookahead_s": 2.0}
{"stage": "Committing next 30 Hz command", "iteration": 202, "command_step": 18}
{"stage": "MPPI command committed", "iteration": 202, "command_step": 19, "time_s": 0.6333333333333333, "iterations": 5, "stop_reason": "reward_plateau", "actual_reward": 12.62123054753703, "actual_success": false, "actual_failed": false, "actual_minimum_tip_distance_m": 1.3008752906547574, "lookahead_score": 111.8564970915211, "predicted_hit": false, "predicted_failed": false, "predicted_distance_m": 0.7292901692798275}
{"stage": "MPPI lookahead optimization", "iteration": 203, "window_iteration": 1, "command_step": 19, "maneuver_time_s": 0.6333333333333333, "lookahead_s": 2.0}
{"stage": "MPPI lookahead optimization", "iteration": 204, "window_iteration": 2, "command_step": 19, "maneuver_time_s": 0.6333333333333333, "lookahead_s": 2.0}
{"stage": "MPPI lookahead optimization", "iteration": 205, "window_iteration": 3, "command_step": 19, "maneuver_time_s": 0.6333333333333333, "lookahead_s": 2.0}
{"stage": "MPPI lookahead optimization", "iteration": 206, "window_iteration": 4, "command_step": 19, "maneuver_time_s": 0.6333333333333333, "lookahead_s": 2.0}
{"stage": "MPPI lookahead optimization", "iteration": 207, "window_iteration": 5, "command_step": 19, "maneuver_time_s": 0.6333333333333333, "lookahead_s": 2.0}
{"stage": "Committing next 30 Hz command", "iteration": 207, "command_step": 19}
{"stage": "MPPI command committed", "iteration": 207, "command_step": 20, "time_s": 0.6666666666666666, "iterations": 5, "stop_reason": "reward_plateau", "actual_reward": 17.64602747326168, "actual_success": false, "actual_failed": false, "actual_minimum_tip_distance_m": 1.282434997174467, "lookahead_score": 113.09980543955294, "predicted_hit": false, "predicted_failed": false, "predicted_distance_m": 0.7309627865841997}
{"stage": "MPPI lookahead optimization", "iteration": 208, "window_iteration": 1, "command_step": 20, "maneuver_time_s": 0.6666666666666666, "lookahead_s": 2.0}
{"stage": "MPPI lookahead optimization", "iteration": 209, "window_iteration": 2, "command_step": 20, "maneuver_time_s": 0.6666666666666666, "lookahead_s": 2.0}
{"stage": "MPPI lookahead optimization", "iteration": 210, "window_iteration": 3, "command_step": 20, "maneuver_time_s": 0.6666666666666666, "lookahead_s": 2.0}
{"stage": "MPPI lookahead optimization", "iteration": 211, "window_iteration": 4, "command_step": 20, "maneuver_time_s": 0.6666666666666666, "lookahead_s": 2.0}
{"stage": "MPPI lookahead optimization", "iteration": 212, "window_iteration": 5, "command_step": 20, "maneuver_time_s": 0.6666666666666666, "lookahead_s": 2.0}
{"stage": "Committing next 30 Hz command", "iteration": 212, "command_step": 20}
{"stage": "MPPI command committed", "iteration": 212, "command_step": 21, "time_s": 0.7, "iterations": 5, "stop_reason": "reward_plateau", "actual_reward": 18.323522451365445, "actual_success": false, "actual_failed": false, "actual_minimum_tip_distance_m": 1.2626218070682362, "lookahead_score": 108.00517765262644, "predicted_hit": false, "predicted_failed": false, "predicted_distance_m": 0.7264533534331776}
{"stage": "MPPI lookahead optimization", "iteration": 213, "window_iteration": 1, "command_step": 21, "maneuver_time_s": 0.7, "lookahead_s": 2.0}
{"stage": "MPPI lookahead optimization", "iteration": 214, "window_iteration": 2, "command_step": 21, "maneuver_time_s": 0.7, "lookahead_s": 2.0}
{"stage": "MPPI lookahead optimization", "iteration": 215, "window_iteration": 3, "command_step": 21, "maneuver_time_s": 0.7, "lookahead_s": 2.0}
{"stage": "MPPI lookahead optimization", "iteration": 216, "window_iteration": 4, "command_step": 21, "maneuver_time_s": 0.7, "lookahead_s": 2.0}
{"stage": "MPPI lookahead optimization", "iteration": 217, "window_iteration": 5, "command_step": 21, "maneuver_time_s": 0.7, "lookahead_s": 2.0}
{"stage": "Committing next 30 Hz command", "iteration": 217, "command_step": 21}
{"stage": "MPPI command committed", "iteration": 217, "command_step": 22, "time_s": 0.7333333333333333, "iterations": 5, "stop_reason": "reward_plateau", "actual_reward": 19.086556037959486, "actual_success": false, "actual_failed": false, "actual_minimum_tip_distance_m": 1.2402991991267358, "lookahead_score": 107.24168225668869, "predicted_hit": false, "predicted_failed": false, "predicted_distance_m": 0.7298087852006531}
{"stage": "MPPI lookahead optimization", "iteration": 218, "window_iteration": 1, "command_step": 22, "maneuver_time_s": 0.7333333333333333, "lookahead_s": 2.0}
{"stage": "MPPI lookahead optimization", "iteration": 219, "window_iteration": 2, "command_step": 22, "maneuver_time_s": 0.7333333333333333, "lookahead_s": 2.0}
{"stage": "MPPI lookahead optimization", "iteration": 220, "window_iteration": 3, "command_step": 22, "maneuver_time_s": 0.7333333333333333, "lookahead_s": 2.0}
{"stage": "MPPI lookahead optimization", "iteration": 221, "window_iteration": 4, "command_step": 22, "maneuver_time_s": 0.7333333333333333, "lookahead_s": 2.0}
{"stage": "MPPI lookahead optimization", "iteration": 222, "window_iteration": 5, "command_step": 22, "maneuver_time_s": 0.7333333333333333, "lookahead_s": 2.0}
{"stage": "Committing next 30 Hz command", "iteration": 222, "command_step": 22}
{"stage": "MPPI command committed", "iteration": 222, "command_step": 23, "time_s": 0.7666666666666667, "iterations": 5, "stop_reason": "reward_plateau", "actual_reward": 20.992662652377888, "actual_success": false, "actual_failed": false, "actual_minimum_tip_distance_m": 1.2148100077468236, "lookahead_score": 106.31514320043384, "predicted_hit": false, "predicted_failed": false, "predicted_distance_m": 0.7287363257202808}
{"stage": "MPPI lookahead optimization", "iteration": 223, "window_iteration": 1, "command_step": 23, "maneuver_time_s": 0.7666666666666667, "lookahead_s": 2.0}
{"stage": "MPPI lookahead optimization", "iteration": 224, "window_iteration": 2, "command_step": 23, "maneuver_time_s": 0.7666666666666667, "lookahead_s": 2.0}
{"stage": "MPPI lookahead optimization", "iteration": 225, "window_iteration": 3, "command_step": 23, "maneuver_time_s": 0.7666666666666667, "lookahead_s": 2.0}
{"stage": "MPPI lookahead optimization", "iteration": 226, "window_iteration": 4, "command_step": 23, "maneuver_time_s": 0.7666666666666667, "lookahead_s": 2.0}
{"stage": "MPPI lookahead optimization", "iteration": 227, "window_iteration": 5, "command_step": 23, "maneuver_time_s": 0.7666666666666667, "lookahead_s": 2.0}
{"stage": "Committing next 30 Hz command", "iteration": 227, "command_step": 23}
{"stage": "MPPI command committed", "iteration": 227, "command_step": 24, "time_s": 0.8, "iterations": 5, "stop_reason": "reward_plateau", "actual_reward": 24.984467130133943, "actual_success": false, "actual_failed": false, "actual_minimum_tip_distance_m": 1.1874645817047353, "lookahead_score": 104.34028647477429, "predicted_hit": false, "predicted_failed": false, "predicted_distance_m": 0.7285854124288258}
{"stage": "MPPI lookahead optimization", "iteration": 228, "window_iteration": 1, "command_step": 24, "maneuver_time_s": 0.8, "lookahead_s": 2.0}
{"stage": "MPPI lookahead optimization", "iteration": 229, "window_iteration": 2, "command_step": 24, "maneuver_time_s": 0.8, "lookahead_s": 2.0}
{"stage": "MPPI lookahead optimization", "iteration": 230, "window_iteration": 3, "command_step": 24, "maneuver_time_s": 0.8, "lookahead_s": 2.0}
{"stage": "MPPI lookahead optimization", "iteration": 231, "window_iteration": 4, "command_step": 24, "maneuver_time_s": 0.8, "lookahead_s": 2.0}
{"stage": "MPPI lookahead optimization", "iteration": 232, "window_iteration": 5, "command_step": 24, "maneuver_time_s": 0.8, "lookahead_s": 2.0}
{"stage": "MPPI lookahead optimization", "iteration": 233, "window_iteration": 6, "command_step": 24, "maneuver_time_s": 0.8, "lookahead_s": 2.0}
{"stage": "MPPI lookahead optimization", "iteration": 234, "window_iteration": 7, "command_step": 24, "maneuver_time_s": 0.8, "lookahead_s": 2.0}
{"stage": "Committing next 30 Hz command", "iteration": 234, "command_step": 24}
{"stage": "MPPI command committed", "iteration": 234, "command_step": 25, "time_s": 0.8333333333333334, "iterations": 7, "stop_reason": "reward_plateau", "actual_reward": 31.492383683584407, "actual_success": false, "actual_failed": false, "actual_minimum_tip_distance_m": 1.1599338726676875, "lookahead_score": 101.01419843690132, "predicted_hit": false, "predicted_failed": false, "predicted_distance_m": 0.5995652245762874}
{"stage": "MPPI lookahead optimization", "iteration": 235, "window_iteration": 1, "command_step": 25, "maneuver_time_s": 0.8333333333333334, "lookahead_s": 2.0}
{"stage": "MPPI lookahead optimization", "iteration": 236, "window_iteration": 2, "command_step": 25, "maneuver_time_s": 0.8333333333333334, "lookahead_s": 2.0}
{"stage": "MPPI lookahead optimization", "iteration": 237, "window_iteration": 3, "command_step": 25, "maneuver_time_s": 0.8333333333333334, "lookahead_s": 2.0}
{"stage": "MPPI lookahead optimization", "iteration": 238, "window_iteration": 4, "command_step": 25, "maneuver_time_s": 0.8333333333333334, "lookahead_s": 2.0}
{"stage": "MPPI lookahead optimization", "iteration": 239, "window_iteration": 5, "command_step": 25, "maneuver_time_s": 0.8333333333333334, "lookahead_s": 2.0}
{"stage": "MPPI lookahead optimization", "iteration": 240, "window_iteration": 6, "command_step": 25, "maneuver_time_s": 0.8333333333333334, "lookahead_s": 2.0}
{"stage": "Committing next 30 Hz command", "iteration": 240, "command_step": 25}
{"stage": "MPPI command committed", "iteration": 240, "command_step": 26, "time_s": 0.8666666666666667, "iterations": 6, "stop_reason": "reward_plateau", "actual_reward": 42.96820603271554, "actual_success": false, "actual_failed": false, "actual_minimum_tip_distance_m": 1.1324273838084216, "lookahead_score": 95.76983242377273, "predicted_hit": false, "predicted_failed": false, "predicted_distance_m": 0.5123685596502617}
{"stage": "MPPI lookahead optimization", "iteration": 241, "window_iteration": 1, "command_step": 26, "maneuver_time_s": 0.8666666666666667, "lookahead_s": 2.0}
{"stage": "MPPI lookahead optimization", "iteration": 242, "window_iteration": 2, "command_step": 26, "maneuver_time_s": 0.8666666666666667, "lookahead_s": 2.0}
{"stage": "MPPI lookahead optimization", "iteration": 243, "window_iteration": 3, "command_step": 26, "maneuver_time_s": 0.8666666666666667, "lookahead_s": 2.0}
{"stage": "MPPI lookahead optimization", "iteration": 244, "window_iteration": 4, "command_step": 26, "maneuver_time_s": 0.8666666666666667, "lookahead_s": 2.0}
{"stage": "MPPI lookahead optimization", "iteration": 245, "window_iteration": 5, "command_step": 26, "maneuver_time_s": 0.8666666666666667, "lookahead_s": 2.0}
{"stage": "MPPI lookahead optimization", "iteration": 246, "window_iteration": 6, "command_step": 26, "maneuver_time_s": 0.8666666666666667, "lookahead_s": 2.0}
{"stage": "MPPI lookahead optimization", "iteration": 247, "window_iteration": 7, "command_step": 26, "maneuver_time_s": 0.8666666666666667, "lookahead_s": 2.0}
{"stage": "Committing next 30 Hz command", "iteration": 247, "command_step": 26}
{"stage": "MPPI command committed", "iteration": 247, "command_step": 27, "time_s": 0.9, "iterations": 7, "stop_reason": "reward_plateau", "actual_reward": 68.04195605568498, "actual_success": false, "actual_failed": false, "actual_minimum_tip_distance_m": 1.105136615458033, "lookahead_score": 84.88691914045081, "predicted_hit": false, "predicted_failed": false, "predicted_distance_m": 0.4747151110818961}
{"stage": "MPPI lookahead optimization", "iteration": 248, "window_iteration": 1, "command_step": 27, "maneuver_time_s": 0.9, "lookahead_s": 2.0}
{"stage": "MPPI lookahead optimization", "iteration": 249, "window_iteration": 2, "command_step": 27, "maneuver_time_s": 0.9, "lookahead_s": 2.0}
{"stage": "MPPI lookahead optimization", "iteration": 250, "window_iteration": 3, "command_step": 27, "maneuver_time_s": 0.9, "lookahead_s": 2.0}
{"stage": "MPPI lookahead optimization", "iteration": 251, "window_iteration": 4, "command_step": 27, "maneuver_time_s": 0.9, "lookahead_s": 2.0}
{"stage": "MPPI lookahead optimization", "iteration": 252, "window_iteration": 5, "command_step": 27, "maneuver_time_s": 0.9, "lookahead_s": 2.0}
{"stage": "MPPI lookahead optimization", "iteration": 253, "window_iteration": 6, "command_step": 27, "maneuver_time_s": 0.9, "lookahead_s": 2.0}
{"stage": "MPPI lookahead optimization", "iteration": 254, "window_iteration": 7, "command_step": 27, "maneuver_time_s": 0.9, "lookahead_s": 2.0}
{"stage": "MPPI lookahead optimization", "iteration": 255, "window_iteration": 8, "command_step": 27, "maneuver_time_s": 0.9, "lookahead_s": 2.0}
{"stage": "Committing next 30 Hz command", "iteration": 255, "command_step": 27}
{"stage": "MPPI command committed", "iteration": 255, "command_step": 28, "time_s": 0.9333333333333333, "iterations": 8, "stop_reason": "reward_plateau", "actual_reward": 92.03911446027122, "actual_success": false, "actual_failed": false, "actual_minimum_tip_distance_m": 1.0784714650341964, "lookahead_score": 60.060952579629856, "predicted_hit": false, "predicted_failed": false, "predicted_distance_m": 0.4592974780619139}
{"stage": "MPPI lookahead optimization", "iteration": 256, "window_iteration": 1, "command_step": 28, "maneuver_time_s": 0.9333333333333333, "lookahead_s": 2.0}
{"stage": "MPPI lookahead optimization", "iteration": 257, "window_iteration": 2, "command_step": 28, "maneuver_time_s": 0.9333333333333333, "lookahead_s": 2.0}
{"stage": "MPPI lookahead optimization", "iteration": 258, "window_iteration": 3, "command_step": 28, "maneuver_time_s": 0.9333333333333333, "lookahead_s": 2.0}
{"stage": "MPPI lookahead optimization", "iteration": 259, "window_iteration": 4, "command_step": 28, "maneuver_time_s": 0.9333333333333333, "lookahead_s": 2.0}
{"stage": "MPPI lookahead optimization", "iteration": 260, "window_iteration": 5, "command_step": 28, "maneuver_time_s": 0.9333333333333333, "lookahead_s": 2.0}
{"stage": "MPPI lookahead optimization", "iteration": 261, "window_iteration": 6, "command_step": 28, "maneuver_time_s": 0.9333333333333333, "lookahead_s": 2.0}
{"stage": "MPPI lookahead optimization", "iteration": 262, "window_iteration": 7, "command_step": 28, "maneuver_time_s": 0.9333333333333333, "lookahead_s": 2.0}
{"stage": "MPPI lookahead optimization", "iteration": 263, "window_iteration": 8, "command_step": 28, "maneuver_time_s": 0.9333333333333333, "lookahead_s": 2.0}
{"stage": "MPPI lookahead optimization", "iteration": 264, "window_iteration": 9, "command_step": 28, "maneuver_time_s": 0.9333333333333333, "lookahead_s": 2.0}
{"stage": "MPPI lookahead optimization", "iteration": 265, "window_iteration": 10, "command_step": 28, "maneuver_time_s": 0.9333333333333333, "lookahead_s": 2.0}
{"stage": "Committing next 30 Hz command", "iteration": 265, "command_step": 28}
{"stage": "MPPI command committed", "iteration": 265, "command_step": 29, "time_s": 0.9666666666666667, "iterations": 10, "stop_reason": "reward_plateau", "actual_reward": 94.64665616664364, "actual_success": false, "actual_failed": false, "actual_minimum_tip_distance_m": 1.0528625817186432, "lookahead_score": 36.692151172050146, "predicted_hit": false, "predicted_failed": false, "predicted_distance_m": 0.4272657784248724}
{"stage": "MPPI lookahead optimization", "iteration": 266, "window_iteration": 1, "command_step": 29, "maneuver_time_s": 0.9666666666666667, "lookahead_s": 2.0}
{"stage": "MPPI lookahead optimization", "iteration": 267, "window_iteration": 2, "command_step": 29, "maneuver_time_s": 0.9666666666666667, "lookahead_s": 2.0}
{"stage": "MPPI lookahead optimization", "iteration": 268, "window_iteration": 3, "command_step": 29, "maneuver_time_s": 0.9666666666666667, "lookahead_s": 2.0}
{"stage": "MPPI lookahead optimization", "iteration": 269, "window_iteration": 4, "command_step": 29, "maneuver_time_s": 0.9666666666666667, "lookahead_s": 2.0}
{"stage": "MPPI lookahead optimization", "iteration": 270, "window_iteration": 5, "command_step": 29, "maneuver_time_s": 0.9666666666666667, "lookahead_s": 2.0}
{"stage": "MPPI lookahead optimization", "iteration": 271, "window_iteration": 6, "command_step": 29, "maneuver_time_s": 0.9666666666666667, "lookahead_s": 2.0}
{"stage": "MPPI lookahead optimization", "iteration": 272, "window_iteration": 7, "command_step": 29, "maneuver_time_s": 0.9666666666666667, "lookahead_s": 2.0}
{"stage": "MPPI lookahead optimization", "iteration": 273, "window_iteration": 8, "command_step": 29, "maneuver_time_s": 0.9666666666666667, "lookahead_s": 2.0}
{"stage": "MPPI lookahead optimization", "iteration": 274, "window_iteration": 9, "command_step": 29, "maneuver_time_s": 0.9666666666666667, "lookahead_s": 2.0}
{"stage": "MPPI lookahead optimization", "iteration": 275, "window_iteration": 10, "command_step": 29, "maneuver_time_s": 0.9666666666666667, "lookahead_s": 2.0}
{"stage": "MPPI lookahead optimization", "iteration": 276, "window_iteration": 11, "command_step": 29, "maneuver_time_s": 0.9666666666666667, "lookahead_s": 2.0}
{"stage": "MPPI lookahead optimization", "iteration": 277, "window_iteration": 12, "command_step": 29, "maneuver_time_s": 0.9666666666666667, "lookahead_s": 2.0}
{"stage": "MPPI lookahead optimization", "iteration": 278, "window_iteration": 13, "command_step": 29, "maneuver_time_s": 0.9666666666666667, "lookahead_s": 2.0}
{"stage": "MPPI lookahead optimization", "iteration": 279, "window_iteration": 14, "command_step": 29, "maneuver_time_s": 0.9666666666666667, "lookahead_s": 2.0}
{"stage": "MPPI lookahead optimization", "iteration": 280, "window_iteration": 15, "command_step": 29, "maneuver_time_s": 0.9666666666666667, "lookahead_s": 2.0}
{"stage": "MPPI lookahead optimization", "iteration": 281, "window_iteration": 16, "command_step": 29, "maneuver_time_s": 0.9666666666666667, "lookahead_s": 2.0}
{"stage": "MPPI lookahead optimization", "iteration": 282, "window_iteration": 17, "command_step": 29, "maneuver_time_s": 0.9666666666666667, "lookahead_s": 2.0}
{"stage": "Committing next 30 Hz command", "iteration": 282, "command_step": 29}
{"stage": "MPPI command committed", "iteration": 282, "command_step": 30, "time_s": 1.0, "iterations": 17, "stop_reason": "reward_plateau", "actual_reward": 95.02782252571919, "actual_success": false, "actual_failed": false, "actual_minimum_tip_distance_m": 1.028114080142488, "lookahead_score": 34.648279512003754, "predicted_hit": false, "predicted_failed": false, "predicted_distance_m": 0.37996386523019615}
{"stage": "MPPI lookahead optimization", "iteration": 283, "window_iteration": 1, "command_step": 30, "maneuver_time_s": 1.0, "lookahead_s": 2.0}
{"stage": "MPPI lookahead optimization", "iteration": 284, "window_iteration": 2, "command_step": 30, "maneuver_time_s": 1.0, "lookahead_s": 2.0}
{"stage": "MPPI lookahead optimization", "iteration": 285, "window_iteration": 3, "command_step": 30, "maneuver_time_s": 1.0, "lookahead_s": 2.0}
{"stage": "MPPI lookahead optimization", "iteration": 286, "window_iteration": 4, "command_step": 30, "maneuver_time_s": 1.0, "lookahead_s": 2.0}
{"stage": "MPPI lookahead optimization", "iteration": 287, "window_iteration": 5, "command_step": 30, "maneuver_time_s": 1.0, "lookahead_s": 2.0}
{"stage": "Committing next 30 Hz command", "iteration": 287, "command_step": 30}
{"stage": "MPPI command committed", "iteration": 287, "command_step": 31, "time_s": 1.0333333333333334, "iterations": 5, "stop_reason": "reward_plateau", "actual_reward": 94.94893486321241, "actual_success": false, "actual_failed": false, "actual_minimum_tip_distance_m": 1.0022273556448718, "lookahead_score": 34.22522667737593, "predicted_hit": false, "predicted_failed": false, "predicted_distance_m": 0.3756440813116282}
{"stage": "MPPI lookahead optimization", "iteration": 288, "window_iteration": 1, "command_step": 31, "maneuver_time_s": 1.0333333333333334, "lookahead_s": 2.0}
{"stage": "MPPI lookahead optimization", "iteration": 289, "window_iteration": 2, "command_step": 31, "maneuver_time_s": 1.0333333333333334, "lookahead_s": 2.0}
{"stage": "MPPI lookahead optimization", "iteration": 290, "window_iteration": 3, "command_step": 31, "maneuver_time_s": 1.0333333333333334, "lookahead_s": 2.0}
{"stage": "MPPI lookahead optimization", "iteration": 291, "window_iteration": 4, "command_step": 31, "maneuver_time_s": 1.0333333333333334, "lookahead_s": 2.0}
{"stage": "MPPI lookahead optimization", "iteration": 292, "window_iteration": 5, "command_step": 31, "maneuver_time_s": 1.0333333333333334, "lookahead_s": 2.0}
{"stage": "Committing next 30 Hz command", "iteration": 292, "command_step": 31}
{"stage": "MPPI command committed", "iteration": 292, "command_step": 32, "time_s": 1.0666666666666667, "iterations": 5, "stop_reason": "reward_plateau", "actual_reward": 95.05022291661777, "actual_success": false, "actual_failed": false, "actual_minimum_tip_distance_m": 0.9701468830150872, "lookahead_score": 33.7264976749383, "predicted_hit": false, "predicted_failed": false, "predicted_distance_m": 0.4007487727340248}
{"stage": "MPPI lookahead optimization", "iteration": 293, "window_iteration": 1, "command_step": 32, "maneuver_time_s": 1.0666666666666667, "lookahead_s": 2.0}
{"stage": "MPPI lookahead optimization", "iteration": 294, "window_iteration": 2, "command_step": 32, "maneuver_time_s": 1.0666666666666667, "lookahead_s": 2.0}
{"stage": "MPPI lookahead optimization", "iteration": 295, "window_iteration": 3, "command_step": 32, "maneuver_time_s": 1.0666666666666667, "lookahead_s": 2.0}
{"stage": "MPPI lookahead optimization", "iteration": 296, "window_iteration": 4, "command_step": 32, "maneuver_time_s": 1.0666666666666667, "lookahead_s": 2.0}
{"stage": "MPPI lookahead optimization", "iteration": 297, "window_iteration": 5, "command_step": 32, "maneuver_time_s": 1.0666666666666667, "lookahead_s": 2.0}
{"stage": "Committing next 30 Hz command", "iteration": 297, "command_step": 32}
{"stage": "MPPI command committed", "iteration": 297, "command_step": 33, "time_s": 1.1, "iterations": 5, "stop_reason": "reward_plateau", "actual_reward": 95.41640619475761, "actual_success": false, "actual_failed": false, "actual_minimum_tip_distance_m": 0.9233478668982608, "lookahead_score": 32.39769839059554, "predicted_hit": false, "predicted_failed": false, "predicted_distance_m": 0.39922471727948405}
{"stage": "MPPI lookahead optimization", "iteration": 298, "window_iteration": 1, "command_step": 33, "maneuver_time_s": 1.1, "lookahead_s": 2.0}
{"stage": "MPPI lookahead optimization", "iteration": 299, "window_iteration": 2, "command_step": 33, "maneuver_time_s": 1.1, "lookahead_s": 2.0}
{"stage": "MPPI lookahead optimization", "iteration": 300, "window_iteration": 3, "command_step": 33, "maneuver_time_s": 1.1, "lookahead_s": 2.0}
{"stage": "MPPI lookahead optimization", "iteration": 301, "window_iteration": 4, "command_step": 33, "maneuver_time_s": 1.1, "lookahead_s": 2.0}
{"stage": "MPPI lookahead optimization", "iteration": 302, "window_iteration": 5, "command_step": 33, "maneuver_time_s": 1.1, "lookahead_s": 2.0}
{"stage": "MPPI lookahead optimization", "iteration": 303, "window_iteration": 6, "command_step": 33, "maneuver_time_s": 1.1, "lookahead_s": 2.0}
{"stage": "Committing next 30 Hz command", "iteration": 303, "command_step": 33}
{"stage": "MPPI command committed", "iteration": 303, "command_step": 34, "time_s": 1.1333333333333333, "iterations": 6, "stop_reason": "reward_plateau", "actual_reward": 96.11533727547197, "actual_success": false, "actual_failed": false, "actual_minimum_tip_distance_m": 0.8535041351012359, "lookahead_score": 30.924052674574597, "predicted_hit": false, "predicted_failed": false, "predicted_distance_m": 0.49562809212817066}
{"stage": "MPPI lookahead optimization", "iteration": 304, "window_iteration": 1, "command_step": 34, "maneuver_time_s": 1.1333333333333333, "lookahead_s": 2.0}
{"stage": "MPPI lookahead optimization", "iteration": 305, "window_iteration": 2, "command_step": 34, "maneuver_time_s": 1.1333333333333333, "lookahead_s": 2.0}
{"stage": "MPPI lookahead optimization", "iteration": 306, "window_iteration": 3, "command_step": 34, "maneuver_time_s": 1.1333333333333333, "lookahead_s": 2.0}
{"stage": "MPPI lookahead optimization", "iteration": 307, "window_iteration": 4, "command_step": 34, "maneuver_time_s": 1.1333333333333333, "lookahead_s": 2.0}
{"stage": "MPPI lookahead optimization", "iteration": 308, "window_iteration": 5, "command_step": 34, "maneuver_time_s": 1.1333333333333333, "lookahead_s": 2.0}
{"stage": "Committing next 30 Hz command", "iteration": 308, "command_step": 34}
{"stage": "MPPI command committed", "iteration": 308, "command_step": 35, "time_s": 1.1666666666666667, "iterations": 5, "stop_reason": "reward_plateau", "actual_reward": 96.93840741454876, "actual_success": false, "actual_failed": false, "actual_minimum_tip_distance_m": 0.7716167988346694, "lookahead_score": 29.58162267919907, "predicted_hit": false, "predicted_failed": false, "predicted_distance_m": 0.5521156595168379}
{"stage": "MPPI lookahead optimization", "iteration": 309, "window_iteration": 1, "command_step": 35, "maneuver_time_s": 1.1666666666666667, "lookahead_s": 2.0}
{"stage": "MPPI lookahead optimization", "iteration": 310, "window_iteration": 2, "command_step": 35, "maneuver_time_s": 1.1666666666666667, "lookahead_s": 2.0}
{"stage": "MPPI lookahead optimization", "iteration": 311, "window_iteration": 3, "command_step": 35, "maneuver_time_s": 1.1666666666666667, "lookahead_s": 2.0}
{"stage": "MPPI lookahead optimization", "iteration": 312, "window_iteration": 4, "command_step": 35, "maneuver_time_s": 1.1666666666666667, "lookahead_s": 2.0}
{"stage": "MPPI lookahead optimization", "iteration": 313, "window_iteration": 5, "command_step": 35, "maneuver_time_s": 1.1666666666666667, "lookahead_s": 2.0}
{"stage": "Committing next 30 Hz command", "iteration": 313, "command_step": 35}
{"stage": "MPPI command committed", "iteration": 313, "command_step": 36, "time_s": 1.2, "iterations": 5, "stop_reason": "reward_plateau", "actual_reward": 97.16755743127155, "actual_success": false, "actual_failed": false, "actual_minimum_tip_distance_m": 0.7277852389594563, "lookahead_score": 28.33348985078061, "predicted_hit": false, "predicted_failed": false, "predicted_distance_m": 0.5521156595184519}
{"stage": "MPPI lookahead optimization", "iteration": 314, "window_iteration": 1, "command_step": 36, "maneuver_time_s": 1.2, "lookahead_s": 2.0}
{"stage": "MPPI lookahead optimization", "iteration": 315, "window_iteration": 2, "command_step": 36, "maneuver_time_s": 1.2, "lookahead_s": 2.0}
{"stage": "MPPI lookahead optimization", "iteration": 316, "window_iteration": 3, "command_step": 36, "maneuver_time_s": 1.2, "lookahead_s": 2.0}
{"stage": "MPPI lookahead optimization", "iteration": 317, "window_iteration": 4, "command_step": 36, "maneuver_time_s": 1.2, "lookahead_s": 2.0}
{"stage": "MPPI lookahead optimization", "iteration": 318, "window_iteration": 5, "command_step": 36, "maneuver_time_s": 1.2, "lookahead_s": 2.0}
{"stage": "Committing next 30 Hz command", "iteration": 318, "command_step": 36}
{"stage": "MPPI command committed", "iteration": 318, "command_step": 37, "time_s": 1.2333333333333334, "iterations": 5, "stop_reason": "reward_plateau", "actual_reward": 98.3755172555435, "actual_success": false, "actual_failed": false, "actual_minimum_tip_distance_m": 0.7267275350550043, "lookahead_score": 27.783090901517966, "predicted_hit": false, "predicted_failed": false, "predicted_distance_m": 0.5917854885917546}
{"stage": "MPPI lookahead optimization", "iteration": 319, "window_iteration": 1, "command_step": 37, "maneuver_time_s": 1.2333333333333334, "lookahead_s": 2.0}
{"stage": "MPPI lookahead optimization", "iteration": 320, "window_iteration": 2, "command_step": 37, "maneuver_time_s": 1.2333333333333334, "lookahead_s": 2.0}
{"stage": "MPPI lookahead optimization", "iteration": 321, "window_iteration": 3, "command_step": 37, "maneuver_time_s": 1.2333333333333334, "lookahead_s": 2.0}
{"stage": "MPPI lookahead optimization", "iteration": 322, "window_iteration": 4, "command_step": 37, "maneuver_time_s": 1.2333333333333334, "lookahead_s": 2.0}
{"stage": "MPPI lookahead optimization", "iteration": 323, "window_iteration": 5, "command_step": 37, "maneuver_time_s": 1.2333333333333334, "lookahead_s": 2.0}
{"stage": "MPPI lookahead optimization", "iteration": 324, "window_iteration": 6, "command_step": 37, "maneuver_time_s": 1.2333333333333334, "lookahead_s": 2.0}
{"stage": "MPPI lookahead optimization", "iteration": 325, "window_iteration": 7, "command_step": 37, "maneuver_time_s": 1.2333333333333334, "lookahead_s": 2.0}
{"stage": "MPPI lookahead optimization", "iteration": 326, "window_iteration": 8, "command_step": 37, "maneuver_time_s": 1.2333333333333334, "lookahead_s": 2.0}
{"stage": "MPPI lookahead optimization", "iteration": 327, "window_iteration": 9, "command_step": 37, "maneuver_time_s": 1.2333333333333334, "lookahead_s": 2.0}
{"stage": "Committing next 30 Hz command", "iteration": 327, "command_step": 37}
{"stage": "MPPI command committed", "iteration": 327, "command_step": 38, "time_s": 1.2666666666666666, "iterations": 9, "stop_reason": "reward_plateau", "actual_reward": 111.19730771325206, "actual_success": false, "actual_failed": false, "actual_minimum_tip_distance_m": 0.7267275350550043, "lookahead_score": 26.51419304425903, "predicted_hit": false, "predicted_failed": false, "predicted_distance_m": 0.6197130904246865}
{"stage": "MPPI lookahead optimization", "iteration": 328, "window_iteration": 1, "command_step": 38, "maneuver_time_s": 1.2666666666666666, "lookahead_s": 2.0}
{"stage": "MPPI lookahead optimization", "iteration": 329, "window_iteration": 2, "command_step": 38, "maneuver_time_s": 1.2666666666666666, "lookahead_s": 2.0}
{"stage": "MPPI lookahead optimization", "iteration": 330, "window_iteration": 3, "command_step": 38, "maneuver_time_s": 1.2666666666666666, "lookahead_s": 2.0}
{"stage": "MPPI lookahead optimization", "iteration": 331, "window_iteration": 4, "command_step": 38, "maneuver_time_s": 1.2666666666666666, "lookahead_s": 2.0}
{"stage": "MPPI lookahead optimization", "iteration": 332, "window_iteration": 5, "command_step": 38, "maneuver_time_s": 1.2666666666666666, "lookahead_s": 2.0}
{"stage": "Committing next 30 Hz command", "iteration": 332, "command_step": 38}
{"stage": "MPPI command committed", "iteration": 332, "command_step": 39, "time_s": 1.3, "iterations": 5, "stop_reason": "reward_plateau", "actual_reward": 120.78795202250024, "actual_success": false, "actual_failed": false, "actual_minimum_tip_distance_m": 0.7267275350550043, "lookahead_score": 13.48317334892009, "predicted_hit": false, "predicted_failed": false, "predicted_distance_m": 0.6197130902738966}
{"stage": "MPPI lookahead optimization", "iteration": 333, "window_iteration": 1, "command_step": 39, "maneuver_time_s": 1.3, "lookahead_s": 2.0}
{"stage": "MPPI lookahead optimization", "iteration": 334, "window_iteration": 2, "command_step": 39, "maneuver_time_s": 1.3, "lookahead_s": 2.0}
{"stage": "MPPI lookahead optimization", "iteration": 335, "window_iteration": 3, "command_step": 39, "maneuver_time_s": 1.3, "lookahead_s": 2.0}
{"stage": "MPPI lookahead optimization", "iteration": 336, "window_iteration": 4, "command_step": 39, "maneuver_time_s": 1.3, "lookahead_s": 2.0}
{"stage": "MPPI lookahead optimization", "iteration": 337, "window_iteration": 5, "command_step": 39, "maneuver_time_s": 1.3, "lookahead_s": 2.0}
{"stage": "Committing next 30 Hz command", "iteration": 337, "command_step": 39}
{"stage": "MPPI command committed", "iteration": 337, "command_step": 40, "time_s": 1.3333333333333333, "iterations": 5, "stop_reason": "reward_plateau", "actual_reward": 120.38211800846277, "actual_success": false, "actual_failed": false, "actual_minimum_tip_distance_m": 0.7267275350550043, "lookahead_score": 3.7392750512617425, "predicted_hit": false, "predicted_failed": false, "predicted_distance_m": 0.6108530611882909}
{"stage": "MPPI lookahead optimization", "iteration": 338, "window_iteration": 1, "command_step": 40, "maneuver_time_s": 1.3333333333333333, "lookahead_s": 2.0}
{"stage": "MPPI lookahead optimization", "iteration": 339, "window_iteration": 2, "command_step": 40, "maneuver_time_s": 1.3333333333333333, "lookahead_s": 2.0}
{"stage": "MPPI lookahead optimization", "iteration": 340, "window_iteration": 3, "command_step": 40, "maneuver_time_s": 1.3333333333333333, "lookahead_s": 2.0}
{"stage": "MPPI lookahead optimization", "iteration": 341, "window_iteration": 4, "command_step": 40, "maneuver_time_s": 1.3333333333333333, "lookahead_s": 2.0}
{"stage": "MPPI lookahead optimization", "iteration": 342, "window_iteration": 5, "command_step": 40, "maneuver_time_s": 1.3333333333333333, "lookahead_s": 2.0}
{"stage": "Committing next 30 Hz command", "iteration": 342, "command_step": 40}
{"stage": "MPPI command committed", "iteration": 342, "command_step": 41, "time_s": 1.3666666666666667, "iterations": 5, "stop_reason": "reward_plateau", "actual_reward": 119.98942412696042, "actual_success": false, "actual_failed": false, "actual_minimum_tip_distance_m": 0.7267275350550043, "lookahead_score": 3.930303044822537, "predicted_hit": false, "predicted_failed": false, "predicted_distance_m": 0.6241136130137045}
{"stage": "MPPI lookahead optimization", "iteration": 343, "window_iteration": 1, "command_step": 41, "maneuver_time_s": 1.3666666666666667, "lookahead_s": 2.0}
{"stage": "MPPI lookahead optimization", "iteration": 344, "window_iteration": 2, "command_step": 41, "maneuver_time_s": 1.3666666666666667, "lookahead_s": 2.0}
{"stage": "MPPI lookahead optimization", "iteration": 345, "window_iteration": 3, "command_step": 41, "maneuver_time_s": 1.3666666666666667, "lookahead_s": 2.0}
{"stage": "MPPI lookahead optimization", "iteration": 346, "window_iteration": 4, "command_step": 41, "maneuver_time_s": 1.3666666666666667, "lookahead_s": 2.0}
{"stage": "MPPI lookahead optimization", "iteration": 347, "window_iteration": 5, "command_step": 41, "maneuver_time_s": 1.3666666666666667, "lookahead_s": 2.0}
{"stage": "MPPI lookahead optimization", "iteration": 348, "window_iteration": 6, "command_step": 41, "maneuver_time_s": 1.3666666666666667, "lookahead_s": 2.0}
{"stage": "Committing next 30 Hz command", "iteration": 348, "command_step": 41}
{"stage": "MPPI command committed", "iteration": 348, "command_step": 42, "time_s": 1.4, "iterations": 6, "stop_reason": "reward_plateau", "actual_reward": 119.61790097770519, "actual_success": false, "actual_failed": false, "actual_minimum_tip_distance_m": 0.7267275350550043, "lookahead_score": 4.260328663428879, "predicted_hit": false, "predicted_failed": false, "predicted_distance_m": 0.5736479888716989}
{"stage": "MPPI lookahead optimization", "iteration": 349, "window_iteration": 1, "command_step": 42, "maneuver_time_s": 1.4, "lookahead_s": 2.0}
