preparing full model training {}
drone_nominal {'delay_s': 0.0, 'windows': 81}
drone_nominal {'update': 1, 'loss': 3.087978302955149, 'best_loss': 3.087978302955149}
drone_nominal {'update': 2, 'loss': 2.951205272288149, 'best_loss': 2.951205272288149}
drone_nominal {'update': 3, 'loss': 2.9346961690592352, 'best_loss': 2.9346961690592352}
drone_nominal {'update': 4, 'loss': 2.9321953896055435, 'best_loss': 2.9321953896055435}
drone_nominal {'update': 5, 'loss': 2.931780686596089, 'best_loss': 2.931780686596089}
drone_nominal {'update': 6, 'loss': 2.9317077946924095, 'best_loss': 2.9317077946924095}
drone_nominal {'update': 7, 'loss': 2.9316945806421546, 'best_loss': 2.9316945806421546}
drone_nominal {'update': 8, 'loss': 2.931692140570434, 'best_loss': 2.931692140570434}
drone_nominal {'delay_s': 0.01, 'windows': 81}
drone_nominal {'update': 1, 'loss': 2.7360392345462707, 'best_loss': 2.7360392345462707}
drone_nominal {'update': 2, 'loss': 2.623619871989697, 'best_loss': 2.623619871989697}
drone_nominal {'update': 3, 'loss': 2.6113352995454147, 'best_loss': 2.6113352995454147}
drone_nominal {'update': 4, 'loss': 2.6096036512925402, 'best_loss': 2.6096036512925402}
drone_nominal {'update': 5, 'loss': 2.60933526370164, 'best_loss': 2.60933526370164}
drone_nominal {'update': 6, 'loss': 2.6092910658662696, 'best_loss': 2.6092910658662696}
drone_nominal {'update': 7, 'loss': 2.6092834897438215, 'best_loss': 2.6092834897438215}
drone_nominal {'update': 8, 'loss': 2.609282151687771, 'best_loss': 2.609282151687771}
drone_nominal {'delay_s': 0.02, 'windows': 81}
drone_nominal {'update': 1, 'loss': 2.3869427848045928, 'best_loss': 2.3869427848045928}
drone_nominal {'update': 2, 'loss': 2.352822275836101, 'best_loss': 2.352822275836101}
drone_nominal {'update': 3, 'loss': 2.3493656720599567, 'best_loss': 2.3493656720599567}
drone_nominal {'update': 4, 'loss': 2.348944084279055, 'best_loss': 2.348944084279055}
drone_nominal {'update': 5, 'loss': 2.348886523039431, 'best_loss': 2.348886523039431}
drone_nominal {'update': 6, 'loss': 2.3488777397423326, 'best_loss': 2.3488777397423326}
drone_nominal {'update': 7, 'loss': 2.3488762615332903, 'best_loss': 2.3488762615332903}
drone_nominal {'delay_s': 0.03, 'windows': 81}
drone_nominal {'update': 1, 'loss': 2.1824751985950455, 'best_loss': 2.1824751985950455}
drone_nominal {'update': 2, 'loss': 2.176720506344299, 'best_loss': 2.176720506344299}
drone_nominal {'update': 3, 'loss': 2.176161362087049, 'best_loss': 2.176161362087049}
drone_nominal {'update': 4, 'loss': 2.1761037869865003, 'best_loss': 2.1761037869865003}
drone_nominal {'update': 5, 'loss': 2.1760974274817766, 'best_loss': 2.1760974274817766}
drone_nominal {'update': 6, 'loss': 2.1760966452248494, 'best_loss': 2.1760966452248494}
drone_nominal {'delay_s': 0.04, 'windows': 81}
drone_nominal {'update': 1, 'loss': 2.11826795227895, 'best_loss': 2.11826795227895}
drone_nominal {'update': 2, 'loss': 2.116722469975105, 'best_loss': 2.116722469975105}
drone_nominal {'update': 3, 'loss': 2.1165698017440264, 'best_loss': 2.1165698017440264}
drone_nominal {'update': 4, 'loss': 2.116554542711957, 'best_loss': 2.116554542711957}
drone_nominal {'update': 5, 'loss': 2.1165529900377646, 'best_loss': 2.1165529900377646}
drone_nominal {'delay_s': 0.06, 'windows': 81}
drone_nominal {'update': 1, 'loss': 2.4163786554879674, 'best_loss': 2.4163786554879674}
drone_nominal {'update': 2, 'loss': 2.3958193610201923, 'best_loss': 2.3958193610201923}
drone_nominal {'update': 3, 'loss': 2.3920418871585056, 'best_loss': 2.3920418871585056}
drone_nominal {'update': 4, 'loss': 2.3912781727812233, 'best_loss': 2.3912781727812233}
drone_nominal {'update': 5, 'loss': 2.391125272988762, 'best_loss': 2.391125272988762}
drone_nominal {'update': 6, 'loss': 2.3910952776326746, 'best_loss': 2.3910952776326746}
drone_nominal {'update': 7, 'loss': 2.3910894063111265, 'best_loss': 2.3910894063111265}
drone_nominal {'update': 8, 'loss': 2.3910882457314306, 'best_loss': 2.3910882457314306}
drone_nominal {'delay_s': 0.08, 'windows': 81}
drone_nominal {'update': 1, 'loss': 3.1849883959419767, 'best_loss': 3.1849883959419767}
drone_nominal {'update': 2, 'loss': 3.145703263962676, 'best_loss': 3.145703263962676}
drone_nominal {'update': 3, 'loss': 3.1339742540903033, 'best_loss': 3.1339742540903033}
drone_nominal {'update': 4, 'loss': 3.1306667572493936, 'best_loss': 3.1306667572493936}
drone_nominal {'update': 5, 'loss': 3.1298247426686947, 'best_loss': 3.1298247426686947}
drone_nominal {'update': 6, 'loss': 3.129625558784766, 'best_loss': 3.129625558784766}
drone_nominal {'update': 7, 'loss': 3.129579239220213, 'best_loss': 3.129579239220213}
drone_nominal {'update': 8, 'loss': 3.129568151882343, 'best_loss': 3.129568151882343}
drone_nominal {'update': 9, 'loss': 3.1295653678169777, 'best_loss': 3.1295653678169777}
drone_nominal {'delay_s': 0.1, 'windows': 81}
drone_nominal {'update': 1, 'loss': 4.29587159404365, 'best_loss': 4.29587159404365}
drone_nominal {'update': 2, 'loss': 4.19718274569173, 'best_loss': 4.19718274569173}
drone_nominal {'update': 3, 'loss': 4.169574508565292, 'best_loss': 4.169574508565292}
drone_nominal {'update': 4, 'loss': 4.160491165774236, 'best_loss': 4.160491165774236}
drone_nominal {'update': 5, 'loss': 4.157704308510299, 'best_loss': 4.157704308510299}
drone_nominal {'update': 6, 'loss': 4.156923463823895, 'best_loss': 4.156923463823895}
drone_nominal {'update': 7, 'loss': 4.156716281550906, 'best_loss': 4.156716281550906}
drone_nominal {'update': 8, 'loss': 4.156660253150715, 'best_loss': 4.156660253150715}
drone_nominal {'update': 9, 'loss': 4.1566439171962895, 'best_loss': 4.1566439171962895}
drone_nominal {'delay_s': 0.12, 'windows': 81}
drone_nominal {'update': 1, 'loss': 5.593267170300637, 'best_loss': 5.593267170300637}
drone_nominal {'update': 2, 'loss': 5.4356677912235885, 'best_loss': 5.4356677912235885}
drone_nominal {'update': 3, 'loss': 5.383338743330362, 'best_loss': 5.383338743330362}
drone_nominal {'update': 4, 'loss': 5.3625172003299815, 'best_loss': 5.3625172003299815}
drone_nominal {'update': 5, 'loss': 5.354387747390499, 'best_loss': 5.354387747390499}
drone_nominal {'update': 6, 'loss': 5.351350514965343, 'best_loss': 5.351350514965343}
drone_nominal {'update': 7, 'loss': 5.350280996462645, 'best_loss': 5.350280996462645}
drone_nominal {'update': 8, 'loss': 5.349925356654873, 'best_loss': 5.349925356654873}
drone_nominal {'update': 9, 'loss': 5.34980903596301, 'best_loss': 5.34980903596301}
drone_nominal {'update': 10, 'loss': 5.3497690150369515, 'best_loss': 5.3497690150369515}
attitude response {'windows': 81}
attitude response {'update': 1, 'loss': 0.8618037139822402, 'best_loss': 0.8618037139822402}
attitude response {'update': 2, 'loss': 0.8609292589952013, 'best_loss': 0.8609292589952013}
attitude response {'update': 3, 'loss': 0.8608732411623453, 'best_loss': 0.8608732411623453}
attitude response {'update': 4, 'loss': 0.8608695629734907, 'best_loss': 0.8608695629734907}
attitude response {'update': 5, 'loss': 0.8608692910061078, 'best_loss': 0.8608692910061078}
drone_residual graph preparation {'windows': 81}
[W914 23:08:28.000000000 Context.cpp:448] Warning: torch.backends.cuda.preferred_linalg_library is an experimental feature. If you see any error or unexpected behavior when this flag is set please file an issue on GitHub. (function operator ())
drone_residual {'update': 1, 'best_loss': 2.1213661670611126, 'stopping': 'practical plateau; no update ceiling'}
drone_residual {'update': 2, 'best_loss': 2.1213661670611126, 'stopping': 'practical plateau; no update ceiling'}
drone_residual {'update': 3, 'best_loss': 2.1213661670611126, 'stopping': 'practical plateau; no update ceiling'}
drone_residual {'update': 4, 'best_loss': 2.1213661670611126, 'stopping': 'practical plateau; no update ceiling'}
drone_residual {'update': 5, 'best_loss': 2.1213661670611126, 'stopping': 'practical plateau; no update ceiling'}
drone_residual {'update': 6, 'best_loss': 2.0264851557500974, 'stopping': 'practical plateau; no update ceiling'}
drone_residual {'update': 7, 'best_loss': 2.0264851557500974, 'stopping': 'practical plateau; no update ceiling'}
drone_residual {'update': 8, 'best_loss': 2.0264851557500974, 'stopping': 'practical plateau; no update ceiling'}
drone_residual {'update': 9, 'best_loss': 2.0264851557500974, 'stopping': 'practical plateau; no update ceiling'}
drone_residual {'update': 10, 'best_loss': 2.0264851557500974, 'stopping': 'practical plateau; no update ceiling'}
drone_residual {'update': 11, 'best_loss': 2.008225558839395, 'stopping': 'practical plateau; no update ceiling'}
drone_residual {'update': 12, 'best_loss': 2.008225558839395, 'stopping': 'practical plateau; no update ceiling'}
drone_residual {'update': 13, 'best_loss': 2.008225558839395, 'stopping': 'practical plateau; no update ceiling'}
drone_residual {'update': 14, 'best_loss': 2.008225558839395, 'stopping': 'practical plateau; no update ceiling'}
drone_residual {'update': 15, 'best_loss': 2.008225558839395, 'stopping': 'practical plateau; no update ceiling'}
drone_residual {'update': 16, 'best_loss': 1.99452105259721, 'stopping': 'practical plateau; no update ceiling'}
drone_residual {'update': 17, 'best_loss': 1.99452105259721, 'stopping': 'practical plateau; no update ceiling'}
drone_residual {'update': 18, 'best_loss': 1.99452105259721, 'stopping': 'practical plateau; no update ceiling'}
drone_residual {'update': 19, 'best_loss': 1.99452105259721, 'stopping': 'practical plateau; no update ceiling'}
drone_residual {'update': 20, 'best_loss': 1.99452105259721, 'stopping': 'practical plateau; no update ceiling'}
drone_residual {'update': 21, 'best_loss': 1.987815642607745, 'stopping': 'practical plateau; no update ceiling'}
drone_residual {'update': 22, 'best_loss': 1.987815642607745, 'stopping': 'practical plateau; no update ceiling'}
drone_residual {'update': 23, 'best_loss': 1.987815642607745, 'stopping': 'practical plateau; no update ceiling'}
drone_residual {'update': 24, 'best_loss': 1.987815642607745, 'stopping': 'practical plateau; no update ceiling'}
drone_residual {'update': 25, 'best_loss': 1.987815642607745, 'stopping': 'practical plateau; no update ceiling'}
drone_residual {'update': 26, 'best_loss': 1.9825169232672082, 'stopping': 'practical plateau; no update ceiling'}
drone_residual {'update': 27, 'best_loss': 1.9825169232672082, 'stopping': 'practical plateau; no update ceiling'}
drone_residual {'update': 28, 'best_loss': 1.9825169232672082, 'stopping': 'practical plateau; no update ceiling'}
drone_residual {'update': 29, 'best_loss': 1.9825169232672082, 'stopping': 'practical plateau; no update ceiling'}
drone_residual {'update': 30, 'best_loss': 1.9825169232672082, 'stopping': 'practical plateau; no update ceiling'}
drone_residual {'update': 31, 'best_loss': 1.978575129459005, 'stopping': 'practical plateau; no update ceiling'}
drone_residual {'update': 32, 'best_loss': 1.978575129459005, 'stopping': 'practical plateau; no update ceiling'}
drone_residual {'update': 33, 'best_loss': 1.978575129459005, 'stopping': 'practical plateau; no update ceiling'}
drone_residual {'update': 34, 'best_loss': 1.978575129459005, 'stopping': 'practical plateau; no update ceiling'}
drone_residual {'update': 35, 'best_loss': 1.978575129459005, 'stopping': 'practical plateau; no update ceiling'}
drone_residual {'update': 36, 'best_loss': 1.975495806232164, 'stopping': 'practical plateau; no update ceiling'}
drone_residual {'update': 37, 'best_loss': 1.975495806232164, 'stopping': 'practical plateau; no update ceiling'}
drone_residual {'update': 38, 'best_loss': 1.975495806232164, 'stopping': 'practical plateau; no update ceiling'}
drone_residual {'update': 39, 'best_loss': 1.975495806232164, 'stopping': 'practical plateau; no update ceiling'}
drone_residual {'update': 40, 'best_loss': 1.975495806232164, 'stopping': 'practical plateau; no update ceiling'}
drone_residual {'update': 41, 'best_loss': 1.9727638757679944, 'stopping': 'practical plateau; no update ceiling'}
drone_residual {'update': 42, 'best_loss': 1.9727638757679944, 'stopping': 'practical plateau; no update ceiling'}
drone_residual {'update': 43, 'best_loss': 1.9727638757679944, 'stopping': 'practical plateau; no update ceiling'}
drone_residual {'update': 44, 'best_loss': 1.9727638757679944, 'stopping': 'practical plateau; no update ceiling'}
drone_residual {'update': 45, 'best_loss': 1.9727638757679944, 'stopping': 'practical plateau; no update ceiling'}
drone_residual {'update': 46, 'best_loss': 1.9704915273351973, 'stopping': 'practical plateau; no update ceiling'}
drone_residual {'update': 47, 'best_loss': 1.9704915273351973, 'stopping': 'practical plateau; no update ceiling'}
drone_residual {'update': 48, 'best_loss': 1.9704915273351973, 'stopping': 'practical plateau; no update ceiling'}
drone_residual {'update': 49, 'best_loss': 1.9704915273351973, 'stopping': 'practical plateau; no update ceiling'}
drone_residual {'update': 50, 'best_loss': 1.9704915273351973, 'stopping': 'practical plateau; no update ceiling'}
drone_residual {'update': 51, 'best_loss': 1.9684232899317053, 'stopping': 'practical plateau; no update ceiling'}
drone_residual {'update': 52, 'best_loss': 1.9684232899317053, 'stopping': 'practical plateau; no update ceiling'}
drone_residual {'update': 53, 'best_loss': 1.9684232899317053, 'stopping': 'practical plateau; no update ceiling'}
drone_residual {'update': 54, 'best_loss': 1.9684232899317053, 'stopping': 'practical plateau; no update ceiling'}
drone_residual {'update': 55, 'best_loss': 1.9684232899317053, 'stopping': 'practical plateau; no update ceiling'}
drone_residual {'update': 56, 'best_loss': 1.9664192492725652, 'stopping': 'practical plateau; no update ceiling'}
drone_residual {'update': 57, 'best_loss': 1.9664192492725652, 'stopping': 'practical plateau; no update ceiling'}
drone_residual {'update': 58, 'best_loss': 1.9664192492725652, 'stopping': 'practical plateau; no update ceiling'}
drone_residual {'update': 59, 'best_loss': 1.9664192492725652, 'stopping': 'practical plateau; no update ceiling'}
drone_residual {'update': 60, 'best_loss': 1.9664192492725652, 'stopping': 'practical plateau; no update ceiling'}
drone_residual {'update': 61, 'best_loss': 1.9645155429562229, 'stopping': 'practical plateau; no update ceiling'}
drone_residual {'update': 62, 'best_loss': 1.9645155429562229, 'stopping': 'practical plateau; no update ceiling'}
drone_residual {'update': 63, 'best_loss': 1.9645155429562229, 'stopping': 'practical plateau; no update ceiling'}
drone_residual {'update': 64, 'best_loss': 1.9645155429562229, 'stopping': 'practical plateau; no update ceiling'}
drone_residual {'update': 65, 'best_loss': 1.9645155429562229, 'stopping': 'practical plateau; no update ceiling'}
drone_residual {'update': 66, 'best_loss': 1.9627112745581725, 'stopping': 'practical plateau; no update ceiling'}
drone_residual {'update': 67, 'best_loss': 1.9627112745581725, 'stopping': 'practical plateau; no update ceiling'}
drone_residual {'update': 68, 'best_loss': 1.9627112745581725, 'stopping': 'practical plateau; no update ceiling'}
drone_residual {'update': 69, 'best_loss': 1.9627112745581725, 'stopping': 'practical plateau; no update ceiling'}
drone_residual {'update': 70, 'best_loss': 1.9627112745581725, 'stopping': 'practical plateau; no update ceiling'}
drone_residual {'update': 71, 'best_loss': 1.960976840281094, 'stopping': 'practical plateau; no update ceiling'}
drone_residual {'update': 72, 'best_loss': 1.960976840281094, 'stopping': 'practical plateau; no update ceiling'}
drone_residual {'update': 73, 'best_loss': 1.960976840281094, 'stopping': 'practical plateau; no update ceiling'}
drone_residual {'update': 74, 'best_loss': 1.960976840281094, 'stopping': 'practical plateau; no update ceiling'}
drone_residual {'update': 75, 'best_loss': 1.960976840281094, 'stopping': 'practical plateau; no update ceiling'}
drone_residual {'update': 76, 'best_loss': 1.9592997516989454, 'stopping': 'practical plateau; no update ceiling'}
drone_residual {'update': 77, 'best_loss': 1.9592997516989454, 'stopping': 'practical plateau; no update ceiling'}
drone_residual {'update': 78, 'best_loss': 1.9592997516989454, 'stopping': 'practical plateau; no update ceiling'}
drone_residual {'update': 79, 'best_loss': 1.9592997516989454, 'stopping': 'practical plateau; no update ceiling'}
drone_residual {'update': 80, 'best_loss': 1.9592997516989454, 'stopping': 'practical plateau; no update ceiling'}
drone_residual {'update': 81, 'best_loss': 1.9576698702130073, 'stopping': 'practical plateau; no update ceiling'}
drone_residual {'update': 82, 'best_loss': 1.9576698702130073, 'stopping': 'practical plateau; no update ceiling'}
drone_residual {'update': 83, 'best_loss': 1.9576698702130073, 'stopping': 'practical plateau; no update ceiling'}
drone_residual {'update': 84, 'best_loss': 1.9576698702130073, 'stopping': 'practical plateau; no update ceiling'}
drone_residual {'update': 85, 'best_loss': 1.9576698702130073, 'stopping': 'practical plateau; no update ceiling'}
drone_residual {'update': 86, 'best_loss': 1.9560928446737995, 'stopping': 'practical plateau; no update ceiling'}
drone_residual {'update': 87, 'best_loss': 1.9560928446737995, 'stopping': 'practical plateau; no update ceiling'}
drone_residual {'update': 88, 'best_loss': 1.9560928446737995, 'stopping': 'practical plateau; no update ceiling'}
drone_residual {'update': 89, 'best_loss': 1.9560928446737995, 'stopping': 'practical plateau; no update ceiling'}
drone_residual {'update': 90, 'best_loss': 1.9560928446737995, 'stopping': 'practical plateau; no update ceiling'}
drone_residual {'update': 91, 'best_loss': 1.9545554768451456, 'stopping': 'practical plateau; no update ceiling'}
drone_residual {'update': 92, 'best_loss': 1.9545554768451456, 'stopping': 'practical plateau; no update ceiling'}
drone_residual {'update': 93, 'best_loss': 1.9545554768451456, 'stopping': 'practical plateau; no update ceiling'}
drone_residual {'update': 94, 'best_loss': 1.9545554768451456, 'stopping': 'practical plateau; no update ceiling'}
drone_residual {'update': 95, 'best_loss': 1.9545554768451456, 'stopping': 'practical plateau; no update ceiling'}
drone_residual {'update': 96, 'best_loss': 1.953054350678077, 'stopping': 'practical plateau; no update ceiling'}
drone_residual {'update': 97, 'best_loss': 1.953054350678077, 'stopping': 'practical plateau; no update ceiling'}
drone_residual {'update': 98, 'best_loss': 1.953054350678077, 'stopping': 'practical plateau; no update ceiling'}
drone_residual {'update': 99, 'best_loss': 1.953054350678077, 'stopping': 'practical plateau; no update ceiling'}
drone_residual {'update': 100, 'best_loss': 1.953054350678077, 'stopping': 'practical plateau; no update ceiling'}
drone_residual {'update': 101, 'best_loss': 1.9515884664473824, 'stopping': 'practical plateau; no update ceiling'}
drone_residual {'update': 102, 'best_loss': 1.9515884664473824, 'stopping': 'practical plateau; no update ceiling'}
drone_residual {'update': 103, 'best_loss': 1.9515884664473824, 'stopping': 'practical plateau; no update ceiling'}
drone_residual {'update': 104, 'best_loss': 1.9515884664473824, 'stopping': 'practical plateau; no update ceiling'}
drone_residual {'update': 105, 'best_loss': 1.9515884664473824, 'stopping': 'practical plateau; no update ceiling'}
attitude response {'windows': 81}
attitude response {'update': 1, 'loss': 0.9106630462311063, 'best_loss': 0.9106630462311063}
attitude response {'update': 2, 'loss': 0.9105794595962402, 'best_loss': 0.9105794595962402}
attitude response {'update': 3, 'loss': 0.9105721304324342, 'best_loss': 0.9105721304324342}
attitude response {'update': 4, 'loss': 0.9105714424348915, 'best_loss': 0.9105714424348915}
cable_physics {'windows': 144, 'parameters': ['EI', 'Cb', 'external damping']}
cable_physics {'update': 1, 'loss': 1.322606955317745, 'best_loss': 1.322606955317745}
cable_physics {'update': 2, 'loss': 1.3186935161211089, 'best_loss': 1.3186935161211089}
cable_physics {'update': 3, 'loss': 1.3155898524299894, 'best_loss': 1.3155898524299894}
cable_physics {'update': 4, 'loss': 1.3146184685216966, 'best_loss': 1.3146184685216966}
cable_physics {'update': 5, 'loss': 1.3145546117436728, 'best_loss': 1.3145546117436728}
cable_physics {'update': 6, 'loss': 1.3145546117436728, 'best_loss': 1.3145546117436728}
cable_residual graph preparation {'windows': 144}
cable_residual {'update': 1, 'best_loss': 1.3176710731210926, 'stopping': 'practical plateau; no update ceiling'}
cable_residual {'update': 2, 'best_loss': 1.3176710731210926, 'stopping': 'practical plateau; no update ceiling'}
cable_residual {'update': 3, 'best_loss': 1.3176710731210926, 'stopping': 'practical plateau; no update ceiling'}
cable_residual {'update': 4, 'best_loss': 1.3176710731210926, 'stopping': 'practical plateau; no update ceiling'}
cable_residual {'update': 5, 'best_loss': 1.3176710731210926, 'stopping': 'practical plateau; no update ceiling'}
cable_residual {'update': 6, 'best_loss': 1.3176710731210926, 'stopping': 'practical plateau; no update ceiling'}
cable_residual {'update': 7, 'best_loss': 1.3176710731210926, 'stopping': 'practical plateau; no update ceiling'}
cable_residual {'update': 8, 'best_loss': 1.3176710731210926, 'stopping': 'practical plateau; no update ceiling'}
cable_residual {'update': 9, 'best_loss': 1.3176710731210926, 'stopping': 'practical plateau; no update ceiling'}
cable_residual {'update': 10, 'best_loss': 1.3176710731210926, 'stopping': 'practical plateau; no update ceiling'}
cable_residual {'update': 11, 'best_loss': 1.3176710731210926, 'stopping': 'practical plateau; no update ceiling'}
cable_residual {'update': 12, 'best_loss': 1.3176710731210926, 'stopping': 'practical plateau; no update ceiling'}
cable_residual {'update': 13, 'best_loss': 1.3176710731210926, 'stopping': 'practical plateau; no update ceiling'}
cable_residual {'update': 14, 'best_loss': 1.3176710731210926, 'stopping': 'practical plateau; no update ceiling'}
cable_residual {'update': 15, 'best_loss': 1.3176710731210926, 'stopping': 'practical plateau; no update ceiling'}
cable_residual {'update': 16, 'best_loss': 1.3087085387973396, 'stopping': 'practical plateau; no update ceiling'}
cable_residual {'update': 17, 'best_loss': 1.3087085387973396, 'stopping': 'practical plateau; no update ceiling'}
cable_residual {'update': 18, 'best_loss': 1.3087085387973396, 'stopping': 'practical plateau; no update ceiling'}
cable_residual {'update': 19, 'best_loss': 1.3087085387973396, 'stopping': 'practical plateau; no update ceiling'}
cable_residual {'update': 20, 'best_loss': 1.3087085387973396, 'stopping': 'practical plateau; no update ceiling'}
cable_residual {'update': 21, 'best_loss': 1.2974435012760837, 'stopping': 'practical plateau; no update ceiling'}
cable_residual {'update': 22, 'best_loss': 1.2974435012760837, 'stopping': 'practical plateau; no update ceiling'}
cable_residual {'update': 23, 'best_loss': 1.2974435012760837, 'stopping': 'practical plateau; no update ceiling'}
cable_residual {'update': 24, 'best_loss': 1.2974435012760837, 'stopping': 'practical plateau; no update ceiling'}
cable_residual {'update': 25, 'best_loss': 1.2974435012760837, 'stopping': 'practical plateau; no update ceiling'}
cable_residual {'update': 26, 'best_loss': 1.2883940911168121, 'stopping': 'practical plateau; no update ceiling'}
cable_residual {'update': 27, 'best_loss': 1.2883940911168121, 'stopping': 'practical plateau; no update ceiling'}
cable_residual {'update': 28, 'best_loss': 1.2883940911168121, 'stopping': 'practical plateau; no update ceiling'}
cable_residual {'update': 29, 'best_loss': 1.2883940911168121, 'stopping': 'practical plateau; no update ceiling'}
cable_residual {'update': 30, 'best_loss': 1.2883940911168121, 'stopping': 'practical plateau; no update ceiling'}
cable_residual {'update': 31, 'best_loss': 1.276583544265494, 'stopping': 'practical plateau; no update ceiling'}
cable_residual {'update': 32, 'best_loss': 1.276583544265494, 'stopping': 'practical plateau; no update ceiling'}
cable_residual {'update': 33, 'best_loss': 1.276583544265494, 'stopping': 'practical plateau; no update ceiling'}
cable_residual {'update': 34, 'best_loss': 1.276583544265494, 'stopping': 'practical plateau; no update ceiling'}
cable_residual {'update': 35, 'best_loss': 1.276583544265494, 'stopping': 'practical plateau; no update ceiling'}
cable_residual {'update': 36, 'best_loss': 1.2706174411342095, 'stopping': 'practical plateau; no update ceiling'}
cable_residual {'update': 37, 'best_loss': 1.2706174411342095, 'stopping': 'practical plateau; no update ceiling'}
cable_residual {'update': 38, 'best_loss': 1.2706174411342095, 'stopping': 'practical plateau; no update ceiling'}
cable_residual {'update': 39, 'best_loss': 1.2706174411342095, 'stopping': 'practical plateau; no update ceiling'}
cable_residual {'update': 40, 'best_loss': 1.2706174411342095, 'stopping': 'practical plateau; no update ceiling'}
cable_residual {'update': 41, 'best_loss': 1.2706174411342095, 'stopping': 'practical plateau; no update ceiling'}
cable_residual {'update': 42, 'best_loss': 1.2706174411342095, 'stopping': 'practical plateau; no update ceiling'}
cable_residual {'update': 43, 'best_loss': 1.2706174411342095, 'stopping': 'practical plateau; no update ceiling'}
cable_residual {'update': 44, 'best_loss': 1.2706174411342095, 'stopping': 'practical plateau; no update ceiling'}
cable_residual {'update': 45, 'best_loss': 1.2706174411342095, 'stopping': 'practical plateau; no update ceiling'}
cable_residual {'update': 46, 'best_loss': 1.2698156091650448, 'stopping': 'practical plateau; no update ceiling'}
cable_residual {'update': 47, 'best_loss': 1.2698156091650448, 'stopping': 'practical plateau; no update ceiling'}
cable_residual {'update': 48, 'best_loss': 1.2698156091650448, 'stopping': 'practical plateau; no update ceiling'}
cable_residual {'update': 49, 'best_loss': 1.2698156091650448, 'stopping': 'practical plateau; no update ceiling'}
cable_residual {'update': 50, 'best_loss': 1.2698156091650448, 'stopping': 'practical plateau; no update ceiling'}
cable_residual {'update': 51, 'best_loss': 1.2618328317236365, 'stopping': 'practical plateau; no update ceiling'}
cable_residual {'update': 52, 'best_loss': 1.2618328317236365, 'stopping': 'practical plateau; no update ceiling'}
cable_residual {'update': 53, 'best_loss': 1.2618328317236365, 'stopping': 'practical plateau; no update ceiling'}
cable_residual {'update': 54, 'best_loss': 1.2618328317236365, 'stopping': 'practical plateau; no update ceiling'}
cable_residual {'update': 55, 'best_loss': 1.2618328317236365, 'stopping': 'practical plateau; no update ceiling'}
cable_residual {'update': 56, 'best_loss': 1.2583330406728221, 'stopping': 'practical plateau; no update ceiling'}
cable_residual {'update': 57, 'best_loss': 1.2583330406728221, 'stopping': 'practical plateau; no update ceiling'}
cable_residual {'update': 58, 'best_loss': 1.2583330406728221, 'stopping': 'practical plateau; no update ceiling'}
cable_residual {'update': 59, 'best_loss': 1.2583330406728221, 'stopping': 'practical plateau; no update ceiling'}
cable_residual {'update': 60, 'best_loss': 1.2583330406728221, 'stopping': 'practical plateau; no update ceiling'}
cable_residual {'update': 61, 'best_loss': 1.256467709686033, 'stopping': 'practical plateau; no update ceiling'}
cable_residual {'update': 62, 'best_loss': 1.256467709686033, 'stopping': 'practical plateau; no update ceiling'}
cable_residual {'update': 63, 'best_loss': 1.256467709686033, 'stopping': 'practical plateau; no update ceiling'}
cable_residual {'update': 64, 'best_loss': 1.256467709686033, 'stopping': 'practical plateau; no update ceiling'}
cable_residual {'update': 65, 'best_loss': 1.256467709686033, 'stopping': 'practical plateau; no update ceiling'}
cable_residual {'update': 66, 'best_loss': 1.2534045118181278, 'stopping': 'practical plateau; no update ceiling'}
cable_residual {'update': 67, 'best_loss': 1.2534045118181278, 'stopping': 'practical plateau; no update ceiling'}
cable_residual {'update': 68, 'best_loss': 1.2534045118181278, 'stopping': 'practical plateau; no update ceiling'}
cable_residual {'update': 69, 'best_loss': 1.2534045118181278, 'stopping': 'practical plateau; no update ceiling'}
cable_residual {'update': 70, 'best_loss': 1.2534045118181278, 'stopping': 'practical plateau; no update ceiling'}
cable_residual {'update': 71, 'best_loss': 1.2475993889361188, 'stopping': 'practical plateau; no update ceiling'}
cable_residual {'update': 72, 'best_loss': 1.2475993889361188, 'stopping': 'practical plateau; no update ceiling'}
cable_residual {'update': 73, 'best_loss': 1.2475993889361188, 'stopping': 'practical plateau; no update ceiling'}
cable_residual {'update': 74, 'best_loss': 1.2475993889361188, 'stopping': 'practical plateau; no update ceiling'}
cable_residual {'update': 75, 'best_loss': 1.2475993889361188, 'stopping': 'practical plateau; no update ceiling'}
cable_residual {'update': 76, 'best_loss': 1.2429290665161603, 'stopping': 'practical plateau; no update ceiling'}
cable_residual {'update': 77, 'best_loss': 1.2429290665161603, 'stopping': 'practical plateau; no update ceiling'}
cable_residual {'update': 78, 'best_loss': 1.2429290665161603, 'stopping': 'practical plateau; no update ceiling'}
cable_residual {'update': 79, 'best_loss': 1.2429290665161603, 'stopping': 'practical plateau; no update ceiling'}
cable_residual {'update': 80, 'best_loss': 1.2429290665161603, 'stopping': 'practical plateau; no update ceiling'}
cable_residual {'update': 81, 'best_loss': 1.235848928250988, 'stopping': 'practical plateau; no update ceiling'}
cable_residual {'update': 82, 'best_loss': 1.235848928250988, 'stopping': 'practical plateau; no update ceiling'}
cable_residual {'update': 83, 'best_loss': 1.235848928250988, 'stopping': 'practical plateau; no update ceiling'}
cable_residual {'update': 84, 'best_loss': 1.235848928250988, 'stopping': 'practical plateau; no update ceiling'}
cable_residual {'update': 85, 'best_loss': 1.235848928250988, 'stopping': 'practical plateau; no update ceiling'}
cable_residual {'update': 86, 'best_loss': 1.2283490289853989, 'stopping': 'practical plateau; no update ceiling'}
cable_residual {'update': 87, 'best_loss': 1.2283490289853989, 'stopping': 'practical plateau; no update ceiling'}
cable_residual {'update': 88, 'best_loss': 1.2283490289853989, 'stopping': 'practical plateau; no update ceiling'}
cable_residual {'update': 89, 'best_loss': 1.2283490289853989, 'stopping': 'practical plateau; no update ceiling'}
cable_residual {'update': 90, 'best_loss': 1.2283490289853989, 'stopping': 'practical plateau; no update ceiling'}
cable_residual {'update': 91, 'best_loss': 1.2255198619894696, 'stopping': 'practical plateau; no update ceiling'}
cable_residual {'update': 92, 'best_loss': 1.2255198619894696, 'stopping': 'practical plateau; no update ceiling'}
cable_residual {'update': 93, 'best_loss': 1.2255198619894696, 'stopping': 'practical plateau; no update ceiling'}
cable_residual {'update': 94, 'best_loss': 1.2255198619894696, 'stopping': 'practical plateau; no update ceiling'}
cable_residual {'update': 95, 'best_loss': 1.2255198619894696, 'stopping': 'practical plateau; no update ceiling'}
cable_residual {'update': 96, 'best_loss': 1.223338344771796, 'stopping': 'practical plateau; no update ceiling'}
cable_residual {'update': 97, 'best_loss': 1.223338344771796, 'stopping': 'practical plateau; no update ceiling'}
cable_residual {'update': 98, 'best_loss': 1.223338344771796, 'stopping': 'practical plateau; no update ceiling'}
cable_residual {'update': 99, 'best_loss': 1.223338344771796, 'stopping': 'practical plateau; no update ceiling'}
cable_residual {'update': 100, 'best_loss': 1.223338344771796, 'stopping': 'practical plateau; no update ceiling'}
cable_residual {'update': 101, 'best_loss': 1.223338344771796, 'stopping': 'practical plateau; no update ceiling'}
cable_residual {'update': 102, 'best_loss': 1.223338344771796, 'stopping': 'practical plateau; no update ceiling'}
cable_residual {'update': 103, 'best_loss': 1.223338344771796, 'stopping': 'practical plateau; no update ceiling'}
cable_residual {'update': 104, 'best_loss': 1.223338344771796, 'stopping': 'practical plateau; no update ceiling'}
cable_residual {'update': 105, 'best_loss': 1.223338344771796, 'stopping': 'practical plateau; no update ceiling'}
cable_residual {'update': 106, 'best_loss': 1.223338344771796, 'stopping': 'practical plateau; no update ceiling'}
cable_residual {'update': 107, 'best_loss': 1.223338344771796, 'stopping': 'practical plateau; no update ceiling'}
cable_residual {'update': 108, 'best_loss': 1.223338344771796, 'stopping': 'practical plateau; no update ceiling'}
cable_residual {'update': 109, 'best_loss': 1.223338344771796, 'stopping': 'practical plateau; no update ceiling'}
cable_residual {'update': 110, 'best_loss': 1.223338344771796, 'stopping': 'practical plateau; no update ceiling'}
cable_residual {'update': 111, 'best_loss': 1.223338344771796, 'stopping': 'practical plateau; no update ceiling'}
cable_residual {'update': 112, 'best_loss': 1.223338344771796, 'stopping': 'practical plateau; no update ceiling'}
cable_residual {'update': 113, 'best_loss': 1.223338344771796, 'stopping': 'practical plateau; no update ceiling'}
cable_residual {'update': 114, 'best_loss': 1.223338344771796, 'stopping': 'practical plateau; no update ceiling'}
cable_residual {'update': 115, 'best_loss': 1.223338344771796, 'stopping': 'practical plateau; no update ceiling'}
cable_residual {'update': 116, 'best_loss': 1.2147501204409292, 'stopping': 'practical plateau; no update ceiling'}
cable_residual {'update': 117, 'best_loss': 1.2147501204409292, 'stopping': 'practical plateau; no update ceiling'}
cable_residual {'update': 118, 'best_loss': 1.2147501204409292, 'stopping': 'practical plateau; no update ceiling'}
cable_residual {'update': 119, 'best_loss': 1.2147501204409292, 'stopping': 'practical plateau; no update ceiling'}
cable_residual {'update': 120, 'best_loss': 1.2147501204409292, 'stopping': 'practical plateau; no update ceiling'}
cable_residual {'update': 121, 'best_loss': 1.214198790057593, 'stopping': 'practical plateau; no update ceiling'}
cable_residual {'update': 122, 'best_loss': 1.214198790057593, 'stopping': 'practical plateau; no update ceiling'}
cable_residual {'update': 123, 'best_loss': 1.214198790057593, 'stopping': 'practical plateau; no update ceiling'}
cable_residual {'update': 124, 'best_loss': 1.214198790057593, 'stopping': 'practical plateau; no update ceiling'}
cable_residual {'update': 125, 'best_loss': 1.214198790057593, 'stopping': 'practical plateau; no update ceiling'}
cable_residual {'update': 126, 'best_loss': 1.2079746954417783, 'stopping': 'practical plateau; no update ceiling'}
cable_residual {'update': 127, 'best_loss': 1.2079746954417783, 'stopping': 'practical plateau; no update ceiling'}
cable_residual {'update': 128, 'best_loss': 1.2079746954417783, 'stopping': 'practical plateau; no update ceiling'}
cable_residual {'update': 129, 'best_loss': 1.2079746954417783, 'stopping': 'practical plateau; no update ceiling'}
cable_residual {'update': 130, 'best_loss': 1.2079746954417783, 'stopping': 'practical plateau; no update ceiling'}
cable_residual {'update': 131, 'best_loss': 1.2022279721619542, 'stopping': 'practical plateau; no update ceiling'}
cable_residual {'update': 132, 'best_loss': 1.2022279721619542, 'stopping': 'practical plateau; no update ceiling'}
cable_residual {'update': 133, 'best_loss': 1.2022279721619542, 'stopping': 'practical plateau; no update ceiling'}
cable_residual {'update': 134, 'best_loss': 1.2022279721619542, 'stopping': 'practical plateau; no update ceiling'}
cable_residual {'update': 135, 'best_loss': 1.2022279721619542, 'stopping': 'practical plateau; no update ceiling'}
cable_residual {'update': 136, 'best_loss': 1.1955009681142001, 'stopping': 'practical plateau; no update ceiling'}
cable_residual {'update': 137, 'best_loss': 1.1955009681142001, 'stopping': 'practical plateau; no update ceiling'}
cable_residual {'update': 138, 'best_loss': 1.1955009681142001, 'stopping': 'practical plateau; no update ceiling'}
cable_residual {'update': 139, 'best_loss': 1.1955009681142001, 'stopping': 'practical plateau; no update ceiling'}
cable_residual {'update': 140, 'best_loss': 1.1955009681142001, 'stopping': 'practical plateau; no update ceiling'}
cable_residual {'update': 141, 'best_loss': 1.1890810280626924, 'stopping': 'practical plateau; no update ceiling'}
cable_residual {'update': 142, 'best_loss': 1.1890810280626924, 'stopping': 'practical plateau; no update ceiling'}
cable_residual {'update': 143, 'best_loss': 1.1890810280626924, 'stopping': 'practical plateau; no update ceiling'}
cable_residual {'update': 144, 'best_loss': 1.1890810280626924, 'stopping': 'practical plateau; no update ceiling'}
cable_residual {'update': 145, 'best_loss': 1.1890810280626924, 'stopping': 'practical plateau; no update ceiling'}
cable_residual {'update': 146, 'best_loss': 1.1861306884991023, 'stopping': 'practical plateau; no update ceiling'}
cable_residual {'update': 147, 'best_loss': 1.1861306884991023, 'stopping': 'practical plateau; no update ceiling'}
cable_residual {'update': 148, 'best_loss': 1.1861306884991023, 'stopping': 'practical plateau; no update ceiling'}
cable_residual {'update': 149, 'best_loss': 1.1861306884991023, 'stopping': 'practical plateau; no update ceiling'}
cable_residual {'update': 150, 'best_loss': 1.1861306884991023, 'stopping': 'practical plateau; no update ceiling'}
cable_residual {'update': 151, 'best_loss': 1.180727402752768, 'stopping': 'practical plateau; no update ceiling'}
cable_residual {'update': 152, 'best_loss': 1.180727402752768, 'stopping': 'practical plateau; no update ceiling'}
cable_residual {'update': 153, 'best_loss': 1.180727402752768, 'stopping': 'practical plateau; no update ceiling'}
cable_residual {'update': 154, 'best_loss': 1.180727402752768, 'stopping': 'practical plateau; no update ceiling'}
cable_residual {'update': 155, 'best_loss': 1.180727402752768, 'stopping': 'practical plateau; no update ceiling'}
cable_residual {'update': 156, 'best_loss': 1.1732012312084885, 'stopping': 'practical plateau; no update ceiling'}
cable_residual {'update': 157, 'best_loss': 1.1732012312084885, 'stopping': 'practical plateau; no update ceiling'}
cable_residual {'update': 158, 'best_loss': 1.1732012312084885, 'stopping': 'practical plateau; no update ceiling'}
cable_residual {'update': 159, 'best_loss': 1.1732012312084885, 'stopping': 'practical plateau; no update ceiling'}
cable_residual {'update': 160, 'best_loss': 1.1732012312084885, 'stopping': 'practical plateau; no update ceiling'}
cable_residual {'update': 161, 'best_loss': 1.1705840599104314, 'stopping': 'practical plateau; no update ceiling'}
cable_residual {'update': 162, 'best_loss': 1.1705840599104314, 'stopping': 'practical plateau; no update ceiling'}
cable_residual {'update': 163, 'best_loss': 1.1705840599104314, 'stopping': 'practical plateau; no update ceiling'}
cable_residual {'update': 164, 'best_loss': 1.1705840599104314, 'stopping': 'practical plateau; no update ceiling'}
cable_residual {'update': 165, 'best_loss': 1.1705840599104314, 'stopping': 'practical plateau; no update ceiling'}
cable_residual {'update': 166, 'best_loss': 1.1705840599104314, 'stopping': 'practical plateau; no update ceiling'}
cable_residual {'update': 167, 'best_loss': 1.1705840599104314, 'stopping': 'practical plateau; no update ceiling'}
cable_residual {'update': 168, 'best_loss': 1.1705840599104314, 'stopping': 'practical plateau; no update ceiling'}
cable_residual {'update': 169, 'best_loss': 1.1705840599104314, 'stopping': 'practical plateau; no update ceiling'}
cable_residual {'update': 170, 'best_loss': 1.1705840599104314, 'stopping': 'practical plateau; no update ceiling'}
cable_residual {'update': 171, 'best_loss': 1.1705840599104314, 'stopping': 'practical plateau; no update ceiling'}
cable_residual {'update': 172, 'best_loss': 1.1705840599104314, 'stopping': 'practical plateau; no update ceiling'}
cable_residual {'update': 173, 'best_loss': 1.1705840599104314, 'stopping': 'practical plateau; no update ceiling'}
cable_residual {'update': 174, 'best_loss': 1.1705840599104314, 'stopping': 'practical plateau; no update ceiling'}
cable_residual {'update': 175, 'best_loss': 1.1705840599104314, 'stopping': 'practical plateau; no update ceiling'}
cable_residual {'update': 176, 'best_loss': 1.1575741032252629, 'stopping': 'practical plateau; no update ceiling'}
cable_residual {'update': 177, 'best_loss': 1.1575741032252629, 'stopping': 'practical plateau; no update ceiling'}
cable_residual {'update': 178, 'best_loss': 1.1575741032252629, 'stopping': 'practical plateau; no update ceiling'}
cable_residual {'update': 179, 'best_loss': 1.1575741032252629, 'stopping': 'practical plateau; no update ceiling'}
cable_residual {'update': 180, 'best_loss': 1.1575741032252629, 'stopping': 'practical plateau; no update ceiling'}
cable_residual {'update': 181, 'best_loss': 1.1535487040459715, 'stopping': 'practical plateau; no update ceiling'}
cable_residual {'update': 182, 'best_loss': 1.1535487040459715, 'stopping': 'practical plateau; no update ceiling'}
cable_residual {'update': 183, 'best_loss': 1.1535487040459715, 'stopping': 'practical plateau; no update ceiling'}
cable_residual {'update': 184, 'best_loss': 1.1535487040459715, 'stopping': 'practical plateau; no update ceiling'}
cable_residual {'update': 185, 'best_loss': 1.1535487040459715, 'stopping': 'practical plateau; no update ceiling'}
cable_residual {'update': 186, 'best_loss': 1.1535487040459715, 'stopping': 'practical plateau; no update ceiling'}
cable_residual {'update': 187, 'best_loss': 1.1535487040459715, 'stopping': 'practical plateau; no update ceiling'}
cable_residual {'update': 188, 'best_loss': 1.1535487040459715, 'stopping': 'practical plateau; no update ceiling'}
cable_residual {'update': 189, 'best_loss': 1.1535487040459715, 'stopping': 'practical plateau; no update ceiling'}
cable_residual {'update': 190, 'best_loss': 1.1535487040459715, 'stopping': 'practical plateau; no update ceiling'}
cable_residual {'update': 191, 'best_loss': 1.1535487040459715, 'stopping': 'practical plateau; no update ceiling'}
cable_residual {'update': 192, 'best_loss': 1.1535487040459715, 'stopping': 'practical plateau; no update ceiling'}
cable_residual {'update': 193, 'best_loss': 1.1535487040459715, 'stopping': 'practical plateau; no update ceiling'}
cable_residual {'update': 194, 'best_loss': 1.1535487040459715, 'stopping': 'practical plateau; no update ceiling'}
cable_residual {'update': 195, 'best_loss': 1.1535487040459715, 'stopping': 'practical plateau; no update ceiling'}
cable_residual {'update': 196, 'best_loss': 1.1503125636415876, 'stopping': 'practical plateau; no update ceiling'}
cable_residual {'update': 197, 'best_loss': 1.1503125636415876, 'stopping': 'practical plateau; no update ceiling'}
cable_residual {'update': 198, 'best_loss': 1.1503125636415876, 'stopping': 'practical plateau; no update ceiling'}
cable_residual {'update': 199, 'best_loss': 1.1503125636415876, 'stopping': 'practical plateau; no update ceiling'}
cable_residual {'update': 200, 'best_loss': 1.1503125636415876, 'stopping': 'practical plateau; no update ceiling'}
cable_residual {'update': 201, 'best_loss': 1.1437834114206062, 'stopping': 'practical plateau; no update ceiling'}
cable_residual {'update': 202, 'best_loss': 1.1437834114206062, 'stopping': 'practical plateau; no update ceiling'}
cable_residual {'update': 203, 'best_loss': 1.1437834114206062, 'stopping': 'practical plateau; no update ceiling'}
cable_residual {'update': 204, 'best_loss': 1.1437834114206062, 'stopping': 'practical plateau; no update ceiling'}
cable_residual {'update': 205, 'best_loss': 1.1437834114206062, 'stopping': 'practical plateau; no update ceiling'}
cable_residual {'update': 206, 'best_loss': 1.1437834114206062, 'stopping': 'practical plateau; no update ceiling'}
cable_residual {'update': 207, 'best_loss': 1.1437834114206062, 'stopping': 'practical plateau; no update ceiling'}
cable_residual {'update': 208, 'best_loss': 1.1437834114206062, 'stopping': 'practical plateau; no update ceiling'}
cable_residual {'update': 209, 'best_loss': 1.1437834114206062, 'stopping': 'practical plateau; no update ceiling'}
cable_residual {'update': 210, 'best_loss': 1.1437834114206062, 'stopping': 'practical plateau; no update ceiling'}
cable_residual {'update': 211, 'best_loss': 1.1437834114206062, 'stopping': 'practical plateau; no update ceiling'}
cable_residual {'update': 212, 'best_loss': 1.1437834114206062, 'stopping': 'practical plateau; no update ceiling'}
cable_residual {'update': 213, 'best_loss': 1.1437834114206062, 'stopping': 'practical plateau; no update ceiling'}
cable_residual {'update': 214, 'best_loss': 1.1437834114206062, 'stopping': 'practical plateau; no update ceiling'}
cable_residual {'update': 215, 'best_loss': 1.1437834114206062, 'stopping': 'practical plateau; no update ceiling'}
cable_residual {'update': 216, 'best_loss': 1.136394459451436, 'stopping': 'practical plateau; no update ceiling'}
cable_residual {'update': 217, 'best_loss': 1.136394459451436, 'stopping': 'practical plateau; no update ceiling'}
cable_residual {'update': 218, 'best_loss': 1.136394459451436, 'stopping': 'practical plateau; no update ceiling'}
cable_residual {'update': 219, 'best_loss': 1.136394459451436, 'stopping': 'practical plateau; no update ceiling'}
cable_residual {'update': 220, 'best_loss': 1.136394459451436, 'stopping': 'practical plateau; no update ceiling'}
cable_residual {'update': 221, 'best_loss': 1.136394459451436, 'stopping': 'practical plateau; no update ceiling'}
cable_residual {'update': 222, 'best_loss': 1.136394459451436, 'stopping': 'practical plateau; no update ceiling'}
cable_residual {'update': 223, 'best_loss': 1.136394459451436, 'stopping': 'practical plateau; no update ceiling'}
cable_residual {'update': 224, 'best_loss': 1.136394459451436, 'stopping': 'practical plateau; no update ceiling'}
cable_residual {'update': 225, 'best_loss': 1.136394459451436, 'stopping': 'practical plateau; no update ceiling'}
cable_residual {'update': 226, 'best_loss': 1.136394459451436, 'stopping': 'practical plateau; no update ceiling'}
cable_residual {'update': 227, 'best_loss': 1.136394459451436, 'stopping': 'practical plateau; no update ceiling'}
cable_residual {'update': 228, 'best_loss': 1.136394459451436, 'stopping': 'practical plateau; no update ceiling'}
cable_residual {'update': 229, 'best_loss': 1.136394459451436, 'stopping': 'practical plateau; no update ceiling'}
cable_residual {'update': 230, 'best_loss': 1.136394459451436, 'stopping': 'practical plateau; no update ceiling'}
cable_residual {'update': 231, 'best_loss': 1.136394459451436, 'stopping': 'practical plateau; no update ceiling'}
cable_residual {'update': 232, 'best_loss': 1.136394459451436, 'stopping': 'practical plateau; no update ceiling'}
cable_residual {'update': 233, 'best_loss': 1.136394459451436, 'stopping': 'practical plateau; no update ceiling'}
cable_residual {'update': 234, 'best_loss': 1.136394459451436, 'stopping': 'practical plateau; no update ceiling'}
cable_residual {'update': 235, 'best_loss': 1.136394459451436, 'stopping': 'practical plateau; no update ceiling'}
cable_residual {'update': 236, 'best_loss': 1.1359380493558708, 'stopping': 'practical plateau; no update ceiling'}
cable_residual {'update': 237, 'best_loss': 1.1359380493558708, 'stopping': 'practical plateau; no update ceiling'}
cable_residual {'update': 238, 'best_loss': 1.1359380493558708, 'stopping': 'practical plateau; no update ceiling'}
cable_residual {'update': 239, 'best_loss': 1.1359380493558708, 'stopping': 'practical plateau; no update ceiling'}
cable_residual {'update': 240, 'best_loss': 1.1359380493558708, 'stopping': 'practical plateau; no update ceiling'}
cable_residual {'update': 241, 'best_loss': 1.1342161036767933, 'stopping': 'practical plateau; no update ceiling'}
cable_residual {'update': 242, 'best_loss': 1.1342161036767933, 'stopping': 'practical plateau; no update ceiling'}
cable_residual {'update': 243, 'best_loss': 1.1342161036767933, 'stopping': 'practical plateau; no update ceiling'}
cable_residual {'update': 244, 'best_loss': 1.1342161036767933, 'stopping': 'practical plateau; no update ceiling'}
cable_residual {'update': 245, 'best_loss': 1.1342161036767933, 'stopping': 'practical plateau; no update ceiling'}
