episodes=2048/2000000 batch_success=0.000% total_success=0.000% endpoint_success=0.049% episodes_per_second=109.78
episodes=4096/2000000 batch_success=0.000% total_success=0.000% endpoint_success=0.024% episodes_per_second=147.74
episodes=6144/2000000 batch_success=0.000% total_success=0.000% endpoint_success=0.033% episodes_per_second=163.60
episodes=8192/2000000 batch_success=0.000% total_success=0.000% endpoint_success=0.024% episodes_per_second=172.69
episodes=10240/2000000 batch_success=0.000% total_success=0.000% endpoint_success=0.029% episodes_per_second=180.86
validation_episodes=10240 success=0/64
episodes=12288/2000000 batch_success=0.000% total_success=0.000% endpoint_success=0.024% episodes_per_second=164.36
episodes=14336/2000000 batch_success=0.000% total_success=0.000% endpoint_success=0.028% episodes_per_second=171.27
episodes=16384/2000000 batch_success=0.098% total_success=0.012% endpoint_success=0.037% episodes_per_second=176.51
episodes=18432/2000000 batch_success=0.000% total_success=0.011% endpoint_success=0.038% episodes_per_second=180.80
episodes=20480/2000000 batch_success=0.000% total_success=0.010% endpoint_success=0.034% episodes_per_second=184.36
validation_episodes=20480 success=0/64
episodes=22528/2000000 batch_success=0.000% total_success=0.009% endpoint_success=0.031% episodes_per_second=174.92
episodes=24576/2000000 batch_success=0.000% total_success=0.008% endpoint_success=0.028% episodes_per_second=178.75
episodes=26624/2000000 batch_success=0.049% total_success=0.011% endpoint_success=0.030% episodes_per_second=182.06
episodes=28672/2000000 batch_success=0.000% total_success=0.010% endpoint_success=0.028% episodes_per_second=185.10
episodes=30720/2000000 batch_success=0.000% total_success=0.010% endpoint_success=0.026% episodes_per_second=187.33
validation_episodes=30720 success=0/64
episodes=32768/2000000 batch_success=0.000% total_success=0.009% endpoint_success=0.024% episodes_per_second=180.07
episodes=34816/2000000 batch_success=0.000% total_success=0.009% endpoint_success=0.023% episodes_per_second=182.36
episodes=36864/2000000 batch_success=0.000% total_success=0.008% endpoint_success=0.022% episodes_per_second=184.51
episodes=38912/2000000 batch_success=0.000% total_success=0.008% endpoint_success=0.021% episodes_per_second=186.49
episodes=40960/2000000 batch_success=0.000% total_success=0.007% endpoint_success=0.020% episodes_per_second=188.35
validation_episodes=40960 success=0/64
episodes=43008/2000000 batch_success=0.000% total_success=0.007% endpoint_success=0.019% episodes_per_second=182.98
episodes=45056/2000000 batch_success=0.000% total_success=0.007% endpoint_success=0.018% episodes_per_second=184.66
episodes=47104/2000000 batch_success=0.000% total_success=0.006% endpoint_success=0.017% episodes_per_second=186.24
episodes=49152/2000000 batch_success=0.000% total_success=0.006% endpoint_success=0.016% episodes_per_second=187.81
episodes=51200/2000000 batch_success=0.000% total_success=0.006% endpoint_success=0.016% episodes_per_second=189.08
validation_episodes=51200 success=0/64
episodes=53248/2000000 batch_success=0.000% total_success=0.006% endpoint_success=0.015% episodes_per_second=184.55
episodes=55296/2000000 batch_success=0.000% total_success=0.005% endpoint_success=0.014% episodes_per_second=185.80
episodes=57344/2000000 batch_success=0.000% total_success=0.005% endpoint_success=0.014% episodes_per_second=186.95
episodes=59392/2000000 batch_success=0.000% total_success=0.005% endpoint_success=0.013% episodes_per_second=188.06
episodes=61440/2000000 batch_success=0.000% total_success=0.005% endpoint_success=0.013% episodes_per_second=189.20
validation_episodes=61440 success=0/64
episodes=63488/2000000 batch_success=0.000% total_success=0.005% endpoint_success=0.013% episodes_per_second=185.34
episodes=65536/2000000 batch_success=0.000% total_success=0.005% endpoint_success=0.012% episodes_per_second=186.47
episodes=67584/2000000 batch_success=0.000% total_success=0.004% endpoint_success=0.012% episodes_per_second=187.41
episodes=69632/2000000 batch_success=0.000% total_success=0.004% endpoint_success=0.011% episodes_per_second=188.28
episodes=71680/2000000 batch_success=0.000% total_success=0.004% endpoint_success=0.011% episodes_per_second=189.13
validation_episodes=71680 success=0/64
episodes=73728/2000000 batch_success=0.000% total_success=0.004% endpoint_success=0.011% episodes_per_second=185.91
episodes=75776/2000000 batch_success=0.000% total_success=0.004% endpoint_success=0.011% episodes_per_second=186.91
episodes=77824/2000000 batch_success=0.000% total_success=0.004% endpoint_success=0.010% episodes_per_second=187.86
episodes=79872/2000000 batch_success=0.000% total_success=0.004% endpoint_success=0.010% episodes_per_second=188.62
episodes=81920/2000000 batch_success=0.000% total_success=0.004% endpoint_success=0.010% episodes_per_second=189.51
validation_episodes=81920 success=0/64
episodes=83968/2000000 batch_success=0.000% total_success=0.004% endpoint_success=0.010% episodes_per_second=186.63
episodes=86016/2000000 batch_success=0.000% total_success=0.003% endpoint_success=0.009% episodes_per_second=187.43
episodes=88064/2000000 batch_success=0.000% total_success=0.003% endpoint_success=0.009% episodes_per_second=188.20
episodes=90112/2000000 batch_success=0.000% total_success=0.003% endpoint_success=0.009% episodes_per_second=189.01
episodes=92160/2000000 batch_success=0.000% total_success=0.003% endpoint_success=0.009% episodes_per_second=189.71
validation_episodes=92160 success=0/64
episodes=94208/2000000 batch_success=0.000% total_success=0.003% endpoint_success=0.008% episodes_per_second=187.13
episodes=96256/2000000 batch_success=0.000% total_success=0.003% endpoint_success=0.008% episodes_per_second=187.89
episodes=98304/2000000 batch_success=0.000% total_success=0.003% endpoint_success=0.008% episodes_per_second=188.55
episodes=100352/2000000 batch_success=0.000% total_success=0.003% endpoint_success=0.008% episodes_per_second=189.29
episodes=102400/2000000 batch_success=0.000% total_success=0.003% endpoint_success=0.008% episodes_per_second=189.92
validation_episodes=102400 success=0/64
episodes=104448/2000000 batch_success=0.000% total_success=0.003% endpoint_success=0.008% episodes_per_second=187.49
episodes=106496/2000000 batch_success=0.000% total_success=0.003% endpoint_success=0.008% episodes_per_second=188.12
episodes=108544/2000000 batch_success=0.000% total_success=0.003% endpoint_success=0.007% episodes_per_second=188.71
episodes=110592/2000000 batch_success=0.000% total_success=0.003% endpoint_success=0.007% episodes_per_second=189.40
episodes=112640/2000000 batch_success=0.000% total_success=0.003% endpoint_success=0.007% episodes_per_second=190.03
validation_episodes=112640 success=0/64
episodes=114688/2000000 batch_success=0.000% total_success=0.003% endpoint_success=0.007% episodes_per_second=187.87
episodes=116736/2000000 batch_success=0.000% total_success=0.003% endpoint_success=0.007% episodes_per_second=188.44
episodes=118784/2000000 batch_success=0.000% total_success=0.003% endpoint_success=0.007% episodes_per_second=188.99
episodes=120832/2000000 batch_success=0.000% total_success=0.002% endpoint_success=0.007% episodes_per_second=189.56
episodes=122880/2000000 batch_success=0.000% total_success=0.002% endpoint_success=0.007% episodes_per_second=190.08
validation_episodes=122880 success=0/64
episodes=124928/2000000 batch_success=0.000% total_success=0.002% endpoint_success=0.006% episodes_per_second=188.04
episodes=126976/2000000 batch_success=0.000% total_success=0.002% endpoint_success=0.006% episodes_per_second=188.57
episodes=129024/2000000 batch_success=0.000% total_success=0.002% endpoint_success=0.006% episodes_per_second=189.06
episodes=131072/2000000 batch_success=0.000% total_success=0.002% endpoint_success=0.006% episodes_per_second=189.54
episodes=133120/2000000 batch_success=0.000% total_success=0.002% endpoint_success=0.006% episodes_per_second=189.99
validation_episodes=133120 success=0/64
episodes=135168/2000000 batch_success=0.000% total_success=0.002% endpoint_success=0.006% episodes_per_second=188.11
episodes=137216/2000000 batch_success=0.000% total_success=0.002% endpoint_success=0.006% episodes_per_second=188.69
episodes=139264/2000000 batch_success=0.000% total_success=0.002% endpoint_success=0.006% episodes_per_second=189.18
episodes=141312/2000000 batch_success=0.000% total_success=0.002% endpoint_success=0.006% episodes_per_second=189.64
episodes=143360/2000000 batch_success=0.000% total_success=0.002% endpoint_success=0.006% episodes_per_second=190.08
validation_episodes=143360 success=0/64
episodes=145408/2000000 batch_success=0.000% total_success=0.002% endpoint_success=0.006% episodes_per_second=188.34
episodes=147456/2000000 batch_success=0.000% total_success=0.002% endpoint_success=0.005% episodes_per_second=188.82
episodes=149504/2000000 batch_success=0.000% total_success=0.002% endpoint_success=0.005% episodes_per_second=189.37
episodes=151552/2000000 batch_success=0.000% total_success=0.002% endpoint_success=0.005% episodes_per_second=189.91
episodes=153600/2000000 batch_success=0.000% total_success=0.002% endpoint_success=0.005% episodes_per_second=190.34
validation_episodes=153600 success=0/64
episodes=155648/2000000 batch_success=0.000% total_success=0.002% endpoint_success=0.005% episodes_per_second=188.76
episodes=157696/2000000 batch_success=0.000% total_success=0.002% endpoint_success=0.005% episodes_per_second=189.15
episodes=159744/2000000 batch_success=0.000% total_success=0.002% endpoint_success=0.005% episodes_per_second=189.59
episodes=161792/2000000 batch_success=0.000% total_success=0.002% endpoint_success=0.005% episodes_per_second=190.00
episodes=163840/2000000 batch_success=0.000% total_success=0.002% endpoint_success=0.005% episodes_per_second=190.45
validation_episodes=163840 success=0/64
episodes=165888/2000000 batch_success=0.000% total_success=0.002% endpoint_success=0.005% episodes_per_second=188.98
episodes=167936/2000000 batch_success=0.000% total_success=0.002% endpoint_success=0.005% episodes_per_second=189.45
episodes=169984/2000000 batch_success=0.000% total_success=0.002% endpoint_success=0.005% episodes_per_second=189.89
episodes=172032/2000000 batch_success=0.000% total_success=0.002% endpoint_success=0.005% episodes_per_second=190.32
episodes=174080/2000000 batch_success=0.000% total_success=0.002% endpoint_success=0.005% episodes_per_second=190.75
validation_episodes=174080 success=0/64
episodes=176128/2000000 batch_success=0.000% total_success=0.002% endpoint_success=0.005% episodes_per_second=189.24
episodes=178176/2000000 batch_success=0.000% total_success=0.002% endpoint_success=0.004% episodes_per_second=189.61
episodes=180224/2000000 batch_success=0.000% total_success=0.002% endpoint_success=0.004% episodes_per_second=190.01
episodes=182272/2000000 batch_success=0.000% total_success=0.002% endpoint_success=0.004% episodes_per_second=190.35
episodes=184320/2000000 batch_success=0.000% total_success=0.002% endpoint_success=0.004% episodes_per_second=190.76
validation_episodes=184320 success=0/64
episodes=186368/2000000 batch_success=0.000% total_success=0.002% endpoint_success=0.004% episodes_per_second=189.44
episodes=188416/2000000 batch_success=0.000% total_success=0.002% endpoint_success=0.004% episodes_per_second=189.82
episodes=190464/2000000 batch_success=0.000% total_success=0.002% endpoint_success=0.004% episodes_per_second=190.17
episodes=192512/2000000 batch_success=0.000% total_success=0.002% endpoint_success=0.004% episodes_per_second=190.57
episodes=194560/2000000 batch_success=0.000% total_success=0.002% endpoint_success=0.004% episodes_per_second=190.96
validation_episodes=194560 success=0/64
episodes=196608/2000000 batch_success=0.000% total_success=0.002% endpoint_success=0.004% episodes_per_second=189.66
episodes=198656/2000000 batch_success=0.000% total_success=0.002% endpoint_success=0.004% episodes_per_second=190.05
episodes=200704/2000000 batch_success=0.000% total_success=0.001% endpoint_success=0.004% episodes_per_second=190.41
episodes=202752/2000000 batch_success=0.000% total_success=0.001% endpoint_success=0.004% episodes_per_second=190.71
episodes=204800/2000000 batch_success=0.000% total_success=0.001% endpoint_success=0.004% episodes_per_second=191.01
validation_episodes=204800 success=0/64
episodes=206848/2000000 batch_success=0.000% total_success=0.001% endpoint_success=0.004% episodes_per_second=189.72
episodes=208896/2000000 batch_success=0.000% total_success=0.001% endpoint_success=0.004% episodes_per_second=190.05
episodes=210944/2000000 batch_success=0.000% total_success=0.001% endpoint_success=0.004% episodes_per_second=190.42
episodes=212992/2000000 batch_success=0.000% total_success=0.001% endpoint_success=0.004% episodes_per_second=190.80
episodes=215040/2000000 batch_success=0.000% total_success=0.001% endpoint_success=0.004% episodes_per_second=191.18
validation_episodes=215040 success=0/64
episodes=217088/2000000 batch_success=0.000% total_success=0.001% endpoint_success=0.004% episodes_per_second=190.00
episodes=219136/2000000 batch_success=0.000% total_success=0.001% endpoint_success=0.004% episodes_per_second=190.35
episodes=221184/2000000 batch_success=0.000% total_success=0.001% endpoint_success=0.004% episodes_per_second=190.68
episodes=223232/2000000 batch_success=0.000% total_success=0.001% endpoint_success=0.004% episodes_per_second=191.04
episodes=225280/2000000 batch_success=0.000% total_success=0.001% endpoint_success=0.004% episodes_per_second=191.31
validation_episodes=225280 success=0/64
episodes=227328/2000000 batch_success=0.000% total_success=0.001% endpoint_success=0.004% episodes_per_second=190.28
episodes=229376/2000000 batch_success=0.000% total_success=0.001% endpoint_success=0.003% episodes_per_second=190.56
episodes=231424/2000000 batch_success=0.000% total_success=0.001% endpoint_success=0.003% episodes_per_second=190.85
episodes=233472/2000000 batch_success=0.000% total_success=0.001% endpoint_success=0.003% episodes_per_second=191.12
episodes=235520/2000000 batch_success=0.000% total_success=0.001% endpoint_success=0.003% episodes_per_second=191.44
validation_episodes=235520 success=0/64
episodes=237568/2000000 batch_success=0.000% total_success=0.001% endpoint_success=0.003% episodes_per_second=190.39
episodes=239616/2000000 batch_success=0.000% total_success=0.001% endpoint_success=0.003% episodes_per_second=190.69
episodes=241664/2000000 batch_success=0.000% total_success=0.001% endpoint_success=0.003% episodes_per_second=191.01
episodes=243712/2000000 batch_success=0.000% total_success=0.001% endpoint_success=0.003% episodes_per_second=191.34
episodes=245760/2000000 batch_success=0.000% total_success=0.001% endpoint_success=0.003% episodes_per_second=191.68
validation_episodes=245760 success=0/64
episodes=247808/2000000 batch_success=0.000% total_success=0.001% endpoint_success=0.003% episodes_per_second=190.65
episodes=249856/2000000 batch_success=0.000% total_success=0.001% endpoint_success=0.003% episodes_per_second=190.96
episodes=251904/2000000 batch_success=0.000% total_success=0.001% endpoint_success=0.003% episodes_per_second=191.27
episodes=253952/2000000 batch_success=0.000% total_success=0.001% endpoint_success=0.003% episodes_per_second=191.56
episodes=256000/2000000 batch_success=0.000% total_success=0.001% endpoint_success=0.003% episodes_per_second=191.77
validation_episodes=256000 success=0/64
episodes=258048/2000000 batch_success=0.000% total_success=0.001% endpoint_success=0.003% episodes_per_second=190.69
episodes=260096/2000000 batch_success=0.000% total_success=0.001% endpoint_success=0.003% episodes_per_second=190.96
episodes=262144/2000000 batch_success=0.000% total_success=0.001% endpoint_success=0.003% episodes_per_second=191.25
episodes=264192/2000000 batch_success=0.000% total_success=0.001% endpoint_success=0.003% episodes_per_second=191.49
episodes=266240/2000000 batch_success=0.000% total_success=0.001% endpoint_success=0.003% episodes_per_second=191.78
validation_episodes=266240 success=0/64
episodes=268288/2000000 batch_success=0.000% total_success=0.001% endpoint_success=0.003% episodes_per_second=190.78
episodes=270336/2000000 batch_success=0.000% total_success=0.001% endpoint_success=0.003% episodes_per_second=191.07
episodes=272384/2000000 batch_success=0.000% total_success=0.001% endpoint_success=0.003% episodes_per_second=191.33
episodes=274432/2000000 batch_success=0.000% total_success=0.001% endpoint_success=0.003% episodes_per_second=191.57
episodes=276480/2000000 batch_success=0.000% total_success=0.001% endpoint_success=0.003% episodes_per_second=191.81
validation_episodes=276480 success=0/64
episodes=278528/2000000 batch_success=0.000% total_success=0.001% endpoint_success=0.003% episodes_per_second=190.89
episodes=280576/2000000 batch_success=0.000% total_success=0.001% endpoint_success=0.003% episodes_per_second=191.16
episodes=282624/2000000 batch_success=0.000% total_success=0.001% endpoint_success=0.003% episodes_per_second=191.43
episodes=284672/2000000 batch_success=0.000% total_success=0.001% endpoint_success=0.003% episodes_per_second=191.70
episodes=286720/2000000 batch_success=0.000% total_success=0.001% endpoint_success=0.003% episodes_per_second=191.97
validation_episodes=286720 success=0/64
episodes=288768/2000000 batch_success=0.000% total_success=0.001% endpoint_success=0.003% episodes_per_second=191.10
episodes=290816/2000000 batch_success=0.000% total_success=0.001% endpoint_success=0.003% episodes_per_second=191.36
episodes=292864/2000000 batch_success=0.000% total_success=0.001% endpoint_success=0.003% episodes_per_second=191.62
episodes=294912/2000000 batch_success=0.000% total_success=0.001% endpoint_success=0.003% episodes_per_second=191.84
episodes=296960/2000000 batch_success=0.000% total_success=0.001% endpoint_success=0.003% episodes_per_second=192.10
validation_episodes=296960 success=0/64
episodes=299008/2000000 batch_success=0.000% total_success=0.001% endpoint_success=0.003% episodes_per_second=191.25
episodes=301056/2000000 batch_success=0.000% total_success=0.001% endpoint_success=0.003% episodes_per_second=191.49
episodes=303104/2000000 batch_success=0.000% total_success=0.001% endpoint_success=0.003% episodes_per_second=191.77
episodes=305152/2000000 batch_success=0.000% total_success=0.001% endpoint_success=0.003% episodes_per_second=192.04
episodes=307200/2000000 batch_success=0.000% total_success=0.001% endpoint_success=0.003% episodes_per_second=192.28
validation_episodes=307200 success=0/64
episodes=309248/2000000 batch_success=0.000% total_success=0.001% endpoint_success=0.003% episodes_per_second=191.47
episodes=311296/2000000 batch_success=0.000% total_success=0.001% endpoint_success=0.003% episodes_per_second=191.69
episodes=313344/2000000 batch_success=0.000% total_success=0.001% endpoint_success=0.003% episodes_per_second=191.92
episodes=315392/2000000 batch_success=0.000% total_success=0.001% endpoint_success=0.003% episodes_per_second=192.11
episodes=317440/2000000 batch_success=0.000% total_success=0.001% endpoint_success=0.003% episodes_per_second=192.30
validation_episodes=317440 success=0/64
episodes=319488/2000000 batch_success=0.000% total_success=0.001% endpoint_success=0.003% episodes_per_second=191.46
episodes=321536/2000000 batch_success=0.000% total_success=0.001% endpoint_success=0.002% episodes_per_second=191.70
episodes=323584/2000000 batch_success=0.000% total_success=0.001% endpoint_success=0.002% episodes_per_second=191.94
episodes=325632/2000000 batch_success=0.000% total_success=0.001% endpoint_success=0.002% episodes_per_second=192.18
episodes=327680/2000000 batch_success=0.000% total_success=0.001% endpoint_success=0.002% episodes_per_second=192.43
validation_episodes=327680 success=0/64
episodes=329728/2000000 batch_success=0.000% total_success=0.001% endpoint_success=0.002% episodes_per_second=191.70
episodes=331776/2000000 batch_success=0.000% total_success=0.001% endpoint_success=0.002% episodes_per_second=191.92
episodes=333824/2000000 batch_success=0.000% total_success=0.001% endpoint_success=0.002% episodes_per_second=192.13
episodes=335872/2000000 batch_success=0.000% total_success=0.001% endpoint_success=0.002% episodes_per_second=192.33
episodes=337920/2000000 batch_success=0.000% total_success=0.001% endpoint_success=0.002% episodes_per_second=192.52
validation_episodes=337920 success=0/64
episodes=339968/2000000 batch_success=0.000% total_success=0.001% endpoint_success=0.002% episodes_per_second=191.77
episodes=342016/2000000 batch_success=0.000% total_success=0.001% endpoint_success=0.002% episodes_per_second=192.01
episodes=344064/2000000 batch_success=0.000% total_success=0.001% endpoint_success=0.002% episodes_per_second=192.25
episodes=346112/2000000 batch_success=0.000% total_success=0.001% endpoint_success=0.002% episodes_per_second=192.47
episodes=348160/2000000 batch_success=0.000% total_success=0.001% endpoint_success=0.002% episodes_per_second=192.68
validation_episodes=348160 success=0/64
episodes=350208/2000000 batch_success=0.000% total_success=0.001% endpoint_success=0.002% episodes_per_second=191.95
episodes=352256/2000000 batch_success=0.000% total_success=0.001% endpoint_success=0.002% episodes_per_second=192.16
episodes=354304/2000000 batch_success=0.000% total_success=0.001% endpoint_success=0.002% episodes_per_second=192.36
episodes=356352/2000000 batch_success=0.000% total_success=0.001% endpoint_success=0.002% episodes_per_second=192.55
episodes=358400/2000000 batch_success=0.000% total_success=0.001% endpoint_success=0.002% episodes_per_second=192.75
validation_episodes=358400 success=0/64
episodes=360448/2000000 batch_success=0.000% total_success=0.001% endpoint_success=0.002% episodes_per_second=192.03
episodes=362496/2000000 batch_success=0.000% total_success=0.001% endpoint_success=0.002% episodes_per_second=192.25
episodes=364544/2000000 batch_success=0.000% total_success=0.001% endpoint_success=0.002% episodes_per_second=192.43
episodes=366592/2000000 batch_success=0.000% total_success=0.001% endpoint_success=0.002% episodes_per_second=192.66
episodes=368640/2000000 batch_success=0.000% total_success=0.001% endpoint_success=0.002% episodes_per_second=192.85
validation_episodes=368640 success=0/64
episodes=370688/2000000 batch_success=0.000% total_success=0.001% endpoint_success=0.002% episodes_per_second=192.19
episodes=372736/2000000 batch_success=0.000% total_success=0.001% endpoint_success=0.002% episodes_per_second=192.37
episodes=374784/2000000 batch_success=0.000% total_success=0.001% endpoint_success=0.002% episodes_per_second=192.55
episodes=376832/2000000 batch_success=0.000% total_success=0.001% endpoint_success=0.002% episodes_per_second=192.75
episodes=378880/2000000 batch_success=0.000% total_success=0.001% endpoint_success=0.002% episodes_per_second=192.94
validation_episodes=378880 success=0/64
episodes=380928/2000000 batch_success=0.000% total_success=0.001% endpoint_success=0.002% episodes_per_second=192.28
episodes=382976/2000000 batch_success=0.000% total_success=0.001% endpoint_success=0.002% episodes_per_second=192.45
episodes=385024/2000000 batch_success=0.000% total_success=0.001% endpoint_success=0.002% episodes_per_second=192.64
episodes=387072/2000000 batch_success=0.000% total_success=0.001% endpoint_success=0.002% episodes_per_second=192.80
episodes=389120/2000000 batch_success=0.000% total_success=0.001% endpoint_success=0.002% episodes_per_second=193.00
validation_episodes=389120 success=0/64
episodes=391168/2000000 batch_success=0.000% total_success=0.001% endpoint_success=0.002% episodes_per_second=192.35
episodes=393216/2000000 batch_success=0.000% total_success=0.001% endpoint_success=0.002% episodes_per_second=192.49
episodes=395264/2000000 batch_success=0.000% total_success=0.001% endpoint_success=0.002% episodes_per_second=192.68
episodes=397312/2000000 batch_success=0.000% total_success=0.001% endpoint_success=0.002% episodes_per_second=192.86
episodes=399360/2000000 batch_success=0.000% total_success=0.001% endpoint_success=0.002% episodes_per_second=193.02
validation_episodes=399360 success=0/64
episodes=401408/2000000 batch_success=0.000% total_success=0.001% endpoint_success=0.002% episodes_per_second=192.30
episodes=403456/2000000 batch_success=0.000% total_success=0.001% endpoint_success=0.002% episodes_per_second=192.38
episodes=405504/2000000 batch_success=0.000% total_success=0.001% endpoint_success=0.002% episodes_per_second=192.54
episodes=407552/2000000 batch_success=0.000% total_success=0.001% endpoint_success=0.002% episodes_per_second=192.65
episodes=409600/2000000 batch_success=0.000% total_success=0.001% endpoint_success=0.002% episodes_per_second=192.81
validation_episodes=409600 success=0/64
episodes=411648/2000000 batch_success=0.000% total_success=0.001% endpoint_success=0.002% episodes_per_second=192.00
episodes=413696/2000000 batch_success=0.000% total_success=0.001% endpoint_success=0.002% episodes_per_second=192.11
episodes=415744/2000000 batch_success=0.000% total_success=0.001% endpoint_success=0.002% episodes_per_second=192.25
episodes=417792/2000000 batch_success=0.000% total_success=0.001% endpoint_success=0.002% episodes_per_second=192.36
episodes=419840/2000000 batch_success=0.000% total_success=0.001% endpoint_success=0.002% episodes_per_second=192.44
validation_episodes=419840 success=0/64
episodes=421888/2000000 batch_success=0.000% total_success=0.001% endpoint_success=0.002% episodes_per_second=191.62
episodes=423936/2000000 batch_success=0.000% total_success=0.001% endpoint_success=0.002% episodes_per_second=191.75
episodes=425984/2000000 batch_success=0.000% total_success=0.001% endpoint_success=0.002% episodes_per_second=191.93
episodes=428032/2000000 batch_success=0.000% total_success=0.001% endpoint_success=0.002% episodes_per_second=192.09
episodes=430080/2000000 batch_success=0.000% total_success=0.001% endpoint_success=0.002% episodes_per_second=192.27
validation_episodes=430080 success=0/64
episodes=432128/2000000 batch_success=0.000% total_success=0.001% endpoint_success=0.002% episodes_per_second=191.65
episodes=434176/2000000 batch_success=0.000% total_success=0.001% endpoint_success=0.002% episodes_per_second=191.82
episodes=436224/2000000 batch_success=0.000% total_success=0.001% endpoint_success=0.002% episodes_per_second=191.99
episodes=438272/2000000 batch_success=0.000% total_success=0.001% endpoint_success=0.002% episodes_per_second=192.12
episodes=440320/2000000 batch_success=0.000% total_success=0.001% endpoint_success=0.002% episodes_per_second=192.29
validation_episodes=440320 success=0/64
episodes=442368/2000000 batch_success=0.000% total_success=0.001% endpoint_success=0.002% episodes_per_second=191.75
episodes=444416/2000000 batch_success=0.000% total_success=0.001% endpoint_success=0.002% episodes_per_second=191.91
episodes=446464/2000000 batch_success=0.000% total_success=0.001% endpoint_success=0.002% episodes_per_second=192.09
episodes=448512/2000000 batch_success=0.000% total_success=0.001% endpoint_success=0.002% episodes_per_second=192.22
episodes=450560/2000000 batch_success=0.000% total_success=0.001% endpoint_success=0.002% episodes_per_second=192.35
validation_episodes=450560 success=0/64
episodes=452608/2000000 batch_success=0.000% total_success=0.001% endpoint_success=0.002% episodes_per_second=191.75
episodes=454656/2000000 batch_success=0.000% total_success=0.001% endpoint_success=0.002% episodes_per_second=191.91
episodes=456704/2000000 batch_success=0.000% total_success=0.001% endpoint_success=0.002% episodes_per_second=192.06
episodes=458752/2000000 batch_success=0.000% total_success=0.001% endpoint_success=0.002% episodes_per_second=192.17
episodes=460800/2000000 batch_success=0.000% total_success=0.001% endpoint_success=0.002% episodes_per_second=192.22
validation_episodes=460800 success=0/64
{
  "status": "STOPPED_BY_USER",
  "episodes": 460800,
  "requested_episodes": 2000000,
  "successes": 3,
  "endpoint_successes": 8,
  "legacy_scientific_successes": 0,
  "success_rate": 6.510416666666667e-06,
  "episodes_per_second": 191.49267578113273,
  "elapsed_s": 2406.3583535000216,
  "latest_durable_checkpoint_episodes": 460800
}
