episodes=124928/2000000 batch_success=0.000% total_success=0.009% endpoint_success=0.012% episodes_per_second=81.08
episodes=126976/2000000 batch_success=0.000% total_success=0.009% endpoint_success=0.012% episodes_per_second=81.74
episodes=129024/2000000 batch_success=0.000% total_success=0.009% endpoint_success=0.012% episodes_per_second=82.37
episodes=131072/2000000 batch_success=0.000% total_success=0.008% endpoint_success=0.011% episodes_per_second=82.98
episodes=133120/2000000 batch_success=0.000% total_success=0.008% endpoint_success=0.011% episodes_per_second=83.56
validation_episodes=133120 success=0/10
episodes=135168/2000000 batch_success=0.000% total_success=0.008% endpoint_success=0.011% episodes_per_second=83.49
episodes=137216/2000000 batch_success=0.000% total_success=0.008% endpoint_success=0.011% episodes_per_second=84.09
episodes=139264/2000000 batch_success=0.000% total_success=0.008% endpoint_success=0.011% episodes_per_second=84.64
episodes=141312/2000000 batch_success=0.000% total_success=0.008% endpoint_success=0.011% episodes_per_second=85.23
episodes=143360/2000000 batch_success=0.000% total_success=0.008% endpoint_success=0.010% episodes_per_second=85.82
validation_episodes=143360 success=0/10
episodes=145408/2000000 batch_success=0.000% total_success=0.008% endpoint_success=0.010% episodes_per_second=85.74
episodes=147456/2000000 batch_success=0.000% total_success=0.007% endpoint_success=0.010% episodes_per_second=86.28
episodes=149504/2000000 batch_success=0.000% total_success=0.007% endpoint_success=0.010% episodes_per_second=86.81
episodes=151552/2000000 batch_success=0.000% total_success=0.007% endpoint_success=0.010% episodes_per_second=87.36
episodes=153600/2000000 batch_success=0.000% total_success=0.007% endpoint_success=0.010% episodes_per_second=87.89
validation_episodes=153600 success=0/10
episodes=155648/2000000 batch_success=0.000% total_success=0.007% endpoint_success=0.010% episodes_per_second=87.82
episodes=157696/2000000 batch_success=0.000% total_success=0.007% endpoint_success=0.010% episodes_per_second=88.35
episodes=159744/2000000 batch_success=0.000% total_success=0.007% endpoint_success=0.009% episodes_per_second=88.87
episodes=161792/2000000 batch_success=0.000% total_success=0.007% endpoint_success=0.009% episodes_per_second=89.37
episodes=163840/2000000 batch_success=0.000% total_success=0.007% endpoint_success=0.009% episodes_per_second=89.87
validation_episodes=163840 success=0/10
episodes=165888/2000000 batch_success=0.000% total_success=0.007% endpoint_success=0.009% episodes_per_second=89.75
episodes=167936/2000000 batch_success=0.000% total_success=0.007% endpoint_success=0.009% episodes_per_second=90.25
episodes=169984/2000000 batch_success=0.000% total_success=0.006% endpoint_success=0.009% episodes_per_second=90.74
episodes=172032/2000000 batch_success=0.000% total_success=0.006% endpoint_success=0.009% episodes_per_second=91.23
episodes=174080/2000000 batch_success=0.000% total_success=0.006% endpoint_success=0.009% episodes_per_second=91.68
validation_episodes=174080 success=0/10
episodes=176128/2000000 batch_success=0.000% total_success=0.006% endpoint_success=0.009% episodes_per_second=91.55
episodes=178176/2000000 batch_success=0.000% total_success=0.006% endpoint_success=0.008% episodes_per_second=92.04
episodes=180224/2000000 batch_success=0.000% total_success=0.006% endpoint_success=0.008% episodes_per_second=92.50
episodes=182272/2000000 batch_success=0.000% total_success=0.006% endpoint_success=0.008% episodes_per_second=92.96
episodes=184320/2000000 batch_success=0.000% total_success=0.006% endpoint_success=0.008% episodes_per_second=93.41
validation_episodes=184320 success=0/10
episodes=186368/2000000 batch_success=0.000% total_success=0.006% endpoint_success=0.008% episodes_per_second=93.24
episodes=188416/2000000 batch_success=0.000% total_success=0.006% endpoint_success=0.008% episodes_per_second=93.67
episodes=190464/2000000 batch_success=0.000% total_success=0.006% endpoint_success=0.008% episodes_per_second=94.11
episodes=192512/2000000 batch_success=0.000% total_success=0.006% endpoint_success=0.008% episodes_per_second=94.54
episodes=194560/2000000 batch_success=0.000% total_success=0.006% endpoint_success=0.008% episodes_per_second=94.89
validation_episodes=194560 success=0/10
episodes=196608/2000000 batch_success=0.000% total_success=0.006% endpoint_success=0.008% episodes_per_second=94.69
episodes=198656/2000000 batch_success=0.000% total_success=0.006% endpoint_success=0.008% episodes_per_second=95.07
{
  "status": "STOPPED_BY_USER",
  "episodes": 198656,
  "requested_episodes": 2000000,
  "successes": 11,
  "endpoint_successes": 15,
  "legacy_scientific_successes": 0,
  "success_rate": 5.537210051546392e-05,
  "episodes_per_second": 95.0656577399659,
  "elapsed_s": 2089.6715462000575,
  "latest_durable_checkpoint_episodes": 198656
}
