episodes=2048/2000000 batch_success=0.000% total_success=0.000% endpoint_success=0.049% episodes_per_second=79.34
validation_episodes=2048 success=0/10
episodes=4096/2000000 batch_success=0.000% total_success=0.000% endpoint_success=0.049% episodes_per_second=79.55
validation_episodes=4096 success=0/10
episodes=6144/2000000 batch_success=0.049% total_success=0.016% endpoint_success=0.049% episodes_per_second=79.08
validation_episodes=6144 success=0/10
episodes=8192/2000000 batch_success=0.000% total_success=0.012% endpoint_success=0.037% episodes_per_second=79.76
validation_episodes=8192 success=0/10
episodes=10240/2000000 batch_success=0.049% total_success=0.020% endpoint_success=0.039% episodes_per_second=80.37
validation_episodes=10240 success=0/10
episodes=12288/2000000 batch_success=0.049% total_success=0.024% endpoint_success=0.049% episodes_per_second=80.19
validation_episodes=12288 success=0/10
episodes=14336/2000000 batch_success=0.000% total_success=0.021% endpoint_success=0.042% episodes_per_second=80.24
validation_episodes=14336 success=0/10
episodes=16384/2000000 batch_success=0.000% total_success=0.018% endpoint_success=0.037% episodes_per_second=80.23
validation_episodes=16384 success=0/10
episodes=18432/2000000 batch_success=0.000% total_success=0.016% endpoint_success=0.033% episodes_per_second=80.26
validation_episodes=18432 success=0/10
episodes=20480/2000000 batch_success=0.146% total_success=0.029% endpoint_success=0.044% episodes_per_second=80.33
validation_episodes=20480 success=0/10
episodes=22528/2000000 batch_success=0.000% total_success=0.027% endpoint_success=0.040% episodes_per_second=80.40
validation_episodes=22528 success=0/10
episodes=24576/2000000 batch_success=0.049% total_success=0.028% endpoint_success=0.041% episodes_per_second=80.53
validation_episodes=24576 success=0/10
episodes=26624/2000000 batch_success=0.049% total_success=0.030% endpoint_success=0.045% episodes_per_second=80.64
validation_episodes=26624 success=0/10
episodes=28672/2000000 batch_success=0.098% total_success=0.035% endpoint_success=0.049% episodes_per_second=80.72
validation_episodes=28672 success=0/10
episodes=30720/2000000 batch_success=0.000% total_success=0.033% endpoint_success=0.046% episodes_per_second=80.76
validation_episodes=30720 success=0/10
episodes=32768/2000000 batch_success=0.000% total_success=0.031% endpoint_success=0.043% episodes_per_second=80.78
validation_episodes=32768 success=0/10
episodes=34816/2000000 batch_success=0.000% total_success=0.029% endpoint_success=0.040% episodes_per_second=80.88
validation_episodes=34816 success=0/10
episodes=36864/2000000 batch_success=0.049% total_success=0.030% endpoint_success=0.041% episodes_per_second=80.92
validation_episodes=36864 success=0/10
episodes=38912/2000000 batch_success=0.000% total_success=0.028% endpoint_success=0.039% episodes_per_second=80.98
validation_episodes=38912 success=0/10
episodes=40960/2000000 batch_success=0.000% total_success=0.027% endpoint_success=0.037% episodes_per_second=81.03
validation_episodes=40960 success=0/10
episodes=43008/2000000 batch_success=0.000% total_success=0.026% endpoint_success=0.035% episodes_per_second=81.05
validation_episodes=43008 success=0/10
episodes=45056/2000000 batch_success=0.000% total_success=0.024% endpoint_success=0.033% episodes_per_second=81.09
validation_episodes=45056 success=0/10
episodes=47104/2000000 batch_success=0.000% total_success=0.023% endpoint_success=0.032% episodes_per_second=81.05
validation_episodes=47104 success=0/10
episodes=49152/2000000 batch_success=0.000% total_success=0.022% endpoint_success=0.031% episodes_per_second=80.99
validation_episodes=49152 success=0/10
episodes=51200/2000000 batch_success=0.000% total_success=0.021% endpoint_success=0.029% episodes_per_second=81.05
validation_episodes=51200 success=0/10
episodes=53248/2000000 batch_success=0.000% total_success=0.021% endpoint_success=0.028% episodes_per_second=81.10
validation_episodes=53248 success=0/10
episodes=55296/2000000 batch_success=0.000% total_success=0.020% endpoint_success=0.027% episodes_per_second=81.11
validation_episodes=55296 success=0/10
episodes=57344/2000000 batch_success=0.000% total_success=0.019% endpoint_success=0.026% episodes_per_second=81.14
validation_episodes=57344 success=0/10
episodes=59392/2000000 batch_success=0.000% total_success=0.019% endpoint_success=0.025% episodes_per_second=81.17
validation_episodes=59392 success=0/10
episodes=61440/2000000 batch_success=0.000% total_success=0.018% endpoint_success=0.024% episodes_per_second=81.21
validation_episodes=61440 success=0/10
episodes=63488/2000000 batch_success=0.000% total_success=0.017% endpoint_success=0.024% episodes_per_second=81.23
validation_episodes=63488 success=0/10
episodes=65536/2000000 batch_success=0.000% total_success=0.017% endpoint_success=0.023% episodes_per_second=81.26
validation_episodes=65536 success=0/10
episodes=67584/2000000 batch_success=0.000% total_success=0.016% endpoint_success=0.022% episodes_per_second=81.31
validation_episodes=67584 success=0/10
episodes=69632/2000000 batch_success=0.000% total_success=0.016% endpoint_success=0.022% episodes_per_second=81.33
validation_episodes=69632 success=0/10
episodes=71680/2000000 batch_success=0.000% total_success=0.015% endpoint_success=0.021% episodes_per_second=81.29
validation_episodes=71680 success=0/10
episodes=73728/2000000 batch_success=0.000% total_success=0.015% endpoint_success=0.020% episodes_per_second=81.16
validation_episodes=73728 success=0/10
episodes=75776/2000000 batch_success=0.000% total_success=0.015% endpoint_success=0.020% episodes_per_second=81.08
validation_episodes=75776 success=0/10
episodes=77824/2000000 batch_success=0.000% total_success=0.014% endpoint_success=0.019% episodes_per_second=80.99
validation_episodes=77824 success=0/10
episodes=79872/2000000 batch_success=0.000% total_success=0.014% endpoint_success=0.019% episodes_per_second=80.98
validation_episodes=79872 success=0/10
episodes=81920/2000000 batch_success=0.000% total_success=0.013% endpoint_success=0.018% episodes_per_second=80.99
validation_episodes=81920 success=0/10
episodes=83968/2000000 batch_success=0.000% total_success=0.013% endpoint_success=0.018% episodes_per_second=81.02
validation_episodes=83968 success=0/10
episodes=86016/2000000 batch_success=0.000% total_success=0.013% endpoint_success=0.017% episodes_per_second=81.03
validation_episodes=86016 success=0/10
episodes=88064/2000000 batch_success=0.000% total_success=0.012% endpoint_success=0.017% episodes_per_second=81.05
validation_episodes=88064 success=0/10
episodes=90112/2000000 batch_success=0.000% total_success=0.012% endpoint_success=0.017% episodes_per_second=81.07
validation_episodes=90112 success=0/10
episodes=92160/2000000 batch_success=0.000% total_success=0.012% endpoint_success=0.016% episodes_per_second=81.08
validation_episodes=92160 success=0/10
episodes=94208/2000000 batch_success=0.000% total_success=0.012% endpoint_success=0.016% episodes_per_second=81.11
validation_episodes=94208 success=0/10
episodes=96256/2000000 batch_success=0.000% total_success=0.011% endpoint_success=0.016% episodes_per_second=81.11
validation_episodes=96256 success=0/10
episodes=98304/2000000 batch_success=0.000% total_success=0.011% endpoint_success=0.015% episodes_per_second=81.13
validation_episodes=98304 success=0/10
episodes=100352/2000000 batch_success=0.000% total_success=0.011% endpoint_success=0.015% episodes_per_second=81.17
validation_episodes=100352 success=0/10
episodes=102400/2000000 batch_success=0.000% total_success=0.011% endpoint_success=0.015% episodes_per_second=81.19
validation_episodes=102400 success=0/10
episodes=104448/2000000 batch_success=0.000% total_success=0.011% endpoint_success=0.014% episodes_per_second=81.21
validation_episodes=104448 success=0/10
episodes=106496/2000000 batch_success=0.000% total_success=0.010% endpoint_success=0.014% episodes_per_second=81.12
validation_episodes=106496 success=0/10
episodes=108544/2000000 batch_success=0.000% total_success=0.010% endpoint_success=0.014% episodes_per_second=81.13
validation_episodes=108544 success=0/10
episodes=110592/2000000 batch_success=0.000% total_success=0.010% endpoint_success=0.014% episodes_per_second=81.17
validation_episodes=110592 success=0/10
episodes=112640/2000000 batch_success=0.000% total_success=0.010% endpoint_success=0.013% episodes_per_second=81.20
validation_episodes=112640 success=0/10
episodes=114688/2000000 batch_success=0.000% total_success=0.010% endpoint_success=0.013% episodes_per_second=81.17
validation_episodes=114688 success=0/10
episodes=116736/2000000 batch_success=0.000% total_success=0.009% endpoint_success=0.013% episodes_per_second=81.18
validation_episodes=116736 success=0/10
episodes=118784/2000000 batch_success=0.000% total_success=0.009% endpoint_success=0.013% episodes_per_second=81.15
validation_episodes=118784 success=0/10
episodes=120832/2000000 batch_success=0.000% total_success=0.009% endpoint_success=0.012% episodes_per_second=81.17
validation_episodes=120832 success=0/10
episodes=122880/2000000 batch_success=0.000% total_success=0.009% endpoint_success=0.012% episodes_per_second=81.11
validation_episodes=122880 success=0/10
{
  "status": "STOPPED_BY_USER",
  "episodes": 122880,
  "requested_episodes": 2000000,
  "successes": 11,
  "endpoint_successes": 15,
  "legacy_scientific_successes": 0,
  "success_rate": 8.951822916666666e-05,
  "episodes_per_second": 80.42849059084162,
  "elapsed_s": 1527.8168108999962,
  "latest_durable_checkpoint_episodes": 122880
}
