episodes=2048/500000 batch_success=79.688% rolling_5000=79.688% total_success=79.688% endpoint_success=79.834% episodes_per_second=90.97
episodes=4096/500000 batch_success=79.736% rolling_5000=79.712% total_success=79.712% endpoint_success=79.907% episodes_per_second=122.58
episodes=6144/500000 batch_success=80.371% rolling_5000=80.120% total_success=79.932% endpoint_success=80.111% episodes_per_second=139.98
episodes=8192/500000 batch_success=79.590% rolling_5000=79.680% total_success=79.846% endpoint_success=80.029% episodes_per_second=150.22
episodes=10240/500000 batch_success=79.297% rolling_5000=79.540% total_success=79.736% endpoint_success=79.941% episodes_per_second=156.17
validation_episodes=10240 success=473/512
episodes=12288/500000 batch_success=79.932% rolling_5000=79.380% total_success=79.769% endpoint_success=79.956% episodes_per_second=139.83
episodes=14336/500000 batch_success=79.736% rolling_5000=79.740% total_success=79.764% endpoint_success=79.953% episodes_per_second=145.19
episodes=16384/500000 batch_success=78.613% rolling_5000=79.300% total_success=79.620% endpoint_success=79.828% episodes_per_second=149.97
episodes=18432/500000 batch_success=78.662% rolling_5000=79.080% total_success=79.514% endpoint_success=79.742% episodes_per_second=154.00
episodes=20480/500000 batch_success=79.688% rolling_5000=79.020% total_success=79.531% endpoint_success=79.761% episodes_per_second=157.30
validation_episodes=20480 success=462/512
episodes=22528/500000 batch_success=78.076% rolling_5000=78.960% total_success=79.399% endpoint_success=79.634% episodes_per_second=148.00
episodes=24576/500000 batch_success=79.932% rolling_5000=79.300% total_success=79.443% endpoint_success=79.688% episodes_per_second=150.91
episodes=26624/500000 batch_success=78.271% rolling_5000=79.100% total_success=79.353% endpoint_success=79.582% episodes_per_second=153.59
episodes=28672/500000 batch_success=79.492% rolling_5000=79.400% total_success=79.363% endpoint_success=79.590% episodes_per_second=156.14
episodes=30720/500000 batch_success=76.807% rolling_5000=78.240% total_success=79.193% endpoint_success=79.421% episodes_per_second=158.28
validation_episodes=30720 success=463/512
episodes=32768/500000 batch_success=78.271% rolling_5000=77.620% total_success=79.135% endpoint_success=79.367% episodes_per_second=151.76
episodes=34816/500000 batch_success=78.125% rolling_5000=78.040% total_success=79.076% endpoint_success=79.311% episodes_per_second=153.70
episodes=36864/500000 batch_success=78.564% rolling_5000=78.200% total_success=79.047% endpoint_success=79.281% episodes_per_second=155.47
episodes=38912/500000 batch_success=78.125% rolling_5000=78.200% total_success=78.999% endpoint_success=79.240% episodes_per_second=157.10
episodes=40960/500000 batch_success=79.541% rolling_5000=78.480% total_success=79.026% endpoint_success=79.275% episodes_per_second=158.45
validation_episodes=40960 success=455/512
episodes=43008/500000 batch_success=76.855% rolling_5000=77.980% total_success=78.923% endpoint_success=79.171% episodes_per_second=153.47
episodes=45056/500000 batch_success=76.465% rolling_5000=77.080% total_success=78.811% endpoint_success=79.059% episodes_per_second=155.00
episodes=47104/500000 batch_success=78.027% rolling_5000=76.900% total_success=78.777% endpoint_success=79.032% episodes_per_second=156.38
episodes=49152/500000 batch_success=79.834% rolling_5000=78.140% total_success=78.821% endpoint_success=79.081% episodes_per_second=157.60
episodes=51200/500000 batch_success=80.811% rolling_5000=79.900% total_success=78.900% endpoint_success=79.166% episodes_per_second=158.73
validation_episodes=51200 success=456/512
episodes=53248/500000 batch_success=78.662% rolling_5000=79.760% total_success=78.891% endpoint_success=79.158% episodes_per_second=154.49
episodes=55296/500000 batch_success=77.344% rolling_5000=78.520% total_success=78.834% endpoint_success=79.107% episodes_per_second=155.62
episodes=57344/500000 batch_success=76.709% rolling_5000=77.200% total_success=78.758% endpoint_success=79.035% episodes_per_second=156.69
episodes=59392/500000 batch_success=78.223% rolling_5000=77.860% total_success=78.740% endpoint_success=79.014% episodes_per_second=157.72
episodes=61440/500000 batch_success=77.930% rolling_5000=77.620% total_success=78.713% endpoint_success=78.984% episodes_per_second=158.63
validation_episodes=61440 success=464/512
episodes=63488/500000 batch_success=79.102% rolling_5000=78.580% total_success=78.725% endpoint_success=78.994% episodes_per_second=155.04
episodes=65536/500000 batch_success=77.734% rolling_5000=78.440% total_success=78.694% endpoint_success=78.972% episodes_per_second=155.97
episodes=67584/500000 batch_success=79.102% rolling_5000=78.460% total_success=78.706% endpoint_success=78.988% episodes_per_second=156.65
episodes=69632/500000 batch_success=78.076% rolling_5000=78.100% total_success=78.688% endpoint_success=78.968% episodes_per_second=157.40
episodes=71680/500000 batch_success=79.297% rolling_5000=78.880% total_success=78.705% endpoint_success=78.989% episodes_per_second=158.13
validation_episodes=71680 success=467/512
episodes=73728/500000 batch_success=78.760% rolling_5000=78.680% total_success=78.707% endpoint_success=78.988% episodes_per_second=155.08
episodes=75776/500000 batch_success=78.223% rolling_5000=78.640% total_success=78.694% endpoint_success=78.978% episodes_per_second=155.89
episodes=77824/500000 batch_success=78.320% rolling_5000=78.520% total_success=78.684% endpoint_success=78.969% episodes_per_second=156.64
episodes=79872/500000 batch_success=80.322% rolling_5000=79.140% total_success=78.726% endpoint_success=79.008% episodes_per_second=157.35
episodes=81920/500000 batch_success=79.199% rolling_5000=79.540% total_success=78.738% endpoint_success=79.021% episodes_per_second=158.14
validation_episodes=81920 success=462/512
episodes=83968/500000 batch_success=77.930% rolling_5000=79.100% total_success=78.718% endpoint_success=79.002% episodes_per_second=155.49
episodes=86016/500000 batch_success=78.076% rolling_5000=77.960% total_success=78.703% endpoint_success=78.985% episodes_per_second=156.27
episodes=88064/500000 batch_success=79.883% rolling_5000=78.760% total_success=78.730% endpoint_success=79.013% episodes_per_second=156.93
episodes=90112/500000 batch_success=78.223% rolling_5000=78.780% total_success=78.719% endpoint_success=79.003% episodes_per_second=157.59
episodes=92160/500000 batch_success=79.980% rolling_5000=79.060% total_success=78.747% endpoint_success=79.030% episodes_per_second=157.73
validation_episodes=92160 success=462/512
episodes=94208/500000 batch_success=78.760% rolling_5000=79.120% total_success=78.747% endpoint_success=79.028% episodes_per_second=155.42
episodes=96256/500000 batch_success=78.320% rolling_5000=78.520% total_success=78.738% endpoint_success=79.017% episodes_per_second=156.10
episodes=98304/500000 batch_success=79.004% rolling_5000=78.880% total_success=78.743% endpoint_success=79.021% episodes_per_second=156.70
episodes=100352/500000 batch_success=77.246% rolling_5000=78.380% total_success=78.713% endpoint_success=78.993% episodes_per_second=157.31
episodes=102400/500000 batch_success=78.613% rolling_5000=77.760% total_success=78.711% endpoint_success=78.988% episodes_per_second=157.91
validation_episodes=102400 success=457/512
episodes=104448/500000 batch_success=78.760% rolling_5000=78.120% total_success=78.712% endpoint_success=78.988% episodes_per_second=155.77
episodes=106496/500000 batch_success=77.441% rolling_5000=78.340% total_success=78.687% endpoint_success=78.964% episodes_per_second=156.34
episodes=108544/500000 batch_success=79.346% rolling_5000=78.340% total_success=78.700% endpoint_success=78.977% episodes_per_second=156.93
episodes=110592/500000 batch_success=77.930% rolling_5000=78.660% total_success=78.686% endpoint_success=78.961% episodes_per_second=157.48
episodes=112640/500000 batch_success=78.613% rolling_5000=78.240% total_success=78.684% endpoint_success=78.966% episodes_per_second=158.01
validation_episodes=112640 success=456/512
episodes=114688/500000 batch_success=77.734% rolling_5000=78.380% total_success=78.667% endpoint_success=78.950% episodes_per_second=155.95
episodes=116736/500000 batch_success=77.881% rolling_5000=77.440% total_success=78.654% endpoint_success=78.934% episodes_per_second=156.40
episodes=118784/500000 batch_success=76.025% rolling_5000=77.280% total_success=78.608% endpoint_success=78.887% episodes_per_second=156.83
episodes=120832/500000 batch_success=79.004% rolling_5000=77.600% total_success=78.615% endpoint_success=78.896% episodes_per_second=157.29
episodes=122880/500000 batch_success=79.004% rolling_5000=78.360% total_success=78.621% endpoint_success=78.904% episodes_per_second=157.82
validation_episodes=122880 success=469/512
episodes=124928/500000 batch_success=78.613% rolling_5000=78.960% total_success=78.621% endpoint_success=78.904% episodes_per_second=156.04
episodes=126976/500000 batch_success=77.441% rolling_5000=78.220% total_success=78.602% endpoint_success=78.887% episodes_per_second=156.53
episodes=129024/500000 batch_success=78.320% rolling_5000=78.020% total_success=78.598% endpoint_success=78.880% episodes_per_second=156.98
episodes=131072/500000 batch_success=79.297% rolling_5000=78.680% total_success=78.609% endpoint_success=78.894% episodes_per_second=157.45
episodes=133120/500000 batch_success=77.295% rolling_5000=78.220% total_success=78.588% endpoint_success=78.872% episodes_per_second=157.90
validation_episodes=133120 success=460/512
episodes=135168/500000 batch_success=79.541% rolling_5000=78.660% total_success=78.603% endpoint_success=78.886% episodes_per_second=156.28
episodes=137216/500000 batch_success=79.590% rolling_5000=79.140% total_success=78.618% endpoint_success=78.902% episodes_per_second=156.72
episodes=139264/500000 batch_success=77.393% rolling_5000=78.920% total_success=78.600% endpoint_success=78.886% episodes_per_second=157.18
episodes=141312/500000 batch_success=79.736% rolling_5000=78.640% total_success=78.616% endpoint_success=78.905% episodes_per_second=157.60
episodes=143360/500000 batch_success=80.176% rolling_5000=79.620% total_success=78.638% endpoint_success=78.927% episodes_per_second=157.96
validation_episodes=143360 success=469/512
episodes=145408/500000 batch_success=80.420% rolling_5000=80.400% total_success=78.663% endpoint_success=78.951% episodes_per_second=156.39
episodes=147456/500000 batch_success=80.469% rolling_5000=80.540% total_success=78.689% endpoint_success=78.975% episodes_per_second=156.81
episodes=149504/500000 batch_success=80.615% rolling_5000=80.500% total_success=78.715% endpoint_success=79.001% episodes_per_second=157.22
episodes=151552/500000 batch_success=79.150% rolling_5000=80.260% total_success=78.721% endpoint_success=79.007% episodes_per_second=157.65
episodes=153600/500000 batch_success=80.127% rolling_5000=79.800% total_success=78.740% endpoint_success=79.025% episodes_per_second=158.06
validation_episodes=153600 success=466/512
episodes=155648/500000 batch_success=79.688% rolling_5000=79.600% total_success=78.752% endpoint_success=79.035% episodes_per_second=156.63
episodes=157696/500000 batch_success=79.688% rolling_5000=79.680% total_success=78.764% endpoint_success=79.046% episodes_per_second=157.02
episodes=159744/500000 batch_success=81.543% rolling_5000=80.460% total_success=78.800% endpoint_success=79.080% episodes_per_second=157.36
episodes=161792/500000 batch_success=79.248% rolling_5000=80.320% total_success=78.806% endpoint_success=79.084% episodes_per_second=157.73
episodes=163840/500000 batch_success=78.857% rolling_5000=79.480% total_success=78.806% endpoint_success=79.084% episodes_per_second=158.12
validation_episodes=163840 success=465/512
episodes=165888/500000 batch_success=77.979% rolling_5000=78.540% total_success=78.796% endpoint_success=79.076% episodes_per_second=156.77
episodes=167936/500000 batch_success=79.590% rolling_5000=78.420% total_success=78.806% endpoint_success=79.087% episodes_per_second=157.11
episodes=169984/500000 batch_success=79.395% rolling_5000=79.440% total_success=78.813% endpoint_success=79.095% episodes_per_second=157.44
episodes=172032/500000 batch_success=79.199% rolling_5000=79.380% total_success=78.817% endpoint_success=79.101% episodes_per_second=157.76
episodes=174080/500000 batch_success=78.223% rolling_5000=78.740% total_success=78.810% endpoint_success=79.092% episodes_per_second=158.06
validation_episodes=174080 success=470/512
episodes=176128/500000 batch_success=79.150% rolling_5000=79.060% total_success=78.814% endpoint_success=79.097% episodes_per_second=156.76
episodes=178176/500000 batch_success=79.541% rolling_5000=79.140% total_success=78.823% endpoint_success=79.104% episodes_per_second=157.10
episodes=180224/500000 batch_success=79.248% rolling_5000=79.380% total_success=78.827% endpoint_success=79.107% episodes_per_second=157.42
episodes=182272/500000 batch_success=81.836% rolling_5000=80.440% total_success=78.861% endpoint_success=79.138% episodes_per_second=157.73
episodes=184320/500000 batch_success=79.492% rolling_5000=81.100% total_success=78.868% endpoint_success=79.144% episodes_per_second=158.04
validation_episodes=184320 success=471/512
episodes=186368/500000 batch_success=79.199% rolling_5000=79.900% total_success=78.872% endpoint_success=79.146% episodes_per_second=156.82
episodes=188416/500000 batch_success=78.955% rolling_5000=79.240% total_success=78.873% endpoint_success=79.146% episodes_per_second=157.17
episodes=190464/500000 batch_success=80.811% rolling_5000=79.600% total_success=78.894% endpoint_success=79.166% episodes_per_second=157.50
episodes=192512/500000 batch_success=79.932% rolling_5000=80.120% total_success=78.905% endpoint_success=79.176% episodes_per_second=157.84
episodes=194560/500000 batch_success=79.199% rolling_5000=80.080% total_success=78.908% endpoint_success=79.179% episodes_per_second=158.17
validation_episodes=194560 success=461/512
episodes=196608/500000 batch_success=78.564% rolling_5000=79.480% total_success=78.904% endpoint_success=79.173% episodes_per_second=156.96
episodes=198656/500000 batch_success=79.053% rolling_5000=79.060% total_success=78.906% endpoint_success=79.176% episodes_per_second=157.24
episodes=200704/500000 batch_success=79.004% rolling_5000=78.980% total_success=78.907% endpoint_success=79.176% episodes_per_second=157.53
episodes=202752/500000 batch_success=77.832% rolling_5000=78.440% total_success=78.896% endpoint_success=79.166% episodes_per_second=157.71
episodes=204800/500000 batch_success=77.002% rolling_5000=77.460% total_success=78.877% endpoint_success=79.148% episodes_per_second=158.03
validation_episodes=204800 success=464/512
episodes=206848/500000 batch_success=79.004% rolling_5000=78.200% total_success=78.878% endpoint_success=79.153% episodes_per_second=156.97
episodes=208896/500000 batch_success=81.104% rolling_5000=79.340% total_success=78.900% endpoint_success=79.173% episodes_per_second=157.27
episodes=210944/500000 batch_success=79.053% rolling_5000=80.060% total_success=78.902% endpoint_success=79.176% episodes_per_second=157.57
episodes=212992/500000 batch_success=80.664% rolling_5000=79.740% total_success=78.918% endpoint_success=79.192% episodes_per_second=157.86
episodes=215040/500000 batch_success=79.199% rolling_5000=80.000% total_success=78.921% endpoint_success=79.195% episodes_per_second=158.14
validation_episodes=215040 success=465/512
episodes=217088/500000 batch_success=79.980% rolling_5000=79.600% total_success=78.931% endpoint_success=79.204% episodes_per_second=157.14
episodes=219136/500000 batch_success=82.617% rolling_5000=80.780% total_success=78.966% endpoint_success=79.238% episodes_per_second=157.41
episodes=221184/500000 batch_success=80.957% rolling_5000=81.520% total_success=78.984% endpoint_success=79.255% episodes_per_second=157.67
episodes=223232/500000 batch_success=77.490% rolling_5000=79.660% total_success=78.970% endpoint_success=79.242% episodes_per_second=157.91
episodes=225280/500000 batch_success=79.736% rolling_5000=78.840% total_success=78.977% endpoint_success=79.250% episodes_per_second=158.14
validation_episodes=225280 success=467/512
episodes=227328/500000 batch_success=78.809% rolling_5000=79.080% total_success=78.976% endpoint_success=79.250% episodes_per_second=157.10
episodes=229376/500000 batch_success=78.223% rolling_5000=78.840% total_success=78.969% endpoint_success=79.246% episodes_per_second=157.36
episodes=231424/500000 batch_success=78.906% rolling_5000=78.440% total_success=78.968% endpoint_success=79.244% episodes_per_second=157.62
episodes=233472/500000 batch_success=79.004% rolling_5000=78.620% total_success=78.969% endpoint_success=79.245% episodes_per_second=157.88
episodes=235520/500000 batch_success=77.441% rolling_5000=78.360% total_success=78.956% endpoint_success=79.232% episodes_per_second=158.12
validation_episodes=235520 success=456/512
episodes=237568/500000 batch_success=77.588% rolling_5000=77.600% total_success=78.944% endpoint_success=79.222% episodes_per_second=157.14
episodes=239616/500000 batch_success=78.613% rolling_5000=77.880% total_success=78.941% endpoint_success=79.218% episodes_per_second=157.38
episodes=241664/500000 batch_success=78.760% rolling_5000=78.460% total_success=78.939% endpoint_success=79.218% episodes_per_second=157.64
episodes=243712/500000 batch_success=77.734% rolling_5000=78.260% total_success=78.929% endpoint_success=79.207% episodes_per_second=157.91
episodes=245760/500000 batch_success=79.053% rolling_5000=78.180% total_success=78.930% endpoint_success=79.207% episodes_per_second=158.15
validation_episodes=245760 success=467/512
episodes=247808/500000 batch_success=78.857% rolling_5000=78.840% total_success=78.930% endpoint_success=79.206% episodes_per_second=157.25
episodes=249856/500000 batch_success=79.199% rolling_5000=79.080% total_success=78.932% endpoint_success=79.210% episodes_per_second=157.47
episodes=251904/500000 batch_success=77.832% rolling_5000=78.860% total_success=78.923% endpoint_success=79.200% episodes_per_second=157.69
episodes=253952/500000 batch_success=79.639% rolling_5000=78.820% total_success=78.929% endpoint_success=79.208% episodes_per_second=157.93
episodes=256000/500000 batch_success=78.467% rolling_5000=78.880% total_success=78.925% endpoint_success=79.203% episodes_per_second=158.19
validation_episodes=256000 success=463/512
episodes=258048/500000 batch_success=78.564% rolling_5000=78.300% total_success=78.922% endpoint_success=79.200% episodes_per_second=157.34
episodes=260096/500000 batch_success=78.711% rolling_5000=78.480% total_success=78.920% endpoint_success=79.198% episodes_per_second=157.59
episodes=262144/500000 batch_success=78.076% rolling_5000=78.580% total_success=78.914% endpoint_success=79.190% episodes_per_second=157.83
episodes=264192/500000 batch_success=77.832% rolling_5000=78.060% total_success=78.905% endpoint_success=79.181% episodes_per_second=158.06
episodes=266240/500000 batch_success=76.807% rolling_5000=77.160% total_success=78.889% endpoint_success=79.166% episodes_per_second=158.30
validation_episodes=266240 success=449/512
episodes=268288/500000 batch_success=78.516% rolling_5000=78.080% total_success=78.886% endpoint_success=79.164% episodes_per_second=157.44
episodes=270336/500000 batch_success=78.516% rolling_5000=78.340% total_success=78.884% endpoint_success=79.162% episodes_per_second=157.67
episodes=272384/500000 batch_success=78.223% rolling_5000=78.520% total_success=78.879% endpoint_success=79.158% episodes_per_second=157.90
episodes=274432/500000 batch_success=76.025% rolling_5000=77.300% total_success=78.857% endpoint_success=79.137% episodes_per_second=158.14
episodes=276480/500000 batch_success=75.244% rolling_5000=75.860% total_success=78.831% endpoint_success=79.112% episodes_per_second=158.33
validation_episodes=276480 success=454/512
episodes=278528/500000 batch_success=78.564% rolling_5000=76.580% total_success=78.829% endpoint_success=79.113% episodes_per_second=157.48
episodes=280576/500000 batch_success=77.295% rolling_5000=77.600% total_success=78.818% endpoint_success=79.104% episodes_per_second=157.67
episodes=282624/500000 batch_success=79.590% rolling_5000=78.680% total_success=78.823% endpoint_success=79.109% episodes_per_second=157.90
episodes=284672/500000 batch_success=77.393% rolling_5000=78.220% total_success=78.813% endpoint_success=79.099% episodes_per_second=158.12
episodes=286720/500000 batch_success=78.906% rolling_5000=78.740% total_success=78.813% endpoint_success=79.101% episodes_per_second=158.34
validation_episodes=286720 success=456/512
episodes=288768/500000 batch_success=79.297% rolling_5000=78.820% total_success=78.817% endpoint_success=79.105% episodes_per_second=157.54
episodes=290816/500000 batch_success=79.541% rolling_5000=79.280% total_success=78.822% endpoint_success=79.111% episodes_per_second=157.73
episodes=292864/500000 batch_success=78.320% rolling_5000=78.980% total_success=78.818% endpoint_success=79.107% episodes_per_second=157.93
episodes=294912/500000 batch_success=78.906% rolling_5000=78.820% total_success=78.819% endpoint_success=79.107% episodes_per_second=158.13
episodes=296960/500000 batch_success=80.029% rolling_5000=79.140% total_success=78.827% endpoint_success=79.114% episodes_per_second=158.33
validation_episodes=296960 success=462/512
episodes=299008/500000 batch_success=77.832% rolling_5000=78.820% total_success=78.821% endpoint_success=79.107% episodes_per_second=157.56
episodes=301056/500000 batch_success=78.369% rolling_5000=78.360% total_success=78.818% endpoint_success=79.104% episodes_per_second=157.77
episodes=303104/500000 batch_success=76.416% rolling_5000=77.500% total_success=78.801% endpoint_success=79.087% episodes_per_second=157.96
episodes=305152/500000 batch_success=77.051% rolling_5000=76.980% total_success=78.790% endpoint_success=79.075% episodes_per_second=158.15
episodes=307200/500000 batch_success=77.148% rolling_5000=77.000% total_success=78.779% endpoint_success=79.064% episodes_per_second=158.33
validation_episodes=307200 success=448/512
episodes=309248/500000 batch_success=78.369% rolling_5000=77.560% total_success=78.776% endpoint_success=79.061% episodes_per_second=157.61
episodes=311296/500000 batch_success=78.857% rolling_5000=78.660% total_success=78.776% endpoint_success=79.061% episodes_per_second=157.82
episodes=313344/500000 batch_success=76.904% rolling_5000=78.320% total_success=78.764% endpoint_success=79.050% episodes_per_second=158.03
episodes=315392/500000 batch_success=78.955% rolling_5000=78.100% total_success=78.765% endpoint_success=79.052% episodes_per_second=158.23
episodes=317440/500000 batch_success=77.148% rolling_5000=77.760% total_success=78.755% endpoint_success=79.042% episodes_per_second=158.41
validation_episodes=317440 success=467/512
episodes=319488/500000 batch_success=77.686% rolling_5000=77.820% total_success=78.748% endpoint_success=79.034% episodes_per_second=157.69
episodes=321536/500000 batch_success=79.150% rolling_5000=78.140% total_success=78.751% endpoint_success=79.035% episodes_per_second=157.83
episodes=323584/500000 batch_success=78.662% rolling_5000=78.880% total_success=78.750% endpoint_success=79.035% episodes_per_second=158.01
episodes=325632/500000 batch_success=79.590% rolling_5000=78.920% total_success=78.755% endpoint_success=79.040% episodes_per_second=158.21
episodes=327680/500000 batch_success=78.369% rolling_5000=79.160% total_success=78.753% endpoint_success=79.037% episodes_per_second=158.41
validation_episodes=327680 success=462/512
episodes=329728/500000 batch_success=77.783% rolling_5000=77.860% total_success=78.747% endpoint_success=79.030% episodes_per_second=157.72
episodes=331776/500000 batch_success=78.223% rolling_5000=78.340% total_success=78.744% endpoint_success=79.027% episodes_per_second=157.91
episodes=333824/500000 batch_success=78.027% rolling_5000=77.980% total_success=78.739% endpoint_success=79.024% episodes_per_second=158.10
episodes=335872/500000 batch_success=77.588% rolling_5000=78.100% total_success=78.732% endpoint_success=79.016% episodes_per_second=158.27
episodes=337920/500000 batch_success=78.125% rolling_5000=77.680% total_success=78.729% endpoint_success=79.013% episodes_per_second=158.46
validation_episodes=337920 success=456/512
episodes=339968/500000 batch_success=77.930% rolling_5000=77.960% total_success=78.724% endpoint_success=79.009% episodes_per_second=157.79
episodes=342016/500000 batch_success=79.102% rolling_5000=78.620% total_success=78.726% endpoint_success=79.012% episodes_per_second=157.96
episodes=344064/500000 batch_success=78.516% rolling_5000=78.820% total_success=78.725% endpoint_success=79.011% episodes_per_second=158.13
episodes=346112/500000 batch_success=79.688% rolling_5000=78.780% total_success=78.731% endpoint_success=79.016% episodes_per_second=158.29
episodes=348160/500000 batch_success=77.197% rolling_5000=78.320% total_success=78.722% endpoint_success=79.008% episodes_per_second=158.45
validation_episodes=348160 success=459/512
episodes=350208/500000 batch_success=78.223% rolling_5000=78.140% total_success=78.719% endpoint_success=79.006% episodes_per_second=157.82
episodes=352256/500000 batch_success=79.346% rolling_5000=78.440% total_success=78.722% endpoint_success=79.011% episodes_per_second=158.01
episodes=354304/500000 batch_success=77.832% rolling_5000=78.820% total_success=78.717% endpoint_success=79.006% episodes_per_second=158.20
episodes=356352/500000 batch_success=79.199% rolling_5000=78.560% total_success=78.720% endpoint_success=79.009% episodes_per_second=158.37
episodes=358400/500000 batch_success=78.467% rolling_5000=78.560% total_success=78.718% endpoint_success=79.009% episodes_per_second=158.52
validation_episodes=358400 success=458/512
episodes=360448/500000 batch_success=78.516% rolling_5000=78.560% total_success=78.717% endpoint_success=79.008% episodes_per_second=157.88
episodes=362496/500000 batch_success=78.613% rolling_5000=78.660% total_success=78.717% endpoint_success=79.007% episodes_per_second=158.06
episodes=364544/500000 batch_success=79.883% rolling_5000=79.420% total_success=78.723% endpoint_success=79.014% episodes_per_second=158.22
episodes=366592/500000 batch_success=78.711% rolling_5000=79.040% total_success=78.723% endpoint_success=79.014% episodes_per_second=158.39
episodes=368640/500000 batch_success=79.492% rolling_5000=79.120% total_success=78.727% endpoint_success=79.017% episodes_per_second=158.57
validation_episodes=368640 success=465/512
episodes=370688/500000 batch_success=80.225% rolling_5000=80.020% total_success=78.736% endpoint_success=79.025% episodes_per_second=157.95
episodes=372736/500000 batch_success=80.908% rolling_5000=80.300% total_success=78.748% endpoint_success=79.036% episodes_per_second=158.11
episodes=374784/500000 batch_success=78.711% rolling_5000=80.300% total_success=78.747% endpoint_success=79.037% episodes_per_second=158.27
episodes=376832/500000 batch_success=78.564% rolling_5000=79.080% total_success=78.746% endpoint_success=79.035% episodes_per_second=158.43
episodes=378880/500000 batch_success=80.127% rolling_5000=79.540% total_success=78.754% endpoint_success=79.043% episodes_per_second=158.60
validation_episodes=378880 success=464/512
episodes=380928/500000 batch_success=79.004% rolling_5000=79.300% total_success=78.755% endpoint_success=79.043% episodes_per_second=158.02
episodes=382976/500000 batch_success=79.053% rolling_5000=78.980% total_success=78.757% endpoint_success=79.044% episodes_per_second=158.19
episodes=385024/500000 batch_success=77.197% rolling_5000=78.040% total_success=78.749% endpoint_success=79.036% episodes_per_second=158.35
episodes=387072/500000 batch_success=78.613% rolling_5000=78.100% total_success=78.748% endpoint_success=79.036% episodes_per_second=158.50
episodes=389120/500000 batch_success=79.639% rolling_5000=78.500% total_success=78.753% endpoint_success=79.041% episodes_per_second=158.65
validation_episodes=389120 success=457/512
episodes=391168/500000 batch_success=78.711% rolling_5000=79.060% total_success=78.752% endpoint_success=79.041% episodes_per_second=158.08
episodes=393216/500000 batch_success=77.832% rolling_5000=78.220% total_success=78.748% endpoint_success=79.038% episodes_per_second=158.24
episodes=395264/500000 batch_success=76.953% rolling_5000=77.580% total_success=78.738% endpoint_success=79.029% episodes_per_second=158.35
episodes=397312/500000 batch_success=79.053% rolling_5000=78.120% total_success=78.740% endpoint_success=79.031% episodes_per_second=158.46
episodes=399360/500000 batch_success=79.346% rolling_5000=78.760% total_success=78.743% endpoint_success=79.034% episodes_per_second=158.58
validation_episodes=399360 success=466/512
episodes=401408/500000 batch_success=79.297% rolling_5000=79.220% total_success=78.746% endpoint_success=79.037% episodes_per_second=157.99
episodes=403456/500000 batch_success=78.662% rolling_5000=79.080% total_success=78.745% endpoint_success=79.037% episodes_per_second=158.15
episodes=405504/500000 batch_success=78.809% rolling_5000=79.140% total_success=78.746% endpoint_success=79.038% episodes_per_second=158.31
episodes=407552/500000 batch_success=78.467% rolling_5000=78.800% total_success=78.744% endpoint_success=79.036% episodes_per_second=158.46
episodes=409600/500000 batch_success=78.027% rolling_5000=78.060% total_success=78.741% endpoint_success=79.032% episodes_per_second=158.60
validation_episodes=409600 success=456/512
episodes=411648/500000 batch_success=78.613% rolling_5000=78.240% total_success=78.740% endpoint_success=79.032% episodes_per_second=158.05
episodes=413696/500000 batch_success=80.469% rolling_5000=79.400% total_success=78.749% endpoint_success=79.041% episodes_per_second=158.19
episodes=415744/500000 batch_success=78.857% rolling_5000=79.560% total_success=78.749% endpoint_success=79.041% episodes_per_second=158.34
episodes=417792/500000 batch_success=78.760% rolling_5000=79.120% total_success=78.749% endpoint_success=79.043% episodes_per_second=158.49
episodes=419840/500000 batch_success=79.492% rolling_5000=79.120% total_success=78.753% endpoint_success=79.046% episodes_per_second=158.64
validation_episodes=419840 success=465/512
episodes=421888/500000 batch_success=77.393% rolling_5000=78.640% total_success=78.746% endpoint_success=79.040% episodes_per_second=158.10
episodes=423936/500000 batch_success=76.611% rolling_5000=77.300% total_success=78.736% endpoint_success=79.029% episodes_per_second=158.23
episodes=425984/500000 batch_success=78.271% rolling_5000=77.300% total_success=78.734% endpoint_success=79.026% episodes_per_second=158.38
episodes=428032/500000 batch_success=79.492% rolling_5000=78.460% total_success=78.737% endpoint_success=79.030% episodes_per_second=158.52
episodes=430080/500000 batch_success=79.346% rolling_5000=78.880% total_success=78.740% endpoint_success=79.032% episodes_per_second=158.67
validation_episodes=430080 success=468/512
episodes=432128/500000 batch_success=80.029% rolling_5000=79.360% total_success=78.746% endpoint_success=79.038% episodes_per_second=158.16
episodes=434176/500000 batch_success=79.590% rolling_5000=79.620% total_success=78.750% endpoint_success=79.041% episodes_per_second=158.31
episodes=436224/500000 batch_success=80.322% rolling_5000=79.780% total_success=78.758% endpoint_success=79.048% episodes_per_second=158.46
episodes=438272/500000 batch_success=77.344% rolling_5000=79.200% total_success=78.751% endpoint_success=79.042% episodes_per_second=158.58
episodes=440320/500000 batch_success=78.223% rolling_5000=78.140% total_success=78.749% endpoint_success=79.039% episodes_per_second=158.71
validation_episodes=440320 success=466/512
episodes=442368/500000 batch_success=79.004% rolling_5000=78.780% total_success=78.750% endpoint_success=79.041% episodes_per_second=158.20
episodes=444416/500000 batch_success=76.172% rolling_5000=77.560% total_success=78.738% endpoint_success=79.028% episodes_per_second=158.35
episodes=446464/500000 batch_success=76.904% rolling_5000=77.000% total_success=78.730% endpoint_success=79.020% episodes_per_second=158.48
episodes=448512/500000 batch_success=76.562% rolling_5000=76.540% total_success=78.720% endpoint_success=79.010% episodes_per_second=158.63
episodes=450560/500000 batch_success=78.760% rolling_5000=77.780% total_success=78.720% endpoint_success=79.010% episodes_per_second=158.76
validation_episodes=450560 success=467/512
episodes=452608/500000 batch_success=76.953% rolling_5000=77.460% total_success=78.712% endpoint_success=79.002% episodes_per_second=158.26
episodes=454656/500000 batch_success=79.590% rolling_5000=78.340% total_success=78.716% endpoint_success=79.006% episodes_per_second=158.39
episodes=456704/500000 batch_success=79.688% rolling_5000=79.500% total_success=78.720% endpoint_success=79.011% episodes_per_second=158.53
episodes=458752/500000 batch_success=79.004% rolling_5000=79.560% total_success=78.721% endpoint_success=79.012% episodes_per_second=158.66
episodes=460800/500000 batch_success=77.783% rolling_5000=78.800% total_success=78.717% endpoint_success=79.008% episodes_per_second=158.79
validation_episodes=460800 success=449/512
episodes=462848/500000 batch_success=78.516% rolling_5000=78.440% total_success=78.716% endpoint_success=79.007% episodes_per_second=158.29
episodes=464896/500000 batch_success=78.418% rolling_5000=78.320% total_success=78.715% endpoint_success=79.007% episodes_per_second=158.42
episodes=466944/500000 batch_success=78.516% rolling_5000=78.300% total_success=78.714% endpoint_success=79.005% episodes_per_second=158.55
episodes=468992/500000 batch_success=79.199% rolling_5000=78.660% total_success=78.716% endpoint_success=79.007% episodes_per_second=158.68
episodes=471040/500000 batch_success=78.076% rolling_5000=78.760% total_success=78.713% endpoint_success=79.003% episodes_per_second=158.81
validation_episodes=471040 success=464/512
episodes=473088/500000 batch_success=79.150% rolling_5000=79.000% total_success=78.715% endpoint_success=79.005% episodes_per_second=158.35
episodes=475136/500000 batch_success=80.176% rolling_5000=79.520% total_success=78.722% endpoint_success=79.011% episodes_per_second=158.48
episodes=477184/500000 batch_success=79.980% rolling_5000=79.560% total_success=78.727% endpoint_success=79.016% episodes_per_second=158.61
episodes=479232/500000 batch_success=78.906% rolling_5000=79.680% total_success=78.728% endpoint_success=79.016% episodes_per_second=158.73
episodes=481280/500000 batch_success=79.297% rolling_5000=79.260% total_success=78.730% endpoint_success=79.018% episodes_per_second=158.85
validation_episodes=481280 success=445/512
episodes=483328/500000 batch_success=76.562% rolling_5000=78.260% total_success=78.721% endpoint_success=79.010% episodes_per_second=158.39
episodes=485376/500000 batch_success=77.930% rolling_5000=77.680% total_success=78.718% endpoint_success=79.007% episodes_per_second=158.52
episodes=487424/500000 batch_success=78.271% rolling_5000=77.840% total_success=78.716% endpoint_success=79.005% episodes_per_second=158.65
episodes=489472/500000 batch_success=78.174% rolling_5000=78.200% total_success=78.714% endpoint_success=79.002% episodes_per_second=158.79
episodes=491520/500000 batch_success=78.564% rolling_5000=78.100% total_success=78.713% endpoint_success=79.002% episodes_per_second=158.91
validation_episodes=491520 success=456/512
episodes=493568/500000 batch_success=79.492% rolling_5000=78.720% total_success=78.716% endpoint_success=79.004% episodes_per_second=158.46
episodes=495616/500000 batch_success=78.369% rolling_5000=78.820% total_success=78.715% endpoint_success=79.003% episodes_per_second=158.58
episodes=497664/500000 batch_success=76.221% rolling_5000=77.640% total_success=78.705% endpoint_success=78.993% episodes_per_second=158.71
episodes=499712/500000 batch_success=78.809% rolling_5000=77.780% total_success=78.705% endpoint_success=78.993% episodes_per_second=158.84
episodes=501760/500000 batch_success=80.176% rolling_5000=78.740% total_success=78.711% endpoint_success=78.999% episodes_per_second=158.96
validation_episodes=501760 success=474/512
{
  "status": "COMPLETE",
  "episodes": 501760,
  "requested_episodes": 500000,
  "batch_aligned_overshoot": 1760,
  "episodes_remaining": 0,
  "successes": 394940,
  "endpoint_successes": 396385,
  "legacy_scientific_successes": 0,
  "success_rate": 0.787109375,
  "rolling_success_rate": 0.7874,
  "rolling_window_episodes": 5000,
  "episodes_per_second": 158.38336875315014,
  "elapsed_s": 3168.0093936000485,
  "early_stopping_reason": null
}
