episodes=2048/100000 batch_success=80.371% rolling_5000=80.371% total_success=80.371% endpoint_success=80.615% episodes_per_second=94.38
episodes=4096/100000 batch_success=80.469% rolling_5000=80.420% total_success=80.420% endpoint_success=80.640% episodes_per_second=127.02
episodes=6144/100000 batch_success=80.811% rolling_5000=80.480% total_success=80.550% endpoint_success=80.794% episodes_per_second=143.23
episodes=8192/100000 batch_success=81.982% rolling_5000=80.900% total_success=80.908% endpoint_success=81.165% episodes_per_second=153.64
episodes=10240/100000 batch_success=79.785% rolling_5000=81.180% total_success=80.684% endpoint_success=80.957% episodes_per_second=160.43
validation_episodes=10240 success=477/512
episodes=12288/100000 batch_success=82.080% rolling_5000=81.120% total_success=80.916% endpoint_success=81.193% episodes_per_second=142.76
episodes=14336/100000 batch_success=82.227% rolling_5000=81.720% total_success=81.104% endpoint_success=81.383% episodes_per_second=148.83
episodes=16384/100000 batch_success=81.055% rolling_5000=81.720% total_success=81.097% endpoint_success=81.390% episodes_per_second=153.60
episodes=18432/100000 batch_success=81.250% rolling_5000=81.680% total_success=81.114% endpoint_success=81.396% episodes_per_second=157.63
episodes=20480/100000 batch_success=82.275% rolling_5000=81.620% total_success=81.230% endpoint_success=81.489% episodes_per_second=160.95
validation_episodes=20480 success=476/512
episodes=22528/100000 batch_success=79.883% rolling_5000=81.220% total_success=81.108% endpoint_success=81.392% episodes_per_second=151.20
episodes=24576/100000 batch_success=82.715% rolling_5000=81.560% total_success=81.242% endpoint_success=81.519% episodes_per_second=154.21
episodes=26624/100000 batch_success=80.420% rolling_5000=81.240% total_success=81.179% endpoint_success=81.460% episodes_per_second=157.04
episodes=28672/100000 batch_success=81.689% rolling_5000=81.500% total_success=81.215% endpoint_success=81.501% episodes_per_second=159.56
episodes=30720/100000 batch_success=79.639% rolling_5000=80.720% total_success=81.110% endpoint_success=81.390% episodes_per_second=161.81
validation_episodes=30720 success=474/512
episodes=32768/100000 batch_success=81.250% rolling_5000=80.360% total_success=81.119% endpoint_success=81.400% episodes_per_second=154.95
episodes=34816/100000 batch_success=80.859% rolling_5000=80.640% total_success=81.104% endpoint_success=81.379% episodes_per_second=156.86
episodes=36864/100000 batch_success=81.250% rolling_5000=81.120% total_success=81.112% endpoint_success=81.375% episodes_per_second=158.84
episodes=38912/100000 batch_success=80.176% rolling_5000=80.500% total_success=81.062% endpoint_success=81.337% episodes_per_second=160.52
episodes=40960/100000 batch_success=82.373% rolling_5000=81.060% total_success=81.128% endpoint_success=81.411% episodes_per_second=162.24
validation_episodes=40960 success=473/512
episodes=43008/100000 batch_success=80.713% rolling_5000=81.420% total_success=81.108% endpoint_success=81.383% episodes_per_second=157.16
episodes=45056/100000 batch_success=80.371% rolling_5000=81.060% total_success=81.075% endpoint_success=81.345% episodes_per_second=158.78
episodes=47104/100000 batch_success=81.250% rolling_5000=80.660% total_success=81.082% endpoint_success=81.350% episodes_per_second=160.23
episodes=49152/100000 batch_success=82.275% rolling_5000=81.260% total_success=81.132% endpoint_success=81.396% episodes_per_second=161.62
episodes=51200/100000 batch_success=81.445% rolling_5000=81.680% total_success=81.145% endpoint_success=81.402% episodes_per_second=162.89
validation_episodes=51200 success=474/512
episodes=53248/100000 batch_success=79.883% rolling_5000=80.920% total_success=81.096% endpoint_success=81.353% episodes_per_second=158.71
episodes=55296/100000 batch_success=79.639% rolling_5000=80.200% total_success=81.042% endpoint_success=81.301% episodes_per_second=160.02
episodes=57344/100000 batch_success=80.225% rolling_5000=79.640% total_success=81.013% endpoint_success=81.273% episodes_per_second=161.22
episodes=59392/100000 batch_success=80.273% rolling_5000=80.280% total_success=80.987% endpoint_success=81.250% episodes_per_second=162.33
episodes=61440/100000 batch_success=80.176% rolling_5000=80.000% total_success=80.960% endpoint_success=81.221% episodes_per_second=163.28
validation_episodes=61440 success=476/512
episodes=63488/100000 batch_success=79.883% rolling_5000=80.180% total_success=80.926% endpoint_success=81.179% episodes_per_second=159.58
episodes=65536/100000 batch_success=80.713% rolling_5000=80.220% total_success=80.919% endpoint_success=81.172% episodes_per_second=160.50
episodes=67584/100000 batch_success=81.641% rolling_5000=80.820% total_success=80.941% endpoint_success=81.194% episodes_per_second=161.50
episodes=69632/100000 batch_success=80.273% rolling_5000=80.740% total_success=80.921% endpoint_success=81.177% episodes_per_second=162.45
episodes=71680/100000 batch_success=82.373% rolling_5000=81.540% total_success=80.963% endpoint_success=81.221% episodes_per_second=163.32
validation_episodes=71680 success=474/512
episodes=73728/100000 batch_success=80.078% rolling_5000=80.940% total_success=80.938% endpoint_success=81.193% episodes_per_second=160.06
episodes=75776/100000 batch_success=79.443% rolling_5000=80.280% total_success=80.898% endpoint_success=81.158% episodes_per_second=160.83
episodes=77824/100000 batch_success=79.980% rolling_5000=79.660% total_success=80.874% endpoint_success=81.133% episodes_per_second=161.57
episodes=79872/100000 batch_success=81.494% rolling_5000=80.640% total_success=80.889% endpoint_success=81.149% episodes_per_second=162.23
episodes=81920/100000 batch_success=81.982% rolling_5000=81.400% total_success=80.917% endpoint_success=81.174% episodes_per_second=162.93
validation_episodes=81920 success=476/512
episodes=83968/100000 batch_success=81.836% rolling_5000=81.940% total_success=80.939% endpoint_success=81.195% episodes_per_second=160.23
episodes=86016/100000 batch_success=81.201% rolling_5000=81.480% total_success=80.945% endpoint_success=81.201% episodes_per_second=161.04
episodes=88064/100000 batch_success=81.836% rolling_5000=81.480% total_success=80.966% endpoint_success=81.218% episodes_per_second=161.79
episodes=90112/100000 batch_success=81.006% rolling_5000=81.220% total_success=80.967% endpoint_success=81.219% episodes_per_second=162.47
episodes=92160/100000 batch_success=81.836% rolling_5000=81.500% total_success=80.986% endpoint_success=81.236% episodes_per_second=163.13
validation_episodes=92160 success=480/512
episodes=94208/100000 batch_success=81.494% rolling_5000=81.360% total_success=80.997% endpoint_success=81.249% episodes_per_second=160.77
episodes=96256/100000 batch_success=80.127% rolling_5000=80.780% total_success=80.979% endpoint_success=81.231% episodes_per_second=161.48
episodes=98304/100000 batch_success=78.662% rolling_5000=79.680% total_success=80.931% endpoint_success=81.179% episodes_per_second=162.08
episodes=100352/100000 batch_success=77.441% rolling_5000=78.500% total_success=80.859% endpoint_success=81.104% episodes_per_second=162.55
{
  "status": "COMPLETE",
  "episodes": 100352,
  "requested_episodes": 100000,
  "batch_aligned_overshoot": 352,
  "episodes_remaining": 0,
  "successes": 81144,
  "endpoint_successes": 81389,
  "legacy_scientific_successes": 0,
  "success_rate": 0.80859375,
  "rolling_success_rate": 0.785,
  "rolling_window_episodes": 5000,
  "episodes_per_second": 162.55158284783602,
  "elapsed_s": 617.3548005000921,
  "early_stopping_reason": null
}
