{"stage": "preparing cable windows", "drone_windows": 95}
{"stage": "CUDA nominal translation", "delay_s": 0.0, "windows": 69}
{"stage": "CUDA nominal translation", "delay_s": 0.02, "windows": 69}
{"stage": "CUDA nominal translation", "delay_s": 0.04, "windows": 69}
{"stage": "CUDA nominal translation", "delay_s": 0.06, "windows": 69}
{"stage": "CUDA nominal translation", "delay_s": 0.08, "windows": 69}
{"stage": "CUDA nominal translation", "delay_s": 0.1, "windows": 69}
{"stage": "CUDA nominal translation", "delay_s": 0.12, "windows": 69}
{"stage": "CUDA attitude response", "windows": 69}
[W909 21:32:26.000000000 Context.cpp:448] Warning: torch.backends.cuda.preferred_linalg_library is an experimental feature. If you see any error or unexpected behavior when this flag is set please file an issue on GitHub. (function operator ())
{"stage": "CUDA drone residual", "windows": 69}
{"stage": "drone residual", "update": 1, "ceiling": 400}
{"stage": "drone residual", "update": 2, "ceiling": 400}
{"stage": "drone residual", "update": 3, "ceiling": 400}
{"stage": "drone residual", "update": 4, "ceiling": 400}
{"stage": "drone residual", "update": 5, "ceiling": 400}
{"stage": "drone residual", "update": 6, "ceiling": 400}
{"stage": "drone residual", "update": 7, "ceiling": 400}
{"stage": "drone residual", "update": 8, "ceiling": 400}
{"stage": "drone residual", "update": 9, "ceiling": 400}
{"stage": "drone residual", "update": 10, "ceiling": 400}
{"stage": "drone residual", "update": 11, "ceiling": 400}
{"stage": "drone residual", "update": 12, "ceiling": 400}
{"stage": "drone residual", "update": 13, "ceiling": 400}
{"stage": "drone residual", "update": 14, "ceiling": 400}
{"stage": "drone residual", "update": 15, "ceiling": 400}
{"stage": "drone residual", "update": 16, "ceiling": 400}
{"stage": "drone residual", "update": 17, "ceiling": 400}
{"stage": "drone residual", "update": 18, "ceiling": 400}
{"stage": "drone residual", "update": 19, "ceiling": 400}
{"stage": "drone residual", "update": 20, "ceiling": 400}
{"stage": "drone residual", "update": 21, "ceiling": 400}
{"stage": "drone residual", "update": 22, "ceiling": 400}
{"stage": "drone residual", "update": 23, "ceiling": 400}
{"stage": "drone residual", "update": 24, "ceiling": 400}
{"stage": "drone residual", "update": 25, "ceiling": 400}
{"stage": "drone residual", "update": 26, "ceiling": 400}
{"stage": "drone residual", "update": 27, "ceiling": 400}
{"stage": "drone residual", "update": 28, "ceiling": 400}
{"stage": "drone residual", "update": 29, "ceiling": 400}
{"stage": "drone residual", "update": 30, "ceiling": 400}
{"stage": "drone residual", "update": 31, "ceiling": 400}
{"stage": "drone residual", "update": 32, "ceiling": 400}
{"stage": "drone residual", "update": 33, "ceiling": 400}
{"stage": "drone residual", "update": 34, "ceiling": 400}
{"stage": "drone residual", "update": 35, "ceiling": 400}
{"stage": "drone residual", "update": 36, "ceiling": 400}
{"stage": "drone residual", "update": 37, "ceiling": 400}
{"stage": "drone residual", "update": 38, "ceiling": 400}
{"stage": "drone residual", "update": 39, "ceiling": 400}
{"stage": "drone residual", "update": 40, "ceiling": 400}
{"stage": "drone residual", "update": 41, "ceiling": 400}
{"stage": "drone residual", "update": 42, "ceiling": 400}
{"stage": "drone residual", "update": 43, "ceiling": 400}
{"stage": "drone residual", "update": 44, "ceiling": 400}
{"stage": "drone residual", "update": 45, "ceiling": 400}
{"stage": "drone residual", "update": 46, "ceiling": 400}
{"stage": "drone residual", "update": 47, "ceiling": 400}
{"stage": "drone residual", "update": 48, "ceiling": 400}
{"stage": "drone residual", "update": 49, "ceiling": 400}
{"stage": "drone residual", "update": 50, "ceiling": 400}
{"stage": "drone residual", "update": 51, "ceiling": 400}
{"stage": "drone residual", "update": 52, "ceiling": 400}
{"stage": "drone residual", "update": 53, "ceiling": 400}
{"stage": "drone residual", "update": 54, "ceiling": 400}
{"stage": "drone residual", "update": 55, "ceiling": 400}
{"stage": "drone residual", "update": 56, "ceiling": 400}
{"stage": "drone residual", "update": 57, "ceiling": 400}
{"stage": "drone residual", "update": 58, "ceiling": 400}
{"stage": "drone residual", "update": 59, "ceiling": 400}
{"stage": "drone residual", "update": 60, "ceiling": 400}
{"stage": "drone residual", "update": 61, "ceiling": 400}
{"stage": "drone residual", "update": 62, "ceiling": 400}
{"stage": "drone residual", "update": 63, "ceiling": 400}
{"stage": "drone residual", "update": 64, "ceiling": 400}
{"stage": "drone residual", "update": 65, "ceiling": 400}
{"stage": "drone residual", "update": 66, "ceiling": 400}
{"stage": "drone residual", "update": 67, "ceiling": 400}
{"stage": "drone residual", "update": 68, "ceiling": 400}
{"stage": "drone residual", "update": 69, "ceiling": 400}
{"stage": "drone residual", "update": 70, "ceiling": 400}
{"stage": "drone residual", "update": 71, "ceiling": 400}
{"stage": "drone residual", "update": 72, "ceiling": 400}
{"stage": "drone residual", "update": 73, "ceiling": 400}
{"stage": "drone residual", "update": 74, "ceiling": 400}
{"stage": "drone residual", "update": 75, "ceiling": 400}
{"stage": "drone residual", "update": 76, "ceiling": 400}
{"stage": "drone residual", "update": 77, "ceiling": 400}
{"stage": "drone residual", "update": 78, "ceiling": 400}
{"stage": "drone residual", "update": 79, "ceiling": 400}
{"stage": "drone residual", "update": 80, "ceiling": 400}
{"stage": "drone residual", "update": 81, "ceiling": 400}
{"stage": "drone residual", "update": 82, "ceiling": 400}
{"stage": "drone residual", "update": 83, "ceiling": 400}
{"stage": "drone residual", "update": 84, "ceiling": 400}
{"stage": "drone residual", "update": 85, "ceiling": 400}
{"stage": "drone residual", "update": 86, "ceiling": 400}
{"stage": "drone residual", "update": 87, "ceiling": 400}
{"stage": "drone residual", "update": 88, "ceiling": 400}
{"stage": "drone residual", "update": 89, "ceiling": 400}
{"stage": "drone residual", "update": 90, "ceiling": 400}
{"stage": "drone residual", "update": 91, "ceiling": 400}
{"stage": "drone residual", "update": 92, "ceiling": 400}
{"stage": "drone residual", "update": 93, "ceiling": 400}
{"stage": "drone residual", "update": 94, "ceiling": 400}
{"stage": "drone residual", "update": 95, "ceiling": 400}
{"stage": "drone residual", "update": 96, "ceiling": 400}
{"stage": "drone residual", "update": 97, "ceiling": 400}
{"stage": "drone residual", "update": 98, "ceiling": 400}
{"stage": "drone residual", "update": 99, "ceiling": 400}
{"stage": "drone residual", "update": 100, "ceiling": 400}
{"stage": "drone residual", "update": 101, "ceiling": 400}
{"stage": "drone residual", "update": 102, "ceiling": 400}
{"stage": "drone residual", "update": 103, "ceiling": 400}
{"stage": "drone residual", "update": 104, "ceiling": 400}
{"stage": "drone residual", "update": 105, "ceiling": 400}
{"stage": "drone residual", "update": 106, "ceiling": 400}
{"stage": "drone residual", "update": 107, "ceiling": 400}
{"stage": "drone residual", "update": 108, "ceiling": 400}
{"stage": "drone residual", "update": 109, "ceiling": 400}
{"stage": "drone residual", "update": 110, "ceiling": 400}
{"stage": "drone residual", "update": 111, "ceiling": 400}
{"stage": "drone residual", "update": 112, "ceiling": 400}
{"stage": "drone residual", "update": 113, "ceiling": 400}
{"stage": "drone residual", "update": 114, "ceiling": 400}
{"stage": "drone residual", "update": 115, "ceiling": 400}
{"stage": "drone residual", "update": 116, "ceiling": 400}
{"stage": "drone residual", "update": 117, "ceiling": 400}
{"stage": "drone residual", "update": 118, "ceiling": 400}
{"stage": "drone residual", "update": 119, "ceiling": 400}
{"stage": "drone residual", "update": 120, "ceiling": 400}
{"stage": "drone residual", "update": 121, "ceiling": 400}
{"stage": "drone residual", "update": 122, "ceiling": 400}
{"stage": "drone residual", "update": 123, "ceiling": 400}
{"stage": "drone residual", "update": 124, "ceiling": 400}
{"stage": "drone residual", "update": 125, "ceiling": 400}
{"stage": "drone residual", "update": 126, "ceiling": 400}
{"stage": "drone residual", "update": 127, "ceiling": 400}
{"stage": "drone residual", "update": 128, "ceiling": 400}
{"stage": "drone residual", "update": 129, "ceiling": 400}
{"stage": "drone residual", "update": 130, "ceiling": 400}
{"stage": "drone residual", "update": 131, "ceiling": 400}
{"stage": "drone residual", "update": 132, "ceiling": 400}
{"stage": "drone residual", "update": 133, "ceiling": 400}
{"stage": "drone residual", "update": 134, "ceiling": 400}
{"stage": "drone residual", "update": 135, "ceiling": 400}
{"stage": "drone residual", "update": 136, "ceiling": 400}
{"stage": "drone residual", "update": 137, "ceiling": 400}
{"stage": "drone residual", "update": 138, "ceiling": 400}
{"stage": "drone residual", "update": 139, "ceiling": 400}
{"stage": "drone residual", "update": 140, "ceiling": 400}
{"stage": "drone residual", "update": 141, "ceiling": 400}
{"stage": "drone residual", "update": 142, "ceiling": 400}
{"stage": "drone residual", "update": 143, "ceiling": 400}
{"stage": "drone residual", "update": 144, "ceiling": 400}
{"stage": "drone residual", "update": 145, "ceiling": 400}
{"stage": "drone residual", "update": 146, "ceiling": 400}
{"stage": "drone residual", "update": 147, "ceiling": 400}
{"stage": "drone residual", "update": 148, "ceiling": 400}
{"stage": "drone residual", "update": 149, "ceiling": 400}
{"stage": "drone residual", "update": 150, "ceiling": 400}
{"stage": "drone residual", "update": 151, "ceiling": 400}
{"stage": "drone residual", "update": 152, "ceiling": 400}
{"stage": "drone residual", "update": 153, "ceiling": 400}
{"stage": "drone residual", "update": 154, "ceiling": 400}
{"stage": "drone residual", "update": 155, "ceiling": 400}
{"stage": "drone residual", "update": 156, "ceiling": 400}
{"stage": "drone residual", "update": 157, "ceiling": 400}
{"stage": "drone residual", "update": 158, "ceiling": 400}
{"stage": "drone residual", "update": 159, "ceiling": 400}
{"stage": "drone residual", "update": 160, "ceiling": 400}
{"stage": "drone residual", "update": 161, "ceiling": 400}
{"stage": "drone residual", "update": 162, "ceiling": 400}
{"stage": "drone residual", "update": 163, "ceiling": 400}
{"stage": "drone residual", "update": 164, "ceiling": 400}
{"stage": "drone residual", "update": 165, "ceiling": 400}
{"stage": "drone residual", "update": 166, "ceiling": 400}
{"stage": "drone residual", "update": 167, "ceiling": 400}
{"stage": "drone residual", "update": 168, "ceiling": 400}
{"stage": "drone residual", "update": 169, "ceiling": 400}
{"stage": "drone residual", "update": 170, "ceiling": 400}
{"stage": "drone residual", "update": 171, "ceiling": 400}
{"stage": "drone residual", "update": 172, "ceiling": 400}
{"stage": "drone residual", "update": 173, "ceiling": 400}
{"stage": "drone residual", "update": 174, "ceiling": 400}
{"stage": "drone residual", "update": 175, "ceiling": 400}
{"stage": "drone residual", "update": 176, "ceiling": 400}
{"stage": "drone residual", "update": 177, "ceiling": 400}
{"stage": "drone residual", "update": 178, "ceiling": 400}
{"stage": "drone residual", "update": 179, "ceiling": 400}
{"stage": "drone residual", "update": 180, "ceiling": 400}
{"stage": "drone residual", "update": 181, "ceiling": 400}
{"stage": "drone residual", "update": 182, "ceiling": 400}
{"stage": "drone residual", "update": 183, "ceiling": 400}
{"stage": "drone residual", "update": 184, "ceiling": 400}
{"stage": "drone residual", "update": 185, "ceiling": 400}
{"stage": "drone residual", "update": 186, "ceiling": 400}
{"stage": "drone residual", "update": 187, "ceiling": 400}
{"stage": "drone residual", "update": 188, "ceiling": 400}
{"stage": "drone residual", "update": 189, "ceiling": 400}
{"stage": "drone residual", "update": 190, "ceiling": 400}
{"stage": "drone residual", "update": 191, "ceiling": 400}
{"stage": "drone residual", "update": 192, "ceiling": 400}
{"stage": "drone residual", "update": 193, "ceiling": 400}
{"stage": "drone residual", "update": 194, "ceiling": 400}
{"stage": "drone residual", "update": 195, "ceiling": 400}
{"stage": "drone residual", "update": 196, "ceiling": 400}
{"stage": "drone residual", "update": 197, "ceiling": 400}
{"stage": "drone residual", "update": 198, "ceiling": 400}
{"stage": "drone residual", "update": 199, "ceiling": 400}
{"stage": "drone residual", "update": 200, "ceiling": 400}
{"stage": "drone residual", "update": 201, "ceiling": 400}
{"stage": "drone residual", "update": 202, "ceiling": 400}
{"stage": "drone residual", "update": 203, "ceiling": 400}
{"stage": "drone residual", "update": 204, "ceiling": 400}
{"stage": "drone residual", "update": 205, "ceiling": 400}
{"stage": "drone residual", "update": 206, "ceiling": 400}
{"stage": "drone residual", "update": 207, "ceiling": 400}
{"stage": "drone residual", "update": 208, "ceiling": 400}
{"stage": "drone residual", "update": 209, "ceiling": 400}
{"stage": "drone residual", "update": 210, "ceiling": 400}
{"stage": "drone residual", "update": 211, "ceiling": 400}
{"stage": "drone residual", "update": 212, "ceiling": 400}
{"stage": "drone residual", "update": 213, "ceiling": 400}
{"stage": "drone residual", "update": 214, "ceiling": 400}
{"stage": "drone residual", "update": 215, "ceiling": 400}
{"stage": "drone residual", "update": 216, "ceiling": 400}
{"stage": "drone residual", "update": 217, "ceiling": 400}
{"stage": "drone residual", "update": 218, "ceiling": 400}
{"stage": "drone residual", "update": 219, "ceiling": 400}
{"stage": "drone residual", "update": 220, "ceiling": 400}
{"stage": "drone residual", "update": 221, "ceiling": 400}
{"stage": "drone residual", "update": 222, "ceiling": 400}
{"stage": "drone residual", "update": 223, "ceiling": 400}
{"stage": "drone residual", "update": 224, "ceiling": 400}
{"stage": "drone residual", "update": 225, "ceiling": 400}
{"stage": "drone residual", "update": 226, "ceiling": 400}
{"stage": "drone residual", "update": 227, "ceiling": 400}
{"stage": "drone residual", "update": 228, "ceiling": 400}
{"stage": "drone residual", "update": 229, "ceiling": 400}
{"stage": "drone residual", "update": 230, "ceiling": 400}
{"stage": "drone residual", "update": 231, "ceiling": 400}
{"stage": "drone residual", "update": 232, "ceiling": 400}
{"stage": "drone residual", "update": 233, "ceiling": 400}
{"stage": "drone residual", "update": 234, "ceiling": 400}
{"stage": "drone residual", "update": 235, "ceiling": 400}
{"stage": "drone residual", "update": 236, "ceiling": 400}
{"stage": "drone residual", "update": 237, "ceiling": 400}
{"stage": "drone residual", "update": 238, "ceiling": 400}
{"stage": "drone residual", "update": 239, "ceiling": 400}
{"stage": "drone residual", "update": 240, "ceiling": 400}
{"stage": "drone residual", "update": 241, "ceiling": 400}
{"stage": "drone residual", "update": 242, "ceiling": 400}
{"stage": "drone residual", "update": 243, "ceiling": 400}
{"stage": "drone residual", "update": 244, "ceiling": 400}
{"stage": "drone residual", "update": 245, "ceiling": 400}
{"stage": "drone residual", "update": 246, "ceiling": 400}
{"stage": "drone residual", "update": 247, "ceiling": 400}
{"stage": "drone residual", "update": 248, "ceiling": 400}
{"stage": "drone residual", "update": 249, "ceiling": 400}
{"stage": "drone residual", "update": 250, "ceiling": 400}
{"stage": "drone residual", "update": 251, "ceiling": 400}
{"stage": "drone residual", "update": 252, "ceiling": 400}
{"stage": "drone residual", "update": 253, "ceiling": 400}
{"stage": "drone residual", "update": 254, "ceiling": 400}
{"stage": "drone residual", "update": 255, "ceiling": 400}
{"stage": "drone residual", "update": 256, "ceiling": 400}
{"stage": "drone residual", "update": 257, "ceiling": 400}
{"stage": "drone residual", "update": 258, "ceiling": 400}
{"stage": "drone residual", "update": 259, "ceiling": 400}
{"stage": "drone residual", "update": 260, "ceiling": 400}
{"stage": "drone residual", "update": 261, "ceiling": 400}
{"stage": "drone residual", "update": 262, "ceiling": 400}
{"stage": "drone residual", "update": 263, "ceiling": 400}
{"stage": "drone residual", "update": 264, "ceiling": 400}
{"stage": "drone residual", "update": 265, "ceiling": 400}
{"stage": "drone residual", "update": 266, "ceiling": 400}
{"stage": "drone residual", "update": 267, "ceiling": 400}
{"stage": "drone residual", "update": 268, "ceiling": 400}
{"stage": "drone residual", "update": 269, "ceiling": 400}
{"stage": "drone residual", "update": 270, "ceiling": 400}
{"stage": "drone residual", "update": 271, "ceiling": 400}
{"stage": "drone residual", "update": 272, "ceiling": 400}
{"stage": "drone residual", "update": 273, "ceiling": 400}
{"stage": "drone residual", "update": 274, "ceiling": 400}
{"stage": "drone residual", "update": 275, "ceiling": 400}
{"stage": "drone residual", "update": 276, "ceiling": 400}
{"stage": "drone residual", "update": 277, "ceiling": 400}
{"stage": "drone residual", "update": 278, "ceiling": 400}
{"stage": "drone residual", "update": 279, "ceiling": 400}
{"stage": "drone residual", "update": 280, "ceiling": 400}
{"stage": "drone residual", "update": 281, "ceiling": 400}
{"stage": "drone residual", "update": 282, "ceiling": 400}
{"stage": "drone residual", "update": 283, "ceiling": 400}
{"stage": "drone residual", "update": 284, "ceiling": 400}
{"stage": "drone residual", "update": 285, "ceiling": 400}
{"stage": "drone residual", "update": 286, "ceiling": 400}
{"stage": "drone residual", "update": 287, "ceiling": 400}
{"stage": "drone residual", "update": 288, "ceiling": 400}
{"stage": "drone residual", "update": 289, "ceiling": 400}
{"stage": "drone residual", "update": 290, "ceiling": 400}
{"stage": "drone residual", "update": 291, "ceiling": 400}
{"stage": "drone residual", "update": 292, "ceiling": 400}
{"stage": "drone residual", "update": 293, "ceiling": 400}
{"stage": "drone residual", "update": 294, "ceiling": 400}
{"stage": "drone residual", "update": 295, "ceiling": 400}
{"stage": "drone residual", "update": 296, "ceiling": 400}
{"stage": "drone residual", "update": 297, "ceiling": 400}
{"stage": "drone residual", "update": 298, "ceiling": 400}
{"stage": "drone residual", "update": 299, "ceiling": 400}
{"stage": "drone residual", "update": 300, "ceiling": 400}
{"stage": "drone residual", "update": 301, "ceiling": 400}
{"stage": "drone residual", "update": 302, "ceiling": 400}
{"stage": "drone residual", "update": 303, "ceiling": 400}
{"stage": "drone residual", "update": 304, "ceiling": 400}
{"stage": "drone residual", "update": 305, "ceiling": 400}
{"stage": "drone residual", "update": 306, "ceiling": 400}
{"stage": "drone residual", "update": 307, "ceiling": 400}
{"stage": "drone residual", "update": 308, "ceiling": 400}
{"stage": "drone residual", "update": 309, "ceiling": 400}
{"stage": "drone residual", "update": 310, "ceiling": 400}
{"stage": "drone residual", "update": 311, "ceiling": 400}
{"stage": "drone residual", "update": 312, "ceiling": 400}
{"stage": "drone residual", "update": 313, "ceiling": 400}
{"stage": "drone residual", "update": 314, "ceiling": 400}
{"stage": "drone residual", "update": 315, "ceiling": 400}
{"stage": "drone residual", "update": 316, "ceiling": 400}
{"stage": "drone residual", "update": 317, "ceiling": 400}
{"stage": "drone residual", "update": 318, "ceiling": 400}
{"stage": "drone residual", "update": 319, "ceiling": 400}
{"stage": "drone residual", "update": 320, "ceiling": 400}
{"stage": "drone residual", "update": 321, "ceiling": 400}
{"stage": "drone residual", "update": 322, "ceiling": 400}
{"stage": "drone residual", "update": 323, "ceiling": 400}
{"stage": "drone residual", "update": 324, "ceiling": 400}
{"stage": "drone residual", "update": 325, "ceiling": 400}
{"stage": "drone residual", "update": 326, "ceiling": 400}
{"stage": "drone residual", "update": 327, "ceiling": 400}
{"stage": "drone residual", "update": 328, "ceiling": 400}
{"stage": "drone residual", "update": 329, "ceiling": 400}
{"stage": "drone residual", "update": 330, "ceiling": 400}
{"stage": "drone residual", "update": 331, "ceiling": 400}
{"stage": "drone residual", "update": 332, "ceiling": 400}
{"stage": "drone residual", "update": 333, "ceiling": 400}
{"stage": "drone residual", "update": 334, "ceiling": 400}
{"stage": "drone residual", "update": 335, "ceiling": 400}
{"stage": "drone residual", "update": 336, "ceiling": 400}
{"stage": "drone residual", "update": 337, "ceiling": 400}
{"stage": "drone residual", "update": 338, "ceiling": 400}
{"stage": "drone residual", "update": 339, "ceiling": 400}
{"stage": "drone residual", "update": 340, "ceiling": 400}
{"stage": "drone residual", "update": 341, "ceiling": 400}
{"stage": "drone residual", "update": 342, "ceiling": 400}
{"stage": "drone residual", "update": 343, "ceiling": 400}
{"stage": "drone residual", "update": 344, "ceiling": 400}
{"stage": "drone residual", "update": 345, "ceiling": 400}
{"stage": "drone residual", "update": 346, "ceiling": 400}
{"stage": "drone residual", "update": 347, "ceiling": 400}
{"stage": "drone residual", "update": 348, "ceiling": 400}
{"stage": "drone residual", "update": 349, "ceiling": 400}
{"stage": "drone residual", "update": 350, "ceiling": 400}
{"stage": "drone residual", "update": 351, "ceiling": 400}
{"stage": "drone residual", "update": 352, "ceiling": 400}
{"stage": "drone residual", "update": 353, "ceiling": 400}
{"stage": "drone residual", "update": 354, "ceiling": 400}
{"stage": "drone residual", "update": 355, "ceiling": 400}
{"stage": "drone residual", "update": 356, "ceiling": 400}
{"stage": "drone residual", "update": 357, "ceiling": 400}
{"stage": "drone residual", "update": 358, "ceiling": 400}
{"stage": "drone residual", "update": 359, "ceiling": 400}
{"stage": "drone residual", "update": 360, "ceiling": 400}
{"stage": "drone residual", "update": 361, "ceiling": 400}
{"stage": "drone residual", "update": 362, "ceiling": 400}
{"stage": "drone residual", "update": 363, "ceiling": 400}
{"stage": "drone residual", "update": 364, "ceiling": 400}
{"stage": "drone residual", "update": 365, "ceiling": 400}
{"stage": "drone residual", "update": 366, "ceiling": 400}
{"stage": "drone residual", "update": 367, "ceiling": 400}
{"stage": "drone residual", "update": 368, "ceiling": 400}
{"stage": "drone residual", "update": 369, "ceiling": 400}
{"stage": "drone residual", "update": 370, "ceiling": 400}
{"stage": "drone residual", "update": 371, "ceiling": 400}
{"stage": "drone residual", "update": 372, "ceiling": 400}
{"stage": "drone residual", "update": 373, "ceiling": 400}
{"stage": "drone residual", "update": 374, "ceiling": 400}
{"stage": "drone residual", "update": 375, "ceiling": 400}
{"stage": "drone residual", "update": 376, "ceiling": 400}
{"stage": "drone residual", "update": 377, "ceiling": 400}
{"stage": "drone residual", "update": 378, "ceiling": 400}
{"stage": "drone residual", "update": 379, "ceiling": 400}
{"stage": "drone residual", "update": 380, "ceiling": 400}
{"stage": "drone residual", "update": 381, "ceiling": 400}
{"stage": "drone residual", "update": 382, "ceiling": 400}
{"stage": "drone residual", "update": 383, "ceiling": 400}
{"stage": "drone residual", "update": 384, "ceiling": 400}
{"stage": "drone residual", "update": 385, "ceiling": 400}
{"stage": "drone residual", "update": 386, "ceiling": 400}
{"stage": "drone residual", "update": 387, "ceiling": 400}
{"stage": "drone residual", "update": 388, "ceiling": 400}
{"stage": "drone residual", "update": 389, "ceiling": 400}
{"stage": "drone residual", "update": 390, "ceiling": 400}
{"stage": "drone residual", "update": 391, "ceiling": 400}
{"stage": "drone residual", "update": 392, "ceiling": 400}
{"stage": "drone residual", "update": 393, "ceiling": 400}
{"stage": "drone residual", "update": 394, "ceiling": 400}
{"stage": "drone residual", "update": 395, "ceiling": 400}
{"stage": "drone residual", "update": 396, "ceiling": 400}
{"stage": "drone residual", "update": 397, "ceiling": 400}
{"stage": "drone residual", "update": 398, "ceiling": 400}
{"stage": "drone residual", "update": 399, "ceiling": 400}
{"stage": "drone residual", "update": 400, "ceiling": 400}
{"stage": "CUDA attitude response", "windows": 69}
{"stage": "CUDA cable physical grid", "windows": 133, "candidates": 20}
{"stage": "cable physics", "evaluation": 1}
{"stage": "cable physics", "evaluation": 2}
{"stage": "cable physics", "evaluation": 3}
{"stage": "cable physics", "evaluation": 4}
{"stage": "CUDA cable residual graph preparation", "windows": 133}
{"stage": "cable residual", "update": 1, "ceiling": 120}
{"stage": "cable residual", "update": 2, "ceiling": 120}
{"stage": "cable residual", "update": 3, "ceiling": 120}
{"stage": "cable residual", "update": 4, "ceiling": 120}
{"stage": "cable residual", "update": 5, "ceiling": 120}
{"stage": "cable residual", "update": 6, "ceiling": 120}
{"stage": "cable residual", "update": 7, "ceiling": 120}
{"stage": "cable residual", "update": 8, "ceiling": 120}
{"stage": "cable residual", "update": 9, "ceiling": 120}
{"stage": "cable residual", "update": 10, "ceiling": 120}
{"stage": "cable residual", "update": 11, "ceiling": 120}
{"stage": "cable residual", "update": 12, "ceiling": 120}
{"stage": "checking cold model"}
{"stage": "checking fitted model"}
{"stage": "coupled cold figure8_001"}
{"stage": "coupled fitted figure8_001"}
Traceback (most recent call last):
  File "C:\Users\wts28\Documents\PHD\particle_filter_cable_project\runs\adaptation\20260909-preliminary1-M0-v2\code_snapshot\tools\fit_preliminary.py", line 8, in <module>
    args=parser.parse_args();run(args.job)
                             ^^^^^^^^^^^^^
  File "C:\Users\wts28\Documents\PHD\particle_filter_cable_project\runs\adaptation\20260909-preliminary1-M0-v2\code_snapshot\experimental_data\preliminary_fit.py", line 185, in run
    publish(job,trials,records)
  File "C:\Users\wts28\Documents\PHD\particle_filter_cable_project\runs\adaptation\20260909-preliminary1-M0-v2\code_snapshot\experimental_data\preliminary_fit.py", line 157, in publish
    if error>1e-9 or not bool(runtime['valid'].all()):raise AssertionError('Training/runtime drone mismatch')
                                                      ^^^^^^^^^^^^^^^^^^^^^^^^^^^^^^^^^^^^^^^^^^^^^^^^^^^^^^^
AssertionError: Training/runtime drone mismatch
