episodes=2048/1000000 batch_success=69.727% total_success=69.727% endpoint_success=85.498% episodes_per_second=108.61
episodes=4096/1000000 batch_success=62.695% total_success=66.211% endpoint_success=83.276% episodes_per_second=146.66
episodes=6144/1000000 batch_success=55.078% total_success=62.500% endpoint_success=80.143% episodes_per_second=164.77
episodes=8192/1000000 batch_success=56.152% total_success=60.913% endpoint_success=78.613% episodes_per_second=171.37
episodes=10240/1000000 batch_success=56.006% total_success=59.932% endpoint_success=77.441% episodes_per_second=178.21
validation_episodes=10240 success=60/64
episodes=12288/1000000 batch_success=54.199% total_success=58.976% endpoint_success=76.229% episodes_per_second=161.10
episodes=14336/1000000 batch_success=55.176% total_success=58.433% endpoint_success=75.021% episodes_per_second=167.45
episodes=16384/1000000 batch_success=57.861% total_success=58.362% endpoint_success=74.426% episodes_per_second=172.33
episodes=18432/1000000 batch_success=56.445% total_success=58.149% endpoint_success=74.094% episodes_per_second=176.73
episodes=20480/1000000 batch_success=55.029% total_success=57.837% endpoint_success=73.501% episodes_per_second=180.31
validation_episodes=20480 success=56/64
episodes=22528/1000000 batch_success=54.639% total_success=57.546% endpoint_success=72.856% episodes_per_second=170.53
episodes=24576/1000000 batch_success=56.445% total_success=57.454% endpoint_success=72.607% episodes_per_second=173.72
episodes=26624/1000000 batch_success=53.662% total_success=57.163% endpoint_success=72.063% episodes_per_second=176.15
episodes=28672/1000000 batch_success=55.908% total_success=57.073% endpoint_success=71.502% episodes_per_second=178.55
episodes=30720/1000000 batch_success=56.299% total_success=57.021% endpoint_success=71.090% episodes_per_second=180.95
validation_episodes=30720 success=59/64
episodes=32768/1000000 batch_success=58.447% total_success=57.111% endpoint_success=70.795% episodes_per_second=174.23
episodes=34816/1000000 batch_success=60.352% total_success=57.301% endpoint_success=70.875% episodes_per_second=175.98
episodes=36864/1000000 batch_success=64.062% total_success=57.677% endpoint_success=70.974% episodes_per_second=176.84
episodes=38912/1000000 batch_success=63.672% total_success=57.992% endpoint_success=71.140% episodes_per_second=177.53
episodes=40960/1000000 batch_success=63.623% total_success=58.274% endpoint_success=71.238% episodes_per_second=179.33
validation_episodes=40960 success=59/64
episodes=43008/1000000 batch_success=62.500% total_success=58.475% endpoint_success=71.356% episodes_per_second=174.47
episodes=45056/1000000 batch_success=58.936% total_success=58.496% endpoint_success=71.535% episodes_per_second=176.17
episodes=47104/1000000 batch_success=61.133% total_success=58.611% endpoint_success=71.690% episodes_per_second=177.77
episodes=49152/1000000 batch_success=57.812% total_success=58.577% endpoint_success=71.726% episodes_per_second=179.19
episodes=51200/1000000 batch_success=59.863% total_success=58.629% endpoint_success=71.795% episodes_per_second=180.33
validation_episodes=51200 success=59/64
episodes=53248/1000000 batch_success=62.695% total_success=58.785% endpoint_success=71.918% episodes_per_second=175.99
episodes=55296/1000000 batch_success=58.691% total_success=58.782% endpoint_success=71.906% episodes_per_second=177.47
episodes=57344/1000000 batch_success=61.084% total_success=58.864% endpoint_success=72.004% episodes_per_second=178.72
episodes=59392/1000000 batch_success=62.793% total_success=59.000% endpoint_success=72.134% episodes_per_second=179.72
episodes=61440/1000000 batch_success=62.500% total_success=59.116% endpoint_success=72.246% episodes_per_second=180.68
validation_episodes=61440 success=60/64
episodes=63488/1000000 batch_success=65.479% total_success=59.321% endpoint_success=72.409% episodes_per_second=177.07
episodes=65536/1000000 batch_success=64.307% total_success=59.477% endpoint_success=72.588% episodes_per_second=178.19
episodes=67584/1000000 batch_success=63.818% total_success=59.609% endpoint_success=72.681% episodes_per_second=179.25
episodes=69632/1000000 batch_success=65.674% total_success=59.787% endpoint_success=72.796% episodes_per_second=180.16
episodes=71680/1000000 batch_success=66.797% total_success=59.987% endpoint_success=72.956% episodes_per_second=180.97
validation_episodes=71680 success=60/64
episodes=73728/1000000 batch_success=67.480% total_success=60.196% endpoint_success=73.147% episodes_per_second=177.65
episodes=75776/1000000 batch_success=68.945% total_success=60.432% endpoint_success=73.309% episodes_per_second=178.60
episodes=77824/1000000 batch_success=69.678% total_success=60.675% endpoint_success=73.490% episodes_per_second=179.51
episodes=79872/1000000 batch_success=69.336% total_success=60.897% endpoint_success=73.662% episodes_per_second=180.38
episodes=81920/1000000 batch_success=69.629% total_success=61.116% endpoint_success=73.842% episodes_per_second=181.08
validation_episodes=81920 success=62/64
episodes=83968/1000000 batch_success=71.240% total_success=61.363% endpoint_success=74.017% episodes_per_second=178.27
episodes=86016/1000000 batch_success=70.898% total_success=61.590% endpoint_success=74.226% episodes_per_second=179.09
episodes=88064/1000000 batch_success=69.238% total_success=61.768% endpoint_success=74.364% episodes_per_second=179.86
episodes=90112/1000000 batch_success=69.238% total_success=61.937% endpoint_success=74.501% episodes_per_second=180.61
episodes=92160/1000000 batch_success=70.459% total_success=62.127% endpoint_success=74.671% episodes_per_second=181.34
validation_episodes=92160 success=60/64
episodes=94208/1000000 batch_success=70.215% total_success=62.303% endpoint_success=74.812% episodes_per_second=178.69
episodes=96256/1000000 batch_success=70.459% total_success=62.476% endpoint_success=74.945% episodes_per_second=179.41
episodes=98304/1000000 batch_success=68.896% total_success=62.610% endpoint_success=75.072% episodes_per_second=180.06
episodes=100352/1000000 batch_success=69.141% total_success=62.743% endpoint_success=75.195% episodes_per_second=180.69
episodes=102400/1000000 batch_success=70.361% total_success=62.896% endpoint_success=75.333% episodes_per_second=181.34
validation_episodes=102400 success=62/64
episodes=104448/1000000 batch_success=67.773% total_success=62.991% endpoint_success=75.435% episodes_per_second=179.12
episodes=106496/1000000 batch_success=68.848% total_success=63.104% endpoint_success=75.549% episodes_per_second=179.70
episodes=108544/1000000 batch_success=70.654% total_success=63.246% endpoint_success=75.682% episodes_per_second=180.08
episodes=110592/1000000 batch_success=70.508% total_success=63.381% endpoint_success=75.836% episodes_per_second=180.25
episodes=112640/1000000 batch_success=71.191% total_success=63.523% endpoint_success=76.006% episodes_per_second=180.71
validation_episodes=112640 success=62/64
episodes=114688/1000000 batch_success=70.459% total_success=63.647% endpoint_success=76.134% episodes_per_second=178.38
episodes=116736/1000000 batch_success=72.705% total_success=63.806% endpoint_success=76.301% episodes_per_second=178.98
episodes=118784/1000000 batch_success=72.852% total_success=63.961% endpoint_success=76.455% episodes_per_second=179.54
episodes=120832/1000000 batch_success=71.240% total_success=64.085% endpoint_success=76.582% episodes_per_second=180.04
episodes=122880/1000000 batch_success=74.170% total_success=64.253% endpoint_success=76.762% episodes_per_second=180.54
validation_episodes=122880 success=61/64
episodes=124928/1000000 batch_success=74.268% total_success=64.417% endpoint_success=76.915% episodes_per_second=178.70
episodes=126976/1000000 batch_success=73.340% total_success=64.561% endpoint_success=77.065% episodes_per_second=179.24
episodes=129024/1000000 batch_success=75.537% total_success=64.735% endpoint_success=77.228% episodes_per_second=179.75
episodes=131072/1000000 batch_success=74.756% total_success=64.892% endpoint_success=77.366% episodes_per_second=180.22
episodes=133120/1000000 batch_success=73.584% total_success=65.026% endpoint_success=77.479% episodes_per_second=180.67
validation_episodes=133120 success=63/64
episodes=135168/1000000 batch_success=74.316% total_success=65.166% endpoint_success=77.602% episodes_per_second=178.90
episodes=137216/1000000 batch_success=75.635% total_success=65.323% endpoint_success=77.731% episodes_per_second=179.41
episodes=139264/1000000 batch_success=77.539% total_success=65.502% endpoint_success=77.878% episodes_per_second=179.90
episodes=141312/1000000 batch_success=75.684% total_success=65.650% endpoint_success=78.027% episodes_per_second=180.39
episodes=143360/1000000 batch_success=75.879% total_success=65.796% endpoint_success=78.184% episodes_per_second=180.80
validation_episodes=143360 success=64/64
episodes=145408/1000000 batch_success=76.953% total_success=65.953% endpoint_success=78.335% episodes_per_second=179.07
episodes=147456/1000000 batch_success=74.365% total_success=66.070% endpoint_success=78.481% episodes_per_second=179.51
episodes=149504/1000000 batch_success=76.562% total_success=66.214% endpoint_success=78.631% episodes_per_second=179.96
episodes=151552/1000000 batch_success=76.465% total_success=66.352% endpoint_success=78.776% episodes_per_second=180.41
episodes=153600/1000000 batch_success=77.490% total_success=66.501% endpoint_success=78.917% episodes_per_second=180.86
validation_episodes=153600 success=61/64
episodes=155648/1000000 batch_success=78.027% total_success=66.652% endpoint_success=79.073% episodes_per_second=179.32
episodes=157696/1000000 batch_success=77.393% total_success=66.792% endpoint_success=79.219% episodes_per_second=179.72
episodes=159744/1000000 batch_success=75.781% total_success=66.907% endpoint_success=79.364% episodes_per_second=180.09
episodes=161792/1000000 batch_success=78.906% total_success=67.059% endpoint_success=79.508% episodes_per_second=180.52
episodes=163840/1000000 batch_success=76.758% total_success=67.180% endpoint_success=79.641% episodes_per_second=180.88
validation_episodes=163840 success=60/64
episodes=165888/1000000 batch_success=77.148% total_success=67.303% endpoint_success=79.776% episodes_per_second=179.43
episodes=167936/1000000 batch_success=76.611% total_success=67.417% endpoint_success=79.906% episodes_per_second=179.82
episodes=169984/1000000 batch_success=74.316% total_success=67.500% endpoint_success=80.025% episodes_per_second=180.22
episodes=172032/1000000 batch_success=75.928% total_success=67.600% endpoint_success=80.159% episodes_per_second=180.61
episodes=174080/1000000 batch_success=77.148% total_success=67.713% endpoint_success=80.285% episodes_per_second=181.03
validation_episodes=174080 success=61/64
episodes=176128/1000000 batch_success=79.102% total_success=67.845% endpoint_success=80.410% episodes_per_second=179.75
episodes=178176/1000000 batch_success=78.223% total_success=67.964% endpoint_success=80.538% episodes_per_second=180.19
episodes=180224/1000000 batch_success=76.367% total_success=68.060% endpoint_success=80.678% episodes_per_second=180.54
episodes=182272/1000000 batch_success=75.537% total_success=68.144% endpoint_success=80.796% episodes_per_second=180.89
episodes=184320/1000000 batch_success=77.441% total_success=68.247% endpoint_success=80.932% episodes_per_second=181.24
validation_episodes=184320 success=60/64
episodes=186368/1000000 batch_success=77.051% total_success=68.344% endpoint_success=81.051% episodes_per_second=179.94
episodes=188416/1000000 batch_success=76.807% total_success=68.436% endpoint_success=81.160% episodes_per_second=180.32
episodes=190464/1000000 batch_success=75.195% total_success=68.508% endpoint_success=81.259% episodes_per_second=180.70
episodes=192512/1000000 batch_success=77.197% total_success=68.601% endpoint_success=81.344% episodes_per_second=181.02
episodes=194560/1000000 batch_success=79.053% total_success=68.711% endpoint_success=81.436% episodes_per_second=181.33
validation_episodes=194560 success=64/64
episodes=196608/1000000 batch_success=82.568% total_success=68.855% endpoint_success=81.546% episodes_per_second=180.04
episodes=198656/1000000 batch_success=81.982% total_success=68.991% endpoint_success=81.661% episodes_per_second=180.35
episodes=200704/1000000 batch_success=81.934% total_success=69.123% endpoint_success=81.764% episodes_per_second=180.67
episodes=202752/1000000 batch_success=81.934% total_success=69.252% endpoint_success=81.876% episodes_per_second=180.99
episodes=204800/1000000 batch_success=83.496% total_success=69.395% endpoint_success=81.988% episodes_per_second=181.31
validation_episodes=204800 success=62/64
episodes=206848/1000000 batch_success=82.129% total_success=69.521% endpoint_success=82.095% episodes_per_second=180.13
episodes=208896/1000000 batch_success=84.277% total_success=69.665% endpoint_success=82.212% episodes_per_second=180.44
episodes=210944/1000000 batch_success=84.912% total_success=69.813% endpoint_success=82.321% episodes_per_second=180.75
episodes=212992/1000000 batch_success=84.375% total_success=69.953% endpoint_success=82.422% episodes_per_second=181.06
episodes=215040/1000000 batch_success=84.961% total_success=70.096% endpoint_success=82.515% episodes_per_second=181.38
validation_episodes=215040 success=63/64
episodes=217088/1000000 batch_success=83.838% total_success=70.226% endpoint_success=82.614% episodes_per_second=180.28
episodes=219136/1000000 batch_success=84.961% total_success=70.364% endpoint_success=82.715% episodes_per_second=180.59
episodes=221184/1000000 batch_success=84.131% total_success=70.491% endpoint_success=82.815% episodes_per_second=180.84
episodes=223232/1000000 batch_success=83.691% total_success=70.612% endpoint_success=82.913% episodes_per_second=181.11
episodes=225280/1000000 batch_success=84.863% total_success=70.742% endpoint_success=83.018% episodes_per_second=181.38
validation_episodes=225280 success=64/64
episodes=227328/1000000 batch_success=84.473% total_success=70.865% endpoint_success=83.124% episodes_per_second=180.30
episodes=229376/1000000 batch_success=85.010% total_success=70.992% endpoint_success=83.216% episodes_per_second=180.57
episodes=231424/1000000 batch_success=85.107% total_success=71.117% endpoint_success=83.311% episodes_per_second=180.84
episodes=233472/1000000 batch_success=86.084% total_success=71.248% endpoint_success=83.420% episodes_per_second=181.11
episodes=235520/1000000 batch_success=84.766% total_success=71.365% endpoint_success=83.525% episodes_per_second=181.36
validation_episodes=235520 success=64/64
episodes=237568/1000000 batch_success=86.328% total_success=71.494% endpoint_success=83.626% episodes_per_second=180.37
episodes=239616/1000000 batch_success=82.178% total_success=71.586% endpoint_success=83.721% episodes_per_second=180.64
episodes=241664/1000000 batch_success=85.693% total_success=71.705% endpoint_success=83.815% episodes_per_second=180.92
episodes=243712/1000000 batch_success=84.863% total_success=71.816% endpoint_success=83.910% episodes_per_second=181.22
episodes=245760/1000000 batch_success=82.520% total_success=71.905% endpoint_success=83.991% episodes_per_second=181.49
validation_episodes=245760 success=62/64
episodes=247808/1000000 batch_success=83.105% total_success=71.998% endpoint_success=84.079% episodes_per_second=180.49
episodes=249856/1000000 batch_success=82.959% total_success=72.088% endpoint_success=84.163% episodes_per_second=180.76
episodes=251904/1000000 batch_success=84.717% total_success=72.190% endpoint_success=84.257% episodes_per_second=181.04
episodes=253952/1000000 batch_success=84.180% total_success=72.287% endpoint_success=84.344% episodes_per_second=181.30
episodes=256000/1000000 batch_success=84.131% total_success=72.382% endpoint_success=84.435% episodes_per_second=181.54
validation_episodes=256000 success=63/64
episodes=258048/1000000 batch_success=84.961% total_success=72.481% endpoint_success=84.519% episodes_per_second=180.59
episodes=260096/1000000 batch_success=86.084% total_success=72.589% endpoint_success=84.604% episodes_per_second=180.83
episodes=262144/1000000 batch_success=86.377% total_success=72.696% endpoint_success=84.689% episodes_per_second=181.09
episodes=264192/1000000 batch_success=84.473% total_success=72.788% endpoint_success=84.773% episodes_per_second=181.37
episodes=266240/1000000 batch_success=82.520% total_success=72.862% endpoint_success=84.845% episodes_per_second=181.63
validation_episodes=266240 success=63/64
episodes=268288/1000000 batch_success=82.861% total_success=72.939% endpoint_success=84.913% episodes_per_second=180.74
episodes=270336/1000000 batch_success=83.008% total_success=73.015% endpoint_success=84.980% episodes_per_second=180.97
episodes=272384/1000000 batch_success=83.057% total_success=73.091% endpoint_success=85.057% episodes_per_second=181.20
episodes=274432/1000000 batch_success=83.350% total_success=73.167% endpoint_success=85.129% episodes_per_second=181.42
episodes=276480/1000000 batch_success=82.764% total_success=73.238% endpoint_success=85.196% episodes_per_second=181.63
validation_episodes=276480 success=64/64
episodes=278528/1000000 batch_success=84.082% total_success=73.318% endpoint_success=85.266% episodes_per_second=180.69
episodes=280576/1000000 batch_success=84.912% total_success=73.403% endpoint_success=85.341% episodes_per_second=180.89
episodes=282624/1000000 batch_success=84.668% total_success=73.484% endpoint_success=85.412% episodes_per_second=181.13
episodes=284672/1000000 batch_success=79.297% total_success=73.526% endpoint_success=85.465% episodes_per_second=181.35
episodes=286720/1000000 batch_success=81.055% total_success=73.580% endpoint_success=85.519% episodes_per_second=181.59
validation_episodes=286720 success=63/64
episodes=288768/1000000 batch_success=80.273% total_success=73.627% endpoint_success=85.579% episodes_per_second=180.73
episodes=290816/1000000 batch_success=81.152% total_success=73.680% endpoint_success=85.634% episodes_per_second=180.92
episodes=292864/1000000 batch_success=82.031% total_success=73.739% endpoint_success=85.692% episodes_per_second=181.13
episodes=294912/1000000 batch_success=80.029% total_success=73.782% endpoint_success=85.745% episodes_per_second=181.32
episodes=296960/1000000 batch_success=80.811% total_success=73.831% endpoint_success=85.807% episodes_per_second=181.53
validation_episodes=296960 success=64/64
episodes=299008/1000000 batch_success=80.908% total_success=73.879% endpoint_success=85.869% episodes_per_second=180.77
episodes=301056/1000000 batch_success=82.129% total_success=73.935% endpoint_success=85.927% episodes_per_second=181.00
episodes=303104/1000000 batch_success=83.350% total_success=73.999% endpoint_success=85.987% episodes_per_second=181.21
episodes=305152/1000000 batch_success=84.766% total_success=74.071% endpoint_success=86.051% episodes_per_second=181.43
episodes=307200/1000000 batch_success=78.906% total_success=74.104% endpoint_success=86.095% episodes_per_second=181.63
validation_episodes=307200 success=63/64
episodes=309248/1000000 batch_success=80.908% total_success=74.149% endpoint_success=86.146% episodes_per_second=180.88
episodes=311296/1000000 batch_success=79.346% total_success=74.183% endpoint_success=86.187% episodes_per_second=181.08
episodes=313344/1000000 batch_success=77.734% total_success=74.206% endpoint_success=86.225% episodes_per_second=181.28
episodes=315392/1000000 batch_success=79.688% total_success=74.242% endpoint_success=86.262% episodes_per_second=181.52
episodes=317440/1000000 batch_success=75.537% total_success=74.250% endpoint_success=86.289% episodes_per_second=181.76
validation_episodes=317440 success=62/64
episodes=319488/1000000 batch_success=76.855% total_success=74.267% endpoint_success=86.322% episodes_per_second=181.02
episodes=321536/1000000 batch_success=75.293% total_success=74.273% endpoint_success=86.353% episodes_per_second=181.21
episodes=323584/1000000 batch_success=74.170% total_success=74.273% endpoint_success=86.372% episodes_per_second=181.44
episodes=325632/1000000 batch_success=74.316% total_success=74.273% endpoint_success=86.387% episodes_per_second=181.67
episodes=327680/1000000 batch_success=76.562% total_success=74.287% endpoint_success=86.420% episodes_per_second=181.92
validation_episodes=327680 success=64/64
episodes=329728/1000000 batch_success=78.125% total_success=74.311% endpoint_success=86.457% episodes_per_second=181.20
episodes=331776/1000000 batch_success=77.051% total_success=74.328% endpoint_success=86.500% episodes_per_second=181.41
episodes=333824/1000000 batch_success=79.980% total_success=74.363% endpoint_success=86.547% episodes_per_second=181.58
episodes=335872/1000000 batch_success=79.102% total_success=74.391% endpoint_success=86.597% episodes_per_second=181.75
episodes=337920/1000000 batch_success=79.150% total_success=74.420% endpoint_success=86.648% episodes_per_second=181.96
validation_episodes=337920 success=63/64
episodes=339968/1000000 batch_success=80.908% total_success=74.459% endpoint_success=86.697% episodes_per_second=181.25
episodes=342016/1000000 batch_success=79.053% total_success=74.487% endpoint_success=86.749% episodes_per_second=181.43
episodes=344064/1000000 batch_success=78.906% total_success=74.513% endpoint_success=86.794% episodes_per_second=181.62
episodes=346112/1000000 batch_success=80.713% total_success=74.550% endpoint_success=86.845% episodes_per_second=181.79
episodes=348160/1000000 batch_success=82.227% total_success=74.595% endpoint_success=86.902% episodes_per_second=182.01
validation_episodes=348160 success=64/64
episodes=350208/1000000 batch_success=83.887% total_success=74.649% endpoint_success=86.958% episodes_per_second=181.33
episodes=352256/1000000 batch_success=82.178% total_success=74.693% endpoint_success=86.994% episodes_per_second=181.54
episodes=354304/1000000 batch_success=85.205% total_success=74.754% endpoint_success=87.039% episodes_per_second=181.72
episodes=356352/1000000 batch_success=83.789% total_success=74.806% endpoint_success=87.086% episodes_per_second=181.90
episodes=358400/1000000 batch_success=85.400% total_success=74.866% endpoint_success=87.134% episodes_per_second=182.10
validation_episodes=358400 success=64/64
episodes=360448/1000000 batch_success=85.400% total_success=74.926% endpoint_success=87.183% episodes_per_second=181.46
episodes=362496/1000000 batch_success=83.984% total_success=74.977% endpoint_success=87.238% episodes_per_second=181.68
episodes=364544/1000000 batch_success=84.521% total_success=75.031% endpoint_success=87.289% episodes_per_second=181.90
episodes=366592/1000000 batch_success=85.059% total_success=75.087% endpoint_success=87.337% episodes_per_second=182.11
episodes=368640/1000000 batch_success=85.449% total_success=75.145% endpoint_success=87.388% episodes_per_second=182.29
validation_episodes=368640 success=64/64
episodes=370688/1000000 batch_success=87.402% total_success=75.212% endpoint_success=87.440% episodes_per_second=181.66
episodes=372736/1000000 batch_success=82.959% total_success=75.255% endpoint_success=87.482% episodes_per_second=181.85
episodes=374784/1000000 batch_success=83.984% total_success=75.303% endpoint_success=87.520% episodes_per_second=182.06
episodes=376832/1000000 batch_success=77.100% total_success=75.312% endpoint_success=87.541% episodes_per_second=182.22
episodes=378880/1000000 batch_success=78.516% total_success=75.330% endpoint_success=87.558% episodes_per_second=182.43
validation_episodes=378880 success=62/64
episodes=380928/1000000 batch_success=78.271% total_success=75.345% endpoint_success=87.573% episodes_per_second=181.81
episodes=382976/1000000 batch_success=80.127% total_success=75.371% endpoint_success=87.592% episodes_per_second=181.95
episodes=385024/1000000 batch_success=80.322% total_success=75.397% endpoint_success=87.610% episodes_per_second=182.11
episodes=387072/1000000 batch_success=80.322% total_success=75.423% endpoint_success=87.629% episodes_per_second=182.27
episodes=389120/1000000 batch_success=81.934% total_success=75.458% endpoint_success=87.655% episodes_per_second=182.46
validation_episodes=389120 success=59/64
episodes=391168/1000000 batch_success=73.389% total_success=75.447% endpoint_success=87.655% episodes_per_second=181.86
episodes=393216/1000000 batch_success=71.436% total_success=75.426% endpoint_success=87.645% episodes_per_second=182.05
episodes=395264/1000000 batch_success=71.533% total_success=75.406% endpoint_success=87.634% episodes_per_second=182.24
episodes=397312/1000000 batch_success=74.268% total_success=75.400% endpoint_success=87.631% episodes_per_second=182.40
episodes=399360/1000000 batch_success=74.707% total_success=75.396% endpoint_success=87.632% episodes_per_second=182.55
validation_episodes=399360 success=60/64
episodes=401408/1000000 batch_success=74.414% total_success=75.391% endpoint_success=87.635% episodes_per_second=182.01
episodes=403456/1000000 batch_success=70.898% total_success=75.369% endpoint_success=87.613% episodes_per_second=182.20
episodes=405504/1000000 batch_success=65.771% total_success=75.320% endpoint_success=87.575% episodes_per_second=182.36
episodes=407552/1000000 batch_success=67.383% total_success=75.280% endpoint_success=87.545% episodes_per_second=182.51
episodes=409600/1000000 batch_success=67.578% total_success=75.242% endpoint_success=87.509% episodes_per_second=182.65
validation_episodes=409600 success=58/64
episodes=411648/1000000 batch_success=71.631% total_success=75.224% endpoint_success=87.480% episodes_per_second=182.02
episodes=413696/1000000 batch_success=72.070% total_success=75.208% endpoint_success=87.457% episodes_per_second=182.17
episodes=415744/1000000 batch_success=72.656% total_success=75.196% endpoint_success=87.440% episodes_per_second=182.33
episodes=417792/1000000 batch_success=72.461% total_success=75.182% endpoint_success=87.416% episodes_per_second=182.51
episodes=419840/1000000 batch_success=67.480% total_success=75.145% endpoint_success=87.380% episodes_per_second=182.66
validation_episodes=419840 success=59/64
episodes=421888/1000000 batch_success=72.852% total_success=75.133% endpoint_success=87.369% episodes_per_second=182.09
episodes=423936/1000000 batch_success=73.438% total_success=75.125% endpoint_success=87.356% episodes_per_second=182.23
episodes=425984/1000000 batch_success=75.488% total_success=75.127% endpoint_success=87.346% episodes_per_second=182.38
episodes=428032/1000000 batch_success=74.561% total_success=75.124% endpoint_success=87.332% episodes_per_second=182.53
episodes=430080/1000000 batch_success=76.562% total_success=75.131% endpoint_success=87.322% episodes_per_second=182.67
validation_episodes=430080 success=62/64
episodes=432128/1000000 batch_success=74.219% total_success=75.127% endpoint_success=87.313% episodes_per_second=182.09
episodes=434176/1000000 batch_success=77.148% total_success=75.136% endpoint_success=87.315% episodes_per_second=182.27
episodes=436224/1000000 batch_success=75.586% total_success=75.138% endpoint_success=87.310% episodes_per_second=182.41
episodes=438272/1000000 batch_success=77.002% total_success=75.147% endpoint_success=87.306% episodes_per_second=182.55
episodes=440320/1000000 batch_success=76.172% total_success=75.152% endpoint_success=87.302% episodes_per_second=182.70
validation_episodes=440320 success=62/64
episodes=442368/1000000 batch_success=76.074% total_success=75.156% endpoint_success=87.296% episodes_per_second=182.18
episodes=444416/1000000 batch_success=78.125% total_success=75.170% endpoint_success=87.291% episodes_per_second=182.32
episodes=446464/1000000 batch_success=77.979% total_success=75.183% endpoint_success=87.287% episodes_per_second=182.46
episodes=448512/1000000 batch_success=77.832% total_success=75.195% endpoint_success=87.287% episodes_per_second=182.61
episodes=450560/1000000 batch_success=76.514% total_success=75.201% endpoint_success=87.286% episodes_per_second=182.75
validation_episodes=450560 success=63/64
episodes=452608/1000000 batch_success=72.949% total_success=75.191% endpoint_success=87.270% episodes_per_second=182.13
episodes=454656/1000000 batch_success=70.752% total_success=75.171% endpoint_success=87.242% episodes_per_second=182.20
episodes=456704/1000000 batch_success=70.605% total_success=75.150% endpoint_success=87.218% episodes_per_second=182.31
episodes=458752/1000000 batch_success=72.803% total_success=75.140% endpoint_success=87.191% episodes_per_second=182.44
episodes=460800/1000000 batch_success=77.344% total_success=75.150% endpoint_success=87.180% episodes_per_second=182.61
validation_episodes=460800 success=61/64
episodes=462848/1000000 batch_success=73.096% total_success=75.140% endpoint_success=87.164% episodes_per_second=182.10
episodes=464896/1000000 batch_success=65.186% total_success=75.097% endpoint_success=87.139% episodes_per_second=182.25
episodes=466944/1000000 batch_success=72.314% total_success=75.084% endpoint_success=87.130% episodes_per_second=182.41
episodes=468992/1000000 batch_success=69.385% total_success=75.059% endpoint_success=87.106% episodes_per_second=182.54
episodes=471040/1000000 batch_success=71.729% total_success=75.045% endpoint_success=87.094% episodes_per_second=182.68
validation_episodes=471040 success=64/64
episodes=473088/1000000 batch_success=73.682% total_success=75.039% endpoint_success=87.087% episodes_per_second=182.16
episodes=475136/1000000 batch_success=70.703% total_success=75.020% endpoint_success=87.042% episodes_per_second=182.32
episodes=477184/1000000 batch_success=64.844% total_success=74.977% endpoint_success=86.971% episodes_per_second=182.48
episodes=479232/1000000 batch_success=64.844% total_success=74.933% endpoint_success=86.893% episodes_per_second=182.64
episodes=481280/1000000 batch_success=68.066% total_success=74.904% endpoint_success=86.834% episodes_per_second=182.77
validation_episodes=481280 success=58/64
episodes=483328/1000000 batch_success=69.482% total_success=74.881% endpoint_success=86.785% episodes_per_second=182.28
episodes=485376/1000000 batch_success=71.289% total_success=74.866% endpoint_success=86.761% episodes_per_second=182.43
episodes=487424/1000000 batch_success=73.242% total_success=74.859% endpoint_success=86.755% episodes_per_second=182.57
episodes=489472/1000000 batch_success=74.414% total_success=74.857% endpoint_success=86.746% episodes_per_second=182.69
episodes=491520/1000000 batch_success=76.660% total_success=74.865% endpoint_success=86.742% episodes_per_second=182.85
validation_episodes=491520 success=57/64
episodes=493568/1000000 batch_success=77.441% total_success=74.876% endpoint_success=86.740% episodes_per_second=182.38
episodes=495616/1000000 batch_success=76.953% total_success=74.884% endpoint_success=86.734% episodes_per_second=182.52
episodes=497664/1000000 batch_success=78.320% total_success=74.898% endpoint_success=86.738% episodes_per_second=182.66
episodes=499712/1000000 batch_success=75.439% total_success=74.901% endpoint_success=86.731% episodes_per_second=182.81
episodes=501760/1000000 batch_success=75.439% total_success=74.903% endpoint_success=86.726% episodes_per_second=182.96
validation_episodes=501760 success=60/64
episodes=503808/1000000 batch_success=73.486% total_success=74.897% endpoint_success=86.717% episodes_per_second=182.51
episodes=505856/1000000 batch_success=83.887% total_success=74.933% endpoint_success=86.736% episodes_per_second=182.66
episodes=507904/1000000 batch_success=84.229% total_success=74.971% endpoint_success=86.758% episodes_per_second=182.81
episodes=509952/1000000 batch_success=82.812% total_success=75.002% endpoint_success=86.778% episodes_per_second=182.93
episodes=512000/1000000 batch_success=82.959% total_success=75.034% endpoint_success=86.803% episodes_per_second=183.07
validation_episodes=512000 success=64/64
episodes=514048/1000000 batch_success=82.031% total_success=75.062% endpoint_success=86.828% episodes_per_second=182.61
episodes=516096/1000000 batch_success=82.812% total_success=75.093% endpoint_success=86.854% episodes_per_second=182.74
episodes=518144/1000000 batch_success=82.861% total_success=75.124% endpoint_success=86.878% episodes_per_second=182.86
episodes=520192/1000000 batch_success=85.010% total_success=75.162% endpoint_success=86.904% episodes_per_second=182.99
episodes=522240/1000000 batch_success=83.398% total_success=75.195% endpoint_success=86.927% episodes_per_second=183.13
validation_episodes=522240 success=62/64
episodes=524288/1000000 batch_success=83.496% total_success=75.227% endpoint_success=86.955% episodes_per_second=182.68
episodes=526336/1000000 batch_success=85.059% total_success=75.265% endpoint_success=86.988% episodes_per_second=182.81
episodes=528384/1000000 batch_success=81.104% total_success=75.288% endpoint_success=87.017% episodes_per_second=182.94
episodes=530432/1000000 batch_success=80.566% total_success=75.308% endpoint_success=87.044% episodes_per_second=183.07
episodes=532480/1000000 batch_success=83.252% total_success=75.339% endpoint_success=87.072% episodes_per_second=183.19
validation_episodes=532480 success=64/64
episodes=534528/1000000 batch_success=81.445% total_success=75.362% endpoint_success=87.093% episodes_per_second=182.72
episodes=536576/1000000 batch_success=84.375% total_success=75.397% endpoint_success=87.124% episodes_per_second=182.82
episodes=538624/1000000 batch_success=82.031% total_success=75.422% endpoint_success=87.150% episodes_per_second=182.85
episodes=540672/1000000 batch_success=76.660% total_success=75.427% endpoint_success=87.170% episodes_per_second=182.98
episodes=542720/1000000 batch_success=81.396% total_success=75.449% endpoint_success=87.186% episodes_per_second=183.09
validation_episodes=542720 success=63/64
episodes=544768/1000000 batch_success=82.324% total_success=75.475% endpoint_success=87.202% episodes_per_second=182.63
episodes=546816/1000000 batch_success=83.447% total_success=75.505% endpoint_success=87.220% episodes_per_second=182.74
episodes=548864/1000000 batch_success=84.521% total_success=75.539% endpoint_success=87.245% episodes_per_second=182.86
episodes=550912/1000000 batch_success=82.031% total_success=75.563% endpoint_success=87.267% episodes_per_second=183.00
episodes=552960/1000000 batch_success=80.273% total_success=75.580% endpoint_success=87.290% episodes_per_second=183.12
validation_episodes=552960 success=64/64
episodes=555008/1000000 batch_success=81.104% total_success=75.601% endpoint_success=87.313% episodes_per_second=182.66
episodes=557056/1000000 batch_success=84.082% total_success=75.632% endpoint_success=87.339% episodes_per_second=182.80
episodes=559104/1000000 batch_success=84.131% total_success=75.663% endpoint_success=87.363% episodes_per_second=182.92
episodes=561152/1000000 batch_success=83.936% total_success=75.693% endpoint_success=87.382% episodes_per_second=183.04
episodes=563200/1000000 batch_success=83.105% total_success=75.720% endpoint_success=87.404% episodes_per_second=183.13
validation_episodes=563200 success=62/64
episodes=565248/1000000 batch_success=83.643% total_success=75.749% endpoint_success=87.424% episodes_per_second=182.71
episodes=567296/1000000 batch_success=83.691% total_success=75.777% endpoint_success=87.443% episodes_per_second=182.85
episodes=569344/1000000 batch_success=80.859% total_success=75.796% endpoint_success=87.454% episodes_per_second=182.97
episodes=571392/1000000 batch_success=82.373% total_success=75.819% endpoint_success=87.475% episodes_per_second=183.12
episodes=573440/1000000 batch_success=83.691% total_success=75.847% endpoint_success=87.495% episodes_per_second=183.26
validation_episodes=573440 success=61/64
episodes=575488/1000000 batch_success=80.518% total_success=75.864% endpoint_success=87.515% episodes_per_second=182.85
episodes=577536/1000000 batch_success=81.055% total_success=75.882% endpoint_success=87.530% episodes_per_second=182.98
episodes=579584/1000000 batch_success=77.930% total_success=75.890% endpoint_success=87.542% episodes_per_second=183.08
episodes=581632/1000000 batch_success=74.609% total_success=75.885% endpoint_success=87.550% episodes_per_second=183.19
episodes=583680/1000000 batch_success=73.682% total_success=75.877% endpoint_success=87.555% episodes_per_second=183.29
validation_episodes=583680 success=61/64
episodes=585728/1000000 batch_success=76.123% total_success=75.878% endpoint_success=87.564% episodes_per_second=182.86
episodes=587776/1000000 batch_success=77.686% total_success=75.885% endpoint_success=87.573% episodes_per_second=182.97
episodes=589824/1000000 batch_success=77.881% total_success=75.891% endpoint_success=87.589% episodes_per_second=183.08
episodes=591872/1000000 batch_success=78.662% total_success=75.901% endpoint_success=87.605% episodes_per_second=183.18
episodes=593920/1000000 batch_success=79.688% total_success=75.914% endpoint_success=87.623% episodes_per_second=183.31
validation_episodes=593920 success=61/64
episodes=595968/1000000 batch_success=82.764% total_success=75.938% endpoint_success=87.629% episodes_per_second=182.92
episodes=598016/1000000 batch_success=84.863% total_success=75.968% endpoint_success=87.640% episodes_per_second=183.06
episodes=600064/1000000 batch_success=85.303% total_success=76.000% endpoint_success=87.661% episodes_per_second=183.16
episodes=602112/1000000 batch_success=79.541% total_success=76.012% endpoint_success=87.678% episodes_per_second=183.28
episodes=604160/1000000 batch_success=80.469% total_success=76.027% endpoint_success=87.700% episodes_per_second=183.39
validation_episodes=604160 success=63/64
episodes=606208/1000000 batch_success=82.910% total_success=76.050% endpoint_success=87.722% episodes_per_second=182.98
episodes=608256/1000000 batch_success=84.521% total_success=76.079% endpoint_success=87.746% episodes_per_second=183.03
episodes=610304/1000000 batch_success=81.934% total_success=76.099% endpoint_success=87.767% episodes_per_second=183.07
episodes=612352/1000000 batch_success=85.547% total_success=76.130% endpoint_success=87.792% episodes_per_second=182.85
episodes=614400/1000000 batch_success=83.154% total_success=76.154% endpoint_success=87.811% episodes_per_second=182.84
validation_episodes=614400 success=63/64
episodes=616448/1000000 batch_success=81.885% total_success=76.173% endpoint_success=87.827% episodes_per_second=182.09
episodes=618496/1000000 batch_success=75.195% total_success=76.169% endpoint_success=87.838% episodes_per_second=181.96
episodes=620544/1000000 batch_success=72.021% total_success=76.156% endpoint_success=87.819% episodes_per_second=182.04
episodes=622592/1000000 batch_success=69.385% total_success=76.133% endpoint_success=87.787% episodes_per_second=182.14
episodes=624640/1000000 batch_success=72.510% total_success=76.122% endpoint_success=87.766% episodes_per_second=182.26
validation_episodes=624640 success=61/64
episodes=626688/1000000 batch_success=74.414% total_success=76.116% endpoint_success=87.747% episodes_per_second=181.87
episodes=628736/1000000 batch_success=76.611% total_success=76.118% endpoint_success=87.727% episodes_per_second=181.88
episodes=630784/1000000 batch_success=76.465% total_success=76.119% endpoint_success=87.713% episodes_per_second=181.97
{
  "status": "STOPPED_BY_USER",
  "episodes": 630784,
  "requested_episodes": 1000000,
  "successes": 480145,
  "endpoint_successes": 553277,
  "legacy_scientific_successes": 0,
  "success_rate": 0.7611876648741883,
  "episodes_per_second": 181.97304077558803,
  "elapsed_s": 3466.3596174000995,
  "latest_durable_checkpoint_episodes": 630784
}
