episodes=2048/1000000 batch_success=0.098% rolling_5000=0.098% total_success=0.098% endpoint_success=0.098% episodes_per_second=90.44
episodes=4096/1000000 batch_success=0.000% rolling_5000=0.049% total_success=0.049% endpoint_success=0.049% episodes_per_second=121.71
episodes=6144/1000000 batch_success=0.000% rolling_5000=0.000% total_success=0.033% endpoint_success=0.033% episodes_per_second=137.01
episodes=8192/1000000 batch_success=0.049% rolling_5000=0.020% total_success=0.037% endpoint_success=0.037% episodes_per_second=145.84
episodes=10240/1000000 batch_success=0.049% rolling_5000=0.040% total_success=0.039% endpoint_success=0.039% episodes_per_second=152.39
validation_episodes=10240 success=0/512
episodes=12288/1000000 batch_success=0.098% rolling_5000=0.080% total_success=0.049% endpoint_success=0.057% episodes_per_second=137.31
episodes=14336/1000000 batch_success=0.000% rolling_5000=0.060% total_success=0.042% endpoint_success=0.049% episodes_per_second=142.77
episodes=16384/1000000 batch_success=0.244% rolling_5000=0.100% total_success=0.067% endpoint_success=0.079% episodes_per_second=147.25
episodes=18432/1000000 batch_success=0.439% rolling_5000=0.280% total_success=0.109% endpoint_success=0.125% episodes_per_second=150.91
episodes=20480/1000000 batch_success=0.488% rolling_5000=0.440% total_success=0.146% endpoint_success=0.161% episodes_per_second=154.14
validation_episodes=20480 success=0/512
episodes=22528/1000000 batch_success=0.635% rolling_5000=0.560% total_success=0.191% endpoint_success=0.213% episodes_per_second=145.65
episodes=24576/1000000 batch_success=0.928% rolling_5000=0.760% total_success=0.252% endpoint_success=0.289% episodes_per_second=148.59
episodes=26624/1000000 batch_success=0.732% rolling_5000=0.800% total_success=0.289% endpoint_success=0.327% episodes_per_second=151.16
episodes=28672/1000000 batch_success=1.514% rolling_5000=1.040% total_success=0.377% endpoint_success=0.422% episodes_per_second=153.57
episodes=30720/1000000 batch_success=1.709% rolling_5000=1.420% total_success=0.465% endpoint_success=0.518% episodes_per_second=155.71
validation_episodes=30720 success=28/512
episodes=32768/1000000 batch_success=1.953% rolling_5000=1.840% total_success=0.558% endpoint_success=0.623% episodes_per_second=149.24
episodes=34816/1000000 batch_success=2.686% rolling_5000=2.240% total_success=0.684% endpoint_success=0.755% episodes_per_second=151.03
episodes=36864/1000000 batch_success=2.881% rolling_5000=2.580% total_success=0.806% endpoint_success=0.879% episodes_per_second=152.72
episodes=38912/1000000 batch_success=2.393% rolling_5000=2.560% total_success=0.889% endpoint_success=0.964% episodes_per_second=154.46
episodes=40960/1000000 batch_success=2.832% rolling_5000=2.740% total_success=0.986% endpoint_success=1.060% episodes_per_second=155.99
validation_episodes=40960 success=49/512
episodes=43008/1000000 batch_success=3.564% rolling_5000=3.060% total_success=1.109% endpoint_success=1.197% episodes_per_second=151.19
episodes=45056/1000000 batch_success=3.027% rolling_5000=3.120% total_success=1.196% endpoint_success=1.285% episodes_per_second=152.56
episodes=47104/1000000 batch_success=2.881% rolling_5000=3.060% total_success=1.270% endpoint_success=1.365% episodes_per_second=153.11
episodes=49152/1000000 batch_success=3.906% rolling_5000=3.380% total_success=1.379% endpoint_success=1.477% episodes_per_second=154.41
episodes=51200/1000000 batch_success=4.639% rolling_5000=4.000% total_success=1.510% endpoint_success=1.625% episodes_per_second=155.69
validation_episodes=51200 success=59/512
episodes=53248/1000000 batch_success=5.908% rolling_5000=5.180% total_success=1.679% endpoint_success=1.805% episodes_per_second=151.85
episodes=55296/1000000 batch_success=4.932% rolling_5000=5.420% total_success=1.799% endpoint_success=1.926% episodes_per_second=153.01
episodes=57344/1000000 batch_success=5.127% rolling_5000=5.160% total_success=1.918% endpoint_success=2.046% episodes_per_second=154.10
episodes=59392/1000000 batch_success=4.980% rolling_5000=5.140% total_success=2.024% endpoint_success=2.159% episodes_per_second=155.18
episodes=61440/1000000 batch_success=3.516% rolling_5000=4.400% total_success=2.074% endpoint_success=2.210% episodes_per_second=156.13
validation_episodes=61440 success=2/512
episodes=63488/1000000 batch_success=3.076% rolling_5000=3.660% total_success=2.106% endpoint_success=2.241% episodes_per_second=152.91
episodes=65536/1000000 batch_success=3.418% rolling_5000=3.280% total_success=2.147% endpoint_success=2.293% episodes_per_second=153.86
episodes=67584/1000000 batch_success=4.248% rolling_5000=3.820% total_success=2.211% endpoint_success=2.354% episodes_per_second=154.81
episodes=69632/1000000 batch_success=4.199% rolling_5000=4.040% total_success=2.269% endpoint_success=2.414% episodes_per_second=155.56
episodes=71680/1000000 batch_success=4.883% rolling_5000=4.420% total_success=2.344% endpoint_success=2.496% episodes_per_second=156.29
validation_episodes=71680 success=235/512
episodes=73728/1000000 batch_success=6.689% rolling_5000=5.480% total_success=2.464% endpoint_success=2.622% episodes_per_second=153.24
episodes=75776/1000000 batch_success=6.641% rolling_5000=6.440% total_success=2.577% endpoint_success=2.745% episodes_per_second=154.09
episodes=77824/1000000 batch_success=8.252% rolling_5000=7.240% total_success=2.727% endpoint_success=2.899% episodes_per_second=154.89
episodes=79872/1000000 batch_success=9.912% rolling_5000=8.580% total_success=2.911% endpoint_success=3.094% episodes_per_second=155.68
episodes=81920/1000000 batch_success=8.936% rolling_5000=9.100% total_success=3.062% endpoint_success=3.264% episodes_per_second=156.35
validation_episodes=81920 success=133/512
episodes=83968/1000000 batch_success=8.447% rolling_5000=9.140% total_success=3.193% endpoint_success=3.418% episodes_per_second=153.77
episodes=86016/1000000 batch_success=6.592% rolling_5000=7.820% total_success=3.274% endpoint_success=3.506% episodes_per_second=154.48
episodes=88064/1000000 batch_success=7.520% rolling_5000=7.280% total_success=3.373% endpoint_success=3.612% episodes_per_second=155.17
episodes=90112/1000000 batch_success=8.643% rolling_5000=7.640% total_success=3.492% endpoint_success=3.743% episodes_per_second=155.86
episodes=92160/1000000 batch_success=8.154% rolling_5000=8.300% total_success=3.596% endpoint_success=3.851% episodes_per_second=156.53
validation_episodes=92160 success=96/512
episodes=94208/1000000 batch_success=8.008% rolling_5000=8.220% total_success=3.692% endpoint_success=3.958% episodes_per_second=154.27
episodes=96256/1000000 batch_success=7.471% rolling_5000=7.780% total_success=3.772% endpoint_success=4.040% episodes_per_second=154.90
episodes=98304/1000000 batch_success=6.494% rolling_5000=7.080% total_success=3.829% endpoint_success=4.100% episodes_per_second=155.51
episodes=100352/1000000 batch_success=8.057% rolling_5000=7.360% total_success=3.915% endpoint_success=4.190% episodes_per_second=156.11
episodes=102400/1000000 batch_success=7.324% rolling_5000=7.560% total_success=3.983% endpoint_success=4.262% episodes_per_second=156.71
validation_episodes=102400 success=78/512
episodes=104448/1000000 batch_success=8.154% rolling_5000=7.680% total_success=4.065% endpoint_success=4.353% episodes_per_second=154.67
episodes=106496/1000000 batch_success=8.447% rolling_5000=8.180% total_success=4.149% endpoint_success=4.438% episodes_per_second=155.24
episodes=108544/1000000 batch_success=4.785% rolling_5000=6.940% total_success=4.161% endpoint_success=4.448% episodes_per_second=155.77
episodes=110592/1000000 batch_success=5.566% rolling_5000=5.920% total_success=4.187% endpoint_success=4.472% episodes_per_second=156.28
episodes=112640/1000000 batch_success=6.787% rolling_5000=5.760% total_success=4.235% endpoint_success=4.517% episodes_per_second=156.78
validation_episodes=112640 success=47/512
episodes=114688/1000000 batch_success=6.445% rolling_5000=6.360% total_success=4.274% endpoint_success=4.557% episodes_per_second=154.93
episodes=116736/1000000 batch_success=7.812% rolling_5000=7.260% total_success=4.336% endpoint_success=4.622% episodes_per_second=155.46
episodes=118784/1000000 batch_success=7.861% rolling_5000=7.540% total_success=4.397% endpoint_success=4.681% episodes_per_second=155.93
episodes=120832/1000000 batch_success=9.131% rolling_5000=8.260% total_success=4.477% endpoint_success=4.763% episodes_per_second=156.40
episodes=122880/1000000 batch_success=8.301% rolling_5000=8.580% total_success=4.541% endpoint_success=4.828% episodes_per_second=156.82
validation_episodes=122880 success=135/512
episodes=124928/1000000 batch_success=10.693% rolling_5000=9.480% total_success=4.642% endpoint_success=4.926% episodes_per_second=155.06
episodes=126976/1000000 batch_success=10.254% rolling_5000=10.320% total_success=4.732% endpoint_success=5.018% episodes_per_second=155.52
episodes=129024/1000000 batch_success=8.838% rolling_5000=9.740% total_success=4.798% endpoint_success=5.084% episodes_per_second=155.95
episodes=131072/1000000 batch_success=10.498% rolling_5000=9.820% total_success=4.887% endpoint_success=5.174% episodes_per_second=156.36
episodes=133120/1000000 batch_success=12.109% rolling_5000=10.660% total_success=4.998% endpoint_success=5.295% episodes_per_second=156.71
validation_episodes=133120 success=77/512
episodes=135168/1000000 batch_success=9.961% rolling_5000=11.160% total_success=5.073% endpoint_success=5.372% episodes_per_second=155.05
episodes=137216/1000000 batch_success=9.570% rolling_5000=10.180% total_success=5.140% endpoint_success=5.442% episodes_per_second=155.51
episodes=139264/1000000 batch_success=8.545% rolling_5000=9.460% total_success=5.190% endpoint_success=5.497% episodes_per_second=155.96
episodes=141312/1000000 batch_success=9.473% rolling_5000=9.180% total_success=5.252% endpoint_success=5.561% episodes_per_second=156.38
episodes=143360/1000000 batch_success=11.328% rolling_5000=10.000% total_success=5.339% endpoint_success=5.649% episodes_per_second=156.78
validation_episodes=143360 success=70/512
episodes=145408/1000000 batch_success=9.131% rolling_5000=10.060% total_success=5.392% endpoint_success=5.705% episodes_per_second=155.24
episodes=147456/1000000 batch_success=12.354% rolling_5000=10.660% total_success=5.489% endpoint_success=5.804% episodes_per_second=155.63
episodes=149504/1000000 batch_success=10.840% rolling_5000=10.980% total_success=5.562% endpoint_success=5.883% episodes_per_second=156.05
episodes=151552/1000000 batch_success=10.205% rolling_5000=11.160% total_success=5.625% endpoint_success=5.946% episodes_per_second=156.46
episodes=153600/1000000 batch_success=13.477% rolling_5000=11.560% total_success=5.730% endpoint_success=6.066% episodes_per_second=156.86
validation_episodes=153600 success=162/512
episodes=155648/1000000 batch_success=14.355% rolling_5000=13.180% total_success=5.843% endpoint_success=6.190% episodes_per_second=155.47
episodes=157696/1000000 batch_success=14.941% rolling_5000=14.680% total_success=5.961% endpoint_success=6.316% episodes_per_second=155.83
episodes=159744/1000000 batch_success=11.816% rolling_5000=13.660% total_success=6.037% endpoint_success=6.396% episodes_per_second=156.18
episodes=161792/1000000 batch_success=10.498% rolling_5000=12.100% total_success=6.093% endpoint_success=6.459% episodes_per_second=156.55
episodes=163840/1000000 batch_success=10.449% rolling_5000=10.860% total_success=6.147% endpoint_success=6.515% episodes_per_second=156.90
validation_episodes=163840 success=57/512
episodes=165888/1000000 batch_success=8.594% rolling_5000=9.740% total_success=6.178% endpoint_success=6.545% episodes_per_second=155.50
episodes=167936/1000000 batch_success=8.447% rolling_5000=8.840% total_success=6.205% endpoint_success=6.572% episodes_per_second=155.88
episodes=169984/1000000 batch_success=10.645% rolling_5000=9.360% total_success=6.259% endpoint_success=6.627% episodes_per_second=156.23
episodes=172032/1000000 batch_success=9.863% rolling_5000=9.700% total_success=6.302% endpoint_success=6.674% episodes_per_second=156.57
episodes=174080/1000000 batch_success=8.643% rolling_5000=9.260% total_success=6.329% endpoint_success=6.703% episodes_per_second=156.91
validation_episodes=174080 success=65/512
episodes=176128/1000000 batch_success=9.180% rolling_5000=9.220% total_success=6.362% endpoint_success=6.737% episodes_per_second=155.71
episodes=178176/1000000 batch_success=10.547% rolling_5000=9.680% total_success=6.411% endpoint_success=6.784% episodes_per_second=156.04
episodes=180224/1000000 batch_success=9.180% rolling_5000=9.700% total_success=6.442% endpoint_success=6.820% episodes_per_second=156.36
episodes=182272/1000000 batch_success=6.592% rolling_5000=8.300% total_success=6.444% endpoint_success=6.823% episodes_per_second=156.55
episodes=184320/1000000 batch_success=6.982% rolling_5000=7.340% total_success=6.450% endpoint_success=6.827% episodes_per_second=156.82
validation_episodes=184320 success=39/512
episodes=186368/1000000 batch_success=7.568% rolling_5000=7.120% total_success=6.462% endpoint_success=6.837% episodes_per_second=155.60
episodes=188416/1000000 batch_success=5.566% rolling_5000=6.460% total_success=6.452% endpoint_success=6.826% episodes_per_second=155.94
episodes=190464/1000000 batch_success=7.617% rolling_5000=6.880% total_success=6.465% endpoint_success=6.837% episodes_per_second=156.25
episodes=192512/1000000 batch_success=8.350% rolling_5000=7.560% total_success=6.485% endpoint_success=6.857% episodes_per_second=156.55
episodes=194560/1000000 batch_success=9.277% rolling_5000=8.700% total_success=6.514% endpoint_success=6.887% episodes_per_second=156.83
validation_episodes=194560 success=36/512
episodes=196608/1000000 batch_success=8.496% rolling_5000=8.600% total_success=6.535% endpoint_success=6.908% episodes_per_second=155.73
episodes=198656/1000000 batch_success=8.984% rolling_5000=8.720% total_success=6.560% endpoint_success=6.933% episodes_per_second=156.01
episodes=200704/1000000 batch_success=9.668% rolling_5000=9.000% total_success=6.592% endpoint_success=6.962% episodes_per_second=156.30
episodes=202752/1000000 batch_success=9.570% rolling_5000=9.400% total_success=6.622% endpoint_success=6.996% episodes_per_second=156.58
episodes=204800/1000000 batch_success=8.496% rolling_5000=9.380% total_success=6.641% endpoint_success=7.016% episodes_per_second=156.87
validation_episodes=204800 success=41/512
episodes=206848/1000000 batch_success=9.863% rolling_5000=9.300% total_success=6.673% endpoint_success=7.050% episodes_per_second=155.80
episodes=208896/1000000 batch_success=7.666% rolling_5000=8.720% total_success=6.682% endpoint_success=7.059% episodes_per_second=156.08
episodes=210944/1000000 batch_success=6.689% rolling_5000=7.660% total_success=6.682% endpoint_success=7.058% episodes_per_second=156.35
episodes=212992/1000000 batch_success=6.787% rolling_5000=6.960% total_success=6.683% endpoint_success=7.058% episodes_per_second=156.63
episodes=215040/1000000 batch_success=5.469% rolling_5000=6.340% total_success=6.672% endpoint_success=7.044% episodes_per_second=156.93
validation_episodes=215040 success=26/512
episodes=217088/1000000 batch_success=6.885% rolling_5000=6.260% total_success=6.674% endpoint_success=7.046% episodes_per_second=155.92
episodes=219136/1000000 batch_success=5.371% rolling_5000=5.960% total_success=6.662% endpoint_success=7.032% episodes_per_second=156.19
episodes=221184/1000000 batch_success=5.615% rolling_5000=5.740% total_success=6.652% endpoint_success=7.020% episodes_per_second=156.45
episodes=223232/1000000 batch_success=6.592% rolling_5000=5.960% total_success=6.651% endpoint_success=7.019% episodes_per_second=156.72
episodes=225280/1000000 batch_success=9.326% rolling_5000=7.600% total_success=6.676% endpoint_success=7.043% episodes_per_second=157.01
validation_episodes=225280 success=15/512
episodes=227328/1000000 batch_success=6.152% rolling_5000=7.500% total_success=6.671% endpoint_success=7.038% episodes_per_second=156.07
episodes=229376/1000000 batch_success=7.031% rolling_5000=7.060% total_success=6.674% endpoint_success=7.041% episodes_per_second=156.33
episodes=231424/1000000 batch_success=8.105% rolling_5000=7.380% total_success=6.687% endpoint_success=7.054% episodes_per_second=156.57
episodes=233472/1000000 batch_success=6.104% rolling_5000=7.040% total_success=6.682% endpoint_success=7.047% episodes_per_second=156.83
episodes=235520/1000000 batch_success=6.396% rolling_5000=6.720% total_success=6.679% endpoint_success=7.044% episodes_per_second=157.09
validation_episodes=235520 success=18/512
episodes=237568/1000000 batch_success=7.178% rolling_5000=6.620% total_success=6.684% endpoint_success=7.048% episodes_per_second=156.15
episodes=239616/1000000 batch_success=3.711% rolling_5000=5.500% total_success=6.658% endpoint_success=7.020% episodes_per_second=156.39
episodes=241664/1000000 batch_success=3.320% rolling_5000=4.200% total_success=6.630% endpoint_success=6.988% episodes_per_second=156.59
episodes=243712/1000000 batch_success=3.271% rolling_5000=3.320% total_success=6.602% endpoint_success=6.958% episodes_per_second=156.85
episodes=245760/1000000 batch_success=3.564% rolling_5000=3.360% total_success=6.576% endpoint_success=6.931% episodes_per_second=157.07
validation_episodes=245760 success=11/512
episodes=247808/1000000 batch_success=5.127% rolling_5000=4.180% total_success=6.564% endpoint_success=6.916% episodes_per_second=156.16
episodes=249856/1000000 batch_success=6.250% rolling_5000=5.180% total_success=6.562% endpoint_success=6.912% episodes_per_second=156.41
episodes=251904/1000000 batch_success=4.883% rolling_5000=5.300% total_success=6.548% endpoint_success=6.897% episodes_per_second=156.67
episodes=253952/1000000 batch_success=4.688% rolling_5000=5.060% total_success=6.533% endpoint_success=6.879% episodes_per_second=156.90
episodes=256000/1000000 batch_success=6.543% rolling_5000=5.300% total_success=6.533% endpoint_success=6.878% episodes_per_second=157.11
validation_episodes=256000 success=17/512
episodes=258048/1000000 batch_success=6.787% rolling_5000=6.300% total_success=6.535% endpoint_success=6.877% episodes_per_second=156.23
episodes=260096/1000000 batch_success=7.080% rolling_5000=6.760% total_success=6.540% endpoint_success=6.881% episodes_per_second=156.43
episodes=262144/1000000 batch_success=5.859% rolling_5000=6.580% total_success=6.534% endpoint_success=6.873% episodes_per_second=156.65
episodes=264192/1000000 batch_success=4.150% rolling_5000=5.320% total_success=6.516% endpoint_success=6.852% episodes_per_second=156.88
episodes=266240/1000000 batch_success=4.150% rolling_5000=4.420% total_success=6.498% endpoint_success=6.832% episodes_per_second=157.11
validation_episodes=266240 success=9/512
episodes=268288/1000000 batch_success=4.199% rolling_5000=4.140% total_success=6.480% endpoint_success=6.812% episodes_per_second=156.30
episodes=270336/1000000 batch_success=2.148% rolling_5000=3.440% total_success=6.447% endpoint_success=6.776% episodes_per_second=156.52
episodes=272384/1000000 batch_success=1.953% rolling_5000=2.400% total_success=6.413% endpoint_success=6.740% episodes_per_second=156.76
episodes=274432/1000000 batch_success=4.150% rolling_5000=2.980% total_success=6.396% endpoint_success=6.721% episodes_per_second=156.98
episodes=276480/1000000 batch_success=3.662% rolling_5000=3.680% total_success=6.376% endpoint_success=6.699% episodes_per_second=157.20
validation_episodes=276480 success=11/512
episodes=278528/1000000 batch_success=4.736% rolling_5000=4.140% total_success=6.364% endpoint_success=6.686% episodes_per_second=156.43
episodes=280576/1000000 batch_success=4.785% rolling_5000=4.620% total_success=6.353% endpoint_success=6.674% episodes_per_second=156.64
episodes=282624/1000000 batch_success=3.223% rolling_5000=3.980% total_success=6.330% endpoint_success=6.649% episodes_per_second=156.87
episodes=284672/1000000 batch_success=3.223% rolling_5000=3.540% total_success=6.308% endpoint_success=6.626% episodes_per_second=157.08
episodes=286720/1000000 batch_success=3.662% rolling_5000=3.500% total_success=6.289% endpoint_success=6.605% episodes_per_second=157.27
validation_episodes=286720 success=8/512
episodes=288768/1000000 batch_success=2.979% rolling_5000=3.340% total_success=6.265% endpoint_success=6.580% episodes_per_second=156.44
episodes=290816/1000000 batch_success=1.855% rolling_5000=2.760% total_success=6.234% endpoint_success=6.547% episodes_per_second=156.61
episodes=292864/1000000 batch_success=2.344% rolling_5000=2.200% total_success=6.207% endpoint_success=6.518% episodes_per_second=156.78
episodes=294912/1000000 batch_success=3.223% rolling_5000=2.520% total_success=6.186% endpoint_success=6.495% episodes_per_second=156.98
episodes=296960/1000000 batch_success=2.881% rolling_5000=2.980% total_success=6.163% endpoint_success=6.471% episodes_per_second=157.13
validation_episodes=296960 success=5/512
{
  "status": "STOPPED_BY_USER",
  "episodes": 296960,
  "requested_episodes": 1000000,
  "successes": 18303,
  "endpoint_successes": 19215,
  "legacy_scientific_successes": 0,
  "success_rate": 0.061634563577586204,
  "rolling_success_rate": 0.0298,
  "rolling_window_episodes": 5000,
  "episodes_per_second": 156.13443897969822,
  "elapsed_s": 1901.950664700009,
  "latest_durable_checkpoint_episodes": 296960
}
