episodes=2048/500000 batch_success=79.590% rolling_5000=79.590% total_success=79.590% endpoint_success=79.785% episodes_per_second=94.40
episodes=4096/500000 batch_success=79.932% rolling_5000=79.761% total_success=79.761% endpoint_success=79.932% episodes_per_second=126.68
episodes=6144/500000 batch_success=80.957% rolling_5000=80.220% total_success=80.160% endpoint_success=80.371% episodes_per_second=144.62
episodes=8192/500000 batch_success=79.248% rolling_5000=79.860% total_success=79.932% endpoint_success=80.127% episodes_per_second=154.71
episodes=10240/500000 batch_success=79.834% rolling_5000=79.840% total_success=79.912% endpoint_success=80.117% episodes_per_second=162.01
validation_episodes=10240 success=471/512
episodes=12288/500000 batch_success=79.346% rolling_5000=79.520% total_success=79.818% endpoint_success=80.021% episodes_per_second=145.41
episodes=14336/500000 batch_success=81.055% rolling_5000=80.320% total_success=79.994% endpoint_success=80.225% episodes_per_second=151.48
episodes=16384/500000 batch_success=78.467% rolling_5000=79.680% total_success=79.803% endpoint_success=80.054% episodes_per_second=156.44
episodes=18432/500000 batch_success=78.662% rolling_5000=79.400% total_success=79.677% endpoint_success=79.937% episodes_per_second=160.55
episodes=20480/500000 batch_success=79.297% rolling_5000=78.780% total_success=79.639% endpoint_success=79.902% episodes_per_second=163.81
validation_episodes=20480 success=467/512
episodes=22528/500000 batch_success=78.418% rolling_5000=78.940% total_success=79.528% endpoint_success=79.807% episodes_per_second=153.90
episodes=24576/500000 batch_success=82.129% rolling_5000=80.240% total_success=79.744% endpoint_success=80.009% episodes_per_second=156.85
episodes=26624/500000 batch_success=80.859% rolling_5000=80.840% total_success=79.830% endpoint_success=80.089% episodes_per_second=159.39
episodes=28672/500000 batch_success=79.102% rolling_5000=80.460% total_success=79.778% endpoint_success=80.026% episodes_per_second=161.81
episodes=30720/500000 batch_success=79.736% rolling_5000=79.780% total_success=79.775% endpoint_success=80.020% episodes_per_second=163.95
validation_episodes=30720 success=472/512
episodes=32768/500000 batch_success=79.639% rolling_5000=79.380% total_success=79.767% endpoint_success=80.002% episodes_per_second=157.35
episodes=34816/500000 batch_success=79.590% rolling_5000=79.720% total_success=79.756% endpoint_success=79.986% episodes_per_second=159.37
episodes=36864/500000 batch_success=80.176% rolling_5000=79.700% total_success=79.780% endpoint_success=80.008% episodes_per_second=161.01
episodes=38912/500000 batch_success=80.713% rolling_5000=80.060% total_success=79.829% endpoint_success=80.063% episodes_per_second=162.54
episodes=40960/500000 batch_success=81.592% rolling_5000=81.340% total_success=79.917% endpoint_success=80.156% episodes_per_second=163.97
validation_episodes=40960 success=477/512
episodes=43008/500000 batch_success=79.297% rolling_5000=80.580% total_success=79.887% endpoint_success=80.125% episodes_per_second=158.77
episodes=45056/500000 batch_success=79.443% rolling_5000=79.800% total_success=79.867% endpoint_success=80.100% episodes_per_second=160.32
episodes=47104/500000 batch_success=79.785% rolling_5000=79.420% total_success=79.864% endpoint_success=80.093% episodes_per_second=161.69
episodes=49152/500000 batch_success=79.932% rolling_5000=79.700% total_success=79.867% endpoint_success=80.092% episodes_per_second=162.90
episodes=51200/500000 batch_success=80.176% rolling_5000=80.020% total_success=79.879% endpoint_success=80.102% episodes_per_second=164.15
validation_episodes=51200 success=470/512
episodes=53248/500000 batch_success=80.225% rolling_5000=80.380% total_success=79.892% endpoint_success=80.114% episodes_per_second=159.91
episodes=55296/500000 batch_success=80.029% rolling_5000=80.140% total_success=79.897% endpoint_success=80.118% episodes_per_second=161.14
episodes=57344/500000 batch_success=79.639% rolling_5000=79.660% total_success=79.888% endpoint_success=80.116% episodes_per_second=162.31
episodes=59392/500000 batch_success=79.541% rolling_5000=79.960% total_success=79.876% endpoint_success=80.103% episodes_per_second=163.29
episodes=61440/500000 batch_success=79.541% rolling_5000=79.440% total_success=79.865% endpoint_success=80.091% episodes_per_second=164.30
validation_episodes=61440 success=469/512
episodes=63488/500000 batch_success=81.885% rolling_5000=80.420% total_success=79.930% endpoint_success=80.154% episodes_per_second=160.63
episodes=65536/500000 batch_success=80.811% rolling_5000=81.000% total_success=79.958% endpoint_success=80.183% episodes_per_second=161.60
episodes=67584/500000 batch_success=80.615% rolling_5000=81.060% total_success=79.978% endpoint_success=80.202% episodes_per_second=162.54
episodes=69632/500000 batch_success=80.225% rolling_5000=80.440% total_success=79.985% endpoint_success=80.213% episodes_per_second=163.48
episodes=71680/500000 batch_success=81.104% rolling_5000=80.860% total_success=80.017% endpoint_success=80.244% episodes_per_second=164.40
validation_episodes=71680 success=474/512
episodes=73728/500000 batch_success=79.883% rolling_5000=80.360% total_success=80.013% endpoint_success=80.246% episodes_per_second=161.30
episodes=75776/500000 batch_success=80.273% rolling_5000=80.360% total_success=80.020% endpoint_success=80.250% episodes_per_second=162.12
episodes=77824/500000 batch_success=80.908% rolling_5000=80.400% total_success=80.043% endpoint_success=80.280% episodes_per_second=162.90
episodes=79872/500000 batch_success=80.322% rolling_5000=80.620% total_success=80.051% endpoint_success=80.291% episodes_per_second=163.65
episodes=81920/500000 batch_success=81.201% rolling_5000=80.780% total_success=80.079% endpoint_success=80.321% episodes_per_second=164.46
validation_episodes=81920 success=473/512
episodes=83968/500000 batch_success=79.736% rolling_5000=80.540% total_success=80.071% endpoint_success=80.318% episodes_per_second=161.73
episodes=86016/500000 batch_success=79.199% rolling_5000=79.480% total_success=80.050% endpoint_success=80.300% episodes_per_second=162.53
episodes=88064/500000 batch_success=81.250% rolling_5000=79.860% total_success=80.078% endpoint_success=80.325% episodes_per_second=163.29
episodes=90112/500000 batch_success=80.176% rolling_5000=80.480% total_success=80.080% endpoint_success=80.326% episodes_per_second=163.99
episodes=92160/500000 batch_success=82.324% rolling_5000=81.400% total_success=80.130% endpoint_success=80.371% episodes_per_second=164.63
validation_episodes=92160 success=478/512
episodes=94208/500000 batch_success=80.225% rolling_5000=80.960% total_success=80.132% endpoint_success=80.375% episodes_per_second=162.18
episodes=96256/500000 batch_success=79.785% rolling_5000=80.300% total_success=80.125% endpoint_success=80.366% episodes_per_second=162.85
episodes=98304/500000 batch_success=80.420% rolling_5000=80.140% total_success=80.131% endpoint_success=80.374% episodes_per_second=163.48
episodes=100352/500000 batch_success=80.469% rolling_5000=80.560% total_success=80.138% endpoint_success=80.382% episodes_per_second=164.09
episodes=102400/500000 batch_success=81.934% rolling_5000=80.920% total_success=80.174% endpoint_success=80.416% episodes_per_second=164.66
validation_episodes=102400 success=481/512
episodes=104448/500000 batch_success=81.104% rolling_5000=81.140% total_success=80.192% endpoint_success=80.434% episodes_per_second=162.33
episodes=106496/500000 batch_success=80.762% rolling_5000=81.240% total_success=80.203% endpoint_success=80.442% episodes_per_second=162.86
episodes=108544/500000 batch_success=82.812% rolling_5000=81.600% total_success=80.252% endpoint_success=80.489% episodes_per_second=163.45
episodes=110592/500000 batch_success=82.617% rolling_5000=82.600% total_success=80.296% endpoint_success=80.532% episodes_per_second=164.03
episodes=112640/500000 batch_success=80.078% rolling_5000=81.340% total_success=80.292% endpoint_success=80.528% episodes_per_second=164.58
validation_episodes=112640 success=468/512
episodes=114688/500000 batch_success=79.883% rolling_5000=80.500% total_success=80.285% endpoint_success=80.523% episodes_per_second=162.51
episodes=116736/500000 batch_success=80.225% rolling_5000=79.900% total_success=80.284% endpoint_success=80.524% episodes_per_second=163.00
episodes=118784/500000 batch_success=80.176% rolling_5000=80.240% total_success=80.282% endpoint_success=80.524% episodes_per_second=163.46
episodes=120832/500000 batch_success=81.299% rolling_5000=80.580% total_success=80.299% endpoint_success=80.543% episodes_per_second=163.93
episodes=122880/500000 batch_success=82.520% rolling_5000=81.760% total_success=80.336% endpoint_success=80.579% episodes_per_second=164.46
validation_episodes=122880 success=476/512
episodes=124928/500000 batch_success=80.664% rolling_5000=81.580% total_success=80.341% endpoint_success=80.584% episodes_per_second=162.64
episodes=126976/500000 batch_success=80.566% rolling_5000=80.780% total_success=80.345% endpoint_success=80.585% episodes_per_second=163.15
episodes=129024/500000 batch_success=81.104% rolling_5000=80.780% total_success=80.357% endpoint_success=80.597% episodes_per_second=163.63
episodes=131072/500000 batch_success=80.811% rolling_5000=81.000% total_success=80.364% endpoint_success=80.607% episodes_per_second=164.08
episodes=133120/500000 batch_success=79.932% rolling_5000=80.600% total_success=80.358% endpoint_success=80.601% episodes_per_second=164.54
validation_episodes=133120 success=476/512
episodes=135168/500000 batch_success=81.250% rolling_5000=80.740% total_success=80.371% endpoint_success=80.614% episodes_per_second=162.86
episodes=137216/500000 batch_success=82.129% rolling_5000=81.560% total_success=80.397% endpoint_success=80.641% episodes_per_second=163.36
episodes=139264/500000 batch_success=81.055% rolling_5000=81.660% total_success=80.407% endpoint_success=80.651% episodes_per_second=163.83
episodes=141312/500000 batch_success=80.127% rolling_5000=80.700% total_success=80.403% endpoint_success=80.648% episodes_per_second=164.31
episodes=143360/500000 batch_success=81.738% rolling_5000=80.980% total_success=80.422% endpoint_success=80.670% episodes_per_second=164.74
validation_episodes=143360 success=480/512
episodes=145408/500000 batch_success=79.736% rolling_5000=80.760% total_success=80.412% endpoint_success=80.661% episodes_per_second=163.08
episodes=147456/500000 batch_success=80.664% rolling_5000=80.380% total_success=80.416% endpoint_success=80.663% episodes_per_second=163.51
episodes=149504/500000 batch_success=81.885% rolling_5000=81.040% total_success=80.436% endpoint_success=80.682% episodes_per_second=163.96
episodes=151552/500000 batch_success=81.055% rolling_5000=81.360% total_success=80.444% endpoint_success=80.688% episodes_per_second=164.38
episodes=153600/500000 batch_success=79.688% rolling_5000=80.680% total_success=80.434% endpoint_success=80.681% episodes_per_second=164.80
validation_episodes=153600 success=476/512
episodes=155648/500000 batch_success=80.908% rolling_5000=80.140% total_success=80.440% endpoint_success=80.685% episodes_per_second=163.24
episodes=157696/500000 batch_success=81.250% rolling_5000=80.680% total_success=80.451% endpoint_success=80.697% episodes_per_second=163.58
episodes=159744/500000 batch_success=81.641% rolling_5000=81.380% total_success=80.466% endpoint_success=80.713% episodes_per_second=163.94
episodes=161792/500000 batch_success=80.273% rolling_5000=81.060% total_success=80.464% endpoint_success=80.711% episodes_per_second=164.29
episodes=163840/500000 batch_success=81.104% rolling_5000=80.980% total_success=80.472% endpoint_success=80.718% episodes_per_second=164.67
validation_episodes=163840 success=471/512
episodes=165888/500000 batch_success=79.834% rolling_5000=80.640% total_success=80.464% endpoint_success=80.709% episodes_per_second=163.27
episodes=167936/500000 batch_success=80.664% rolling_5000=80.080% total_success=80.466% endpoint_success=80.713% episodes_per_second=163.64
episodes=169984/500000 batch_success=82.861% rolling_5000=81.500% total_success=80.495% endpoint_success=80.741% episodes_per_second=163.96
episodes=172032/500000 batch_success=79.395% rolling_5000=81.020% total_success=80.482% endpoint_success=80.730% episodes_per_second=164.28
episodes=174080/500000 batch_success=80.322% rolling_5000=80.300% total_success=80.480% endpoint_success=80.731% episodes_per_second=164.62
validation_episodes=174080 success=444/512
episodes=176128/500000 batch_success=74.219% rolling_5000=77.800% total_success=80.407% endpoint_success=80.664% episodes_per_second=163.25
episodes=178176/500000 batch_success=69.043% rolling_5000=72.880% total_success=80.277% endpoint_success=80.546% episodes_per_second=163.60
episodes=180224/500000 batch_success=72.266% rolling_5000=70.980% total_success=80.186% endpoint_success=80.463% episodes_per_second=163.95
episodes=182272/500000 batch_success=76.123% rolling_5000=73.060% total_success=80.140% endpoint_success=80.424% episodes_per_second=164.30
episodes=184320/500000 batch_success=80.811% rolling_5000=77.420% total_success=80.148% endpoint_success=80.430% episodes_per_second=164.63
validation_episodes=184320 success=474/512
episodes=186368/500000 batch_success=82.275% rolling_5000=80.440% total_success=80.171% endpoint_success=80.458% episodes_per_second=163.39
episodes=188416/500000 batch_success=81.445% rolling_5000=81.580% total_success=80.185% endpoint_success=80.471% episodes_per_second=163.72
episodes=190464/500000 batch_success=82.715% rolling_5000=81.960% total_success=80.212% endpoint_success=80.498% episodes_per_second=164.07
episodes=192512/500000 batch_success=81.592% rolling_5000=82.100% total_success=80.227% endpoint_success=80.514% episodes_per_second=164.41
episodes=194560/500000 batch_success=83.398% rolling_5000=82.600% total_success=80.260% endpoint_success=80.546% episodes_per_second=164.75
validation_episodes=194560 success=471/512
episodes=196608/500000 batch_success=81.152% rolling_5000=82.300% total_success=80.269% endpoint_success=80.553% episodes_per_second=163.53
episodes=198656/500000 batch_success=82.227% rolling_5000=81.820% total_success=80.290% endpoint_success=80.573% episodes_per_second=163.83
episodes=200704/500000 batch_success=81.934% rolling_5000=81.620% total_success=80.306% endpoint_success=80.591% episodes_per_second=164.11
episodes=202752/500000 batch_success=82.471% rolling_5000=82.000% total_success=80.328% endpoint_success=80.612% episodes_per_second=164.41
episodes=204800/500000 batch_success=81.104% rolling_5000=82.120% total_success=80.336% endpoint_success=80.618% episodes_per_second=164.72
validation_episodes=204800 success=478/512
episodes=206848/500000 batch_success=81.982% rolling_5000=81.920% total_success=80.352% endpoint_success=80.636% episodes_per_second=163.60
episodes=208896/500000 batch_success=82.275% rolling_5000=81.720% total_success=80.371% endpoint_success=80.653% episodes_per_second=163.91
episodes=210944/500000 batch_success=82.324% rolling_5000=82.500% total_success=80.390% endpoint_success=80.672% episodes_per_second=164.20
episodes=212992/500000 batch_success=80.957% rolling_5000=81.660% total_success=80.396% endpoint_success=80.677% episodes_per_second=164.47
episodes=215040/500000 batch_success=80.371% rolling_5000=80.840% total_success=80.395% endpoint_success=80.679% episodes_per_second=164.75
validation_episodes=215040 success=479/512
episodes=217088/500000 batch_success=81.738% rolling_5000=80.860% total_success=80.408% endpoint_success=80.691% episodes_per_second=163.68
episodes=219136/500000 batch_success=81.641% rolling_5000=81.300% total_success=80.419% endpoint_success=80.702% episodes_per_second=163.95
episodes=221184/500000 batch_success=80.273% rolling_5000=81.060% total_success=80.418% endpoint_success=80.700% episodes_per_second=164.23
episodes=223232/500000 batch_success=81.396% rolling_5000=81.040% total_success=80.427% endpoint_success=80.708% episodes_per_second=164.48
episodes=225280/500000 batch_success=81.250% rolling_5000=81.120% total_success=80.435% endpoint_success=80.713% episodes_per_second=164.72
validation_episodes=225280 success=482/512
episodes=227328/500000 batch_success=80.908% rolling_5000=81.460% total_success=80.439% endpoint_success=80.716% episodes_per_second=163.67
episodes=229376/500000 batch_success=80.615% rolling_5000=80.900% total_success=80.440% endpoint_success=80.716% episodes_per_second=163.95
episodes=231424/500000 batch_success=79.736% rolling_5000=80.200% total_success=80.434% endpoint_success=80.708% episodes_per_second=164.24
episodes=233472/500000 batch_success=79.053% rolling_5000=79.560% total_success=80.422% endpoint_success=80.695% episodes_per_second=164.51
episodes=235520/500000 batch_success=81.104% rolling_5000=80.140% total_success=80.428% endpoint_success=80.701% episodes_per_second=164.78
validation_episodes=235520 success=470/512
episodes=237568/500000 batch_success=80.029% rolling_5000=80.300% total_success=80.425% endpoint_success=80.696% episodes_per_second=163.79
episodes=239616/500000 batch_success=79.590% rolling_5000=80.220% total_success=80.417% endpoint_success=80.687% episodes_per_second=164.03
episodes=241664/500000 batch_success=81.689% rolling_5000=80.540% total_success=80.428% endpoint_success=80.697% episodes_per_second=164.25
episodes=243712/500000 batch_success=80.420% rolling_5000=80.860% total_success=80.428% endpoint_success=80.696% episodes_per_second=164.51
episodes=245760/500000 batch_success=81.543% rolling_5000=81.000% total_success=80.437% endpoint_success=80.705% episodes_per_second=164.77
validation_episodes=245760 success=476/512
episodes=247808/500000 batch_success=80.615% rolling_5000=80.920% total_success=80.439% endpoint_success=80.708% episodes_per_second=163.85
episodes=249856/500000 batch_success=79.932% rolling_5000=80.500% total_success=80.435% endpoint_success=80.703% episodes_per_second=164.10
episodes=251904/500000 batch_success=78.467% rolling_5000=79.620% total_success=80.419% endpoint_success=80.692% episodes_per_second=164.32
episodes=253952/500000 batch_success=81.787% rolling_5000=80.060% total_success=80.430% endpoint_success=80.702% episodes_per_second=164.56
episodes=256000/500000 batch_success=80.273% rolling_5000=80.520% total_success=80.429% endpoint_success=80.702% episodes_per_second=164.78
validation_episodes=256000 success=479/512
episodes=258048/500000 batch_success=80.469% rolling_5000=80.380% total_success=80.429% endpoint_success=80.704% episodes_per_second=163.88
episodes=260096/500000 batch_success=81.104% rolling_5000=80.500% total_success=80.434% endpoint_success=80.712% episodes_per_second=164.12
episodes=262144/500000 batch_success=81.934% rolling_5000=81.400% total_success=80.446% endpoint_success=80.722% episodes_per_second=164.35
episodes=264192/500000 batch_success=82.764% rolling_5000=82.040% total_success=80.464% endpoint_success=80.740% episodes_per_second=164.58
episodes=266240/500000 batch_success=81.885% rolling_5000=82.360% total_success=80.475% endpoint_success=80.754% episodes_per_second=164.75
validation_episodes=266240 success=484/512
episodes=268288/500000 batch_success=83.643% rolling_5000=82.860% total_success=80.499% endpoint_success=80.780% episodes_per_second=163.81
episodes=270336/500000 batch_success=82.178% rolling_5000=82.660% total_success=80.512% endpoint_success=80.794% episodes_per_second=164.06
episodes=272384/500000 batch_success=83.203% rolling_5000=83.000% total_success=80.532% endpoint_success=80.814% episodes_per_second=164.29
episodes=274432/500000 batch_success=80.859% rolling_5000=81.960% total_success=80.534% endpoint_success=80.816% episodes_per_second=164.53
episodes=276480/500000 batch_success=82.910% rolling_5000=81.980% total_success=80.552% endpoint_success=80.834% episodes_per_second=164.77
validation_episodes=276480 success=469/512
episodes=278528/500000 batch_success=81.982% rolling_5000=82.000% total_success=80.562% endpoint_success=80.845% episodes_per_second=163.84
episodes=280576/500000 batch_success=81.055% rolling_5000=81.640% total_success=80.566% endpoint_success=80.848% episodes_per_second=163.99
episodes=282624/500000 batch_success=81.934% rolling_5000=81.580% total_success=80.576% endpoint_success=80.858% episodes_per_second=164.16
episodes=284672/500000 batch_success=80.029% rolling_5000=81.040% total_success=80.572% endpoint_success=80.854% episodes_per_second=164.37
episodes=286720/500000 batch_success=82.227% rolling_5000=81.580% total_success=80.584% endpoint_success=80.865% episodes_per_second=164.58
validation_episodes=286720 success=481/512
episodes=288768/500000 batch_success=81.592% rolling_5000=82.040% total_success=80.591% endpoint_success=80.871% episodes_per_second=163.79
episodes=290816/500000 batch_success=81.592% rolling_5000=81.320% total_success=80.598% endpoint_success=80.877% episodes_per_second=164.00
episodes=292864/500000 batch_success=81.787% rolling_5000=81.620% total_success=80.606% endpoint_success=80.885% episodes_per_second=164.21
episodes=294912/500000 batch_success=82.178% rolling_5000=82.020% total_success=80.617% endpoint_success=80.896% episodes_per_second=164.41
episodes=296960/500000 batch_success=81.885% rolling_5000=81.820% total_success=80.626% endpoint_success=80.905% episodes_per_second=164.60
validation_episodes=296960 success=474/512
episodes=299008/500000 batch_success=81.738% rolling_5000=81.840% total_success=80.634% endpoint_success=80.913% episodes_per_second=163.83
episodes=301056/500000 batch_success=82.129% rolling_5000=81.880% total_success=80.644% endpoint_success=80.924% episodes_per_second=164.04
episodes=303104/500000 batch_success=80.713% rolling_5000=81.540% total_success=80.644% endpoint_success=80.924% episodes_per_second=164.23
episodes=305152/500000 batch_success=81.396% rolling_5000=81.080% total_success=80.649% endpoint_success=80.928% episodes_per_second=164.41
episodes=307200/500000 batch_success=81.445% rolling_5000=81.140% total_success=80.655% endpoint_success=80.934% episodes_per_second=164.62
validation_episodes=307200 success=478/512
episodes=309248/500000 batch_success=83.008% rolling_5000=82.140% total_success=80.670% endpoint_success=80.949% episodes_per_second=163.83
episodes=311296/500000 batch_success=80.957% rolling_5000=82.020% total_success=80.672% endpoint_success=80.952% episodes_per_second=164.03
episodes=313344/500000 batch_success=81.885% rolling_5000=81.620% total_success=80.680% endpoint_success=80.960% episodes_per_second=164.23
episodes=315392/500000 batch_success=82.861% rolling_5000=81.980% total_success=80.694% endpoint_success=80.973% episodes_per_second=164.44
episodes=317440/500000 batch_success=82.373% rolling_5000=82.440% total_success=80.705% endpoint_success=80.984% episodes_per_second=164.63
validation_episodes=317440 success=484/512
episodes=319488/500000 batch_success=81.348% rolling_5000=81.800% total_success=80.709% endpoint_success=80.990% episodes_per_second=163.89
episodes=321536/500000 batch_success=83.057% rolling_5000=82.420% total_success=80.724% endpoint_success=81.005% episodes_per_second=164.08
episodes=323584/500000 batch_success=83.838% rolling_5000=82.880% total_success=80.744% endpoint_success=81.024% episodes_per_second=164.27
episodes=325632/500000 batch_success=82.129% rolling_5000=82.800% total_success=80.753% endpoint_success=81.033% episodes_per_second=164.46
episodes=327680/500000 batch_success=81.494% rolling_5000=82.440% total_success=80.757% endpoint_success=81.036% episodes_per_second=164.65
validation_episodes=327680 success=483/512
episodes=329728/500000 batch_success=80.566% rolling_5000=80.720% total_success=80.756% endpoint_success=81.034% episodes_per_second=163.91
episodes=331776/500000 batch_success=81.299% rolling_5000=81.120% total_success=80.759% endpoint_success=81.038% episodes_per_second=164.09
episodes=333824/500000 batch_success=83.154% rolling_5000=82.180% total_success=80.774% endpoint_success=81.053% episodes_per_second=164.27
episodes=335872/500000 batch_success=80.664% rolling_5000=82.000% total_success=80.773% endpoint_success=81.052% episodes_per_second=164.43
episodes=337920/500000 batch_success=82.520% rolling_5000=81.640% total_success=80.784% endpoint_success=81.064% episodes_per_second=164.61
validation_episodes=337920 success=484/512
episodes=339968/500000 batch_success=82.080% rolling_5000=81.920% total_success=80.792% endpoint_success=81.071% episodes_per_second=163.91
episodes=342016/500000 batch_success=81.396% rolling_5000=81.900% total_success=80.795% endpoint_success=81.074% episodes_per_second=164.09
episodes=344064/500000 batch_success=82.178% rolling_5000=81.740% total_success=80.804% endpoint_success=81.083% episodes_per_second=164.25
episodes=346112/500000 batch_success=82.861% rolling_5000=82.140% total_success=80.816% endpoint_success=81.095% episodes_per_second=164.42
episodes=348160/500000 batch_success=81.348% rolling_5000=81.960% total_success=80.819% endpoint_success=81.097% episodes_per_second=164.59
validation_episodes=348160 success=478/512
episodes=350208/500000 batch_success=80.322% rolling_5000=81.060% total_success=80.816% endpoint_success=81.094% episodes_per_second=163.90
episodes=352256/500000 batch_success=82.568% rolling_5000=81.340% total_success=80.826% endpoint_success=81.102% episodes_per_second=164.05
episodes=354304/500000 batch_success=81.885% rolling_5000=81.920% total_success=80.832% endpoint_success=81.107% episodes_per_second=164.20
episodes=356352/500000 batch_success=83.447% rolling_5000=82.700% total_success=80.847% endpoint_success=81.122% episodes_per_second=164.39
episodes=358400/500000 batch_success=81.104% rolling_5000=82.120% total_success=80.849% endpoint_success=81.123% episodes_per_second=164.55
validation_episodes=358400 success=483/512
episodes=360448/500000 batch_success=82.373% rolling_5000=82.060% total_success=80.857% endpoint_success=81.131% episodes_per_second=163.88
episodes=362496/500000 batch_success=81.006% rolling_5000=81.560% total_success=80.858% endpoint_success=81.132% episodes_per_second=164.02
episodes=364544/500000 batch_success=82.812% rolling_5000=82.020% total_success=80.869% endpoint_success=81.142% episodes_per_second=164.20
episodes=366592/500000 batch_success=81.641% rolling_5000=82.100% total_success=80.874% endpoint_success=81.146% episodes_per_second=164.37
episodes=368640/500000 batch_success=81.543% rolling_5000=81.680% total_success=80.877% endpoint_success=81.150% episodes_per_second=164.55
validation_episodes=368640 success=474/512
episodes=370688/500000 batch_success=84.375% rolling_5000=82.900% total_success=80.897% endpoint_success=81.170% episodes_per_second=163.92
episodes=372736/500000 batch_success=80.420% rolling_5000=82.400% total_success=80.894% endpoint_success=81.168% episodes_per_second=164.08
episodes=374784/500000 batch_success=81.592% rolling_5000=81.820% total_success=80.898% endpoint_success=81.170% episodes_per_second=164.24
episodes=376832/500000 batch_success=82.471% rolling_5000=81.640% total_success=80.906% endpoint_success=81.180% episodes_per_second=164.40
episodes=378880/500000 batch_success=81.104% rolling_5000=81.880% total_success=80.907% endpoint_success=81.182% episodes_per_second=164.55
validation_episodes=378880 success=477/512
episodes=380928/500000 batch_success=81.982% rolling_5000=81.760% total_success=80.913% endpoint_success=81.187% episodes_per_second=163.95
episodes=382976/500000 batch_success=81.934% rolling_5000=81.620% total_success=80.919% endpoint_success=81.193% episodes_per_second=164.11
episodes=385024/500000 batch_success=80.469% rolling_5000=81.340% total_success=80.916% endpoint_success=81.191% episodes_per_second=164.26
episodes=387072/500000 batch_success=82.617% rolling_5000=81.800% total_success=80.925% endpoint_success=81.199% episodes_per_second=164.42
episodes=389120/500000 batch_success=82.080% rolling_5000=81.980% total_success=80.931% endpoint_success=81.205% episodes_per_second=164.57
validation_episodes=389120 success=481/512
episodes=391168/500000 batch_success=81.934% rolling_5000=81.980% total_success=80.937% endpoint_success=81.209% episodes_per_second=163.99
episodes=393216/500000 batch_success=80.713% rolling_5000=81.280% total_success=80.935% endpoint_success=81.209% episodes_per_second=164.16
episodes=395264/500000 batch_success=80.322% rolling_5000=81.180% total_success=80.932% endpoint_success=81.205% episodes_per_second=164.32
episodes=397312/500000 batch_success=81.250% rolling_5000=81.080% total_success=80.934% endpoint_success=81.206% episodes_per_second=164.47
episodes=399360/500000 batch_success=82.422% rolling_5000=81.540% total_success=80.942% endpoint_success=81.214% episodes_per_second=164.61
validation_episodes=399360 success=478/512
episodes=401408/500000 batch_success=81.104% rolling_5000=82.040% total_success=80.942% endpoint_success=81.214% episodes_per_second=163.98
episodes=403456/500000 batch_success=81.055% rolling_5000=81.160% total_success=80.943% endpoint_success=81.215% episodes_per_second=164.10
episodes=405504/500000 batch_success=81.494% rolling_5000=81.360% total_success=80.946% endpoint_success=81.217% episodes_per_second=164.25
episodes=407552/500000 batch_success=81.299% rolling_5000=81.540% total_success=80.947% endpoint_success=81.219% episodes_per_second=164.42
episodes=409600/500000 batch_success=81.836% rolling_5000=81.380% total_success=80.952% endpoint_success=81.225% episodes_per_second=164.57
validation_episodes=409600 success=483/512
episodes=411648/500000 batch_success=83.008% rolling_5000=82.060% total_success=80.962% endpoint_success=81.234% episodes_per_second=163.96
episodes=413696/500000 batch_success=81.738% rolling_5000=82.200% total_success=80.966% endpoint_success=81.238% episodes_per_second=164.06
episodes=415744/500000 batch_success=82.666% rolling_5000=82.500% total_success=80.974% endpoint_success=81.246% episodes_per_second=164.20
episodes=417792/500000 batch_success=81.885% rolling_5000=82.020% total_success=80.979% endpoint_success=81.250% episodes_per_second=164.33
episodes=419840/500000 batch_success=82.031% rolling_5000=82.580% total_success=80.984% endpoint_success=81.255% episodes_per_second=164.47
validation_episodes=419840 success=473/512
episodes=421888/500000 batch_success=80.713% rolling_5000=81.420% total_success=80.983% endpoint_success=81.254% episodes_per_second=163.92
episodes=423936/500000 batch_success=81.152% rolling_5000=81.100% total_success=80.983% endpoint_success=81.255% episodes_per_second=164.06
episodes=425984/500000 batch_success=81.348% rolling_5000=81.000% total_success=80.985% endpoint_success=81.257% episodes_per_second=164.20
episodes=428032/500000 batch_success=81.836% rolling_5000=81.720% total_success=80.989% endpoint_success=81.260% episodes_per_second=164.33
episodes=430080/500000 batch_success=81.348% rolling_5000=81.540% total_success=80.991% endpoint_success=81.261% episodes_per_second=164.47
validation_episodes=430080 success=480/512
episodes=432128/500000 batch_success=81.787% rolling_5000=81.520% total_success=80.995% endpoint_success=81.265% episodes_per_second=163.94
episodes=434176/500000 batch_success=81.299% rolling_5000=81.360% total_success=80.996% endpoint_success=81.266% episodes_per_second=164.09
episodes=436224/500000 batch_success=82.910% rolling_5000=81.940% total_success=81.005% endpoint_success=81.275% episodes_per_second=164.24
episodes=438272/500000 batch_success=82.275% rolling_5000=82.460% total_success=81.011% endpoint_success=81.282% episodes_per_second=164.39
episodes=440320/500000 batch_success=81.641% rolling_5000=81.900% total_success=81.014% endpoint_success=81.284% episodes_per_second=164.52
validation_episodes=440320 success=471/512
episodes=442368/500000 batch_success=81.543% rolling_5000=81.980% total_success=81.016% endpoint_success=81.287% episodes_per_second=163.99
episodes=444416/500000 batch_success=80.859% rolling_5000=81.140% total_success=81.016% endpoint_success=81.286% episodes_per_second=164.12
episodes=446464/500000 batch_success=80.273% rolling_5000=80.600% total_success=81.012% endpoint_success=81.283% episodes_per_second=164.25
episodes=448512/500000 batch_success=82.227% rolling_5000=81.440% total_success=81.018% endpoint_success=81.288% episodes_per_second=164.39
episodes=450560/500000 batch_success=82.520% rolling_5000=81.880% total_success=81.025% endpoint_success=81.294% episodes_per_second=164.53
validation_episodes=450560 success=474/512
episodes=452608/500000 batch_success=81.055% rolling_5000=82.060% total_success=81.025% endpoint_success=81.294% episodes_per_second=164.00
episodes=454656/500000 batch_success=82.666% rolling_5000=81.920% total_success=81.032% endpoint_success=81.301% episodes_per_second=164.12
episodes=456704/500000 batch_success=80.957% rolling_5000=81.920% total_success=81.032% endpoint_success=81.301% episodes_per_second=164.25
episodes=458752/500000 batch_success=82.422% rolling_5000=82.120% total_success=81.038% endpoint_success=81.308% episodes_per_second=164.37
episodes=460800/500000 batch_success=80.713% rolling_5000=81.520% total_success=81.037% endpoint_success=81.306% episodes_per_second=164.50
validation_episodes=460800 success=474/512
episodes=462848/500000 batch_success=81.348% rolling_5000=81.420% total_success=81.038% endpoint_success=81.307% episodes_per_second=163.97
episodes=464896/500000 batch_success=81.689% rolling_5000=81.480% total_success=81.041% endpoint_success=81.310% episodes_per_second=164.10
episodes=466944/500000 batch_success=81.396% rolling_5000=81.560% total_success=81.042% endpoint_success=81.312% episodes_per_second=164.23
episodes=468992/500000 batch_success=81.836% rolling_5000=81.700% total_success=81.046% endpoint_success=81.315% episodes_per_second=164.35
episodes=471040/500000 batch_success=83.154% rolling_5000=82.380% total_success=81.055% endpoint_success=81.324% episodes_per_second=164.47
validation_episodes=471040 success=483/512
episodes=473088/500000 batch_success=82.715% rolling_5000=82.780% total_success=81.062% endpoint_success=81.332% episodes_per_second=163.98
episodes=475136/500000 batch_success=83.057% rolling_5000=83.180% total_success=81.071% endpoint_success=81.340% episodes_per_second=164.11
episodes=477184/500000 batch_success=82.568% rolling_5000=82.640% total_success=81.077% endpoint_success=81.346% episodes_per_second=164.25
episodes=479232/500000 batch_success=82.861% rolling_5000=82.540% total_success=81.085% endpoint_success=81.353% episodes_per_second=164.35
episodes=481280/500000 batch_success=81.396% rolling_5000=82.060% total_success=81.086% endpoint_success=81.354% episodes_per_second=164.45
validation_episodes=481280 success=482/512
episodes=483328/500000 batch_success=80.762% rolling_5000=81.300% total_success=81.085% endpoint_success=81.353% episodes_per_second=163.96
episodes=485376/500000 batch_success=80.811% rolling_5000=80.840% total_success=81.084% endpoint_success=81.351% episodes_per_second=164.09
episodes=487424/500000 batch_success=80.762% rolling_5000=80.880% total_success=81.082% endpoint_success=81.350% episodes_per_second=164.23
episodes=489472/500000 batch_success=79.346% rolling_5000=80.080% total_success=81.075% endpoint_success=81.343% episodes_per_second=164.36
episodes=491520/500000 batch_success=82.178% rolling_5000=80.580% total_success=81.080% endpoint_success=81.348% episodes_per_second=164.49
validation_episodes=491520 success=487/512
episodes=493568/500000 batch_success=81.738% rolling_5000=81.180% total_success=81.082% endpoint_success=81.350% episodes_per_second=164.03
episodes=495616/500000 batch_success=82.080% rolling_5000=81.880% total_success=81.087% endpoint_success=81.355% episodes_per_second=164.11
episodes=497664/500000 batch_success=80.713% rolling_5000=81.380% total_success=81.085% endpoint_success=81.353% episodes_per_second=164.24
episodes=499712/500000 batch_success=80.371% rolling_5000=80.840% total_success=81.082% endpoint_success=81.350% episodes_per_second=164.36
episodes=501760/500000 batch_success=80.713% rolling_5000=80.300% total_success=81.081% endpoint_success=81.348% episodes_per_second=164.47
validation_episodes=501760 success=480/512
{
  "status": "COMPLETE",
  "episodes": 501760,
  "requested_episodes": 500000,
  "batch_aligned_overshoot": 1760,
  "episodes_remaining": 0,
  "successes": 406830,
  "endpoint_successes": 408174,
  "legacy_scientific_successes": 0,
  "success_rate": 0.8108059630102041,
  "rolling_success_rate": 0.803,
  "rolling_window_episodes": 5000,
  "episodes_per_second": 163.87255250533127,
  "elapsed_s": 3061.8916488999967,
  "early_stopping_reason": null
}
